============================= test session starts =============================
platform win32 -- Python 3.14.3, pytest-9.0.3, pluggy-1.6.0 -- D:\NewE\College\Project\project-brain\env\Scripts\python.exe
cachedir: .pytest_cache
rootdir: D:\NewE\College\Project\project-brain
configfile: pyproject.toml
plugins: cov-7.1.0
collecting ... collected 641 items / 707 errors

=================================== ERRORS ====================================
_ ERROR collecting repo-testing/repos/medium_fastapi/docs_src/app_testing/app_a_py310/test_main.py _
ImportError while importing test module 'D:\NewE\College\Project\project-brain\repo-testing\repos\medium_fastapi\docs_src\app_testing\app_a_py310\test_main.py'.
Hint: make sure your test modules/packages have valid Python names.
Traceback:
C:\Python314\Lib\importlib\__init__.py:88: in import_module
    return _bootstrap._gcd_import(name[level:], package, level)
           ^^^^^^^^^^^^^^^^^^^^^^^^^^^^^^^^^^^^^^^^^^^^^^^^^^^^
repo-testing\repos\medium_fastapi\docs_src\app_testing\app_a_py310\test_main.py:1: in <module>
    from fastapi.testclient import TestClient
E   ModuleNotFoundError: No module named 'fastapi'
_ ERROR collecting repo-testing/repos/medium_fastapi/docs_src/app_testing/app_b_an_py310/test_main.py _
ImportError while importing test module 'D:\NewE\College\Project\project-brain\repo-testing\repos\medium_fastapi\docs_src\app_testing\app_b_an_py310\test_main.py'.
Hint: make sure your test modules/packages have valid Python names.
Traceback:
C:\Python314\Lib\importlib\__init__.py:88: in import_module
    return _bootstrap._gcd_import(name[level:], package, level)
           ^^^^^^^^^^^^^^^^^^^^^^^^^^^^^^^^^^^^^^^^^^^^^^^^^^^^
repo-testing\repos\medium_fastapi\docs_src\app_testing\app_b_an_py310\test_main.py:1: in <module>
    from fastapi.testclient import TestClient
E   ModuleNotFoundError: No module named 'fastapi'
_ ERROR collecting repo-testing/repos/medium_fastapi/docs_src/app_testing/app_b_py310/test_main.py _
ImportError while importing test module 'D:\NewE\College\Project\project-brain\repo-testing\repos\medium_fastapi\docs_src\app_testing\app_b_py310\test_main.py'.
Hint: make sure your test modules/packages have valid Python names.
Traceback:
C:\Python314\Lib\importlib\__init__.py:88: in import_module
    return _bootstrap._gcd_import(name[level:], package, level)
           ^^^^^^^^^^^^^^^^^^^^^^^^^^^^^^^^^^^^^^^^^^^^^^^^^^^^
repo-testing\repos\medium_fastapi\docs_src\app_testing\app_b_py310\test_main.py:1: in <module>
    from fastapi.testclient import TestClient
E   ModuleNotFoundError: No module named 'fastapi'
_ ERROR collecting repo-testing/repos/medium_fastapi/docs_src/async_tests/app_a_py310/test_main.py _
ImportError while importing test module 'D:\NewE\College\Project\project-brain\repo-testing\repos\medium_fastapi\docs_src\async_tests\app_a_py310\test_main.py'.
Hint: make sure your test modules/packages have valid Python names.
Traceback:
C:\Python314\Lib\importlib\__init__.py:88: in import_module
    return _bootstrap._gcd_import(name[level:], package, level)
           ^^^^^^^^^^^^^^^^^^^^^^^^^^^^^^^^^^^^^^^^^^^^^^^^^^^^
repo-testing\repos\medium_fastapi\docs_src\async_tests\app_a_py310\test_main.py:2: in <module>
    from httpx import ASGITransport, AsyncClient
E   ModuleNotFoundError: No module named 'httpx'
_ ERROR collecting repo-testing/repos/medium_fastapi/docs_src/settings/app02_an_py310/test_main.py _
ImportError while importing test module 'D:\NewE\College\Project\project-brain\repo-testing\repos\medium_fastapi\docs_src\settings\app02_an_py310\test_main.py'.
Hint: make sure your test modules/packages have valid Python names.
Traceback:
C:\Python314\Lib\importlib\__init__.py:88: in import_module
    return _bootstrap._gcd_import(name[level:], package, level)
           ^^^^^^^^^^^^^^^^^^^^^^^^^^^^^^^^^^^^^^^^^^^^^^^^^^^^
repo-testing\repos\medium_fastapi\docs_src\settings\app02_an_py310\test_main.py:1: in <module>
    from fastapi.testclient import TestClient
E   ModuleNotFoundError: No module named 'fastapi'
_ ERROR collecting repo-testing/repos/medium_fastapi/docs_src/settings/app02_py310/test_main.py _
ImportError while importing test module 'D:\NewE\College\Project\project-brain\repo-testing\repos\medium_fastapi\docs_src\settings\app02_py310\test_main.py'.
Hint: make sure your test modules/packages have valid Python names.
Traceback:
C:\Python314\Lib\importlib\__init__.py:88: in import_module
    return _bootstrap._gcd_import(name[level:], package, level)
           ^^^^^^^^^^^^^^^^^^^^^^^^^^^^^^^^^^^^^^^^^^^^^^^^^^^^
repo-testing\repos\medium_fastapi\docs_src\settings\app02_py310\test_main.py:1: in <module>
    from fastapi.testclient import TestClient
E   ModuleNotFoundError: No module named 'fastapi'
_ ERROR collecting repo-testing/repos/medium_fastapi/scripts/tests/test_translation_fixer/test_code_blocks/test_code_blocks_lines_number_mismatch.py _
ImportError while importing test module 'D:\NewE\College\Project\project-brain\repo-testing\repos\medium_fastapi\scripts\tests\test_translation_fixer\test_code_blocks\test_code_blocks_lines_number_mismatch.py'.
Hint: make sure your test modules/packages have valid Python names.
Traceback:
C:\Python314\Lib\importlib\__init__.py:88: in import_module
    return _bootstrap._gcd_import(name[level:], package, level)
           ^^^^^^^^^^^^^^^^^^^^^^^^^^^^^^^^^^^^^^^^^^^^^^^^^^^^
repo-testing\repos\medium_fastapi\scripts\tests\test_translation_fixer\test_code_blocks\test_code_blocks_lines_number_mismatch.py:6: in <module>
    from scripts.translation_fixer import cli
E   ModuleNotFoundError: No module named 'scripts'
_ ERROR collecting repo-testing/repos/medium_fastapi/scripts/tests/test_translation_fixer/test_code_blocks/test_code_blocks_mermaid.py _
ImportError while importing test module 'D:\NewE\College\Project\project-brain\repo-testing\repos\medium_fastapi\scripts\tests\test_translation_fixer\test_code_blocks\test_code_blocks_mermaid.py'.
Hint: make sure your test modules/packages have valid Python names.
Traceback:
C:\Python314\Lib\importlib\__init__.py:88: in import_module
    return _bootstrap._gcd_import(name[level:], package, level)
           ^^^^^^^^^^^^^^^^^^^^^^^^^^^^^^^^^^^^^^^^^^^^^^^^^^^^
repo-testing\repos\medium_fastapi\scripts\tests\test_translation_fixer\test_code_blocks\test_code_blocks_mermaid.py:6: in <module>
    from scripts.translation_fixer import cli
E   ModuleNotFoundError: No module named 'scripts'
_ ERROR collecting repo-testing/repos/medium_fastapi/scripts/tests/test_translation_fixer/test_code_blocks/test_code_blocks_number_mismatch.py _
ImportError while importing test module 'D:\NewE\College\Project\project-brain\repo-testing\repos\medium_fastapi\scripts\tests\test_translation_fixer\test_code_blocks\test_code_blocks_number_mismatch.py'.
Hint: make sure your test modules/packages have valid Python names.
Traceback:
C:\Python314\Lib\importlib\__init__.py:88: in import_module
    return _bootstrap._gcd_import(name[level:], package, level)
           ^^^^^^^^^^^^^^^^^^^^^^^^^^^^^^^^^^^^^^^^^^^^^^^^^^^^
repo-testing\repos\medium_fastapi\scripts\tests\test_translation_fixer\test_code_blocks\test_code_blocks_number_mismatch.py:6: in <module>
    from scripts.translation_fixer import cli
E   ModuleNotFoundError: No module named 'scripts'
_ ERROR collecting repo-testing/repos/medium_fastapi/scripts/tests/test_translation_fixer/test_code_blocks/test_code_blocks_wrong_lang_code.py _
ImportError while importing test module 'D:\NewE\College\Project\project-brain\repo-testing\repos\medium_fastapi\scripts\tests\test_translation_fixer\test_code_blocks\test_code_blocks_wrong_lang_code.py'.
Hint: make sure your test modules/packages have valid Python names.
Traceback:
C:\Python314\Lib\importlib\__init__.py:88: in import_module
    return _bootstrap._gcd_import(name[level:], package, level)
           ^^^^^^^^^^^^^^^^^^^^^^^^^^^^^^^^^^^^^^^^^^^^^^^^^^^^
repo-testing\repos\medium_fastapi\scripts\tests\test_translation_fixer\test_code_blocks\test_code_blocks_wrong_lang_code.py:6: in <module>
    from scripts.translation_fixer import cli
E   ModuleNotFoundError: No module named 'scripts'
_ ERROR collecting repo-testing/repos/medium_fastapi/scripts/tests/test_translation_fixer/test_code_includes/test_number_mismatch.py _
ImportError while importing test module 'D:\NewE\College\Project\project-brain\repo-testing\repos\medium_fastapi\scripts\tests\test_translation_fixer\test_code_includes\test_number_mismatch.py'.
Hint: make sure your test modules/packages have valid Python names.
Traceback:
C:\Python314\Lib\importlib\__init__.py:88: in import_module
    return _bootstrap._gcd_import(name[level:], package, level)
           ^^^^^^^^^^^^^^^^^^^^^^^^^^^^^^^^^^^^^^^^^^^^^^^^^^^^
repo-testing\repos\medium_fastapi\scripts\tests\test_translation_fixer\test_code_includes\test_number_mismatch.py:6: in <module>
    from scripts.translation_fixer import cli
E   ModuleNotFoundError: No module named 'scripts'
_ ERROR collecting repo-testing/repos/medium_fastapi/scripts/tests/test_translation_fixer/test_complex_doc/test_compex_doc.py _
ImportError while importing test module 'D:\NewE\College\Project\project-brain\repo-testing\repos\medium_fastapi\scripts\tests\test_translation_fixer\test_complex_doc\test_compex_doc.py'.
Hint: make sure your test modules/packages have valid Python names.
Traceback:
C:\Python314\Lib\importlib\__init__.py:88: in import_module
    return _bootstrap._gcd_import(name[level:], package, level)
           ^^^^^^^^^^^^^^^^^^^^^^^^^^^^^^^^^^^^^^^^^^^^^^^^^^^^
repo-testing\repos\medium_fastapi\scripts\tests\test_translation_fixer\test_complex_doc\test_compex_doc.py:6: in <module>
    from scripts.translation_fixer import cli
E   ModuleNotFoundError: No module named 'scripts'
_ ERROR collecting repo-testing/repos/medium_fastapi/scripts/tests/test_translation_fixer/test_header_permalinks/test_header_level_mismatch.py _
ImportError while importing test module 'D:\NewE\College\Project\project-brain\repo-testing\repos\medium_fastapi\scripts\tests\test_translation_fixer\test_header_permalinks\test_header_level_mismatch.py'.
Hint: make sure your test modules/packages have valid Python names.
Traceback:
C:\Python314\Lib\importlib\__init__.py:88: in import_module
    return _bootstrap._gcd_import(name[level:], package, level)
           ^^^^^^^^^^^^^^^^^^^^^^^^^^^^^^^^^^^^^^^^^^^^^^^^^^^^
repo-testing\repos\medium_fastapi\scripts\tests\test_translation_fixer\test_header_permalinks\test_header_level_mismatch.py:6: in <module>
    from scripts.translation_fixer import cli
E   ModuleNotFoundError: No module named 'scripts'
_ ERROR collecting repo-testing/repos/medium_fastapi/scripts/tests/test_translation_fixer/test_header_permalinks/test_header_number_mismatch.py _
ImportError while importing test module 'D:\NewE\College\Project\project-brain\repo-testing\repos\medium_fastapi\scripts\tests\test_translation_fixer\test_header_permalinks\test_header_number_mismatch.py'.
Hint: make sure your test modules/packages have valid Python names.
Traceback:
C:\Python314\Lib\importlib\__init__.py:88: in import_module
    return _bootstrap._gcd_import(name[level:], package, level)
           ^^^^^^^^^^^^^^^^^^^^^^^^^^^^^^^^^^^^^^^^^^^^^^^^^^^^
repo-testing\repos\medium_fastapi\scripts\tests\test_translation_fixer\test_header_permalinks\test_header_number_mismatch.py:6: in <module>
    from scripts.translation_fixer import cli
E   ModuleNotFoundError: No module named 'scripts'
_ ERROR collecting repo-testing/repos/medium_fastapi/scripts/tests/test_translation_fixer/test_html_links/test_html_links_number_mismatch.py _
ImportError while importing test module 'D:\NewE\College\Project\project-brain\repo-testing\repos\medium_fastapi\scripts\tests\test_translation_fixer\test_html_links\test_html_links_number_mismatch.py'.
Hint: make sure your test modules/packages have valid Python names.
Traceback:
C:\Python314\Lib\importlib\__init__.py:88: in import_module
    return _bootstrap._gcd_import(name[level:], package, level)
           ^^^^^^^^^^^^^^^^^^^^^^^^^^^^^^^^^^^^^^^^^^^^^^^^^^^^
repo-testing\repos\medium_fastapi\scripts\tests\test_translation_fixer\test_html_links\test_html_links_number_mismatch.py:6: in <module>
    from scripts.translation_fixer import cli
E   ModuleNotFoundError: No module named 'scripts'
_ ERROR collecting repo-testing/repos/medium_fastapi/scripts/tests/test_translation_fixer/test_markdown_links/test_mkd_links_number_mismatch.py _
ImportError while importing test module 'D:\NewE\College\Project\project-brain\repo-testing\repos\medium_fastapi\scripts\tests\test_translation_fixer\test_markdown_links\test_mkd_links_number_mismatch.py'.
Hint: make sure your test modules/packages have valid Python names.
Traceback:
C:\Python314\Lib\importlib\__init__.py:88: in import_module
    return _bootstrap._gcd_import(name[level:], package, level)
           ^^^^^^^^^^^^^^^^^^^^^^^^^^^^^^^^^^^^^^^^^^^^^^^^^^^^
repo-testing\repos\medium_fastapi\scripts\tests\test_translation_fixer\test_markdown_links\test_mkd_links_number_mismatch.py:6: in <module>
    from scripts.translation_fixer import cli
E   ModuleNotFoundError: No module named 'scripts'
_ ERROR collecting repo-testing/repos/medium_fastapi/tests/benchmarks/test_general_performance.py _
ImportError while importing test module 'D:\NewE\College\Project\project-brain\repo-testing\repos\medium_fastapi\tests\benchmarks\test_general_performance.py'.
Hint: make sure your test modules/packages have valid Python names.
Traceback:
C:\Python314\Lib\importlib\__init__.py:88: in import_module
    return _bootstrap._gcd_import(name[level:], package, level)
           ^^^^^^^^^^^^^^^^^^^^^^^^^^^^^^^^^^^^^^^^^^^^^^^^^^^^
E   ModuleNotFoundError: No module named 'tests.benchmarks'
_ ERROR collecting repo-testing/repos/medium_fastapi/tests/test_additional_properties.py _
ImportError while importing test module 'D:\NewE\College\Project\project-brain\repo-testing\repos\medium_fastapi\tests\test_additional_properties.py'.
Hint: make sure your test modules/packages have valid Python names.
Traceback:
C:\Python314\Lib\importlib\__init__.py:88: in import_module
    return _bootstrap._gcd_import(name[level:], package, level)
           ^^^^^^^^^^^^^^^^^^^^^^^^^^^^^^^^^^^^^^^^^^^^^^^^^^^^
E   ModuleNotFoundError: No module named 'tests.test_additional_properties'
_ ERROR collecting repo-testing/repos/medium_fastapi/tests/test_additional_properties_bool.py _
ImportError while importing test module 'D:\NewE\College\Project\project-brain\repo-testing\repos\medium_fastapi\tests\test_additional_properties_bool.py'.
Hint: make sure your test modules/packages have valid Python names.
Traceback:
C:\Python314\Lib\importlib\__init__.py:88: in import_module
    return _bootstrap._gcd_import(name[level:], package, level)
           ^^^^^^^^^^^^^^^^^^^^^^^^^^^^^^^^^^^^^^^^^^^^^^^^^^^^
E   ModuleNotFoundError: No module named 'tests.test_additional_properties_bool'
_ ERROR collecting repo-testing/repos/medium_fastapi/tests/test_additional_response_extra.py _
ImportError while importing test module 'D:\NewE\College\Project\project-brain\repo-testing\repos\medium_fastapi\tests\test_additional_response_extra.py'.
Hint: make sure your test modules/packages have valid Python names.
Traceback:
C:\Python314\Lib\importlib\__init__.py:88: in import_module
    return _bootstrap._gcd_import(name[level:], package, level)
           ^^^^^^^^^^^^^^^^^^^^^^^^^^^^^^^^^^^^^^^^^^^^^^^^^^^^
E   ModuleNotFoundError: No module named 'tests.test_additional_response_extra'
_ ERROR collecting repo-testing/repos/medium_fastapi/tests/test_additional_responses_bad.py _
ImportError while importing test module 'D:\NewE\College\Project\project-brain\repo-testing\repos\medium_fastapi\tests\test_additional_responses_bad.py'.
Hint: make sure your test modules/packages have valid Python names.
Traceback:
C:\Python314\Lib\importlib\__init__.py:88: in import_module
    return _bootstrap._gcd_import(name[level:], package, level)
           ^^^^^^^^^^^^^^^^^^^^^^^^^^^^^^^^^^^^^^^^^^^^^^^^^^^^
E   ModuleNotFoundError: No module named 'tests.test_additional_responses_bad'
_ ERROR collecting repo-testing/repos/medium_fastapi/tests/test_additional_responses_custom_model_in_callback.py _
ImportError while importing test module 'D:\NewE\College\Project\project-brain\repo-testing\repos\medium_fastapi\tests\test_additional_responses_custom_model_in_callback.py'.
Hint: make sure your test modules/packages have valid Python names.
Traceback:
C:\Python314\Lib\importlib\__init__.py:88: in import_module
    return _bootstrap._gcd_import(name[level:], package, level)
           ^^^^^^^^^^^^^^^^^^^^^^^^^^^^^^^^^^^^^^^^^^^^^^^^^^^^
E   ModuleNotFoundError: No module named 'tests.test_additional_responses_custom_model_in_callback'
_ ERROR collecting repo-testing/repos/medium_fastapi/tests/test_additional_responses_custom_validationerror.py _
ImportError while importing test module 'D:\NewE\College\Project\project-brain\repo-testing\repos\medium_fastapi\tests\test_additional_responses_custom_validationerror.py'.
Hint: make sure your test modules/packages have valid Python names.
Traceback:
C:\Python314\Lib\importlib\__init__.py:88: in import_module
    return _bootstrap._gcd_import(name[level:], package, level)
           ^^^^^^^^^^^^^^^^^^^^^^^^^^^^^^^^^^^^^^^^^^^^^^^^^^^^
E   ModuleNotFoundError: No module named 'tests.test_additional_responses_custom_validationerror'
_ ERROR collecting repo-testing/repos/medium_fastapi/tests/test_additional_responses_default_validationerror.py _
ImportError while importing test module 'D:\NewE\College\Project\project-brain\repo-testing\repos\medium_fastapi\tests\test_additional_responses_default_validationerror.py'.
Hint: make sure your test modules/packages have valid Python names.
Traceback:
C:\Python314\Lib\importlib\__init__.py:88: in import_module
    return _bootstrap._gcd_import(name[level:], package, level)
           ^^^^^^^^^^^^^^^^^^^^^^^^^^^^^^^^^^^^^^^^^^^^^^^^^^^^
E   ModuleNotFoundError: No module named 'tests.test_additional_responses_default_validationerror'
_ ERROR collecting repo-testing/repos/medium_fastapi/tests/test_additional_responses_response_class.py _
ImportError while importing test module 'D:\NewE\College\Project\project-brain\repo-testing\repos\medium_fastapi\tests\test_additional_responses_response_class.py'.
Hint: make sure your test modules/packages have valid Python names.
Traceback:
C:\Python314\Lib\importlib\__init__.py:88: in import_module
    return _bootstrap._gcd_import(name[level:], package, level)
           ^^^^^^^^^^^^^^^^^^^^^^^^^^^^^^^^^^^^^^^^^^^^^^^^^^^^
E   ModuleNotFoundError: No module named 'tests.test_additional_responses_response_class'
_ ERROR collecting repo-testing/repos/medium_fastapi/tests/test_additional_responses_router.py _
ImportError while importing test module 'D:\NewE\College\Project\project-brain\repo-testing\repos\medium_fastapi\tests\test_additional_responses_router.py'.
Hint: make sure your test modules/packages have valid Python names.
Traceback:
C:\Python314\Lib\importlib\__init__.py:88: in import_module
    return _bootstrap._gcd_import(name[level:], package, level)
           ^^^^^^^^^^^^^^^^^^^^^^^^^^^^^^^^^^^^^^^^^^^^^^^^^^^^
E   ModuleNotFoundError: No module named 'tests.test_additional_responses_router'
_ ERROR collecting repo-testing/repos/medium_fastapi/tests/test_additional_responses_union_duplicate_anyof.py _
ImportError while importing test module 'D:\NewE\College\Project\project-brain\repo-testing\repos\medium_fastapi\tests\test_additional_responses_union_duplicate_anyof.py'.
Hint: make sure your test modules/packages have valid Python names.
Traceback:
C:\Python314\Lib\importlib\__init__.py:88: in import_module
    return _bootstrap._gcd_import(name[level:], package, level)
           ^^^^^^^^^^^^^^^^^^^^^^^^^^^^^^^^^^^^^^^^^^^^^^^^^^^^
E   ModuleNotFoundError: No module named 'tests.test_additional_responses_union_duplicate_anyof'
_ ERROR collecting repo-testing/repos/medium_fastapi/tests/test_allow_inf_nan_in_enforcing.py _
ImportError while importing test module 'D:\NewE\College\Project\project-brain\repo-testing\repos\medium_fastapi\tests\test_allow_inf_nan_in_enforcing.py'.
Hint: make sure your test modules/packages have valid Python names.
Traceback:
C:\Python314\Lib\importlib\__init__.py:88: in import_module
    return _bootstrap._gcd_import(name[level:], package, level)
           ^^^^^^^^^^^^^^^^^^^^^^^^^^^^^^^^^^^^^^^^^^^^^^^^^^^^
E   ModuleNotFoundError: No module named 'tests.test_allow_inf_nan_in_enforcing'
_ ERROR collecting repo-testing/repos/medium_fastapi/tests/test_ambiguous_params.py _
ImportError while importing test module 'D:\NewE\College\Project\project-brain\repo-testing\repos\medium_fastapi\tests\test_ambiguous_params.py'.
Hint: make sure your test modules/packages have valid Python names.
Traceback:
C:\Python314\Lib\importlib\__init__.py:88: in import_module
    return _bootstrap._gcd_import(name[level:], package, level)
           ^^^^^^^^^^^^^^^^^^^^^^^^^^^^^^^^^^^^^^^^^^^^^^^^^^^^
E   ModuleNotFoundError: No module named 'tests.test_ambiguous_params'
_ ERROR collecting repo-testing/repos/medium_fastapi/tests/test_annotated.py __
ImportError while importing test module 'D:\NewE\College\Project\project-brain\repo-testing\repos\medium_fastapi\tests\test_annotated.py'.
Hint: make sure your test modules/packages have valid Python names.
Traceback:
C:\Python314\Lib\importlib\__init__.py:88: in import_module
    return _bootstrap._gcd_import(name[level:], package, level)
           ^^^^^^^^^^^^^^^^^^^^^^^^^^^^^^^^^^^^^^^^^^^^^^^^^^^^
E   ModuleNotFoundError: No module named 'tests.test_annotated'
_ ERROR collecting repo-testing/repos/medium_fastapi/tests/test_application.py _
ImportError while importing test module 'D:\NewE\College\Project\project-brain\repo-testing\repos\medium_fastapi\tests\test_application.py'.
Hint: make sure your test modules/packages have valid Python names.
Traceback:
C:\Python314\Lib\importlib\__init__.py:88: in import_module
    return _bootstrap._gcd_import(name[level:], package, level)
           ^^^^^^^^^^^^^^^^^^^^^^^^^^^^^^^^^^^^^^^^^^^^^^^^^^^^
E   ModuleNotFoundError: No module named 'tests.test_application'
_ ERROR collecting repo-testing/repos/medium_fastapi/tests/test_arbitrary_types.py _
ImportError while importing test module 'D:\NewE\College\Project\project-brain\repo-testing\repos\medium_fastapi\tests\test_arbitrary_types.py'.
Hint: make sure your test modules/packages have valid Python names.
Traceback:
C:\Python314\Lib\importlib\__init__.py:88: in import_module
    return _bootstrap._gcd_import(name[level:], package, level)
           ^^^^^^^^^^^^^^^^^^^^^^^^^^^^^^^^^^^^^^^^^^^^^^^^^^^^
E   ModuleNotFoundError: No module named 'tests.test_arbitrary_types'
_ ERROR collecting repo-testing/repos/medium_fastapi/tests/test_callable_endpoint.py _
ImportError while importing test module 'D:\NewE\College\Project\project-brain\repo-testing\repos\medium_fastapi\tests\test_callable_endpoint.py'.
Hint: make sure your test modules/packages have valid Python names.
Traceback:
C:\Python314\Lib\importlib\__init__.py:88: in import_module
    return _bootstrap._gcd_import(name[level:], package, level)
           ^^^^^^^^^^^^^^^^^^^^^^^^^^^^^^^^^^^^^^^^^^^^^^^^^^^^
E   ModuleNotFoundError: No module named 'tests.test_callable_endpoint'
___ ERROR collecting repo-testing/repos/medium_fastapi/tests/test_compat.py ___
ImportError while importing test module 'D:\NewE\College\Project\project-brain\repo-testing\repos\medium_fastapi\tests\test_compat.py'.
Hint: make sure your test modules/packages have valid Python names.
Traceback:
C:\Python314\Lib\importlib\__init__.py:88: in import_module
    return _bootstrap._gcd_import(name[level:], package, level)
           ^^^^^^^^^^^^^^^^^^^^^^^^^^^^^^^^^^^^^^^^^^^^^^^^^^^^
E   ModuleNotFoundError: No module named 'tests.test_compat'
_ ERROR collecting repo-testing/repos/medium_fastapi/tests/test_computed_fields.py _
ImportError while importing test module 'D:\NewE\College\Project\project-brain\repo-testing\repos\medium_fastapi\tests\test_computed_fields.py'.
Hint: make sure your test modules/packages have valid Python names.
Traceback:
C:\Python314\Lib\importlib\__init__.py:88: in import_module
    return _bootstrap._gcd_import(name[level:], package, level)
           ^^^^^^^^^^^^^^^^^^^^^^^^^^^^^^^^^^^^^^^^^^^^^^^^^^^^
E   ModuleNotFoundError: No module named 'tests.test_computed_fields'
_ ERROR collecting repo-testing/repos/medium_fastapi/tests/test_custom_middleware_exception.py _
ImportError while importing test module 'D:\NewE\College\Project\project-brain\repo-testing\repos\medium_fastapi\tests\test_custom_middleware_exception.py'.
Hint: make sure your test modules/packages have valid Python names.
Traceback:
C:\Python314\Lib\importlib\__init__.py:88: in import_module
    return _bootstrap._gcd_import(name[level:], package, level)
           ^^^^^^^^^^^^^^^^^^^^^^^^^^^^^^^^^^^^^^^^^^^^^^^^^^^^
E   ModuleNotFoundError: No module named 'tests.test_custom_middleware_exception'
_ ERROR collecting repo-testing/repos/medium_fastapi/tests/test_custom_route_class.py _
ImportError while importing test module 'D:\NewE\College\Project\project-brain\repo-testing\repos\medium_fastapi\tests\test_custom_route_class.py'.
Hint: make sure your test modules/packages have valid Python names.
Traceback:
C:\Python314\Lib\importlib\__init__.py:88: in import_module
    return _bootstrap._gcd_import(name[level:], package, level)
           ^^^^^^^^^^^^^^^^^^^^^^^^^^^^^^^^^^^^^^^^^^^^^^^^^^^^
E   ModuleNotFoundError: No module named 'tests.test_custom_route_class'
_ ERROR collecting repo-testing/repos/medium_fastapi/tests/test_custom_schema_fields.py _
ImportError while importing test module 'D:\NewE\College\Project\project-brain\repo-testing\repos\medium_fastapi\tests\test_custom_schema_fields.py'.
Hint: make sure your test modules/packages have valid Python names.
Traceback:
C:\Python314\Lib\importlib\__init__.py:88: in import_module
    return _bootstrap._gcd_import(name[level:], package, level)
           ^^^^^^^^^^^^^^^^^^^^^^^^^^^^^^^^^^^^^^^^^^^^^^^^^^^^
E   ModuleNotFoundError: No module named 'tests.test_custom_schema_fields'
_ ERROR collecting repo-testing/repos/medium_fastapi/tests/test_custom_swagger_ui_redirect.py _
ImportError while importing test module 'D:\NewE\College\Project\project-brain\repo-testing\repos\medium_fastapi\tests\test_custom_swagger_ui_redirect.py'.
Hint: make sure your test modules/packages have valid Python names.
Traceback:
C:\Python314\Lib\importlib\__init__.py:88: in import_module
    return _bootstrap._gcd_import(name[level:], package, level)
           ^^^^^^^^^^^^^^^^^^^^^^^^^^^^^^^^^^^^^^^^^^^^^^^^^^^^
E   ModuleNotFoundError: No module named 'tests.test_custom_swagger_ui_redirect'
_ ERROR collecting repo-testing/repos/medium_fastapi/tests/test_datastructures.py _
ImportError while importing test module 'D:\NewE\College\Project\project-brain\repo-testing\repos\medium_fastapi\tests\test_datastructures.py'.
Hint: make sure your test modules/packages have valid Python names.
Traceback:
C:\Python314\Lib\importlib\__init__.py:88: in import_module
    return _bootstrap._gcd_import(name[level:], package, level)
           ^^^^^^^^^^^^^^^^^^^^^^^^^^^^^^^^^^^^^^^^^^^^^^^^^^^^
E   ModuleNotFoundError: No module named 'tests.test_datastructures'
_ ERROR collecting repo-testing/repos/medium_fastapi/tests/test_datetime_custom_encoder.py _
ImportError while importing test module 'D:\NewE\College\Project\project-brain\repo-testing\repos\medium_fastapi\tests\test_datetime_custom_encoder.py'.
Hint: make sure your test modules/packages have valid Python names.
Traceback:
C:\Python314\Lib\importlib\__init__.py:88: in import_module
    return _bootstrap._gcd_import(name[level:], package, level)
           ^^^^^^^^^^^^^^^^^^^^^^^^^^^^^^^^^^^^^^^^^^^^^^^^^^^^
E   ModuleNotFoundError: No module named 'tests.test_datetime_custom_encoder'
_ ERROR collecting repo-testing/repos/medium_fastapi/tests/test_default_response_class.py _
ImportError while importing test module 'D:\NewE\College\Project\project-brain\repo-testing\repos\medium_fastapi\tests\test_default_response_class.py'.
Hint: make sure your test modules/packages have valid Python names.
Traceback:
C:\Python314\Lib\importlib\__init__.py:88: in import_module
    return _bootstrap._gcd_import(name[level:], package, level)
           ^^^^^^^^^^^^^^^^^^^^^^^^^^^^^^^^^^^^^^^^^^^^^^^^^^^^
E   ModuleNotFoundError: No module named 'tests.test_default_response_class'
_ ERROR collecting repo-testing/repos/medium_fastapi/tests/test_default_response_class_router.py _
ImportError while importing test module 'D:\NewE\College\Project\project-brain\repo-testing\repos\medium_fastapi\tests\test_default_response_class_router.py'.
Hint: make sure your test modules/packages have valid Python names.
Traceback:
C:\Python314\Lib\importlib\__init__.py:88: in import_module
    return _bootstrap._gcd_import(name[level:], package, level)
           ^^^^^^^^^^^^^^^^^^^^^^^^^^^^^^^^^^^^^^^^^^^^^^^^^^^^
E   ModuleNotFoundError: No module named 'tests.test_default_response_class_router'
_ ERROR collecting repo-testing/repos/medium_fastapi/tests/test_dependencies_utils.py _
ImportError while importing test module 'D:\NewE\College\Project\project-brain\repo-testing\repos\medium_fastapi\tests\test_dependencies_utils.py'.
Hint: make sure your test modules/packages have valid Python names.
Traceback:
C:\Python314\Lib\importlib\__init__.py:88: in import_module
    return _bootstrap._gcd_import(name[level:], package, level)
           ^^^^^^^^^^^^^^^^^^^^^^^^^^^^^^^^^^^^^^^^^^^^^^^^^^^^
E   ModuleNotFoundError: No module named 'tests.test_dependencies_utils'
_ ERROR collecting repo-testing/repos/medium_fastapi/tests/test_dependency_after_yield_raise.py _
ImportError while importing test module 'D:\NewE\College\Project\project-brain\repo-testing\repos\medium_fastapi\tests\test_dependency_after_yield_raise.py'.
Hint: make sure your test modules/packages have valid Python names.
Traceback:
C:\Python314\Lib\importlib\__init__.py:88: in import_module
    return _bootstrap._gcd_import(name[level:], package, level)
           ^^^^^^^^^^^^^^^^^^^^^^^^^^^^^^^^^^^^^^^^^^^^^^^^^^^^
E   ModuleNotFoundError: No module named 'tests.test_dependency_after_yield_raise'
_ ERROR collecting repo-testing/repos/medium_fastapi/tests/test_dependency_after_yield_streaming.py _
ImportError while importing test module 'D:\NewE\College\Project\project-brain\repo-testing\repos\medium_fastapi\tests\test_dependency_after_yield_streaming.py'.
Hint: make sure your test modules/packages have valid Python names.
Traceback:
C:\Python314\Lib\importlib\__init__.py:88: in import_module
    return _bootstrap._gcd_import(name[level:], package, level)
           ^^^^^^^^^^^^^^^^^^^^^^^^^^^^^^^^^^^^^^^^^^^^^^^^^^^^
E   ModuleNotFoundError: No module named 'tests.test_dependency_after_yield_streaming'
_ ERROR collecting repo-testing/repos/medium_fastapi/tests/test_dependency_after_yield_websockets.py _
ImportError while importing test module 'D:\NewE\College\Project\project-brain\repo-testing\repos\medium_fastapi\tests\test_dependency_after_yield_websockets.py'.
Hint: make sure your test modules/packages have valid Python names.
Traceback:
C:\Python314\Lib\importlib\__init__.py:88: in import_module
    return _bootstrap._gcd_import(name[level:], package, level)
           ^^^^^^^^^^^^^^^^^^^^^^^^^^^^^^^^^^^^^^^^^^^^^^^^^^^^
E   ModuleNotFoundError: No module named 'tests.test_dependency_after_yield_websockets'
_ ERROR collecting repo-testing/repos/medium_fastapi/tests/test_dependency_cache.py _
ImportError while importing test module 'D:\NewE\College\Project\project-brain\repo-testing\repos\medium_fastapi\tests\test_dependency_cache.py'.
Hint: make sure your test modules/packages have valid Python names.
Traceback:
C:\Python314\Lib\importlib\__init__.py:88: in import_module
    return _bootstrap._gcd_import(name[level:], package, level)
           ^^^^^^^^^^^^^^^^^^^^^^^^^^^^^^^^^^^^^^^^^^^^^^^^^^^^
E   ModuleNotFoundError: No module named 'tests.test_dependency_cache'
_ ERROR collecting repo-testing/repos/medium_fastapi/tests/test_dependency_class.py _
ImportError while importing test module 'D:\NewE\College\Project\project-brain\repo-testing\repos\medium_fastapi\tests\test_dependency_class.py'.
Hint: make sure your test modules/packages have valid Python names.
Traceback:
C:\Python314\Lib\importlib\__init__.py:88: in import_module
    return _bootstrap._gcd_import(name[level:], package, level)
           ^^^^^^^^^^^^^^^^^^^^^^^^^^^^^^^^^^^^^^^^^^^^^^^^^^^^
E   ModuleNotFoundError: No module named 'tests.test_dependency_class'
_ ERROR collecting repo-testing/repos/medium_fastapi/tests/test_dependency_contextmanager.py _
ImportError while importing test module 'D:\NewE\College\Project\project-brain\repo-testing\repos\medium_fastapi\tests\test_dependency_contextmanager.py'.
Hint: make sure your test modules/packages have valid Python names.
Traceback:
C:\Python314\Lib\importlib\__init__.py:88: in import_module
    return _bootstrap._gcd_import(name[level:], package, level)
           ^^^^^^^^^^^^^^^^^^^^^^^^^^^^^^^^^^^^^^^^^^^^^^^^^^^^
E   ModuleNotFoundError: No module named 'tests.test_dependency_contextmanager'
_ ERROR collecting repo-testing/repos/medium_fastapi/tests/test_dependency_contextvars.py _
ImportError while importing test module 'D:\NewE\College\Project\project-brain\repo-testing\repos\medium_fastapi\tests\test_dependency_contextvars.py'.
Hint: make sure your test modules/packages have valid Python names.
Traceback:
C:\Python314\Lib\importlib\__init__.py:88: in import_module
    return _bootstrap._gcd_import(name[level:], package, level)
           ^^^^^^^^^^^^^^^^^^^^^^^^^^^^^^^^^^^^^^^^^^^^^^^^^^^^
E   ModuleNotFoundError: No module named 'tests.test_dependency_contextvars'
_ ERROR collecting repo-testing/repos/medium_fastapi/tests/test_dependency_duplicates.py _
ImportError while importing test module 'D:\NewE\College\Project\project-brain\repo-testing\repos\medium_fastapi\tests\test_dependency_duplicates.py'.
Hint: make sure your test modules/packages have valid Python names.
Traceback:
C:\Python314\Lib\importlib\__init__.py:88: in import_module
    return _bootstrap._gcd_import(name[level:], package, level)
           ^^^^^^^^^^^^^^^^^^^^^^^^^^^^^^^^^^^^^^^^^^^^^^^^^^^^
E   ModuleNotFoundError: No module named 'tests.test_dependency_duplicates'
_ ERROR collecting repo-testing/repos/medium_fastapi/tests/test_dependency_overrides.py _
ImportError while importing test module 'D:\NewE\College\Project\project-brain\repo-testing\repos\medium_fastapi\tests\test_dependency_overrides.py'.
Hint: make sure your test modules/packages have valid Python names.
Traceback:
C:\Python314\Lib\importlib\__init__.py:88: in import_module
    return _bootstrap._gcd_import(name[level:], package, level)
           ^^^^^^^^^^^^^^^^^^^^^^^^^^^^^^^^^^^^^^^^^^^^^^^^^^^^
E   ModuleNotFoundError: No module named 'tests.test_dependency_overrides'
_ ERROR collecting repo-testing/repos/medium_fastapi/tests/test_dependency_paramless.py _
ImportError while importing test module 'D:\NewE\College\Project\project-brain\repo-testing\repos\medium_fastapi\tests\test_dependency_paramless.py'.
Hint: make sure your test modules/packages have valid Python names.
Traceback:
C:\Python314\Lib\importlib\__init__.py:88: in import_module
    return _bootstrap._gcd_import(name[level:], package, level)
           ^^^^^^^^^^^^^^^^^^^^^^^^^^^^^^^^^^^^^^^^^^^^^^^^^^^^
E   ModuleNotFoundError: No module named 'tests.test_dependency_paramless'
_ ERROR collecting repo-testing/repos/medium_fastapi/tests/test_dependency_partial.py _
ImportError while importing test module 'D:\NewE\College\Project\project-brain\repo-testing\repos\medium_fastapi\tests\test_dependency_partial.py'.
Hint: make sure your test modules/packages have valid Python names.
Traceback:
C:\Python314\Lib\importlib\__init__.py:88: in import_module
    return _bootstrap._gcd_import(name[level:], package, level)
           ^^^^^^^^^^^^^^^^^^^^^^^^^^^^^^^^^^^^^^^^^^^^^^^^^^^^
E   ModuleNotFoundError: No module named 'tests.test_dependency_partial'
_ ERROR collecting repo-testing/repos/medium_fastapi/tests/test_dependency_pep695.py _
ImportError while importing test module 'D:\NewE\College\Project\project-brain\repo-testing\repos\medium_fastapi\tests\test_dependency_pep695.py'.
Hint: make sure your test modules/packages have valid Python names.
Traceback:
C:\Python314\Lib\importlib\__init__.py:88: in import_module
    return _bootstrap._gcd_import(name[level:], package, level)
           ^^^^^^^^^^^^^^^^^^^^^^^^^^^^^^^^^^^^^^^^^^^^^^^^^^^^
E   ModuleNotFoundError: No module named 'tests.test_dependency_pep695'
_ ERROR collecting repo-testing/repos/medium_fastapi/tests/test_dependency_security_overrides.py _
ImportError while importing test module 'D:\NewE\College\Project\project-brain\repo-testing\repos\medium_fastapi\tests\test_dependency_security_overrides.py'.
Hint: make sure your test modules/packages have valid Python names.
Traceback:
C:\Python314\Lib\importlib\__init__.py:88: in import_module
    return _bootstrap._gcd_import(name[level:], package, level)
           ^^^^^^^^^^^^^^^^^^^^^^^^^^^^^^^^^^^^^^^^^^^^^^^^^^^^
E   ModuleNotFoundError: No module named 'tests.test_dependency_security_overrides'
_ ERROR collecting repo-testing/repos/medium_fastapi/tests/test_dependency_wrapped.py _
ImportError while importing test module 'D:\NewE\College\Project\project-brain\repo-testing\repos\medium_fastapi\tests\test_dependency_wrapped.py'.
Hint: make sure your test modules/packages have valid Python names.
Traceback:
C:\Python314\Lib\importlib\__init__.py:88: in import_module
    return _bootstrap._gcd_import(name[level:], package, level)
           ^^^^^^^^^^^^^^^^^^^^^^^^^^^^^^^^^^^^^^^^^^^^^^^^^^^^
E   ModuleNotFoundError: No module named 'tests.test_dependency_wrapped'
_ ERROR collecting repo-testing/repos/medium_fastapi/tests/test_dependency_yield_except_httpexception.py _
ImportError while importing test module 'D:\NewE\College\Project\project-brain\repo-testing\repos\medium_fastapi\tests\test_dependency_yield_except_httpexception.py'.
Hint: make sure your test modules/packages have valid Python names.
Traceback:
C:\Python314\Lib\importlib\__init__.py:88: in import_module
    return _bootstrap._gcd_import(name[level:], package, level)
           ^^^^^^^^^^^^^^^^^^^^^^^^^^^^^^^^^^^^^^^^^^^^^^^^^^^^
E   ModuleNotFoundError: No module named 'tests.test_dependency_yield_except_httpexception'
_ ERROR collecting repo-testing/repos/medium_fastapi/tests/test_dependency_yield_scope.py _
ImportError while importing test module 'D:\NewE\College\Project\project-brain\repo-testing\repos\medium_fastapi\tests\test_dependency_yield_scope.py'.
Hint: make sure your test modules/packages have valid Python names.
Traceback:
C:\Python314\Lib\importlib\__init__.py:88: in import_module
    return _bootstrap._gcd_import(name[level:], package, level)
           ^^^^^^^^^^^^^^^^^^^^^^^^^^^^^^^^^^^^^^^^^^^^^^^^^^^^
E   ModuleNotFoundError: No module named 'tests.test_dependency_yield_scope'
_ ERROR collecting repo-testing/repos/medium_fastapi/tests/test_dependency_yield_scope_websockets.py _
ImportError while importing test module 'D:\NewE\College\Project\project-brain\repo-testing\repos\medium_fastapi\tests\test_dependency_yield_scope_websockets.py'.
Hint: make sure your test modules/packages have valid Python names.
Traceback:
C:\Python314\Lib\importlib\__init__.py:88: in import_module
    return _bootstrap._gcd_import(name[level:], package, level)
           ^^^^^^^^^^^^^^^^^^^^^^^^^^^^^^^^^^^^^^^^^^^^^^^^^^^^
E   ModuleNotFoundError: No module named 'tests.test_dependency_yield_scope_websockets'
_ ERROR collecting repo-testing/repos/medium_fastapi/tests/test_depends_hashable.py _
ImportError while importing test module 'D:\NewE\College\Project\project-brain\repo-testing\repos\medium_fastapi\tests\test_depends_hashable.py'.
Hint: make sure your test modules/packages have valid Python names.
Traceback:
C:\Python314\Lib\importlib\__init__.py:88: in import_module
    return _bootstrap._gcd_import(name[level:], package, level)
           ^^^^^^^^^^^^^^^^^^^^^^^^^^^^^^^^^^^^^^^^^^^^^^^^^^^^
E   ModuleNotFoundError: No module named 'tests.test_depends_hashable'
_ ERROR collecting repo-testing/repos/medium_fastapi/tests/test_deprecated_openapi_prefix.py _
ImportError while importing test module 'D:\NewE\College\Project\project-brain\repo-testing\repos\medium_fastapi\tests\test_deprecated_openapi_prefix.py'.
Hint: make sure your test modules/packages have valid Python names.
Traceback:
C:\Python314\Lib\importlib\__init__.py:88: in import_module
    return _bootstrap._gcd_import(name[level:], package, level)
           ^^^^^^^^^^^^^^^^^^^^^^^^^^^^^^^^^^^^^^^^^^^^^^^^^^^^
E   ModuleNotFoundError: No module named 'tests.test_deprecated_openapi_prefix'
_ ERROR collecting repo-testing/repos/medium_fastapi/tests/test_deprecated_responses.py _
ImportError while importing test module 'D:\NewE\College\Project\project-brain\repo-testing\repos\medium_fastapi\tests\test_deprecated_responses.py'.
Hint: make sure your test modules/packages have valid Python names.
Traceback:
C:\Python314\Lib\importlib\__init__.py:88: in import_module
    return _bootstrap._gcd_import(name[level:], package, level)
           ^^^^^^^^^^^^^^^^^^^^^^^^^^^^^^^^^^^^^^^^^^^^^^^^^^^^
E   ModuleNotFoundError: No module named 'tests.test_deprecated_responses'
_ ERROR collecting repo-testing/repos/medium_fastapi/tests/test_dump_json_fast_path.py _
ImportError while importing test module 'D:\NewE\College\Project\project-brain\repo-testing\repos\medium_fastapi\tests\test_dump_json_fast_path.py'.
Hint: make sure your test modules/packages have valid Python names.
Traceback:
C:\Python314\Lib\importlib\__init__.py:88: in import_module
    return _bootstrap._gcd_import(name[level:], package, level)
           ^^^^^^^^^^^^^^^^^^^^^^^^^^^^^^^^^^^^^^^^^^^^^^^^^^^^
E   ModuleNotFoundError: No module named 'tests.test_dump_json_fast_path'
_ ERROR collecting repo-testing/repos/medium_fastapi/tests/test_duplicate_models_openapi.py _
ImportError while importing test module 'D:\NewE\College\Project\project-brain\repo-testing\repos\medium_fastapi\tests\test_duplicate_models_openapi.py'.
Hint: make sure your test modules/packages have valid Python names.
Traceback:
C:\Python314\Lib\importlib\__init__.py:88: in import_module
    return _bootstrap._gcd_import(name[level:], package, level)
           ^^^^^^^^^^^^^^^^^^^^^^^^^^^^^^^^^^^^^^^^^^^^^^^^^^^^
E   ModuleNotFoundError: No module named 'tests.test_duplicate_models_openapi'
_ ERROR collecting repo-testing/repos/medium_fastapi/tests/test_empty_router.py _
ImportError while importing test module 'D:\NewE\College\Project\project-brain\repo-testing\repos\medium_fastapi\tests\test_empty_router.py'.
Hint: make sure your test modules/packages have valid Python names.
Traceback:
C:\Python314\Lib\importlib\__init__.py:88: in import_module
    return _bootstrap._gcd_import(name[level:], package, level)
           ^^^^^^^^^^^^^^^^^^^^^^^^^^^^^^^^^^^^^^^^^^^^^^^^^^^^
E   ModuleNotFoundError: No module named 'tests.test_empty_router'
_ ERROR collecting repo-testing/repos/medium_fastapi/tests/test_enforce_once_required_parameter.py _
ImportError while importing test module 'D:\NewE\College\Project\project-brain\repo-testing\repos\medium_fastapi\tests\test_enforce_once_required_parameter.py'.
Hint: make sure your test modules/packages have valid Python names.
Traceback:
C:\Python314\Lib\importlib\__init__.py:88: in import_module
    return _bootstrap._gcd_import(name[level:], package, level)
           ^^^^^^^^^^^^^^^^^^^^^^^^^^^^^^^^^^^^^^^^^^^^^^^^^^^^
E   ModuleNotFoundError: No module named 'tests.test_enforce_once_required_parameter'
_ ERROR collecting repo-testing/repos/medium_fastapi/tests/test_exception_handlers.py _
ImportError while importing test module 'D:\NewE\College\Project\project-brain\repo-testing\repos\medium_fastapi\tests\test_exception_handlers.py'.
Hint: make sure your test modules/packages have valid Python names.
Traceback:
C:\Python314\Lib\importlib\__init__.py:88: in import_module
    return _bootstrap._gcd_import(name[level:], package, level)
           ^^^^^^^^^^^^^^^^^^^^^^^^^^^^^^^^^^^^^^^^^^^^^^^^^^^^
E   ModuleNotFoundError: No module named 'tests.test_exception_handlers'
_ ERROR collecting repo-testing/repos/medium_fastapi/tests/test_extra_routes.py _
ImportError while importing test module 'D:\NewE\College\Project\project-brain\repo-testing\repos\medium_fastapi\tests\test_extra_routes.py'.
Hint: make sure your test modules/packages have valid Python names.
Traceback:
C:\Python314\Lib\importlib\__init__.py:88: in import_module
    return _bootstrap._gcd_import(name[level:], package, level)
           ^^^^^^^^^^^^^^^^^^^^^^^^^^^^^^^^^^^^^^^^^^^^^^^^^^^^
E   ModuleNotFoundError: No module named 'tests.test_extra_routes'
_ ERROR collecting repo-testing/repos/medium_fastapi/tests/test_fastapi_cli.py _
ImportError while importing test module 'D:\NewE\College\Project\project-brain\repo-testing\repos\medium_fastapi\tests\test_fastapi_cli.py'.
Hint: make sure your test modules/packages have valid Python names.
Traceback:
C:\Python314\Lib\importlib\__init__.py:88: in import_module
    return _bootstrap._gcd_import(name[level:], package, level)
           ^^^^^^^^^^^^^^^^^^^^^^^^^^^^^^^^^^^^^^^^^^^^^^^^^^^^
E   ModuleNotFoundError: No module named 'tests.test_fastapi_cli'
_ ERROR collecting repo-testing/repos/medium_fastapi/tests/test_file_and_form_order_issue_9116.py _
ImportError while importing test module 'D:\NewE\College\Project\project-brain\repo-testing\repos\medium_fastapi\tests\test_file_and_form_order_issue_9116.py'.
Hint: make sure your test modules/packages have valid Python names.
Traceback:
C:\Python314\Lib\importlib\__init__.py:88: in import_module
    return _bootstrap._gcd_import(name[level:], package, level)
           ^^^^^^^^^^^^^^^^^^^^^^^^^^^^^^^^^^^^^^^^^^^^^^^^^^^^
E   ModuleNotFoundError: No module named 'tests.test_file_and_form_order_issue_9116'
_ ERROR collecting repo-testing/repos/medium_fastapi/tests/test_filter_pydantic_sub_model_pv2.py _
ImportError while importing test module 'D:\NewE\College\Project\project-brain\repo-testing\repos\medium_fastapi\tests\test_filter_pydantic_sub_model_pv2.py'.
Hint: make sure your test modules/packages have valid Python names.
Traceback:
C:\Python314\Lib\importlib\__init__.py:88: in import_module
    return _bootstrap._gcd_import(name[level:], package, level)
           ^^^^^^^^^^^^^^^^^^^^^^^^^^^^^^^^^^^^^^^^^^^^^^^^^^^^
E   ModuleNotFoundError: No module named 'tests.test_filter_pydantic_sub_model_pv2'
_ ERROR collecting repo-testing/repos/medium_fastapi/tests/test_form_default.py _
ImportError while importing test module 'D:\NewE\College\Project\project-brain\repo-testing\repos\medium_fastapi\tests\test_form_default.py'.
Hint: make sure your test modules/packages have valid Python names.
Traceback:
C:\Python314\Lib\importlib\__init__.py:88: in import_module
    return _bootstrap._gcd_import(name[level:], package, level)
           ^^^^^^^^^^^^^^^^^^^^^^^^^^^^^^^^^^^^^^^^^^^^^^^^^^^^
E   ModuleNotFoundError: No module named 'tests.test_form_default'
_ ERROR collecting repo-testing/repos/medium_fastapi/tests/test_forms_from_non_typing_sequences.py _
ImportError while importing test module 'D:\NewE\College\Project\project-brain\repo-testing\repos\medium_fastapi\tests\test_forms_from_non_typing_sequences.py'.
Hint: make sure your test modules/packages have valid Python names.
Traceback:
C:\Python314\Lib\importlib\__init__.py:88: in import_module
    return _bootstrap._gcd_import(name[level:], package, level)
           ^^^^^^^^^^^^^^^^^^^^^^^^^^^^^^^^^^^^^^^^^^^^^^^^^^^^
E   ModuleNotFoundError: No module named 'tests.test_forms_from_non_typing_sequences'
_ ERROR collecting repo-testing/repos/medium_fastapi/tests/test_forms_single_model.py _
ImportError while importing test module 'D:\NewE\College\Project\project-brain\repo-testing\repos\medium_fastapi\tests\test_forms_single_model.py'.
Hint: make sure your test modules/packages have valid Python names.
Traceback:
C:\Python314\Lib\importlib\__init__.py:88: in import_module
    return _bootstrap._gcd_import(name[level:], package, level)
           ^^^^^^^^^^^^^^^^^^^^^^^^^^^^^^^^^^^^^^^^^^^^^^^^^^^^
E   ModuleNotFoundError: No module named 'tests.test_forms_single_model'
_ ERROR collecting repo-testing/repos/medium_fastapi/tests/test_forms_single_param.py _
ImportError while importing test module 'D:\NewE\College\Project\project-brain\repo-testing\repos\medium_fastapi\tests\test_forms_single_param.py'.
Hint: make sure your test modules/packages have valid Python names.
Traceback:
C:\Python314\Lib\importlib\__init__.py:88: in import_module
    return _bootstrap._gcd_import(name[level:], package, level)
           ^^^^^^^^^^^^^^^^^^^^^^^^^^^^^^^^^^^^^^^^^^^^^^^^^^^^
E   ModuleNotFoundError: No module named 'tests.test_forms_single_param'
_ ERROR collecting repo-testing/repos/medium_fastapi/tests/test_generate_unique_id_function.py _
ImportError while importing test module 'D:\NewE\College\Project\project-brain\repo-testing\repos\medium_fastapi\tests\test_generate_unique_id_function.py'.
Hint: make sure your test modules/packages have valid Python names.
Traceback:
C:\Python314\Lib\importlib\__init__.py:88: in import_module
    return _bootstrap._gcd_import(name[level:], package, level)
           ^^^^^^^^^^^^^^^^^^^^^^^^^^^^^^^^^^^^^^^^^^^^^^^^^^^^
E   ModuleNotFoundError: No module named 'tests.test_generate_unique_id_function'
_ ERROR collecting repo-testing/repos/medium_fastapi/tests/test_generic_parameterless_depends.py _
ImportError while importing test module 'D:\NewE\College\Project\project-brain\repo-testing\repos\medium_fastapi\tests\test_generic_parameterless_depends.py'.
Hint: make sure your test modules/packages have valid Python names.
Traceback:
C:\Python314\Lib\importlib\__init__.py:88: in import_module
    return _bootstrap._gcd_import(name[level:], package, level)
           ^^^^^^^^^^^^^^^^^^^^^^^^^^^^^^^^^^^^^^^^^^^^^^^^^^^^
E   ModuleNotFoundError: No module named 'tests.test_generic_parameterless_depends'
_ ERROR collecting repo-testing/repos/medium_fastapi/tests/test_get_model_definitions_formfeed_escape.py _
ImportError while importing test module 'D:\NewE\College\Project\project-brain\repo-testing\repos\medium_fastapi\tests\test_get_model_definitions_formfeed_escape.py'.
Hint: make sure your test modules/packages have valid Python names.
Traceback:
C:\Python314\Lib\importlib\__init__.py:88: in import_module
    return _bootstrap._gcd_import(name[level:], package, level)
           ^^^^^^^^^^^^^^^^^^^^^^^^^^^^^^^^^^^^^^^^^^^^^^^^^^^^
E   ModuleNotFoundError: No module named 'tests.test_get_model_definitions_formfeed_escape'
_ ERROR collecting repo-testing/repos/medium_fastapi/tests/test_get_request_body.py _
ImportError while importing test module 'D:\NewE\College\Project\project-brain\repo-testing\repos\medium_fastapi\tests\test_get_request_body.py'.
Hint: make sure your test modules/packages have valid Python names.
Traceback:
C:\Python314\Lib\importlib\__init__.py:88: in import_module
    return _bootstrap._gcd_import(name[level:], package, level)
           ^^^^^^^^^^^^^^^^^^^^^^^^^^^^^^^^^^^^^^^^^^^^^^^^^^^^
E   ModuleNotFoundError: No module named 'tests.test_get_request_body'
_ ERROR collecting repo-testing/repos/medium_fastapi/tests/test_http_connection_injection.py _
ImportError while importing test module 'D:\NewE\College\Project\project-brain\repo-testing\repos\medium_fastapi\tests\test_http_connection_injection.py'.
Hint: make sure your test modules/packages have valid Python names.
Traceback:
C:\Python314\Lib\importlib\__init__.py:88: in import_module
    return _bootstrap._gcd_import(name[level:], package, level)
           ^^^^^^^^^^^^^^^^^^^^^^^^^^^^^^^^^^^^^^^^^^^^^^^^^^^^
E   ModuleNotFoundError: No module named 'tests.test_http_connection_injection'
_ ERROR collecting repo-testing/repos/medium_fastapi/tests/test_include_route.py _
ImportError while importing test module 'D:\NewE\College\Project\project-brain\repo-testing\repos\medium_fastapi\tests\test_include_route.py'.
Hint: make sure your test modules/packages have valid Python names.
Traceback:
C:\Python314\Lib\importlib\__init__.py:88: in import_module
    return _bootstrap._gcd_import(name[level:], package, level)
           ^^^^^^^^^^^^^^^^^^^^^^^^^^^^^^^^^^^^^^^^^^^^^^^^^^^^
E   ModuleNotFoundError: No module named 'tests.test_include_route'
_ ERROR collecting repo-testing/repos/medium_fastapi/tests/test_include_router_defaults_overrides.py _
ImportError while importing test module 'D:\NewE\College\Project\project-brain\repo-testing\repos\medium_fastapi\tests\test_include_router_defaults_overrides.py'.
Hint: make sure your test modules/packages have valid Python names.
Traceback:
C:\Python314\Lib\importlib\__init__.py:88: in import_module
    return _bootstrap._gcd_import(name[level:], package, level)
           ^^^^^^^^^^^^^^^^^^^^^^^^^^^^^^^^^^^^^^^^^^^^^^^^^^^^
E   ModuleNotFoundError: No module named 'tests.test_include_router_defaults_overrides'
_ ERROR collecting repo-testing/repos/medium_fastapi/tests/test_infer_param_optionality.py _
ImportError while importing test module 'D:\NewE\College\Project\project-brain\repo-testing\repos\medium_fastapi\tests\test_infer_param_optionality.py'.
Hint: make sure your test modules/packages have valid Python names.
Traceback:
C:\Python314\Lib\importlib\__init__.py:88: in import_module
    return _bootstrap._gcd_import(name[level:], package, level)
           ^^^^^^^^^^^^^^^^^^^^^^^^^^^^^^^^^^^^^^^^^^^^^^^^^^^^
E   ModuleNotFoundError: No module named 'tests.test_infer_param_optionality'
_ ERROR collecting repo-testing/repos/medium_fastapi/tests/test_inherited_custom_class.py _
ImportError while importing test module 'D:\NewE\College\Project\project-brain\repo-testing\repos\medium_fastapi\tests\test_inherited_custom_class.py'.
Hint: make sure your test modules/packages have valid Python names.
Traceback:
C:\Python314\Lib\importlib\__init__.py:88: in import_module
    return _bootstrap._gcd_import(name[level:], package, level)
           ^^^^^^^^^^^^^^^^^^^^^^^^^^^^^^^^^^^^^^^^^^^^^^^^^^^^
E   ModuleNotFoundError: No module named 'tests.test_inherited_custom_class'
_ ERROR collecting repo-testing/repos/medium_fastapi/tests/test_invalid_path_param.py _
ImportError while importing test module 'D:\NewE\College\Project\project-brain\repo-testing\repos\medium_fastapi\tests\test_invalid_path_param.py'.
Hint: make sure your test modules/packages have valid Python names.
Traceback:
C:\Python314\Lib\importlib\__init__.py:88: in import_module
    return _bootstrap._gcd_import(name[level:], package, level)
           ^^^^^^^^^^^^^^^^^^^^^^^^^^^^^^^^^^^^^^^^^^^^^^^^^^^^
E   ModuleNotFoundError: No module named 'tests.test_invalid_path_param'
_ ERROR collecting repo-testing/repos/medium_fastapi/tests/test_invalid_sequence_param.py _
ImportError while importing test module 'D:\NewE\College\Project\project-brain\repo-testing\repos\medium_fastapi\tests\test_invalid_sequence_param.py'.
Hint: make sure your test modules/packages have valid Python names.
Traceback:
C:\Python314\Lib\importlib\__init__.py:88: in import_module
    return _bootstrap._gcd_import(name[level:], package, level)
           ^^^^^^^^^^^^^^^^^^^^^^^^^^^^^^^^^^^^^^^^^^^^^^^^^^^^
E   ModuleNotFoundError: No module named 'tests.test_invalid_sequence_param'
_ ERROR collecting repo-testing/repos/medium_fastapi/tests/test_json_type.py __
ImportError while importing test module 'D:\NewE\College\Project\project-brain\repo-testing\repos\medium_fastapi\tests\test_json_type.py'.
Hint: make sure your test modules/packages have valid Python names.
Traceback:
C:\Python314\Lib\importlib\__init__.py:88: in import_module
    return _bootstrap._gcd_import(name[level:], package, level)
           ^^^^^^^^^^^^^^^^^^^^^^^^^^^^^^^^^^^^^^^^^^^^^^^^^^^^
E   ModuleNotFoundError: No module named 'tests.test_json_type'
_ ERROR collecting repo-testing/repos/medium_fastapi/tests/test_jsonable_encoder.py _
ImportError while importing test module 'D:\NewE\College\Project\project-brain\repo-testing\repos\medium_fastapi\tests\test_jsonable_encoder.py'.
Hint: make sure your test modules/packages have valid Python names.
Traceback:
C:\Python314\Lib\importlib\__init__.py:88: in import_module
    return _bootstrap._gcd_import(name[level:], package, level)
           ^^^^^^^^^^^^^^^^^^^^^^^^^^^^^^^^^^^^^^^^^^^^^^^^^^^^
E   ModuleNotFoundError: No module named 'tests.test_jsonable_encoder'
_ ERROR collecting repo-testing/repos/medium_fastapi/tests/test_list_bytes_file_order_preserved_issue_14811.py _
ImportError while importing test module 'D:\NewE\College\Project\project-brain\repo-testing\repos\medium_fastapi\tests\test_list_bytes_file_order_preserved_issue_14811.py'.
Hint: make sure your test modules/packages have valid Python names.
Traceback:
C:\Python314\Lib\importlib\__init__.py:88: in import_module
    return _bootstrap._gcd_import(name[level:], package, level)
           ^^^^^^^^^^^^^^^^^^^^^^^^^^^^^^^^^^^^^^^^^^^^^^^^^^^^
E   ModuleNotFoundError: No module named 'tests.test_list_bytes_file_order_preserved_issue_14811'
_ ERROR collecting repo-testing/repos/medium_fastapi/tests/test_local_docs.py _
ImportError while importing test module 'D:\NewE\College\Project\project-brain\repo-testing\repos\medium_fastapi\tests\test_local_docs.py'.
Hint: make sure your test modules/packages have valid Python names.
Traceback:
C:\Python314\Lib\importlib\__init__.py:88: in import_module
    return _bootstrap._gcd_import(name[level:], package, level)
           ^^^^^^^^^^^^^^^^^^^^^^^^^^^^^^^^^^^^^^^^^^^^^^^^^^^^
E   ModuleNotFoundError: No module named 'tests.test_local_docs'
_ ERROR collecting repo-testing/repos/medium_fastapi/tests/test_modules_same_name_body/test_main.py _
ImportError while importing test module 'D:\NewE\College\Project\project-brain\repo-testing\repos\medium_fastapi\tests\test_modules_same_name_body\test_main.py'.
Hint: make sure your test modules/packages have valid Python names.
Traceback:
C:\Python314\Lib\importlib\__init__.py:88: in import_module
    return _bootstrap._gcd_import(name[level:], package, level)
           ^^^^^^^^^^^^^^^^^^^^^^^^^^^^^^^^^^^^^^^^^^^^^^^^^^^^
E   ModuleNotFoundError: No module named 'tests.test_modules_same_name_body'
_ ERROR collecting repo-testing/repos/medium_fastapi/tests/test_multi_body_errors.py _
ImportError while importing test module 'D:\NewE\College\Project\project-brain\repo-testing\repos\medium_fastapi\tests\test_multi_body_errors.py'.
Hint: make sure your test modules/packages have valid Python names.
Traceback:
C:\Python314\Lib\importlib\__init__.py:88: in import_module
    return _bootstrap._gcd_import(name[level:], package, level)
           ^^^^^^^^^^^^^^^^^^^^^^^^^^^^^^^^^^^^^^^^^^^^^^^^^^^^
E   ModuleNotFoundError: No module named 'tests.test_multi_body_errors'
_ ERROR collecting repo-testing/repos/medium_fastapi/tests/test_multi_query_errors.py _
ImportError while importing test module 'D:\NewE\College\Project\project-brain\repo-testing\repos\medium_fastapi\tests\test_multi_query_errors.py'.
Hint: make sure your test modules/packages have valid Python names.
Traceback:
C:\Python314\Lib\importlib\__init__.py:88: in import_module
    return _bootstrap._gcd_import(name[level:], package, level)
           ^^^^^^^^^^^^^^^^^^^^^^^^^^^^^^^^^^^^^^^^^^^^^^^^^^^^
E   ModuleNotFoundError: No module named 'tests.test_multi_query_errors'
_ ERROR collecting repo-testing/repos/medium_fastapi/tests/test_multipart_installation.py _
ImportError while importing test module 'D:\NewE\College\Project\project-brain\repo-testing\repos\medium_fastapi\tests\test_multipart_installation.py'.
Hint: make sure your test modules/packages have valid Python names.
Traceback:
C:\Python314\Lib\importlib\__init__.py:88: in import_module
    return _bootstrap._gcd_import(name[level:], package, level)
           ^^^^^^^^^^^^^^^^^^^^^^^^^^^^^^^^^^^^^^^^^^^^^^^^^^^^
E   ModuleNotFoundError: No module named 'tests.test_multipart_installation'
_ ERROR collecting repo-testing/repos/medium_fastapi/tests/test_no_schema_split.py _
ImportError while importing test module 'D:\NewE\College\Project\project-brain\repo-testing\repos\medium_fastapi\tests\test_no_schema_split.py'.
Hint: make sure your test modules/packages have valid Python names.
Traceback:
C:\Python314\Lib\importlib\__init__.py:88: in import_module
    return _bootstrap._gcd_import(name[level:], package, level)
           ^^^^^^^^^^^^^^^^^^^^^^^^^^^^^^^^^^^^^^^^^^^^^^^^^^^^
E   ModuleNotFoundError: No module named 'tests.test_no_schema_split'
_ ERROR collecting repo-testing/repos/medium_fastapi/tests/test_no_swagger_ui_redirect.py _
ImportError while importing test module 'D:\NewE\College\Project\project-brain\repo-testing\repos\medium_fastapi\tests\test_no_swagger_ui_redirect.py'.
Hint: make sure your test modules/packages have valid Python names.
Traceback:
C:\Python314\Lib\importlib\__init__.py:88: in import_module
    return _bootstrap._gcd_import(name[level:], package, level)
           ^^^^^^^^^^^^^^^^^^^^^^^^^^^^^^^^^^^^^^^^^^^^^^^^^^^^
E   ModuleNotFoundError: No module named 'tests.test_no_swagger_ui_redirect'
_ ERROR collecting repo-testing/repos/medium_fastapi/tests/test_openapi_cache_root_path.py _
ImportError while importing test module 'D:\NewE\College\Project\project-brain\repo-testing\repos\medium_fastapi\tests\test_openapi_cache_root_path.py'.
Hint: make sure your test modules/packages have valid Python names.
Traceback:
C:\Python314\Lib\importlib\__init__.py:88: in import_module
    return _bootstrap._gcd_import(name[level:], package, level)
           ^^^^^^^^^^^^^^^^^^^^^^^^^^^^^^^^^^^^^^^^^^^^^^^^^^^^
E   ModuleNotFoundError: No module named 'tests.test_openapi_cache_root_path'
_ ERROR collecting repo-testing/repos/medium_fastapi/tests/test_openapi_examples.py _
ImportError while importing test module 'D:\NewE\College\Project\project-brain\repo-testing\repos\medium_fastapi\tests\test_openapi_examples.py'.
Hint: make sure your test modules/packages have valid Python names.
Traceback:
C:\Python314\Lib\importlib\__init__.py:88: in import_module
    return _bootstrap._gcd_import(name[level:], package, level)
           ^^^^^^^^^^^^^^^^^^^^^^^^^^^^^^^^^^^^^^^^^^^^^^^^^^^^
E   ModuleNotFoundError: No module named 'tests.test_openapi_examples'
_ ERROR collecting repo-testing/repos/medium_fastapi/tests/test_openapi_model_description_trim_on_formfeed.py _
ImportError while importing test module 'D:\NewE\College\Project\project-brain\repo-testing\repos\medium_fastapi\tests\test_openapi_model_description_trim_on_formfeed.py'.
Hint: make sure your test modules/packages have valid Python names.
Traceback:
C:\Python314\Lib\importlib\__init__.py:88: in import_module
    return _bootstrap._gcd_import(name[level:], package, level)
           ^^^^^^^^^^^^^^^^^^^^^^^^^^^^^^^^^^^^^^^^^^^^^^^^^^^^
E   ModuleNotFoundError: No module named 'tests.test_openapi_model_description_trim_on_formfeed'
_ ERROR collecting repo-testing/repos/medium_fastapi/tests/test_openapi_query_parameter_extension.py _
ImportError while importing test module 'D:\NewE\College\Project\project-brain\repo-testing\repos\medium_fastapi\tests\test_openapi_query_parameter_extension.py'.
Hint: make sure your test modules/packages have valid Python names.
Traceback:
C:\Python314\Lib\importlib\__init__.py:88: in import_module
    return _bootstrap._gcd_import(name[level:], package, level)
           ^^^^^^^^^^^^^^^^^^^^^^^^^^^^^^^^^^^^^^^^^^^^^^^^^^^^
E   ModuleNotFoundError: No module named 'tests.test_openapi_query_parameter_extension'
_ ERROR collecting repo-testing/repos/medium_fastapi/tests/test_openapi_route_extensions.py _
ImportError while importing test module 'D:\NewE\College\Project\project-brain\repo-testing\repos\medium_fastapi\tests\test_openapi_route_extensions.py'.
Hint: make sure your test modules/packages have valid Python names.
Traceback:
C:\Python314\Lib\importlib\__init__.py:88: in import_module
    return _bootstrap._gcd_import(name[level:], package, level)
           ^^^^^^^^^^^^^^^^^^^^^^^^^^^^^^^^^^^^^^^^^^^^^^^^^^^^
E   ModuleNotFoundError: No module named 'tests.test_openapi_route_extensions'
_ ERROR collecting repo-testing/repos/medium_fastapi/tests/test_openapi_schema_type.py _
ImportError while importing test module 'D:\NewE\College\Project\project-brain\repo-testing\repos\medium_fastapi\tests\test_openapi_schema_type.py'.
Hint: make sure your test modules/packages have valid Python names.
Traceback:
C:\Python314\Lib\importlib\__init__.py:88: in import_module
    return _bootstrap._gcd_import(name[level:], package, level)
           ^^^^^^^^^^^^^^^^^^^^^^^^^^^^^^^^^^^^^^^^^^^^^^^^^^^^
E   ModuleNotFoundError: No module named 'tests.test_openapi_schema_type'
_ ERROR collecting repo-testing/repos/medium_fastapi/tests/test_openapi_separate_input_output_schemas.py _
ImportError while importing test module 'D:\NewE\College\Project\project-brain\repo-testing\repos\medium_fastapi\tests\test_openapi_separate_input_output_schemas.py'.
Hint: make sure your test modules/packages have valid Python names.
Traceback:
C:\Python314\Lib\importlib\__init__.py:88: in import_module
    return _bootstrap._gcd_import(name[level:], package, level)
           ^^^^^^^^^^^^^^^^^^^^^^^^^^^^^^^^^^^^^^^^^^^^^^^^^^^^
E   ModuleNotFoundError: No module named 'tests.test_openapi_separate_input_output_schemas'
_ ERROR collecting repo-testing/repos/medium_fastapi/tests/test_openapi_servers.py _
ImportError while importing test module 'D:\NewE\College\Project\project-brain\repo-testing\repos\medium_fastapi\tests\test_openapi_servers.py'.
Hint: make sure your test modules/packages have valid Python names.
Traceback:
C:\Python314\Lib\importlib\__init__.py:88: in import_module
    return _bootstrap._gcd_import(name[level:], package, level)
           ^^^^^^^^^^^^^^^^^^^^^^^^^^^^^^^^^^^^^^^^^^^^^^^^^^^^
E   ModuleNotFoundError: No module named 'tests.test_openapi_servers'
_ ERROR collecting repo-testing/repos/medium_fastapi/tests/test_operations_signatures.py _
ImportError while importing test module 'D:\NewE\College\Project\project-brain\repo-testing\repos\medium_fastapi\tests\test_operations_signatures.py'.
Hint: make sure your test modules/packages have valid Python names.
Traceback:
C:\Python314\Lib\importlib\__init__.py:88: in import_module
    return _bootstrap._gcd_import(name[level:], package, level)
           ^^^^^^^^^^^^^^^^^^^^^^^^^^^^^^^^^^^^^^^^^^^^^^^^^^^^
E   ModuleNotFoundError: No module named 'tests.test_operations_signatures'
_ ERROR collecting repo-testing/repos/medium_fastapi/tests/test_optional_file_list.py _
ImportError while importing test module 'D:\NewE\College\Project\project-brain\repo-testing\repos\medium_fastapi\tests\test_optional_file_list.py'.
Hint: make sure your test modules/packages have valid Python names.
Traceback:
C:\Python314\Lib\importlib\__init__.py:88: in import_module
    return _bootstrap._gcd_import(name[level:], package, level)
           ^^^^^^^^^^^^^^^^^^^^^^^^^^^^^^^^^^^^^^^^^^^^^^^^^^^^
E   ModuleNotFoundError: No module named 'tests.test_optional_file_list'
_ ERROR collecting repo-testing/repos/medium_fastapi/tests/test_orjson_response_class.py _
ImportError while importing test module 'D:\NewE\College\Project\project-brain\repo-testing\repos\medium_fastapi\tests\test_orjson_response_class.py'.
Hint: make sure your test modules/packages have valid Python names.
Traceback:
C:\Python314\Lib\importlib\__init__.py:88: in import_module
    return _bootstrap._gcd_import(name[level:], package, level)
           ^^^^^^^^^^^^^^^^^^^^^^^^^^^^^^^^^^^^^^^^^^^^^^^^^^^^
E   ModuleNotFoundError: No module named 'tests.test_orjson_response_class'
_ ERROR collecting repo-testing/repos/medium_fastapi/tests/test_param_class.py _
ImportError while importing test module 'D:\NewE\College\Project\project-brain\repo-testing\repos\medium_fastapi\tests\test_param_class.py'.
Hint: make sure your test modules/packages have valid Python names.
Traceback:
C:\Python314\Lib\importlib\__init__.py:88: in import_module
    return _bootstrap._gcd_import(name[level:], package, level)
           ^^^^^^^^^^^^^^^^^^^^^^^^^^^^^^^^^^^^^^^^^^^^^^^^^^^^
E   ModuleNotFoundError: No module named 'tests.test_param_class'
_ ERROR collecting repo-testing/repos/medium_fastapi/tests/test_param_in_path_and_dependency.py _
ImportError while importing test module 'D:\NewE\College\Project\project-brain\repo-testing\repos\medium_fastapi\tests\test_param_in_path_and_dependency.py'.
Hint: make sure your test modules/packages have valid Python names.
Traceback:
C:\Python314\Lib\importlib\__init__.py:88: in import_module
    return _bootstrap._gcd_import(name[level:], package, level)
           ^^^^^^^^^^^^^^^^^^^^^^^^^^^^^^^^^^^^^^^^^^^^^^^^^^^^
E   ModuleNotFoundError: No module named 'tests.test_param_in_path_and_dependency'
_ ERROR collecting repo-testing/repos/medium_fastapi/tests/test_param_include_in_schema.py _
ImportError while importing test module 'D:\NewE\College\Project\project-brain\repo-testing\repos\medium_fastapi\tests\test_param_include_in_schema.py'.
Hint: make sure your test modules/packages have valid Python names.
Traceback:
C:\Python314\Lib\importlib\__init__.py:88: in import_module
    return _bootstrap._gcd_import(name[level:], package, level)
           ^^^^^^^^^^^^^^^^^^^^^^^^^^^^^^^^^^^^^^^^^^^^^^^^^^^^
E   ModuleNotFoundError: No module named 'tests.test_param_include_in_schema'
_ ERROR collecting repo-testing/repos/medium_fastapi/tests/test_params_repr.py _
ImportError while importing test module 'D:\NewE\College\Project\project-brain\repo-testing\repos\medium_fastapi\tests\test_params_repr.py'.
Hint: make sure your test modules/packages have valid Python names.
Traceback:
C:\Python314\Lib\importlib\__init__.py:88: in import_module
    return _bootstrap._gcd_import(name[level:], package, level)
           ^^^^^^^^^^^^^^^^^^^^^^^^^^^^^^^^^^^^^^^^^^^^^^^^^^^^
E   ModuleNotFoundError: No module named 'tests.test_params_repr'
____ ERROR collecting repo-testing/repos/medium_fastapi/tests/test_path.py ____
ImportError while importing test module 'D:\NewE\College\Project\project-brain\repo-testing\repos\medium_fastapi\tests\test_path.py'.
Hint: make sure your test modules/packages have valid Python names.
Traceback:
C:\Python314\Lib\importlib\__init__.py:88: in import_module
    return _bootstrap._gcd_import(name[level:], package, level)
           ^^^^^^^^^^^^^^^^^^^^^^^^^^^^^^^^^^^^^^^^^^^^^^^^^^^^
E   ModuleNotFoundError: No module named 'tests.test_path'
_ ERROR collecting repo-testing/repos/medium_fastapi/tests/test_put_no_body.py _
ImportError while importing test module 'D:\NewE\College\Project\project-brain\repo-testing\repos\medium_fastapi\tests\test_put_no_body.py'.
Hint: make sure your test modules/packages have valid Python names.
Traceback:
C:\Python314\Lib\importlib\__init__.py:88: in import_module
    return _bootstrap._gcd_import(name[level:], package, level)
           ^^^^^^^^^^^^^^^^^^^^^^^^^^^^^^^^^^^^^^^^^^^^^^^^^^^^
E   ModuleNotFoundError: No module named 'tests.test_put_no_body'
_ ERROR collecting repo-testing/repos/medium_fastapi/tests/test_pydantic_v1_error.py _
ImportError while importing test module 'D:\NewE\College\Project\project-brain\repo-testing\repos\medium_fastapi\tests\test_pydantic_v1_error.py'.
Hint: make sure your test modules/packages have valid Python names.
Traceback:
C:\Python314\Lib\importlib\__init__.py:88: in import_module
    return _bootstrap._gcd_import(name[level:], package, level)
           ^^^^^^^^^^^^^^^^^^^^^^^^^^^^^^^^^^^^^^^^^^^^^^^^^^^^
E   ModuleNotFoundError: No module named 'tests.test_pydantic_v1_error'
_ ERROR collecting repo-testing/repos/medium_fastapi/tests/test_pydanticv2_dataclasses_uuid_stringified_annotations.py _
ImportError while importing test module 'D:\NewE\College\Project\project-brain\repo-testing\repos\medium_fastapi\tests\test_pydanticv2_dataclasses_uuid_stringified_annotations.py'.
Hint: make sure your test modules/packages have valid Python names.
Traceback:
C:\Python314\Lib\importlib\__init__.py:88: in import_module
    return _bootstrap._gcd_import(name[level:], package, level)
           ^^^^^^^^^^^^^^^^^^^^^^^^^^^^^^^^^^^^^^^^^^^^^^^^^^^^
E   ModuleNotFoundError: No module named 'tests.test_pydanticv2_dataclasses_uuid_stringified_annotations'
___ ERROR collecting repo-testing/repos/medium_fastapi/tests/test_query.py ____
ImportError while importing test module 'D:\NewE\College\Project\project-brain\repo-testing\repos\medium_fastapi\tests\test_query.py'.
Hint: make sure your test modules/packages have valid Python names.
Traceback:
C:\Python314\Lib\importlib\__init__.py:88: in import_module
    return _bootstrap._gcd_import(name[level:], package, level)
           ^^^^^^^^^^^^^^^^^^^^^^^^^^^^^^^^^^^^^^^^^^^^^^^^^^^^
E   ModuleNotFoundError: No module named 'tests.test_query'
_ ERROR collecting repo-testing/repos/medium_fastapi/tests/test_query_cookie_header_model_extra_params.py _
ImportError while importing test module 'D:\NewE\College\Project\project-brain\repo-testing\repos\medium_fastapi\tests\test_query_cookie_header_model_extra_params.py'.
Hint: make sure your test modules/packages have valid Python names.
Traceback:
C:\Python314\Lib\importlib\__init__.py:88: in import_module
    return _bootstrap._gcd_import(name[level:], package, level)
           ^^^^^^^^^^^^^^^^^^^^^^^^^^^^^^^^^^^^^^^^^^^^^^^^^^^^
E   ModuleNotFoundError: No module named 'tests.test_query_cookie_header_model_extra_params'
_ ERROR collecting repo-testing/repos/medium_fastapi/tests/test_read_with_orm_mode.py _
ImportError while importing test module 'D:\NewE\College\Project\project-brain\repo-testing\repos\medium_fastapi\tests\test_read_with_orm_mode.py'.
Hint: make sure your test modules/packages have valid Python names.
Traceback:
C:\Python314\Lib\importlib\__init__.py:88: in import_module
    return _bootstrap._gcd_import(name[level:], package, level)
           ^^^^^^^^^^^^^^^^^^^^^^^^^^^^^^^^^^^^^^^^^^^^^^^^^^^^
E   ModuleNotFoundError: No module named 'tests.test_read_with_orm_mode'
_ ERROR collecting repo-testing/repos/medium_fastapi/tests/test_regex_deprecated_body.py _
ImportError while importing test module 'D:\NewE\College\Project\project-brain\repo-testing\repos\medium_fastapi\tests\test_regex_deprecated_body.py'.
Hint: make sure your test modules/packages have valid Python names.
Traceback:
C:\Python314\Lib\importlib\__init__.py:88: in import_module
    return _bootstrap._gcd_import(name[level:], package, level)
           ^^^^^^^^^^^^^^^^^^^^^^^^^^^^^^^^^^^^^^^^^^^^^^^^^^^^
E   ModuleNotFoundError: No module named 'tests.test_regex_deprecated_body'
_ ERROR collecting repo-testing/repos/medium_fastapi/tests/test_regex_deprecated_params.py _
ImportError while importing test module 'D:\NewE\College\Project\project-brain\repo-testing\repos\medium_fastapi\tests\test_regex_deprecated_params.py'.
Hint: make sure your test modules/packages have valid Python names.
Traceback:
C:\Python314\Lib\importlib\__init__.py:88: in import_module
    return _bootstrap._gcd_import(name[level:], package, level)
           ^^^^^^^^^^^^^^^^^^^^^^^^^^^^^^^^^^^^^^^^^^^^^^^^^^^^
E   ModuleNotFoundError: No module named 'tests.test_regex_deprecated_params'
_ ERROR collecting repo-testing/repos/medium_fastapi/tests/test_repeated_cookie_headers.py _
ImportError while importing test module 'D:\NewE\College\Project\project-brain\repo-testing\repos\medium_fastapi\tests\test_repeated_cookie_headers.py'.
Hint: make sure your test modules/packages have valid Python names.
Traceback:
C:\Python314\Lib\importlib\__init__.py:88: in import_module
    return _bootstrap._gcd_import(name[level:], package, level)
           ^^^^^^^^^^^^^^^^^^^^^^^^^^^^^^^^^^^^^^^^^^^^^^^^^^^^
E   ModuleNotFoundError: No module named 'tests.test_repeated_cookie_headers'
_ ERROR collecting repo-testing/repos/medium_fastapi/tests/test_repeated_dependency_schema.py _
ImportError while importing test module 'D:\NewE\College\Project\project-brain\repo-testing\repos\medium_fastapi\tests\test_repeated_dependency_schema.py'.
Hint: make sure your test modules/packages have valid Python names.
Traceback:
C:\Python314\Lib\importlib\__init__.py:88: in import_module
    return _bootstrap._gcd_import(name[level:], package, level)
           ^^^^^^^^^^^^^^^^^^^^^^^^^^^^^^^^^^^^^^^^^^^^^^^^^^^^
E   ModuleNotFoundError: No module named 'tests.test_repeated_dependency_schema'
_ ERROR collecting repo-testing/repos/medium_fastapi/tests/test_repeated_parameter_alias.py _
ImportError while importing test module 'D:\NewE\College\Project\project-brain\repo-testing\repos\medium_fastapi\tests\test_repeated_parameter_alias.py'.
Hint: make sure your test modules/packages have valid Python names.
Traceback:
C:\Python314\Lib\importlib\__init__.py:88: in import_module
    return _bootstrap._gcd_import(name[level:], package, level)
           ^^^^^^^^^^^^^^^^^^^^^^^^^^^^^^^^^^^^^^^^^^^^^^^^^^^^
E   ModuleNotFoundError: No module named 'tests.test_repeated_parameter_alias'
_ ERROR collecting repo-testing/repos/medium_fastapi/tests/test_request_body_parameters_media_type.py _
ImportError while importing test module 'D:\NewE\College\Project\project-brain\repo-testing\repos\medium_fastapi\tests\test_request_body_parameters_media_type.py'.
Hint: make sure your test modules/packages have valid Python names.
Traceback:
C:\Python314\Lib\importlib\__init__.py:88: in import_module
    return _bootstrap._gcd_import(name[level:], package, level)
           ^^^^^^^^^^^^^^^^^^^^^^^^^^^^^^^^^^^^^^^^^^^^^^^^^^^^
E   ModuleNotFoundError: No module named 'tests.test_request_body_parameters_media_type'
_ ERROR collecting repo-testing/repos/medium_fastapi/tests/test_request_param_model_by_alias.py _
ImportError while importing test module 'D:\NewE\College\Project\project-brain\repo-testing\repos\medium_fastapi\tests\test_request_param_model_by_alias.py'.
Hint: make sure your test modules/packages have valid Python names.
Traceback:
C:\Python314\Lib\importlib\__init__.py:88: in import_module
    return _bootstrap._gcd_import(name[level:], package, level)
           ^^^^^^^^^^^^^^^^^^^^^^^^^^^^^^^^^^^^^^^^^^^^^^^^^^^^
E   ModuleNotFoundError: No module named 'tests.test_request_param_model_by_alias'
_ ERROR collecting repo-testing/repos/medium_fastapi/tests/test_request_params/test_body/test_list.py _
ImportError while importing test module 'D:\NewE\College\Project\project-brain\repo-testing\repos\medium_fastapi\tests\test_request_params\test_body\test_list.py'.
Hint: make sure your test modules/packages have valid Python names.
Traceback:
C:\Python314\Lib\importlib\__init__.py:88: in import_module
    return _bootstrap._gcd_import(name[level:], package, level)
           ^^^^^^^^^^^^^^^^^^^^^^^^^^^^^^^^^^^^^^^^^^^^^^^^^^^^
E   ModuleNotFoundError: No module named 'tests.test_request_params'
_ ERROR collecting repo-testing/repos/medium_fastapi/tests/test_request_params/test_body/test_optional_list.py _
ImportError while importing test module 'D:\NewE\College\Project\project-brain\repo-testing\repos\medium_fastapi\tests\test_request_params\test_body\test_optional_list.py'.
Hint: make sure your test modules/packages have valid Python names.
Traceback:
C:\Python314\Lib\importlib\__init__.py:88: in import_module
    return _bootstrap._gcd_import(name[level:], package, level)
           ^^^^^^^^^^^^^^^^^^^^^^^^^^^^^^^^^^^^^^^^^^^^^^^^^^^^
E   ModuleNotFoundError: No module named 'tests.test_request_params'
_ ERROR collecting repo-testing/repos/medium_fastapi/tests/test_request_params/test_body/test_optional_str.py _
ImportError while importing test module 'D:\NewE\College\Project\project-brain\repo-testing\repos\medium_fastapi\tests\test_request_params\test_body\test_optional_str.py'.
Hint: make sure your test modules/packages have valid Python names.
Traceback:
C:\Python314\Lib\importlib\__init__.py:88: in import_module
    return _bootstrap._gcd_import(name[level:], package, level)
           ^^^^^^^^^^^^^^^^^^^^^^^^^^^^^^^^^^^^^^^^^^^^^^^^^^^^
E   ModuleNotFoundError: No module named 'tests.test_request_params'
_ ERROR collecting repo-testing/repos/medium_fastapi/tests/test_request_params/test_body/test_required_str.py _
ImportError while importing test module 'D:\NewE\College\Project\project-brain\repo-testing\repos\medium_fastapi\tests\test_request_params\test_body\test_required_str.py'.
Hint: make sure your test modules/packages have valid Python names.
Traceback:
C:\Python314\Lib\importlib\__init__.py:88: in import_module
    return _bootstrap._gcd_import(name[level:], package, level)
           ^^^^^^^^^^^^^^^^^^^^^^^^^^^^^^^^^^^^^^^^^^^^^^^^^^^^
E   ModuleNotFoundError: No module named 'tests.test_request_params'
_ ERROR collecting repo-testing/repos/medium_fastapi/tests/test_request_params/test_cookie/test_list.py _
ImportError while importing test module 'D:\NewE\College\Project\project-brain\repo-testing\repos\medium_fastapi\tests\test_request_params\test_cookie\test_list.py'.
Hint: make sure your test modules/packages have valid Python names.
Traceback:
C:\Python314\Lib\importlib\__init__.py:88: in import_module
    return _bootstrap._gcd_import(name[level:], package, level)
           ^^^^^^^^^^^^^^^^^^^^^^^^^^^^^^^^^^^^^^^^^^^^^^^^^^^^
E   ModuleNotFoundError: No module named 'tests.test_request_params'
_ ERROR collecting repo-testing/repos/medium_fastapi/tests/test_request_params/test_cookie/test_optional_list.py _
ImportError while importing test module 'D:\NewE\College\Project\project-brain\repo-testing\repos\medium_fastapi\tests\test_request_params\test_cookie\test_optional_list.py'.
Hint: make sure your test modules/packages have valid Python names.
Traceback:
C:\Python314\Lib\importlib\__init__.py:88: in import_module
    return _bootstrap._gcd_import(name[level:], package, level)
           ^^^^^^^^^^^^^^^^^^^^^^^^^^^^^^^^^^^^^^^^^^^^^^^^^^^^
E   ModuleNotFoundError: No module named 'tests.test_request_params'
_ ERROR collecting repo-testing/repos/medium_fastapi/tests/test_request_params/test_cookie/test_optional_str.py _
ImportError while importing test module 'D:\NewE\College\Project\project-brain\repo-testing\repos\medium_fastapi\tests\test_request_params\test_cookie\test_optional_str.py'.
Hint: make sure your test modules/packages have valid Python names.
Traceback:
C:\Python314\Lib\importlib\__init__.py:88: in import_module
    return _bootstrap._gcd_import(name[level:], package, level)
           ^^^^^^^^^^^^^^^^^^^^^^^^^^^^^^^^^^^^^^^^^^^^^^^^^^^^
E   ModuleNotFoundError: No module named 'tests.test_request_params'
_ ERROR collecting repo-testing/repos/medium_fastapi/tests/test_request_params/test_cookie/test_required_str.py _
ImportError while importing test module 'D:\NewE\College\Project\project-brain\repo-testing\repos\medium_fastapi\tests\test_request_params\test_cookie\test_required_str.py'.
Hint: make sure your test modules/packages have valid Python names.
Traceback:
C:\Python314\Lib\importlib\__init__.py:88: in import_module
    return _bootstrap._gcd_import(name[level:], package, level)
           ^^^^^^^^^^^^^^^^^^^^^^^^^^^^^^^^^^^^^^^^^^^^^^^^^^^^
E   ModuleNotFoundError: No module named 'tests.test_request_params'
_ ERROR collecting repo-testing/repos/medium_fastapi/tests/test_request_params/test_file/test_list.py _
ImportError while importing test module 'D:\NewE\College\Project\project-brain\repo-testing\repos\medium_fastapi\tests\test_request_params\test_file\test_list.py'.
Hint: make sure your test modules/packages have valid Python names.
Traceback:
C:\Python314\Lib\importlib\__init__.py:88: in import_module
    return _bootstrap._gcd_import(name[level:], package, level)
           ^^^^^^^^^^^^^^^^^^^^^^^^^^^^^^^^^^^^^^^^^^^^^^^^^^^^
E   ModuleNotFoundError: No module named 'tests.test_request_params'
_ ERROR collecting repo-testing/repos/medium_fastapi/tests/test_request_params/test_file/test_optional.py _
ImportError while importing test module 'D:\NewE\College\Project\project-brain\repo-testing\repos\medium_fastapi\tests\test_request_params\test_file\test_optional.py'.
Hint: make sure your test modules/packages have valid Python names.
Traceback:
C:\Python314\Lib\importlib\__init__.py:88: in import_module
    return _bootstrap._gcd_import(name[level:], package, level)
           ^^^^^^^^^^^^^^^^^^^^^^^^^^^^^^^^^^^^^^^^^^^^^^^^^^^^
E   ModuleNotFoundError: No module named 'tests.test_request_params'
_ ERROR collecting repo-testing/repos/medium_fastapi/tests/test_request_params/test_file/test_optional_list.py _
ImportError while importing test module 'D:\NewE\College\Project\project-brain\repo-testing\repos\medium_fastapi\tests\test_request_params\test_file\test_optional_list.py'.
Hint: make sure your test modules/packages have valid Python names.
Traceback:
C:\Python314\Lib\importlib\__init__.py:88: in import_module
    return _bootstrap._gcd_import(name[level:], package, level)
           ^^^^^^^^^^^^^^^^^^^^^^^^^^^^^^^^^^^^^^^^^^^^^^^^^^^^
E   ModuleNotFoundError: No module named 'tests.test_request_params'
_ ERROR collecting repo-testing/repos/medium_fastapi/tests/test_request_params/test_file/test_required.py _
ImportError while importing test module 'D:\NewE\College\Project\project-brain\repo-testing\repos\medium_fastapi\tests\test_request_params\test_file\test_required.py'.
Hint: make sure your test modules/packages have valid Python names.
Traceback:
C:\Python314\Lib\importlib\__init__.py:88: in import_module
    return _bootstrap._gcd_import(name[level:], package, level)
           ^^^^^^^^^^^^^^^^^^^^^^^^^^^^^^^^^^^^^^^^^^^^^^^^^^^^
E   ModuleNotFoundError: No module named 'tests.test_request_params'
_ ERROR collecting repo-testing/repos/medium_fastapi/tests/test_request_params/test_form/test_list.py _
ImportError while importing test module 'D:\NewE\College\Project\project-brain\repo-testing\repos\medium_fastapi\tests\test_request_params\test_form\test_list.py'.
Hint: make sure your test modules/packages have valid Python names.
Traceback:
C:\Python314\Lib\importlib\__init__.py:88: in import_module
    return _bootstrap._gcd_import(name[level:], package, level)
           ^^^^^^^^^^^^^^^^^^^^^^^^^^^^^^^^^^^^^^^^^^^^^^^^^^^^
E   ModuleNotFoundError: No module named 'tests.test_request_params'
_ ERROR collecting repo-testing/repos/medium_fastapi/tests/test_request_params/test_form/test_optional_list.py _
ImportError while importing test module 'D:\NewE\College\Project\project-brain\repo-testing\repos\medium_fastapi\tests\test_request_params\test_form\test_optional_list.py'.
Hint: make sure your test modules/packages have valid Python names.
Traceback:
C:\Python314\Lib\importlib\__init__.py:88: in import_module
    return _bootstrap._gcd_import(name[level:], package, level)
           ^^^^^^^^^^^^^^^^^^^^^^^^^^^^^^^^^^^^^^^^^^^^^^^^^^^^
E   ModuleNotFoundError: No module named 'tests.test_request_params'
_ ERROR collecting repo-testing/repos/medium_fastapi/tests/test_request_params/test_form/test_optional_str.py _
ImportError while importing test module 'D:\NewE\College\Project\project-brain\repo-testing\repos\medium_fastapi\tests\test_request_params\test_form\test_optional_str.py'.
Hint: make sure your test modules/packages have valid Python names.
Traceback:
C:\Python314\Lib\importlib\__init__.py:88: in import_module
    return _bootstrap._gcd_import(name[level:], package, level)
           ^^^^^^^^^^^^^^^^^^^^^^^^^^^^^^^^^^^^^^^^^^^^^^^^^^^^
E   ModuleNotFoundError: No module named 'tests.test_request_params'
_ ERROR collecting repo-testing/repos/medium_fastapi/tests/test_request_params/test_form/test_required_str.py _
ImportError while importing test module 'D:\NewE\College\Project\project-brain\repo-testing\repos\medium_fastapi\tests\test_request_params\test_form\test_required_str.py'.
Hint: make sure your test modules/packages have valid Python names.
Traceback:
C:\Python314\Lib\importlib\__init__.py:88: in import_module
    return _bootstrap._gcd_import(name[level:], package, level)
           ^^^^^^^^^^^^^^^^^^^^^^^^^^^^^^^^^^^^^^^^^^^^^^^^^^^^
E   ModuleNotFoundError: No module named 'tests.test_request_params'
_ ERROR collecting repo-testing/repos/medium_fastapi/tests/test_request_params/test_header/test_list.py _
ImportError while importing test module 'D:\NewE\College\Project\project-brain\repo-testing\repos\medium_fastapi\tests\test_request_params\test_header\test_list.py'.
Hint: make sure your test modules/packages have valid Python names.
Traceback:
C:\Python314\Lib\importlib\__init__.py:88: in import_module
    return _bootstrap._gcd_import(name[level:], package, level)
           ^^^^^^^^^^^^^^^^^^^^^^^^^^^^^^^^^^^^^^^^^^^^^^^^^^^^
E   ModuleNotFoundError: No module named 'tests.test_request_params'
_ ERROR collecting repo-testing/repos/medium_fastapi/tests/test_request_params/test_header/test_optional_list.py _
ImportError while importing test module 'D:\NewE\College\Project\project-brain\repo-testing\repos\medium_fastapi\tests\test_request_params\test_header\test_optional_list.py'.
Hint: make sure your test modules/packages have valid Python names.
Traceback:
C:\Python314\Lib\importlib\__init__.py:88: in import_module
    return _bootstrap._gcd_import(name[level:], package, level)
           ^^^^^^^^^^^^^^^^^^^^^^^^^^^^^^^^^^^^^^^^^^^^^^^^^^^^
E   ModuleNotFoundError: No module named 'tests.test_request_params'
_ ERROR collecting repo-testing/repos/medium_fastapi/tests/test_request_params/test_header/test_optional_str.py _
ImportError while importing test module 'D:\NewE\College\Project\project-brain\repo-testing\repos\medium_fastapi\tests\test_request_params\test_header\test_optional_str.py'.
Hint: make sure your test modules/packages have valid Python names.
Traceback:
C:\Python314\Lib\importlib\__init__.py:88: in import_module
    return _bootstrap._gcd_import(name[level:], package, level)
           ^^^^^^^^^^^^^^^^^^^^^^^^^^^^^^^^^^^^^^^^^^^^^^^^^^^^
E   ModuleNotFoundError: No module named 'tests.test_request_params'
_ ERROR collecting repo-testing/repos/medium_fastapi/tests/test_request_params/test_header/test_required_str.py _
ImportError while importing test module 'D:\NewE\College\Project\project-brain\repo-testing\repos\medium_fastapi\tests\test_request_params\test_header\test_required_str.py'.
Hint: make sure your test modules/packages have valid Python names.
Traceback:
C:\Python314\Lib\importlib\__init__.py:88: in import_module
    return _bootstrap._gcd_import(name[level:], package, level)
           ^^^^^^^^^^^^^^^^^^^^^^^^^^^^^^^^^^^^^^^^^^^^^^^^^^^^
E   ModuleNotFoundError: No module named 'tests.test_request_params'
_ ERROR collecting repo-testing/repos/medium_fastapi/tests/test_request_params/test_path/test_list.py _
ImportError while importing test module 'D:\NewE\College\Project\project-brain\repo-testing\repos\medium_fastapi\tests\test_request_params\test_path\test_list.py'.
Hint: make sure your test modules/packages have valid Python names.
Traceback:
C:\Python314\Lib\importlib\__init__.py:88: in import_module
    return _bootstrap._gcd_import(name[level:], package, level)
           ^^^^^^^^^^^^^^^^^^^^^^^^^^^^^^^^^^^^^^^^^^^^^^^^^^^^
E   ModuleNotFoundError: No module named 'tests.test_request_params'
_ ERROR collecting repo-testing/repos/medium_fastapi/tests/test_request_params/test_path/test_optional_list.py _
ImportError while importing test module 'D:\NewE\College\Project\project-brain\repo-testing\repos\medium_fastapi\tests\test_request_params\test_path\test_optional_list.py'.
Hint: make sure your test modules/packages have valid Python names.
Traceback:
C:\Python314\Lib\importlib\__init__.py:88: in import_module
    return _bootstrap._gcd_import(name[level:], package, level)
           ^^^^^^^^^^^^^^^^^^^^^^^^^^^^^^^^^^^^^^^^^^^^^^^^^^^^
E   ModuleNotFoundError: No module named 'tests.test_request_params'
_ ERROR collecting repo-testing/repos/medium_fastapi/tests/test_request_params/test_path/test_optional_str.py _
ImportError while importing test module 'D:\NewE\College\Project\project-brain\repo-testing\repos\medium_fastapi\tests\test_request_params\test_path\test_optional_str.py'.
Hint: make sure your test modules/packages have valid Python names.
Traceback:
C:\Python314\Lib\importlib\__init__.py:88: in import_module
    return _bootstrap._gcd_import(name[level:], package, level)
           ^^^^^^^^^^^^^^^^^^^^^^^^^^^^^^^^^^^^^^^^^^^^^^^^^^^^
E   ModuleNotFoundError: No module named 'tests.test_request_params'
_ ERROR collecting repo-testing/repos/medium_fastapi/tests/test_request_params/test_path/test_required_str.py _
ImportError while importing test module 'D:\NewE\College\Project\project-brain\repo-testing\repos\medium_fastapi\tests\test_request_params\test_path\test_required_str.py'.
Hint: make sure your test modules/packages have valid Python names.
Traceback:
C:\Python314\Lib\importlib\__init__.py:88: in import_module
    return _bootstrap._gcd_import(name[level:], package, level)
           ^^^^^^^^^^^^^^^^^^^^^^^^^^^^^^^^^^^^^^^^^^^^^^^^^^^^
E   ModuleNotFoundError: No module named 'tests.test_request_params'
_ ERROR collecting repo-testing/repos/medium_fastapi/tests/test_request_params/test_query/test_list.py _
ImportError while importing test module 'D:\NewE\College\Project\project-brain\repo-testing\repos\medium_fastapi\tests\test_request_params\test_query\test_list.py'.
Hint: make sure your test modules/packages have valid Python names.
Traceback:
C:\Python314\Lib\importlib\__init__.py:88: in import_module
    return _bootstrap._gcd_import(name[level:], package, level)
           ^^^^^^^^^^^^^^^^^^^^^^^^^^^^^^^^^^^^^^^^^^^^^^^^^^^^
E   ModuleNotFoundError: No module named 'tests.test_request_params'
_ ERROR collecting repo-testing/repos/medium_fastapi/tests/test_request_params/test_query/test_optional_list.py _
ImportError while importing test module 'D:\NewE\College\Project\project-brain\repo-testing\repos\medium_fastapi\tests\test_request_params\test_query\test_optional_list.py'.
Hint: make sure your test modules/packages have valid Python names.
Traceback:
C:\Python314\Lib\importlib\__init__.py:88: in import_module
    return _bootstrap._gcd_import(name[level:], package, level)
           ^^^^^^^^^^^^^^^^^^^^^^^^^^^^^^^^^^^^^^^^^^^^^^^^^^^^
E   ModuleNotFoundError: No module named 'tests.test_request_params'
_ ERROR collecting repo-testing/repos/medium_fastapi/tests/test_request_params/test_query/test_optional_str.py _
ImportError while importing test module 'D:\NewE\College\Project\project-brain\repo-testing\repos\medium_fastapi\tests\test_request_params\test_query\test_optional_str.py'.
Hint: make sure your test modules/packages have valid Python names.
Traceback:
C:\Python314\Lib\importlib\__init__.py:88: in import_module
    return _bootstrap._gcd_import(name[level:], package, level)
           ^^^^^^^^^^^^^^^^^^^^^^^^^^^^^^^^^^^^^^^^^^^^^^^^^^^^
E   ModuleNotFoundError: No module named 'tests.test_request_params'
_ ERROR collecting repo-testing/repos/medium_fastapi/tests/test_request_params/test_query/test_required_str.py _
ImportError while importing test module 'D:\NewE\College\Project\project-brain\repo-testing\repos\medium_fastapi\tests\test_request_params\test_query\test_required_str.py'.
Hint: make sure your test modules/packages have valid Python names.
Traceback:
C:\Python314\Lib\importlib\__init__.py:88: in import_module
    return _bootstrap._gcd_import(name[level:], package, level)
           ^^^^^^^^^^^^^^^^^^^^^^^^^^^^^^^^^^^^^^^^^^^^^^^^^^^^
E   ModuleNotFoundError: No module named 'tests.test_request_params'
_ ERROR collecting repo-testing/repos/medium_fastapi/tests/test_required_noneable.py _
ImportError while importing test module 'D:\NewE\College\Project\project-brain\repo-testing\repos\medium_fastapi\tests\test_required_noneable.py'.
Hint: make sure your test modules/packages have valid Python names.
Traceback:
C:\Python314\Lib\importlib\__init__.py:88: in import_module
    return _bootstrap._gcd_import(name[level:], package, level)
           ^^^^^^^^^^^^^^^^^^^^^^^^^^^^^^^^^^^^^^^^^^^^^^^^^^^^
E   ModuleNotFoundError: No module named 'tests.test_required_noneable'
_ ERROR collecting repo-testing/repos/medium_fastapi/tests/test_response_by_alias.py _
ImportError while importing test module 'D:\NewE\College\Project\project-brain\repo-testing\repos\medium_fastapi\tests\test_response_by_alias.py'.
Hint: make sure your test modules/packages have valid Python names.
Traceback:
C:\Python314\Lib\importlib\__init__.py:88: in import_module
    return _bootstrap._gcd_import(name[level:], package, level)
           ^^^^^^^^^^^^^^^^^^^^^^^^^^^^^^^^^^^^^^^^^^^^^^^^^^^^
E   ModuleNotFoundError: No module named 'tests.test_response_by_alias'
_ ERROR collecting repo-testing/repos/medium_fastapi/tests/test_response_change_status_code.py _
ImportError while importing test module 'D:\NewE\College\Project\project-brain\repo-testing\repos\medium_fastapi\tests\test_response_change_status_code.py'.
Hint: make sure your test modules/packages have valid Python names.
Traceback:
C:\Python314\Lib\importlib\__init__.py:88: in import_module
    return _bootstrap._gcd_import(name[level:], package, level)
           ^^^^^^^^^^^^^^^^^^^^^^^^^^^^^^^^^^^^^^^^^^^^^^^^^^^^
E   ModuleNotFoundError: No module named 'tests.test_response_change_status_code'
_ ERROR collecting repo-testing/repos/medium_fastapi/tests/test_response_class_no_mediatype.py _
ImportError while importing test module 'D:\NewE\College\Project\project-brain\repo-testing\repos\medium_fastapi\tests\test_response_class_no_mediatype.py'.
Hint: make sure your test modules/packages have valid Python names.
Traceback:
C:\Python314\Lib\importlib\__init__.py:88: in import_module
    return _bootstrap._gcd_import(name[level:], package, level)
           ^^^^^^^^^^^^^^^^^^^^^^^^^^^^^^^^^^^^^^^^^^^^^^^^^^^^
E   ModuleNotFoundError: No module named 'tests.test_response_class_no_mediatype'
_ ERROR collecting repo-testing/repos/medium_fastapi/tests/test_response_code_no_body.py _
ImportError while importing test module 'D:\NewE\College\Project\project-brain\repo-testing\repos\medium_fastapi\tests\test_response_code_no_body.py'.
Hint: make sure your test modules/packages have valid Python names.
Traceback:
C:\Python314\Lib\importlib\__init__.py:88: in import_module
    return _bootstrap._gcd_import(name[level:], package, level)
           ^^^^^^^^^^^^^^^^^^^^^^^^^^^^^^^^^^^^^^^^^^^^^^^^^^^^
E   ModuleNotFoundError: No module named 'tests.test_response_code_no_body'
_ ERROR collecting repo-testing/repos/medium_fastapi/tests/test_response_dependency.py _
ImportError while importing test module 'D:\NewE\College\Project\project-brain\repo-testing\repos\medium_fastapi\tests\test_response_dependency.py'.
Hint: make sure your test modules/packages have valid Python names.
Traceback:
C:\Python314\Lib\importlib\__init__.py:88: in import_module
    return _bootstrap._gcd_import(name[level:], package, level)
           ^^^^^^^^^^^^^^^^^^^^^^^^^^^^^^^^^^^^^^^^^^^^^^^^^^^^
E   ModuleNotFoundError: No module named 'tests.test_response_dependency'
_ ERROR collecting repo-testing/repos/medium_fastapi/tests/test_response_model_as_return_annotation.py _
ImportError while importing test module 'D:\NewE\College\Project\project-brain\repo-testing\repos\medium_fastapi\tests\test_response_model_as_return_annotation.py'.
Hint: make sure your test modules/packages have valid Python names.
Traceback:
C:\Python314\Lib\importlib\__init__.py:88: in import_module
    return _bootstrap._gcd_import(name[level:], package, level)
           ^^^^^^^^^^^^^^^^^^^^^^^^^^^^^^^^^^^^^^^^^^^^^^^^^^^^
E   ModuleNotFoundError: No module named 'tests.test_response_model_as_return_annotation'
_ ERROR collecting repo-testing/repos/medium_fastapi/tests/test_response_model_data_filter.py _
ImportError while importing test module 'D:\NewE\College\Project\project-brain\repo-testing\repos\medium_fastapi\tests\test_response_model_data_filter.py'.
Hint: make sure your test modules/packages have valid Python names.
Traceback:
C:\Python314\Lib\importlib\__init__.py:88: in import_module
    return _bootstrap._gcd_import(name[level:], package, level)
           ^^^^^^^^^^^^^^^^^^^^^^^^^^^^^^^^^^^^^^^^^^^^^^^^^^^^
E   ModuleNotFoundError: No module named 'tests.test_response_model_data_filter'
_ ERROR collecting repo-testing/repos/medium_fastapi/tests/test_response_model_data_filter_no_inheritance.py _
ImportError while importing test module 'D:\NewE\College\Project\project-brain\repo-testing\repos\medium_fastapi\tests\test_response_model_data_filter_no_inheritance.py'.
Hint: make sure your test modules/packages have valid Python names.
Traceback:
C:\Python314\Lib\importlib\__init__.py:88: in import_module
    return _bootstrap._gcd_import(name[level:], package, level)
           ^^^^^^^^^^^^^^^^^^^^^^^^^^^^^^^^^^^^^^^^^^^^^^^^^^^^
E   ModuleNotFoundError: No module named 'tests.test_response_model_data_filter_no_inheritance'
_ ERROR collecting repo-testing/repos/medium_fastapi/tests/test_response_model_default_factory.py _
ImportError while importing test module 'D:\NewE\College\Project\project-brain\repo-testing\repos\medium_fastapi\tests\test_response_model_default_factory.py'.
Hint: make sure your test modules/packages have valid Python names.
Traceback:
C:\Python314\Lib\importlib\__init__.py:88: in import_module
    return _bootstrap._gcd_import(name[level:], package, level)
           ^^^^^^^^^^^^^^^^^^^^^^^^^^^^^^^^^^^^^^^^^^^^^^^^^^^^
E   ModuleNotFoundError: No module named 'tests.test_response_model_default_factory'
_ ERROR collecting repo-testing/repos/medium_fastapi/tests/test_response_model_include_exclude.py _
ImportError while importing test module 'D:\NewE\College\Project\project-brain\repo-testing\repos\medium_fastapi\tests\test_response_model_include_exclude.py'.
Hint: make sure your test modules/packages have valid Python names.
Traceback:
C:\Python314\Lib\importlib\__init__.py:88: in import_module
    return _bootstrap._gcd_import(name[level:], package, level)
           ^^^^^^^^^^^^^^^^^^^^^^^^^^^^^^^^^^^^^^^^^^^^^^^^^^^^
E   ModuleNotFoundError: No module named 'tests.test_response_model_include_exclude'
_ ERROR collecting repo-testing/repos/medium_fastapi/tests/test_response_model_invalid.py _
ImportError while importing test module 'D:\NewE\College\Project\project-brain\repo-testing\repos\medium_fastapi\tests\test_response_model_invalid.py'.
Hint: make sure your test modules/packages have valid Python names.
Traceback:
C:\Python314\Lib\importlib\__init__.py:88: in import_module
    return _bootstrap._gcd_import(name[level:], package, level)
           ^^^^^^^^^^^^^^^^^^^^^^^^^^^^^^^^^^^^^^^^^^^^^^^^^^^^
E   ModuleNotFoundError: No module named 'tests.test_response_model_invalid'
_ ERROR collecting repo-testing/repos/medium_fastapi/tests/test_response_model_sub_types.py _
ImportError while importing test module 'D:\NewE\College\Project\project-brain\repo-testing\repos\medium_fastapi\tests\test_response_model_sub_types.py'.
Hint: make sure your test modules/packages have valid Python names.
Traceback:
C:\Python314\Lib\importlib\__init__.py:88: in import_module
    return _bootstrap._gcd_import(name[level:], package, level)
           ^^^^^^^^^^^^^^^^^^^^^^^^^^^^^^^^^^^^^^^^^^^^^^^^^^^^
E   ModuleNotFoundError: No module named 'tests.test_response_model_sub_types'
_ ERROR collecting repo-testing/repos/medium_fastapi/tests/test_response_set_response_code_empty.py _
ImportError while importing test module 'D:\NewE\College\Project\project-brain\repo-testing\repos\medium_fastapi\tests\test_response_set_response_code_empty.py'.
Hint: make sure your test modules/packages have valid Python names.
Traceback:
C:\Python314\Lib\importlib\__init__.py:88: in import_module
    return _bootstrap._gcd_import(name[level:], package, level)
           ^^^^^^^^^^^^^^^^^^^^^^^^^^^^^^^^^^^^^^^^^^^^^^^^^^^^
E   ModuleNotFoundError: No module named 'tests.test_response_set_response_code_empty'
_ ERROR collecting repo-testing/repos/medium_fastapi/tests/test_return_none_stringified_annotations.py _
ImportError while importing test module 'D:\NewE\College\Project\project-brain\repo-testing\repos\medium_fastapi\tests\test_return_none_stringified_annotations.py'.
Hint: make sure your test modules/packages have valid Python names.
Traceback:
C:\Python314\Lib\importlib\__init__.py:88: in import_module
    return _bootstrap._gcd_import(name[level:], package, level)
           ^^^^^^^^^^^^^^^^^^^^^^^^^^^^^^^^^^^^^^^^^^^^^^^^^^^^
E   ModuleNotFoundError: No module named 'tests.test_return_none_stringified_annotations'
_ ERROR collecting repo-testing/repos/medium_fastapi/tests/test_route_scope.py _
ImportError while importing test module 'D:\NewE\College\Project\project-brain\repo-testing\repos\medium_fastapi\tests\test_route_scope.py'.
Hint: make sure your test modules/packages have valid Python names.
Traceback:
C:\Python314\Lib\importlib\__init__.py:88: in import_module
    return _bootstrap._gcd_import(name[level:], package, level)
           ^^^^^^^^^^^^^^^^^^^^^^^^^^^^^^^^^^^^^^^^^^^^^^^^^^^^
E   ModuleNotFoundError: No module named 'tests.test_route_scope'
_ ERROR collecting repo-testing/repos/medium_fastapi/tests/test_router_circular_import.py _
ImportError while importing test module 'D:\NewE\College\Project\project-brain\repo-testing\repos\medium_fastapi\tests\test_router_circular_import.py'.
Hint: make sure your test modules/packages have valid Python names.
Traceback:
C:\Python314\Lib\importlib\__init__.py:88: in import_module
    return _bootstrap._gcd_import(name[level:], package, level)
           ^^^^^^^^^^^^^^^^^^^^^^^^^^^^^^^^^^^^^^^^^^^^^^^^^^^^
E   ModuleNotFoundError: No module named 'tests.test_router_circular_import'
_ ERROR collecting repo-testing/repos/medium_fastapi/tests/test_router_events.py _
ImportError while importing test module 'D:\NewE\College\Project\project-brain\repo-testing\repos\medium_fastapi\tests\test_router_events.py'.
Hint: make sure your test modules/packages have valid Python names.
Traceback:
C:\Python314\Lib\importlib\__init__.py:88: in import_module
    return _bootstrap._gcd_import(name[level:], package, level)
           ^^^^^^^^^^^^^^^^^^^^^^^^^^^^^^^^^^^^^^^^^^^^^^^^^^^^
E   ModuleNotFoundError: No module named 'tests.test_router_events'
_ ERROR collecting repo-testing/repos/medium_fastapi/tests/test_router_prefix_with_template.py _
ImportError while importing test module 'D:\NewE\College\Project\project-brain\repo-testing\repos\medium_fastapi\tests\test_router_prefix_with_template.py'.
Hint: make sure your test modules/packages have valid Python names.
Traceback:
C:\Python314\Lib\importlib\__init__.py:88: in import_module
    return _bootstrap._gcd_import(name[level:], package, level)
           ^^^^^^^^^^^^^^^^^^^^^^^^^^^^^^^^^^^^^^^^^^^^^^^^^^^^
E   ModuleNotFoundError: No module named 'tests.test_router_prefix_with_template'
_ ERROR collecting repo-testing/repos/medium_fastapi/tests/test_router_redirect_slashes.py _
ImportError while importing test module 'D:\NewE\College\Project\project-brain\repo-testing\repos\medium_fastapi\tests\test_router_redirect_slashes.py'.
Hint: make sure your test modules/packages have valid Python names.
Traceback:
C:\Python314\Lib\importlib\__init__.py:88: in import_module
    return _bootstrap._gcd_import(name[level:], package, level)
           ^^^^^^^^^^^^^^^^^^^^^^^^^^^^^^^^^^^^^^^^^^^^^^^^^^^^
E   ModuleNotFoundError: No module named 'tests.test_router_redirect_slashes'
_ ERROR collecting repo-testing/repos/medium_fastapi/tests/test_schema_compat_pydantic_v2.py _
ImportError while importing test module 'D:\NewE\College\Project\project-brain\repo-testing\repos\medium_fastapi\tests\test_schema_compat_pydantic_v2.py'.
Hint: make sure your test modules/packages have valid Python names.
Traceback:
C:\Python314\Lib\importlib\__init__.py:88: in import_module
    return _bootstrap._gcd_import(name[level:], package, level)
           ^^^^^^^^^^^^^^^^^^^^^^^^^^^^^^^^^^^^^^^^^^^^^^^^^^^^
E   ModuleNotFoundError: No module named 'tests.test_schema_compat_pydantic_v2'
_ ERROR collecting repo-testing/repos/medium_fastapi/tests/test_schema_extra_examples.py _
ImportError while importing test module 'D:\NewE\College\Project\project-brain\repo-testing\repos\medium_fastapi\tests\test_schema_extra_examples.py'.
Hint: make sure your test modules/packages have valid Python names.
Traceback:
C:\Python314\Lib\importlib\__init__.py:88: in import_module
    return _bootstrap._gcd_import(name[level:], package, level)
           ^^^^^^^^^^^^^^^^^^^^^^^^^^^^^^^^^^^^^^^^^^^^^^^^^^^^
E   ModuleNotFoundError: No module named 'tests.test_schema_extra_examples'
_ ERROR collecting repo-testing/repos/medium_fastapi/tests/test_schema_ref_pydantic_v2.py _
ImportError while importing test module 'D:\NewE\College\Project\project-brain\repo-testing\repos\medium_fastapi\tests\test_schema_ref_pydantic_v2.py'.
Hint: make sure your test modules/packages have valid Python names.
Traceback:
C:\Python314\Lib\importlib\__init__.py:88: in import_module
    return _bootstrap._gcd_import(name[level:], package, level)
           ^^^^^^^^^^^^^^^^^^^^^^^^^^^^^^^^^^^^^^^^^^^^^^^^^^^^
E   ModuleNotFoundError: No module named 'tests.test_schema_ref_pydantic_v2'
_ ERROR collecting repo-testing/repos/medium_fastapi/tests/test_security_api_key_cookie.py _
ImportError while importing test module 'D:\NewE\College\Project\project-brain\repo-testing\repos\medium_fastapi\tests\test_security_api_key_cookie.py'.
Hint: make sure your test modules/packages have valid Python names.
Traceback:
C:\Python314\Lib\importlib\__init__.py:88: in import_module
    return _bootstrap._gcd_import(name[level:], package, level)
           ^^^^^^^^^^^^^^^^^^^^^^^^^^^^^^^^^^^^^^^^^^^^^^^^^^^^
E   ModuleNotFoundError: No module named 'tests.test_security_api_key_cookie'
_ ERROR collecting repo-testing/repos/medium_fastapi/tests/test_security_api_key_cookie_description.py _
ImportError while importing test module 'D:\NewE\College\Project\project-brain\repo-testing\repos\medium_fastapi\tests\test_security_api_key_cookie_description.py'.
Hint: make sure your test modules/packages have valid Python names.
Traceback:
C:\Python314\Lib\importlib\__init__.py:88: in import_module
    return _bootstrap._gcd_import(name[level:], package, level)
           ^^^^^^^^^^^^^^^^^^^^^^^^^^^^^^^^^^^^^^^^^^^^^^^^^^^^
E   ModuleNotFoundError: No module named 'tests.test_security_api_key_cookie_description'
_ ERROR collecting repo-testing/repos/medium_fastapi/tests/test_security_api_key_cookie_optional.py _
ImportError while importing test module 'D:\NewE\College\Project\project-brain\repo-testing\repos\medium_fastapi\tests\test_security_api_key_cookie_optional.py'.
Hint: make sure your test modules/packages have valid Python names.
Traceback:
C:\Python314\Lib\importlib\__init__.py:88: in import_module
    return _bootstrap._gcd_import(name[level:], package, level)
           ^^^^^^^^^^^^^^^^^^^^^^^^^^^^^^^^^^^^^^^^^^^^^^^^^^^^
E   ModuleNotFoundError: No module named 'tests.test_security_api_key_cookie_optional'
_ ERROR collecting repo-testing/repos/medium_fastapi/tests/test_security_api_key_header.py _
ImportError while importing test module 'D:\NewE\College\Project\project-brain\repo-testing\repos\medium_fastapi\tests\test_security_api_key_header.py'.
Hint: make sure your test modules/packages have valid Python names.
Traceback:
C:\Python314\Lib\importlib\__init__.py:88: in import_module
    return _bootstrap._gcd_import(name[level:], package, level)
           ^^^^^^^^^^^^^^^^^^^^^^^^^^^^^^^^^^^^^^^^^^^^^^^^^^^^
E   ModuleNotFoundError: No module named 'tests.test_security_api_key_header'
_ ERROR collecting repo-testing/repos/medium_fastapi/tests/test_security_api_key_header_description.py _
ImportError while importing test module 'D:\NewE\College\Project\project-brain\repo-testing\repos\medium_fastapi\tests\test_security_api_key_header_description.py'.
Hint: make sure your test modules/packages have valid Python names.
Traceback:
C:\Python314\Lib\importlib\__init__.py:88: in import_module
    return _bootstrap._gcd_import(name[level:], package, level)
           ^^^^^^^^^^^^^^^^^^^^^^^^^^^^^^^^^^^^^^^^^^^^^^^^^^^^
E   ModuleNotFoundError: No module named 'tests.test_security_api_key_header_description'
_ ERROR collecting repo-testing/repos/medium_fastapi/tests/test_security_api_key_header_optional.py _
ImportError while importing test module 'D:\NewE\College\Project\project-brain\repo-testing\repos\medium_fastapi\tests\test_security_api_key_header_optional.py'.
Hint: make sure your test modules/packages have valid Python names.
Traceback:
C:\Python314\Lib\importlib\__init__.py:88: in import_module
    return _bootstrap._gcd_import(name[level:], package, level)
           ^^^^^^^^^^^^^^^^^^^^^^^^^^^^^^^^^^^^^^^^^^^^^^^^^^^^
E   ModuleNotFoundError: No module named 'tests.test_security_api_key_header_optional'
_ ERROR collecting repo-testing/repos/medium_fastapi/tests/test_security_api_key_query.py _
ImportError while importing test module 'D:\NewE\College\Project\project-brain\repo-testing\repos\medium_fastapi\tests\test_security_api_key_query.py'.
Hint: make sure your test modules/packages have valid Python names.
Traceback:
C:\Python314\Lib\importlib\__init__.py:88: in import_module
    return _bootstrap._gcd_import(name[level:], package, level)
           ^^^^^^^^^^^^^^^^^^^^^^^^^^^^^^^^^^^^^^^^^^^^^^^^^^^^
E   ModuleNotFoundError: No module named 'tests.test_security_api_key_query'
_ ERROR collecting repo-testing/repos/medium_fastapi/tests/test_security_api_key_query_description.py _
ImportError while importing test module 'D:\NewE\College\Project\project-brain\repo-testing\repos\medium_fastapi\tests\test_security_api_key_query_description.py'.
Hint: make sure your test modules/packages have valid Python names.
Traceback:
C:\Python314\Lib\importlib\__init__.py:88: in import_module
    return _bootstrap._gcd_import(name[level:], package, level)
           ^^^^^^^^^^^^^^^^^^^^^^^^^^^^^^^^^^^^^^^^^^^^^^^^^^^^
E   ModuleNotFoundError: No module named 'tests.test_security_api_key_query_description'
_ ERROR collecting repo-testing/repos/medium_fastapi/tests/test_security_api_key_query_optional.py _
ImportError while importing test module 'D:\NewE\College\Project\project-brain\repo-testing\repos\medium_fastapi\tests\test_security_api_key_query_optional.py'.
Hint: make sure your test modules/packages have valid Python names.
Traceback:
C:\Python314\Lib\importlib\__init__.py:88: in import_module
    return _bootstrap._gcd_import(name[level:], package, level)
           ^^^^^^^^^^^^^^^^^^^^^^^^^^^^^^^^^^^^^^^^^^^^^^^^^^^^
E   ModuleNotFoundError: No module named 'tests.test_security_api_key_query_optional'
_ ERROR collecting repo-testing/repos/medium_fastapi/tests/test_security_http_base.py _
ImportError while importing test module 'D:\NewE\College\Project\project-brain\repo-testing\repos\medium_fastapi\tests\test_security_http_base.py'.
Hint: make sure your test modules/packages have valid Python names.
Traceback:
C:\Python314\Lib\importlib\__init__.py:88: in import_module
    return _bootstrap._gcd_import(name[level:], package, level)
           ^^^^^^^^^^^^^^^^^^^^^^^^^^^^^^^^^^^^^^^^^^^^^^^^^^^^
E   ModuleNotFoundError: No module named 'tests.test_security_http_base'
_ ERROR collecting repo-testing/repos/medium_fastapi/tests/test_security_http_base_description.py _
ImportError while importing test module 'D:\NewE\College\Project\project-brain\repo-testing\repos\medium_fastapi\tests\test_security_http_base_description.py'.
Hint: make sure your test modules/packages have valid Python names.
Traceback:
C:\Python314\Lib\importlib\__init__.py:88: in import_module
    return _bootstrap._gcd_import(name[level:], package, level)
           ^^^^^^^^^^^^^^^^^^^^^^^^^^^^^^^^^^^^^^^^^^^^^^^^^^^^
E   ModuleNotFoundError: No module named 'tests.test_security_http_base_description'
_ ERROR collecting repo-testing/repos/medium_fastapi/tests/test_security_http_base_optional.py _
ImportError while importing test module 'D:\NewE\College\Project\project-brain\repo-testing\repos\medium_fastapi\tests\test_security_http_base_optional.py'.
Hint: make sure your test modules/packages have valid Python names.
Traceback:
C:\Python314\Lib\importlib\__init__.py:88: in import_module
    return _bootstrap._gcd_import(name[level:], package, level)
           ^^^^^^^^^^^^^^^^^^^^^^^^^^^^^^^^^^^^^^^^^^^^^^^^^^^^
E   ModuleNotFoundError: No module named 'tests.test_security_http_base_optional'
_ ERROR collecting repo-testing/repos/medium_fastapi/tests/test_security_http_basic_optional.py _
ImportError while importing test module 'D:\NewE\College\Project\project-brain\repo-testing\repos\medium_fastapi\tests\test_security_http_basic_optional.py'.
Hint: make sure your test modules/packages have valid Python names.
Traceback:
C:\Python314\Lib\importlib\__init__.py:88: in import_module
    return _bootstrap._gcd_import(name[level:], package, level)
           ^^^^^^^^^^^^^^^^^^^^^^^^^^^^^^^^^^^^^^^^^^^^^^^^^^^^
E   ModuleNotFoundError: No module named 'tests.test_security_http_basic_optional'
_ ERROR collecting repo-testing/repos/medium_fastapi/tests/test_security_http_basic_realm.py _
ImportError while importing test module 'D:\NewE\College\Project\project-brain\repo-testing\repos\medium_fastapi\tests\test_security_http_basic_realm.py'.
Hint: make sure your test modules/packages have valid Python names.
Traceback:
C:\Python314\Lib\importlib\__init__.py:88: in import_module
    return _bootstrap._gcd_import(name[level:], package, level)
           ^^^^^^^^^^^^^^^^^^^^^^^^^^^^^^^^^^^^^^^^^^^^^^^^^^^^
E   ModuleNotFoundError: No module named 'tests.test_security_http_basic_realm'
_ ERROR collecting repo-testing/repos/medium_fastapi/tests/test_security_http_basic_realm_description.py _
ImportError while importing test module 'D:\NewE\College\Project\project-brain\repo-testing\repos\medium_fastapi\tests\test_security_http_basic_realm_description.py'.
Hint: make sure your test modules/packages have valid Python names.
Traceback:
C:\Python314\Lib\importlib\__init__.py:88: in import_module
    return _bootstrap._gcd_import(name[level:], package, level)
           ^^^^^^^^^^^^^^^^^^^^^^^^^^^^^^^^^^^^^^^^^^^^^^^^^^^^
E   ModuleNotFoundError: No module named 'tests.test_security_http_basic_realm_description'
_ ERROR collecting repo-testing/repos/medium_fastapi/tests/test_security_http_bearer.py _
ImportError while importing test module 'D:\NewE\College\Project\project-brain\repo-testing\repos\medium_fastapi\tests\test_security_http_bearer.py'.
Hint: make sure your test modules/packages have valid Python names.
Traceback:
C:\Python314\Lib\importlib\__init__.py:88: in import_module
    return _bootstrap._gcd_import(name[level:], package, level)
           ^^^^^^^^^^^^^^^^^^^^^^^^^^^^^^^^^^^^^^^^^^^^^^^^^^^^
E   ModuleNotFoundError: No module named 'tests.test_security_http_bearer'
_ ERROR collecting repo-testing/repos/medium_fastapi/tests/test_security_http_bearer_description.py _
ImportError while importing test module 'D:\NewE\College\Project\project-brain\repo-testing\repos\medium_fastapi\tests\test_security_http_bearer_description.py'.
Hint: make sure your test modules/packages have valid Python names.
Traceback:
C:\Python314\Lib\importlib\__init__.py:88: in import_module
    return _bootstrap._gcd_import(name[level:], package, level)
           ^^^^^^^^^^^^^^^^^^^^^^^^^^^^^^^^^^^^^^^^^^^^^^^^^^^^
E   ModuleNotFoundError: No module named 'tests.test_security_http_bearer_description'
_ ERROR collecting repo-testing/repos/medium_fastapi/tests/test_security_http_bearer_optional.py _
ImportError while importing test module 'D:\NewE\College\Project\project-brain\repo-testing\repos\medium_fastapi\tests\test_security_http_bearer_optional.py'.
Hint: make sure your test modules/packages have valid Python names.
Traceback:
C:\Python314\Lib\importlib\__init__.py:88: in import_module
    return _bootstrap._gcd_import(name[level:], package, level)
           ^^^^^^^^^^^^^^^^^^^^^^^^^^^^^^^^^^^^^^^^^^^^^^^^^^^^
E   ModuleNotFoundError: No module named 'tests.test_security_http_bearer_optional'
_ ERROR collecting repo-testing/repos/medium_fastapi/tests/test_security_http_digest.py _
ImportError while importing test module 'D:\NewE\College\Project\project-brain\repo-testing\repos\medium_fastapi\tests\test_security_http_digest.py'.
Hint: make sure your test modules/packages have valid Python names.
Traceback:
C:\Python314\Lib\importlib\__init__.py:88: in import_module
    return _bootstrap._gcd_import(name[level:], package, level)
           ^^^^^^^^^^^^^^^^^^^^^^^^^^^^^^^^^^^^^^^^^^^^^^^^^^^^
E   ModuleNotFoundError: No module named 'tests.test_security_http_digest'
_ ERROR collecting repo-testing/repos/medium_fastapi/tests/test_security_http_digest_description.py _
ImportError while importing test module 'D:\NewE\College\Project\project-brain\repo-testing\repos\medium_fastapi\tests\test_security_http_digest_description.py'.
Hint: make sure your test modules/packages have valid Python names.
Traceback:
C:\Python314\Lib\importlib\__init__.py:88: in import_module
    return _bootstrap._gcd_import(name[level:], package, level)
           ^^^^^^^^^^^^^^^^^^^^^^^^^^^^^^^^^^^^^^^^^^^^^^^^^^^^
E   ModuleNotFoundError: No module named 'tests.test_security_http_digest_description'
_ ERROR collecting repo-testing/repos/medium_fastapi/tests/test_security_http_digest_optional.py _
ImportError while importing test module 'D:\NewE\College\Project\project-brain\repo-testing\repos\medium_fastapi\tests\test_security_http_digest_optional.py'.
Hint: make sure your test modules/packages have valid Python names.
Traceback:
C:\Python314\Lib\importlib\__init__.py:88: in import_module
    return _bootstrap._gcd_import(name[level:], package, level)
           ^^^^^^^^^^^^^^^^^^^^^^^^^^^^^^^^^^^^^^^^^^^^^^^^^^^^
E   ModuleNotFoundError: No module named 'tests.test_security_http_digest_optional'
_ ERROR collecting repo-testing/repos/medium_fastapi/tests/test_security_oauth2.py _
ImportError while importing test module 'D:\NewE\College\Project\project-brain\repo-testing\repos\medium_fastapi\tests\test_security_oauth2.py'.
Hint: make sure your test modules/packages have valid Python names.
Traceback:
C:\Python314\Lib\importlib\__init__.py:88: in import_module
    return _bootstrap._gcd_import(name[level:], package, level)
           ^^^^^^^^^^^^^^^^^^^^^^^^^^^^^^^^^^^^^^^^^^^^^^^^^^^^
E   ModuleNotFoundError: No module named 'tests.test_security_oauth2'
_ ERROR collecting repo-testing/repos/medium_fastapi/tests/test_security_oauth2_authorization_code_bearer.py _
ImportError while importing test module 'D:\NewE\College\Project\project-brain\repo-testing\repos\medium_fastapi\tests\test_security_oauth2_authorization_code_bearer.py'.
Hint: make sure your test modules/packages have valid Python names.
Traceback:
C:\Python314\Lib\importlib\__init__.py:88: in import_module
    return _bootstrap._gcd_import(name[level:], package, level)
           ^^^^^^^^^^^^^^^^^^^^^^^^^^^^^^^^^^^^^^^^^^^^^^^^^^^^
E   ModuleNotFoundError: No module named 'tests.test_security_oauth2_authorization_code_bearer'
_ ERROR collecting repo-testing/repos/medium_fastapi/tests/test_security_oauth2_authorization_code_bearer_description.py _
ImportError while importing test module 'D:\NewE\College\Project\project-brain\repo-testing\repos\medium_fastapi\tests\test_security_oauth2_authorization_code_bearer_description.py'.
Hint: make sure your test modules/packages have valid Python names.
Traceback:
C:\Python314\Lib\importlib\__init__.py:88: in import_module
    return _bootstrap._gcd_import(name[level:], package, level)
           ^^^^^^^^^^^^^^^^^^^^^^^^^^^^^^^^^^^^^^^^^^^^^^^^^^^^
E   ModuleNotFoundError: No module named 'tests.test_security_oauth2_authorization_code_bearer_description'
_ ERROR collecting repo-testing/repos/medium_fastapi/tests/test_security_oauth2_authorization_code_bearer_scopes_openapi.py _
ImportError while importing test module 'D:\NewE\College\Project\project-brain\repo-testing\repos\medium_fastapi\tests\test_security_oauth2_authorization_code_bearer_scopes_openapi.py'.
Hint: make sure your test modules/packages have valid Python names.
Traceback:
C:\Python314\Lib\importlib\__init__.py:88: in import_module
    return _bootstrap._gcd_import(name[level:], package, level)
           ^^^^^^^^^^^^^^^^^^^^^^^^^^^^^^^^^^^^^^^^^^^^^^^^^^^^
E   ModuleNotFoundError: No module named 'tests.test_security_oauth2_authorization_code_bearer_scopes_openapi'
_ ERROR collecting repo-testing/repos/medium_fastapi/tests/test_security_oauth2_authorization_code_bearer_scopes_openapi_simple.py _
ImportError while importing test module 'D:\NewE\College\Project\project-brain\repo-testing\repos\medium_fastapi\tests\test_security_oauth2_authorization_code_bearer_scopes_openapi_simple.py'.
Hint: make sure your test modules/packages have valid Python names.
Traceback:
C:\Python314\Lib\importlib\__init__.py:88: in import_module
    return _bootstrap._gcd_import(name[level:], package, level)
           ^^^^^^^^^^^^^^^^^^^^^^^^^^^^^^^^^^^^^^^^^^^^^^^^^^^^
E   ModuleNotFoundError: No module named 'tests.test_security_oauth2_authorization_code_bearer_scopes_openapi_simple'
_ ERROR collecting repo-testing/repos/medium_fastapi/tests/test_security_oauth2_optional.py _
ImportError while importing test module 'D:\NewE\College\Project\project-brain\repo-testing\repos\medium_fastapi\tests\test_security_oauth2_optional.py'.
Hint: make sure your test modules/packages have valid Python names.
Traceback:
C:\Python314\Lib\importlib\__init__.py:88: in import_module
    return _bootstrap._gcd_import(name[level:], package, level)
           ^^^^^^^^^^^^^^^^^^^^^^^^^^^^^^^^^^^^^^^^^^^^^^^^^^^^
E   ModuleNotFoundError: No module named 'tests.test_security_oauth2_optional'
_ ERROR collecting repo-testing/repos/medium_fastapi/tests/test_security_oauth2_optional_description.py _
ImportError while importing test module 'D:\NewE\College\Project\project-brain\repo-testing\repos\medium_fastapi\tests\test_security_oauth2_optional_description.py'.
Hint: make sure your test modules/packages have valid Python names.
Traceback:
C:\Python314\Lib\importlib\__init__.py:88: in import_module
    return _bootstrap._gcd_import(name[level:], package, level)
           ^^^^^^^^^^^^^^^^^^^^^^^^^^^^^^^^^^^^^^^^^^^^^^^^^^^^
E   ModuleNotFoundError: No module named 'tests.test_security_oauth2_optional_description'
_ ERROR collecting repo-testing/repos/medium_fastapi/tests/test_security_oauth2_password_bearer_optional.py _
ImportError while importing test module 'D:\NewE\College\Project\project-brain\repo-testing\repos\medium_fastapi\tests\test_security_oauth2_password_bearer_optional.py'.
Hint: make sure your test modules/packages have valid Python names.
Traceback:
C:\Python314\Lib\importlib\__init__.py:88: in import_module
    return _bootstrap._gcd_import(name[level:], package, level)
           ^^^^^^^^^^^^^^^^^^^^^^^^^^^^^^^^^^^^^^^^^^^^^^^^^^^^
E   ModuleNotFoundError: No module named 'tests.test_security_oauth2_password_bearer_optional'
_ ERROR collecting repo-testing/repos/medium_fastapi/tests/test_security_oauth2_password_bearer_optional_description.py _
ImportError while importing test module 'D:\NewE\College\Project\project-brain\repo-testing\repos\medium_fastapi\tests\test_security_oauth2_password_bearer_optional_description.py'.
Hint: make sure your test modules/packages have valid Python names.
Traceback:
C:\Python314\Lib\importlib\__init__.py:88: in import_module
    return _bootstrap._gcd_import(name[level:], package, level)
           ^^^^^^^^^^^^^^^^^^^^^^^^^^^^^^^^^^^^^^^^^^^^^^^^^^^^
E   ModuleNotFoundError: No module named 'tests.test_security_oauth2_password_bearer_optional_description'
_ ERROR collecting repo-testing/repos/medium_fastapi/tests/test_security_openid_connect.py _
ImportError while importing test module 'D:\NewE\College\Project\project-brain\repo-testing\repos\medium_fastapi\tests\test_security_openid_connect.py'.
Hint: make sure your test modules/packages have valid Python names.
Traceback:
C:\Python314\Lib\importlib\__init__.py:88: in import_module
    return _bootstrap._gcd_import(name[level:], package, level)
           ^^^^^^^^^^^^^^^^^^^^^^^^^^^^^^^^^^^^^^^^^^^^^^^^^^^^
E   ModuleNotFoundError: No module named 'tests.test_security_openid_connect'
_ ERROR collecting repo-testing/repos/medium_fastapi/tests/test_security_openid_connect_description.py _
ImportError while importing test module 'D:\NewE\College\Project\project-brain\repo-testing\repos\medium_fastapi\tests\test_security_openid_connect_description.py'.
Hint: make sure your test modules/packages have valid Python names.
Traceback:
C:\Python314\Lib\importlib\__init__.py:88: in import_module
    return _bootstrap._gcd_import(name[level:], package, level)
           ^^^^^^^^^^^^^^^^^^^^^^^^^^^^^^^^^^^^^^^^^^^^^^^^^^^^
E   ModuleNotFoundError: No module named 'tests.test_security_openid_connect_description'
_ ERROR collecting repo-testing/repos/medium_fastapi/tests/test_security_openid_connect_optional.py _
ImportError while importing test module 'D:\NewE\College\Project\project-brain\repo-testing\repos\medium_fastapi\tests\test_security_openid_connect_optional.py'.
Hint: make sure your test modules/packages have valid Python names.
Traceback:
C:\Python314\Lib\importlib\__init__.py:88: in import_module
    return _bootstrap._gcd_import(name[level:], package, level)
           ^^^^^^^^^^^^^^^^^^^^^^^^^^^^^^^^^^^^^^^^^^^^^^^^^^^^
E   ModuleNotFoundError: No module named 'tests.test_security_openid_connect_optional'
_ ERROR collecting repo-testing/repos/medium_fastapi/tests/test_security_scopes.py _
ImportError while importing test module 'D:\NewE\College\Project\project-brain\repo-testing\repos\medium_fastapi\tests\test_security_scopes.py'.
Hint: make sure your test modules/packages have valid Python names.
Traceback:
C:\Python314\Lib\importlib\__init__.py:88: in import_module
    return _bootstrap._gcd_import(name[level:], package, level)
           ^^^^^^^^^^^^^^^^^^^^^^^^^^^^^^^^^^^^^^^^^^^^^^^^^^^^
E   ModuleNotFoundError: No module named 'tests.test_security_scopes'
_ ERROR collecting repo-testing/repos/medium_fastapi/tests/test_security_scopes_dont_propagate.py _
ImportError while importing test module 'D:\NewE\College\Project\project-brain\repo-testing\repos\medium_fastapi\tests\test_security_scopes_dont_propagate.py'.
Hint: make sure your test modules/packages have valid Python names.
Traceback:
C:\Python314\Lib\importlib\__init__.py:88: in import_module
    return _bootstrap._gcd_import(name[level:], package, level)
           ^^^^^^^^^^^^^^^^^^^^^^^^^^^^^^^^^^^^^^^^^^^^^^^^^^^^
E   ModuleNotFoundError: No module named 'tests.test_security_scopes_dont_propagate'
_ ERROR collecting repo-testing/repos/medium_fastapi/tests/test_security_scopes_sub_dependency.py _
ImportError while importing test module 'D:\NewE\College\Project\project-brain\repo-testing\repos\medium_fastapi\tests\test_security_scopes_sub_dependency.py'.
Hint: make sure your test modules/packages have valid Python names.
Traceback:
C:\Python314\Lib\importlib\__init__.py:88: in import_module
    return _bootstrap._gcd_import(name[level:], package, level)
           ^^^^^^^^^^^^^^^^^^^^^^^^^^^^^^^^^^^^^^^^^^^^^^^^^^^^
E   ModuleNotFoundError: No module named 'tests.test_security_scopes_sub_dependency'
_ ERROR collecting repo-testing/repos/medium_fastapi/tests/test_serialize_response.py _
ImportError while importing test module 'D:\NewE\College\Project\project-brain\repo-testing\repos\medium_fastapi\tests\test_serialize_response.py'.
Hint: make sure your test modules/packages have valid Python names.
Traceback:
C:\Python314\Lib\importlib\__init__.py:88: in import_module
    return _bootstrap._gcd_import(name[level:], package, level)
           ^^^^^^^^^^^^^^^^^^^^^^^^^^^^^^^^^^^^^^^^^^^^^^^^^^^^
E   ModuleNotFoundError: No module named 'tests.test_serialize_response'
_ ERROR collecting repo-testing/repos/medium_fastapi/tests/test_serialize_response_dataclass.py _
ImportError while importing test module 'D:\NewE\College\Project\project-brain\repo-testing\repos\medium_fastapi\tests\test_serialize_response_dataclass.py'.
Hint: make sure your test modules/packages have valid Python names.
Traceback:
C:\Python314\Lib\importlib\__init__.py:88: in import_module
    return _bootstrap._gcd_import(name[level:], package, level)
           ^^^^^^^^^^^^^^^^^^^^^^^^^^^^^^^^^^^^^^^^^^^^^^^^^^^^
E   ModuleNotFoundError: No module named 'tests.test_serialize_response_dataclass'
_ ERROR collecting repo-testing/repos/medium_fastapi/tests/test_serialize_response_model.py _
ImportError while importing test module 'D:\NewE\College\Project\project-brain\repo-testing\repos\medium_fastapi\tests\test_serialize_response_model.py'.
Hint: make sure your test modules/packages have valid Python names.
Traceback:
C:\Python314\Lib\importlib\__init__.py:88: in import_module
    return _bootstrap._gcd_import(name[level:], package, level)
           ^^^^^^^^^^^^^^^^^^^^^^^^^^^^^^^^^^^^^^^^^^^^^^^^^^^^
E   ModuleNotFoundError: No module named 'tests.test_serialize_response_model'
_ ERROR collecting repo-testing/repos/medium_fastapi/tests/test_skip_defaults.py _
ImportError while importing test module 'D:\NewE\College\Project\project-brain\repo-testing\repos\medium_fastapi\tests\test_skip_defaults.py'.
Hint: make sure your test modules/packages have valid Python names.
Traceback:
C:\Python314\Lib\importlib\__init__.py:88: in import_module
    return _bootstrap._gcd_import(name[level:], package, level)
           ^^^^^^^^^^^^^^^^^^^^^^^^^^^^^^^^^^^^^^^^^^^^^^^^^^^^
E   ModuleNotFoundError: No module named 'tests.test_skip_defaults'
____ ERROR collecting repo-testing/repos/medium_fastapi/tests/test_sse.py _____
ImportError while importing test module 'D:\NewE\College\Project\project-brain\repo-testing\repos\medium_fastapi\tests\test_sse.py'.
Hint: make sure your test modules/packages have valid Python names.
Traceback:
C:\Python314\Lib\importlib\__init__.py:88: in import_module
    return _bootstrap._gcd_import(name[level:], package, level)
           ^^^^^^^^^^^^^^^^^^^^^^^^^^^^^^^^^^^^^^^^^^^^^^^^^^^^
E   ModuleNotFoundError: No module named 'tests.test_sse'
_ ERROR collecting repo-testing/repos/medium_fastapi/tests/test_starlette_exception.py _
ImportError while importing test module 'D:\NewE\College\Project\project-brain\repo-testing\repos\medium_fastapi\tests\test_starlette_exception.py'.
Hint: make sure your test modules/packages have valid Python names.
Traceback:
C:\Python314\Lib\importlib\__init__.py:88: in import_module
    return _bootstrap._gcd_import(name[level:], package, level)
           ^^^^^^^^^^^^^^^^^^^^^^^^^^^^^^^^^^^^^^^^^^^^^^^^^^^^
E   ModuleNotFoundError: No module named 'tests.test_starlette_exception'
_ ERROR collecting repo-testing/repos/medium_fastapi/tests/test_starlette_urlconvertors.py _
ImportError while importing test module 'D:\NewE\College\Project\project-brain\repo-testing\repos\medium_fastapi\tests\test_starlette_urlconvertors.py'.
Hint: make sure your test modules/packages have valid Python names.
Traceback:
C:\Python314\Lib\importlib\__init__.py:88: in import_module
    return _bootstrap._gcd_import(name[level:], package, level)
           ^^^^^^^^^^^^^^^^^^^^^^^^^^^^^^^^^^^^^^^^^^^^^^^^^^^^
E   ModuleNotFoundError: No module named 'tests.test_starlette_urlconvertors'
_ ERROR collecting repo-testing/repos/medium_fastapi/tests/test_stream_bare_type.py _
ImportError while importing test module 'D:\NewE\College\Project\project-brain\repo-testing\repos\medium_fastapi\tests\test_stream_bare_type.py'.
Hint: make sure your test modules/packages have valid Python names.
Traceback:
C:\Python314\Lib\importlib\__init__.py:88: in import_module
    return _bootstrap._gcd_import(name[level:], package, level)
           ^^^^^^^^^^^^^^^^^^^^^^^^^^^^^^^^^^^^^^^^^^^^^^^^^^^^
E   ModuleNotFoundError: No module named 'tests.test_stream_bare_type'
_ ERROR collecting repo-testing/repos/medium_fastapi/tests/test_stream_cancellation.py _
ImportError while importing test module 'D:\NewE\College\Project\project-brain\repo-testing\repos\medium_fastapi\tests\test_stream_cancellation.py'.
Hint: make sure your test modules/packages have valid Python names.
Traceback:
C:\Python314\Lib\importlib\__init__.py:88: in import_module
    return _bootstrap._gcd_import(name[level:], package, level)
           ^^^^^^^^^^^^^^^^^^^^^^^^^^^^^^^^^^^^^^^^^^^^^^^^^^^^
E   ModuleNotFoundError: No module named 'tests.test_stream_cancellation'
_ ERROR collecting repo-testing/repos/medium_fastapi/tests/test_stream_json_validation_error.py _
ImportError while importing test module 'D:\NewE\College\Project\project-brain\repo-testing\repos\medium_fastapi\tests\test_stream_json_validation_error.py'.
Hint: make sure your test modules/packages have valid Python names.
Traceback:
C:\Python314\Lib\importlib\__init__.py:88: in import_module
    return _bootstrap._gcd_import(name[level:], package, level)
           ^^^^^^^^^^^^^^^^^^^^^^^^^^^^^^^^^^^^^^^^^^^^^^^^^^^^
E   ModuleNotFoundError: No module named 'tests.test_stream_json_validation_error'
_ ERROR collecting repo-testing/repos/medium_fastapi/tests/test_strict_content_type_app_level.py _
ImportError while importing test module 'D:\NewE\College\Project\project-brain\repo-testing\repos\medium_fastapi\tests\test_strict_content_type_app_level.py'.
Hint: make sure your test modules/packages have valid Python names.
Traceback:
C:\Python314\Lib\importlib\__init__.py:88: in import_module
    return _bootstrap._gcd_import(name[level:], package, level)
           ^^^^^^^^^^^^^^^^^^^^^^^^^^^^^^^^^^^^^^^^^^^^^^^^^^^^
E   ModuleNotFoundError: No module named 'tests.test_strict_content_type_app_level'
_ ERROR collecting repo-testing/repos/medium_fastapi/tests/test_strict_content_type_nested.py _
ImportError while importing test module 'D:\NewE\College\Project\project-brain\repo-testing\repos\medium_fastapi\tests\test_strict_content_type_nested.py'.
Hint: make sure your test modules/packages have valid Python names.
Traceback:
C:\Python314\Lib\importlib\__init__.py:88: in import_module
    return _bootstrap._gcd_import(name[level:], package, level)
           ^^^^^^^^^^^^^^^^^^^^^^^^^^^^^^^^^^^^^^^^^^^^^^^^^^^^
E   ModuleNotFoundError: No module named 'tests.test_strict_content_type_nested'
_ ERROR collecting repo-testing/repos/medium_fastapi/tests/test_strict_content_type_router_level.py _
ImportError while importing test module 'D:\NewE\College\Project\project-brain\repo-testing\repos\medium_fastapi\tests\test_strict_content_type_router_level.py'.
Hint: make sure your test modules/packages have valid Python names.
Traceback:
C:\Python314\Lib\importlib\__init__.py:88: in import_module
    return _bootstrap._gcd_import(name[level:], package, level)
           ^^^^^^^^^^^^^^^^^^^^^^^^^^^^^^^^^^^^^^^^^^^^^^^^^^^^
E   ModuleNotFoundError: No module named 'tests.test_strict_content_type_router_level'
_ ERROR collecting repo-testing/repos/medium_fastapi/tests/test_stringified_annotation_dependency.py _
ImportError while importing test module 'D:\NewE\College\Project\project-brain\repo-testing\repos\medium_fastapi\tests\test_stringified_annotation_dependency.py'.
Hint: make sure your test modules/packages have valid Python names.
Traceback:
C:\Python314\Lib\importlib\__init__.py:88: in import_module
    return _bootstrap._gcd_import(name[level:], package, level)
           ^^^^^^^^^^^^^^^^^^^^^^^^^^^^^^^^^^^^^^^^^^^^^^^^^^^^
E   ModuleNotFoundError: No module named 'tests.test_stringified_annotation_dependency'
_ ERROR collecting repo-testing/repos/medium_fastapi/tests/test_stringified_annotation_dependency_py314.py _
ImportError while importing test module 'D:\NewE\College\Project\project-brain\repo-testing\repos\medium_fastapi\tests\test_stringified_annotation_dependency_py314.py'.
Hint: make sure your test modules/packages have valid Python names.
Traceback:
C:\Python314\Lib\importlib\__init__.py:88: in import_module
    return _bootstrap._gcd_import(name[level:], package, level)
           ^^^^^^^^^^^^^^^^^^^^^^^^^^^^^^^^^^^^^^^^^^^^^^^^^^^^
E   ModuleNotFoundError: No module named 'tests.test_stringified_annotation_dependency_py314'
_ ERROR collecting repo-testing/repos/medium_fastapi/tests/test_stringified_annotations_simple.py _
ImportError while importing test module 'D:\NewE\College\Project\project-brain\repo-testing\repos\medium_fastapi\tests\test_stringified_annotations_simple.py'.
Hint: make sure your test modules/packages have valid Python names.
Traceback:
C:\Python314\Lib\importlib\__init__.py:88: in import_module
    return _bootstrap._gcd_import(name[level:], package, level)
           ^^^^^^^^^^^^^^^^^^^^^^^^^^^^^^^^^^^^^^^^^^^^^^^^^^^^
E   ModuleNotFoundError: No module named 'tests.test_stringified_annotations_simple'
_ ERROR collecting repo-testing/repos/medium_fastapi/tests/test_sub_callbacks.py _
ImportError while importing test module 'D:\NewE\College\Project\project-brain\repo-testing\repos\medium_fastapi\tests\test_sub_callbacks.py'.
Hint: make sure your test modules/packages have valid Python names.
Traceback:
C:\Python314\Lib\importlib\__init__.py:88: in import_module
    return _bootstrap._gcd_import(name[level:], package, level)
           ^^^^^^^^^^^^^^^^^^^^^^^^^^^^^^^^^^^^^^^^^^^^^^^^^^^^
E   ModuleNotFoundError: No module named 'tests.test_sub_callbacks'
_ ERROR collecting repo-testing/repos/medium_fastapi/tests/test_swagger_ui_escape.py _
ImportError while importing test module 'D:\NewE\College\Project\project-brain\repo-testing\repos\medium_fastapi\tests\test_swagger_ui_escape.py'.
Hint: make sure your test modules/packages have valid Python names.
Traceback:
C:\Python314\Lib\importlib\__init__.py:88: in import_module
    return _bootstrap._gcd_import(name[level:], package, level)
           ^^^^^^^^^^^^^^^^^^^^^^^^^^^^^^^^^^^^^^^^^^^^^^^^^^^^
E   ModuleNotFoundError: No module named 'tests.test_swagger_ui_escape'
_ ERROR collecting repo-testing/repos/medium_fastapi/tests/test_swagger_ui_init_oauth.py _
ImportError while importing test module 'D:\NewE\College\Project\project-brain\repo-testing\repos\medium_fastapi\tests\test_swagger_ui_init_oauth.py'.
Hint: make sure your test modules/packages have valid Python names.
Traceback:
C:\Python314\Lib\importlib\__init__.py:88: in import_module
    return _bootstrap._gcd_import(name[level:], package, level)
           ^^^^^^^^^^^^^^^^^^^^^^^^^^^^^^^^^^^^^^^^^^^^^^^^^^^^
E   ModuleNotFoundError: No module named 'tests.test_swagger_ui_init_oauth'
_ ERROR collecting repo-testing/repos/medium_fastapi/tests/test_top_level_security_scheme_in_openapi.py _
ImportError while importing test module 'D:\NewE\College\Project\project-brain\repo-testing\repos\medium_fastapi\tests\test_top_level_security_scheme_in_openapi.py'.
Hint: make sure your test modules/packages have valid Python names.
Traceback:
C:\Python314\Lib\importlib\__init__.py:88: in import_module
    return _bootstrap._gcd_import(name[level:], package, level)
           ^^^^^^^^^^^^^^^^^^^^^^^^^^^^^^^^^^^^^^^^^^^^^^^^^^^^
E   ModuleNotFoundError: No module named 'tests.test_top_level_security_scheme_in_openapi'
___ ERROR collecting repo-testing/repos/medium_fastapi/tests/test_tuples.py ___
ImportError while importing test module 'D:\NewE\College\Project\project-brain\repo-testing\repos\medium_fastapi\tests\test_tuples.py'.
Hint: make sure your test modules/packages have valid Python names.
Traceback:
C:\Python314\Lib\importlib\__init__.py:88: in import_module
    return _bootstrap._gcd_import(name[level:], package, level)
           ^^^^^^^^^^^^^^^^^^^^^^^^^^^^^^^^^^^^^^^^^^^^^^^^^^^^
E   ModuleNotFoundError: No module named 'tests.test_tuples'
_ ERROR collecting repo-testing/repos/medium_fastapi/tests/test_tutorial/test_additional_responses/test_tutorial001.py _
ImportError while importing test module 'D:\NewE\College\Project\project-brain\repo-testing\repos\medium_fastapi\tests\test_tutorial\test_additional_responses\test_tutorial001.py'.
Hint: make sure your test modules/packages have valid Python names.
Traceback:
C:\Python314\Lib\importlib\__init__.py:88: in import_module
    return _bootstrap._gcd_import(name[level:], package, level)
           ^^^^^^^^^^^^^^^^^^^^^^^^^^^^^^^^^^^^^^^^^^^^^^^^^^^^
E   ModuleNotFoundError: No module named 'tests.test_tutorial'
_ ERROR collecting repo-testing/repos/medium_fastapi/tests/test_tutorial/test_additional_responses/test_tutorial002.py _
ImportError while importing test module 'D:\NewE\College\Project\project-brain\repo-testing\repos\medium_fastapi\tests\test_tutorial\test_additional_responses\test_tutorial002.py'.
Hint: make sure your test modules/packages have valid Python names.
Traceback:
C:\Python314\Lib\importlib\__init__.py:88: in import_module
    return _bootstrap._gcd_import(name[level:], package, level)
           ^^^^^^^^^^^^^^^^^^^^^^^^^^^^^^^^^^^^^^^^^^^^^^^^^^^^
E   ModuleNotFoundError: No module named 'tests.test_tutorial'
_ ERROR collecting repo-testing/repos/medium_fastapi/tests/test_tutorial/test_additional_responses/test_tutorial003.py _
ImportError while importing test module 'D:\NewE\College\Project\project-brain\repo-testing\repos\medium_fastapi\tests\test_tutorial\test_additional_responses\test_tutorial003.py'.
Hint: make sure your test modules/packages have valid Python names.
Traceback:
C:\Python314\Lib\importlib\__init__.py:88: in import_module
    return _bootstrap._gcd_import(name[level:], package, level)
           ^^^^^^^^^^^^^^^^^^^^^^^^^^^^^^^^^^^^^^^^^^^^^^^^^^^^
E   ModuleNotFoundError: No module named 'tests.test_tutorial'
_ ERROR collecting repo-testing/repos/medium_fastapi/tests/test_tutorial/test_additional_responses/test_tutorial004.py _
ImportError while importing test module 'D:\NewE\College\Project\project-brain\repo-testing\repos\medium_fastapi\tests\test_tutorial\test_additional_responses\test_tutorial004.py'.
Hint: make sure your test modules/packages have valid Python names.
Traceback:
C:\Python314\Lib\importlib\__init__.py:88: in import_module
    return _bootstrap._gcd_import(name[level:], package, level)
           ^^^^^^^^^^^^^^^^^^^^^^^^^^^^^^^^^^^^^^^^^^^^^^^^^^^^
E   ModuleNotFoundError: No module named 'tests.test_tutorial'
_ ERROR collecting repo-testing/repos/medium_fastapi/tests/test_tutorial/test_additional_status_codes/test_tutorial001.py _
ImportError while importing test module 'D:\NewE\College\Project\project-brain\repo-testing\repos\medium_fastapi\tests\test_tutorial\test_additional_status_codes\test_tutorial001.py'.
Hint: make sure your test modules/packages have valid Python names.
Traceback:
C:\Python314\Lib\importlib\__init__.py:88: in import_module
    return _bootstrap._gcd_import(name[level:], package, level)
           ^^^^^^^^^^^^^^^^^^^^^^^^^^^^^^^^^^^^^^^^^^^^^^^^^^^^
E   ModuleNotFoundError: No module named 'tests.test_tutorial'
_ ERROR collecting repo-testing/repos/medium_fastapi/tests/test_tutorial/test_advanced_middleware/test_tutorial001.py _
ImportError while importing test module 'D:\NewE\College\Project\project-brain\repo-testing\repos\medium_fastapi\tests\test_tutorial\test_advanced_middleware\test_tutorial001.py'.
Hint: make sure your test modules/packages have valid Python names.
Traceback:
C:\Python314\Lib\importlib\__init__.py:88: in import_module
    return _bootstrap._gcd_import(name[level:], package, level)
           ^^^^^^^^^^^^^^^^^^^^^^^^^^^^^^^^^^^^^^^^^^^^^^^^^^^^
E   ModuleNotFoundError: No module named 'tests.test_tutorial'
_ ERROR collecting repo-testing/repos/medium_fastapi/tests/test_tutorial/test_advanced_middleware/test_tutorial002.py _
ImportError while importing test module 'D:\NewE\College\Project\project-brain\repo-testing\repos\medium_fastapi\tests\test_tutorial\test_advanced_middleware\test_tutorial002.py'.
Hint: make sure your test modules/packages have valid Python names.
Traceback:
C:\Python314\Lib\importlib\__init__.py:88: in import_module
    return _bootstrap._gcd_import(name[level:], package, level)
           ^^^^^^^^^^^^^^^^^^^^^^^^^^^^^^^^^^^^^^^^^^^^^^^^^^^^
E   ModuleNotFoundError: No module named 'tests.test_tutorial'
_ ERROR collecting repo-testing/repos/medium_fastapi/tests/test_tutorial/test_advanced_middleware/test_tutorial003.py _
ImportError while importing test module 'D:\NewE\College\Project\project-brain\repo-testing\repos\medium_fastapi\tests\test_tutorial\test_advanced_middleware\test_tutorial003.py'.
Hint: make sure your test modules/packages have valid Python names.
Traceback:
C:\Python314\Lib\importlib\__init__.py:88: in import_module
    return _bootstrap._gcd_import(name[level:], package, level)
           ^^^^^^^^^^^^^^^^^^^^^^^^^^^^^^^^^^^^^^^^^^^^^^^^^^^^
E   ModuleNotFoundError: No module named 'tests.test_tutorial'
_ ERROR collecting repo-testing/repos/medium_fastapi/tests/test_tutorial/test_async_tests/test_main_a.py _
ImportError while importing test module 'D:\NewE\College\Project\project-brain\repo-testing\repos\medium_fastapi\tests\test_tutorial\test_async_tests\test_main_a.py'.
Hint: make sure your test modules/packages have valid Python names.
Traceback:
C:\Python314\Lib\importlib\__init__.py:88: in import_module
    return _bootstrap._gcd_import(name[level:], package, level)
           ^^^^^^^^^^^^^^^^^^^^^^^^^^^^^^^^^^^^^^^^^^^^^^^^^^^^
E   ModuleNotFoundError: No module named 'tests.test_tutorial'
_ ERROR collecting repo-testing/repos/medium_fastapi/tests/test_tutorial/test_authentication_error_status_code/test_tutorial001.py _
ImportError while importing test module 'D:\NewE\College\Project\project-brain\repo-testing\repos\medium_fastapi\tests\test_tutorial\test_authentication_error_status_code\test_tutorial001.py'.
Hint: make sure your test modules/packages have valid Python names.
Traceback:
C:\Python314\Lib\importlib\__init__.py:88: in import_module
    return _bootstrap._gcd_import(name[level:], package, level)
           ^^^^^^^^^^^^^^^^^^^^^^^^^^^^^^^^^^^^^^^^^^^^^^^^^^^^
E   ModuleNotFoundError: No module named 'tests.test_tutorial'
_ ERROR collecting repo-testing/repos/medium_fastapi/tests/test_tutorial/test_background_tasks/test_tutorial001.py _
ImportError while importing test module 'D:\NewE\College\Project\project-brain\repo-testing\repos\medium_fastapi\tests\test_tutorial\test_background_tasks\test_tutorial001.py'.
Hint: make sure your test modules/packages have valid Python names.
Traceback:
C:\Python314\Lib\importlib\__init__.py:88: in import_module
    return _bootstrap._gcd_import(name[level:], package, level)
           ^^^^^^^^^^^^^^^^^^^^^^^^^^^^^^^^^^^^^^^^^^^^^^^^^^^^
E   ModuleNotFoundError: No module named 'tests.test_tutorial'
_ ERROR collecting repo-testing/repos/medium_fastapi/tests/test_tutorial/test_background_tasks/test_tutorial002.py _
ImportError while importing test module 'D:\NewE\College\Project\project-brain\repo-testing\repos\medium_fastapi\tests\test_tutorial\test_background_tasks\test_tutorial002.py'.
Hint: make sure your test modules/packages have valid Python names.
Traceback:
C:\Python314\Lib\importlib\__init__.py:88: in import_module
    return _bootstrap._gcd_import(name[level:], package, level)
           ^^^^^^^^^^^^^^^^^^^^^^^^^^^^^^^^^^^^^^^^^^^^^^^^^^^^
E   ModuleNotFoundError: No module named 'tests.test_tutorial'
_ ERROR collecting repo-testing/repos/medium_fastapi/tests/test_tutorial/test_behind_a_proxy/test_tutorial001.py _
ImportError while importing test module 'D:\NewE\College\Project\project-brain\repo-testing\repos\medium_fastapi\tests\test_tutorial\test_behind_a_proxy\test_tutorial001.py'.
Hint: make sure your test modules/packages have valid Python names.
Traceback:
C:\Python314\Lib\importlib\__init__.py:88: in import_module
    return _bootstrap._gcd_import(name[level:], package, level)
           ^^^^^^^^^^^^^^^^^^^^^^^^^^^^^^^^^^^^^^^^^^^^^^^^^^^^
E   ModuleNotFoundError: No module named 'tests.test_tutorial'
_ ERROR collecting repo-testing/repos/medium_fastapi/tests/test_tutorial/test_behind_a_proxy/test_tutorial001_01.py _
ImportError while importing test module 'D:\NewE\College\Project\project-brain\repo-testing\repos\medium_fastapi\tests\test_tutorial\test_behind_a_proxy\test_tutorial001_01.py'.
Hint: make sure your test modules/packages have valid Python names.
Traceback:
C:\Python314\Lib\importlib\__init__.py:88: in import_module
    return _bootstrap._gcd_import(name[level:], package, level)
           ^^^^^^^^^^^^^^^^^^^^^^^^^^^^^^^^^^^^^^^^^^^^^^^^^^^^
E   ModuleNotFoundError: No module named 'tests.test_tutorial'
_ ERROR collecting repo-testing/repos/medium_fastapi/tests/test_tutorial/test_behind_a_proxy/test_tutorial002.py _
ImportError while importing test module 'D:\NewE\College\Project\project-brain\repo-testing\repos\medium_fastapi\tests\test_tutorial\test_behind_a_proxy\test_tutorial002.py'.
Hint: make sure your test modules/packages have valid Python names.
Traceback:
C:\Python314\Lib\importlib\__init__.py:88: in import_module
    return _bootstrap._gcd_import(name[level:], package, level)
           ^^^^^^^^^^^^^^^^^^^^^^^^^^^^^^^^^^^^^^^^^^^^^^^^^^^^
E   ModuleNotFoundError: No module named 'tests.test_tutorial'
_ ERROR collecting repo-testing/repos/medium_fastapi/tests/test_tutorial/test_behind_a_proxy/test_tutorial003.py _
ImportError while importing test module 'D:\NewE\College\Project\project-brain\repo-testing\repos\medium_fastapi\tests\test_tutorial\test_behind_a_proxy\test_tutorial003.py'.
Hint: make sure your test modules/packages have valid Python names.
Traceback:
C:\Python314\Lib\importlib\__init__.py:88: in import_module
    return _bootstrap._gcd_import(name[level:], package, level)
           ^^^^^^^^^^^^^^^^^^^^^^^^^^^^^^^^^^^^^^^^^^^^^^^^^^^^
E   ModuleNotFoundError: No module named 'tests.test_tutorial'
_ ERROR collecting repo-testing/repos/medium_fastapi/tests/test_tutorial/test_behind_a_proxy/test_tutorial004.py _
ImportError while importing test module 'D:\NewE\College\Project\project-brain\repo-testing\repos\medium_fastapi\tests\test_tutorial\test_behind_a_proxy\test_tutorial004.py'.
Hint: make sure your test modules/packages have valid Python names.
Traceback:
C:\Python314\Lib\importlib\__init__.py:88: in import_module
    return _bootstrap._gcd_import(name[level:], package, level)
           ^^^^^^^^^^^^^^^^^^^^^^^^^^^^^^^^^^^^^^^^^^^^^^^^^^^^
E   ModuleNotFoundError: No module named 'tests.test_tutorial'
_ ERROR collecting repo-testing/repos/medium_fastapi/tests/test_tutorial/test_bigger_applications/test_main.py _
ImportError while importing test module 'D:\NewE\College\Project\project-brain\repo-testing\repos\medium_fastapi\tests\test_tutorial\test_bigger_applications\test_main.py'.
Hint: make sure your test modules/packages have valid Python names.
Traceback:
C:\Python314\Lib\importlib\__init__.py:88: in import_module
    return _bootstrap._gcd_import(name[level:], package, level)
           ^^^^^^^^^^^^^^^^^^^^^^^^^^^^^^^^^^^^^^^^^^^^^^^^^^^^
E   ModuleNotFoundError: No module named 'tests.test_tutorial'
_ ERROR collecting repo-testing/repos/medium_fastapi/tests/test_tutorial/test_body/test_tutorial001.py _
ImportError while importing test module 'D:\NewE\College\Project\project-brain\repo-testing\repos\medium_fastapi\tests\test_tutorial\test_body\test_tutorial001.py'.
Hint: make sure your test modules/packages have valid Python names.
Traceback:
C:\Python314\Lib\importlib\__init__.py:88: in import_module
    return _bootstrap._gcd_import(name[level:], package, level)
           ^^^^^^^^^^^^^^^^^^^^^^^^^^^^^^^^^^^^^^^^^^^^^^^^^^^^
E   ModuleNotFoundError: No module named 'tests.test_tutorial'
_ ERROR collecting repo-testing/repos/medium_fastapi/tests/test_tutorial/test_body/test_tutorial002.py _
ImportError while importing test module 'D:\NewE\College\Project\project-brain\repo-testing\repos\medium_fastapi\tests\test_tutorial\test_body\test_tutorial002.py'.
Hint: make sure your test modules/packages have valid Python names.
Traceback:
C:\Python314\Lib\importlib\__init__.py:88: in import_module
    return _bootstrap._gcd_import(name[level:], package, level)
           ^^^^^^^^^^^^^^^^^^^^^^^^^^^^^^^^^^^^^^^^^^^^^^^^^^^^
E   ModuleNotFoundError: No module named 'tests.test_tutorial'
_ ERROR collecting repo-testing/repos/medium_fastapi/tests/test_tutorial/test_body/test_tutorial003.py _
ImportError while importing test module 'D:\NewE\College\Project\project-brain\repo-testing\repos\medium_fastapi\tests\test_tutorial\test_body\test_tutorial003.py'.
Hint: make sure your test modules/packages have valid Python names.
Traceback:
C:\Python314\Lib\importlib\__init__.py:88: in import_module
    return _bootstrap._gcd_import(name[level:], package, level)
           ^^^^^^^^^^^^^^^^^^^^^^^^^^^^^^^^^^^^^^^^^^^^^^^^^^^^
E   ModuleNotFoundError: No module named 'tests.test_tutorial'
_ ERROR collecting repo-testing/repos/medium_fastapi/tests/test_tutorial/test_body/test_tutorial004.py _
ImportError while importing test module 'D:\NewE\College\Project\project-brain\repo-testing\repos\medium_fastapi\tests\test_tutorial\test_body\test_tutorial004.py'.
Hint: make sure your test modules/packages have valid Python names.
Traceback:
C:\Python314\Lib\importlib\__init__.py:88: in import_module
    return _bootstrap._gcd_import(name[level:], package, level)
           ^^^^^^^^^^^^^^^^^^^^^^^^^^^^^^^^^^^^^^^^^^^^^^^^^^^^
E   ModuleNotFoundError: No module named 'tests.test_tutorial'
_ ERROR collecting repo-testing/repos/medium_fastapi/tests/test_tutorial/test_body_fields/test_tutorial001.py _
ImportError while importing test module 'D:\NewE\College\Project\project-brain\repo-testing\repos\medium_fastapi\tests\test_tutorial\test_body_fields\test_tutorial001.py'.
Hint: make sure your test modules/packages have valid Python names.
Traceback:
C:\Python314\Lib\importlib\__init__.py:88: in import_module
    return _bootstrap._gcd_import(name[level:], package, level)
           ^^^^^^^^^^^^^^^^^^^^^^^^^^^^^^^^^^^^^^^^^^^^^^^^^^^^
E   ModuleNotFoundError: No module named 'tests.test_tutorial'
_ ERROR collecting repo-testing/repos/medium_fastapi/tests/test_tutorial/test_body_multiple_params/test_tutorial001.py _
ImportError while importing test module 'D:\NewE\College\Project\project-brain\repo-testing\repos\medium_fastapi\tests\test_tutorial\test_body_multiple_params\test_tutorial001.py'.
Hint: make sure your test modules/packages have valid Python names.
Traceback:
C:\Python314\Lib\importlib\__init__.py:88: in import_module
    return _bootstrap._gcd_import(name[level:], package, level)
           ^^^^^^^^^^^^^^^^^^^^^^^^^^^^^^^^^^^^^^^^^^^^^^^^^^^^
E   ModuleNotFoundError: No module named 'tests.test_tutorial'
_ ERROR collecting repo-testing/repos/medium_fastapi/tests/test_tutorial/test_body_multiple_params/test_tutorial002.py _
ImportError while importing test module 'D:\NewE\College\Project\project-brain\repo-testing\repos\medium_fastapi\tests\test_tutorial\test_body_multiple_params\test_tutorial002.py'.
Hint: make sure your test modules/packages have valid Python names.
Traceback:
C:\Python314\Lib\importlib\__init__.py:88: in import_module
    return _bootstrap._gcd_import(name[level:], package, level)
           ^^^^^^^^^^^^^^^^^^^^^^^^^^^^^^^^^^^^^^^^^^^^^^^^^^^^
E   ModuleNotFoundError: No module named 'tests.test_tutorial'
_ ERROR collecting repo-testing/repos/medium_fastapi/tests/test_tutorial/test_body_multiple_params/test_tutorial003.py _
ImportError while importing test module 'D:\NewE\College\Project\project-brain\repo-testing\repos\medium_fastapi\tests\test_tutorial\test_body_multiple_params\test_tutorial003.py'.
Hint: make sure your test modules/packages have valid Python names.
Traceback:
C:\Python314\Lib\importlib\__init__.py:88: in import_module
    return _bootstrap._gcd_import(name[level:], package, level)
           ^^^^^^^^^^^^^^^^^^^^^^^^^^^^^^^^^^^^^^^^^^^^^^^^^^^^
E   ModuleNotFoundError: No module named 'tests.test_tutorial'
_ ERROR collecting repo-testing/repos/medium_fastapi/tests/test_tutorial/test_body_multiple_params/test_tutorial004.py _
ImportError while importing test module 'D:\NewE\College\Project\project-brain\repo-testing\repos\medium_fastapi\tests\test_tutorial\test_body_multiple_params\test_tutorial004.py'.
Hint: make sure your test modules/packages have valid Python names.
Traceback:
C:\Python314\Lib\importlib\__init__.py:88: in import_module
    return _bootstrap._gcd_import(name[level:], package, level)
           ^^^^^^^^^^^^^^^^^^^^^^^^^^^^^^^^^^^^^^^^^^^^^^^^^^^^
E   ModuleNotFoundError: No module named 'tests.test_tutorial'
_ ERROR collecting repo-testing/repos/medium_fastapi/tests/test_tutorial/test_body_multiple_params/test_tutorial005.py _
ImportError while importing test module 'D:\NewE\College\Project\project-brain\repo-testing\repos\medium_fastapi\tests\test_tutorial\test_body_multiple_params\test_tutorial005.py'.
Hint: make sure your test modules/packages have valid Python names.
Traceback:
C:\Python314\Lib\importlib\__init__.py:88: in import_module
    return _bootstrap._gcd_import(name[level:], package, level)
           ^^^^^^^^^^^^^^^^^^^^^^^^^^^^^^^^^^^^^^^^^^^^^^^^^^^^
E   ModuleNotFoundError: No module named 'tests.test_tutorial'
_ ERROR collecting repo-testing/repos/medium_fastapi/tests/test_tutorial/test_body_nested_models/test_tutorial001_tutorial002_tutorial003.py _
ImportError while importing test module 'D:\NewE\College\Project\project-brain\repo-testing\repos\medium_fastapi\tests\test_tutorial\test_body_nested_models\test_tutorial001_tutorial002_tutorial003.py'.
Hint: make sure your test modules/packages have valid Python names.
Traceback:
C:\Python314\Lib\importlib\__init__.py:88: in import_module
    return _bootstrap._gcd_import(name[level:], package, level)
           ^^^^^^^^^^^^^^^^^^^^^^^^^^^^^^^^^^^^^^^^^^^^^^^^^^^^
E   ModuleNotFoundError: No module named 'tests.test_tutorial'
_ ERROR collecting repo-testing/repos/medium_fastapi/tests/test_tutorial/test_body_nested_models/test_tutorial004.py _
ImportError while importing test module 'D:\NewE\College\Project\project-brain\repo-testing\repos\medium_fastapi\tests\test_tutorial\test_body_nested_models\test_tutorial004.py'.
Hint: make sure your test modules/packages have valid Python names.
Traceback:
C:\Python314\Lib\importlib\__init__.py:88: in import_module
    return _bootstrap._gcd_import(name[level:], package, level)
           ^^^^^^^^^^^^^^^^^^^^^^^^^^^^^^^^^^^^^^^^^^^^^^^^^^^^
E   ModuleNotFoundError: No module named 'tests.test_tutorial'
_ ERROR collecting repo-testing/repos/medium_fastapi/tests/test_tutorial/test_body_nested_models/test_tutorial005.py _
ImportError while importing test module 'D:\NewE\College\Project\project-brain\repo-testing\repos\medium_fastapi\tests\test_tutorial\test_body_nested_models\test_tutorial005.py'.
Hint: make sure your test modules/packages have valid Python names.
Traceback:
C:\Python314\Lib\importlib\__init__.py:88: in import_module
    return _bootstrap._gcd_import(name[level:], package, level)
           ^^^^^^^^^^^^^^^^^^^^^^^^^^^^^^^^^^^^^^^^^^^^^^^^^^^^
E   ModuleNotFoundError: No module named 'tests.test_tutorial'
_ ERROR collecting repo-testing/repos/medium_fastapi/tests/test_tutorial/test_body_nested_models/test_tutorial006.py _
ImportError while importing test module 'D:\NewE\College\Project\project-brain\repo-testing\repos\medium_fastapi\tests\test_tutorial\test_body_nested_models\test_tutorial006.py'.
Hint: make sure your test modules/packages have valid Python names.
Traceback:
C:\Python314\Lib\importlib\__init__.py:88: in import_module
    return _bootstrap._gcd_import(name[level:], package, level)
           ^^^^^^^^^^^^^^^^^^^^^^^^^^^^^^^^^^^^^^^^^^^^^^^^^^^^
E   ModuleNotFoundError: No module named 'tests.test_tutorial'
_ ERROR collecting repo-testing/repos/medium_fastapi/tests/test_tutorial/test_body_nested_models/test_tutorial007.py _
ImportError while importing test module 'D:\NewE\College\Project\project-brain\repo-testing\repos\medium_fastapi\tests\test_tutorial\test_body_nested_models\test_tutorial007.py'.
Hint: make sure your test modules/packages have valid Python names.
Traceback:
C:\Python314\Lib\importlib\__init__.py:88: in import_module
    return _bootstrap._gcd_import(name[level:], package, level)
           ^^^^^^^^^^^^^^^^^^^^^^^^^^^^^^^^^^^^^^^^^^^^^^^^^^^^
E   ModuleNotFoundError: No module named 'tests.test_tutorial'
_ ERROR collecting repo-testing/repos/medium_fastapi/tests/test_tutorial/test_body_nested_models/test_tutorial008.py _
ImportError while importing test module 'D:\NewE\College\Project\project-brain\repo-testing\repos\medium_fastapi\tests\test_tutorial\test_body_nested_models\test_tutorial008.py'.
Hint: make sure your test modules/packages have valid Python names.
Traceback:
C:\Python314\Lib\importlib\__init__.py:88: in import_module
    return _bootstrap._gcd_import(name[level:], package, level)
           ^^^^^^^^^^^^^^^^^^^^^^^^^^^^^^^^^^^^^^^^^^^^^^^^^^^^
E   ModuleNotFoundError: No module named 'tests.test_tutorial'
_ ERROR collecting repo-testing/repos/medium_fastapi/tests/test_tutorial/test_body_nested_models/test_tutorial009.py _
ImportError while importing test module 'D:\NewE\College\Project\project-brain\repo-testing\repos\medium_fastapi\tests\test_tutorial\test_body_nested_models\test_tutorial009.py'.
Hint: make sure your test modules/packages have valid Python names.
Traceback:
C:\Python314\Lib\importlib\__init__.py:88: in import_module
    return _bootstrap._gcd_import(name[level:], package, level)
           ^^^^^^^^^^^^^^^^^^^^^^^^^^^^^^^^^^^^^^^^^^^^^^^^^^^^
E   ModuleNotFoundError: No module named 'tests.test_tutorial'
_ ERROR collecting repo-testing/repos/medium_fastapi/tests/test_tutorial/test_body_updates/test_tutorial001.py _
ImportError while importing test module 'D:\NewE\College\Project\project-brain\repo-testing\repos\medium_fastapi\tests\test_tutorial\test_body_updates\test_tutorial001.py'.
Hint: make sure your test modules/packages have valid Python names.
Traceback:
C:\Python314\Lib\importlib\__init__.py:88: in import_module
    return _bootstrap._gcd_import(name[level:], package, level)
           ^^^^^^^^^^^^^^^^^^^^^^^^^^^^^^^^^^^^^^^^^^^^^^^^^^^^
E   ModuleNotFoundError: No module named 'tests.test_tutorial'
_ ERROR collecting repo-testing/repos/medium_fastapi/tests/test_tutorial/test_body_updates/test_tutorial002.py _
ImportError while importing test module 'D:\NewE\College\Project\project-brain\repo-testing\repos\medium_fastapi\tests\test_tutorial\test_body_updates\test_tutorial002.py'.
Hint: make sure your test modules/packages have valid Python names.
Traceback:
C:\Python314\Lib\importlib\__init__.py:88: in import_module
    return _bootstrap._gcd_import(name[level:], package, level)
           ^^^^^^^^^^^^^^^^^^^^^^^^^^^^^^^^^^^^^^^^^^^^^^^^^^^^
E   ModuleNotFoundError: No module named 'tests.test_tutorial'
_ ERROR collecting repo-testing/repos/medium_fastapi/tests/test_tutorial/test_conditional_openapi/test_tutorial001.py _
ImportError while importing test module 'D:\NewE\College\Project\project-brain\repo-testing\repos\medium_fastapi\tests\test_tutorial\test_conditional_openapi\test_tutorial001.py'.
Hint: make sure your test modules/packages have valid Python names.
Traceback:
C:\Python314\Lib\importlib\__init__.py:88: in import_module
    return _bootstrap._gcd_import(name[level:], package, level)
           ^^^^^^^^^^^^^^^^^^^^^^^^^^^^^^^^^^^^^^^^^^^^^^^^^^^^
E   ModuleNotFoundError: No module named 'tests.test_tutorial'
_ ERROR collecting repo-testing/repos/medium_fastapi/tests/test_tutorial/test_configure_swagger_ui/test_tutorial001.py _
ImportError while importing test module 'D:\NewE\College\Project\project-brain\repo-testing\repos\medium_fastapi\tests\test_tutorial\test_configure_swagger_ui\test_tutorial001.py'.
Hint: make sure your test modules/packages have valid Python names.
Traceback:
C:\Python314\Lib\importlib\__init__.py:88: in import_module
    return _bootstrap._gcd_import(name[level:], package, level)
           ^^^^^^^^^^^^^^^^^^^^^^^^^^^^^^^^^^^^^^^^^^^^^^^^^^^^
E   ModuleNotFoundError: No module named 'tests.test_tutorial'
_ ERROR collecting repo-testing/repos/medium_fastapi/tests/test_tutorial/test_configure_swagger_ui/test_tutorial002.py _
ImportError while importing test module 'D:\NewE\College\Project\project-brain\repo-testing\repos\medium_fastapi\tests\test_tutorial\test_configure_swagger_ui\test_tutorial002.py'.
Hint: make sure your test modules/packages have valid Python names.
Traceback:
C:\Python314\Lib\importlib\__init__.py:88: in import_module
    return _bootstrap._gcd_import(name[level:], package, level)
           ^^^^^^^^^^^^^^^^^^^^^^^^^^^^^^^^^^^^^^^^^^^^^^^^^^^^
E   ModuleNotFoundError: No module named 'tests.test_tutorial'
_ ERROR collecting repo-testing/repos/medium_fastapi/tests/test_tutorial/test_configure_swagger_ui/test_tutorial003.py _
ImportError while importing test module 'D:\NewE\College\Project\project-brain\repo-testing\repos\medium_fastapi\tests\test_tutorial\test_configure_swagger_ui\test_tutorial003.py'.
Hint: make sure your test modules/packages have valid Python names.
Traceback:
C:\Python314\Lib\importlib\__init__.py:88: in import_module
    return _bootstrap._gcd_import(name[level:], package, level)
           ^^^^^^^^^^^^^^^^^^^^^^^^^^^^^^^^^^^^^^^^^^^^^^^^^^^^
E   ModuleNotFoundError: No module named 'tests.test_tutorial'
_ ERROR collecting repo-testing/repos/medium_fastapi/tests/test_tutorial/test_cookie_param_models/test_tutorial001.py _
ImportError while importing test module 'D:\NewE\College\Project\project-brain\repo-testing\repos\medium_fastapi\tests\test_tutorial\test_cookie_param_models\test_tutorial001.py'.
Hint: make sure your test modules/packages have valid Python names.
Traceback:
C:\Python314\Lib\importlib\__init__.py:88: in import_module
    return _bootstrap._gcd_import(name[level:], package, level)
           ^^^^^^^^^^^^^^^^^^^^^^^^^^^^^^^^^^^^^^^^^^^^^^^^^^^^
E   ModuleNotFoundError: No module named 'tests.test_tutorial'
_ ERROR collecting repo-testing/repos/medium_fastapi/tests/test_tutorial/test_cookie_param_models/test_tutorial002.py _
ImportError while importing test module 'D:\NewE\College\Project\project-brain\repo-testing\repos\medium_fastapi\tests\test_tutorial\test_cookie_param_models\test_tutorial002.py'.
Hint: make sure your test modules/packages have valid Python names.
Traceback:
C:\Python314\Lib\importlib\__init__.py:88: in import_module
    return _bootstrap._gcd_import(name[level:], package, level)
           ^^^^^^^^^^^^^^^^^^^^^^^^^^^^^^^^^^^^^^^^^^^^^^^^^^^^
E   ModuleNotFoundError: No module named 'tests.test_tutorial'
_ ERROR collecting repo-testing/repos/medium_fastapi/tests/test_tutorial/test_cookie_params/test_tutorial001.py _
ImportError while importing test module 'D:\NewE\College\Project\project-brain\repo-testing\repos\medium_fastapi\tests\test_tutorial\test_cookie_params\test_tutorial001.py'.
Hint: make sure your test modules/packages have valid Python names.
Traceback:
C:\Python314\Lib\importlib\__init__.py:88: in import_module
    return _bootstrap._gcd_import(name[level:], package, level)
           ^^^^^^^^^^^^^^^^^^^^^^^^^^^^^^^^^^^^^^^^^^^^^^^^^^^^
E   ModuleNotFoundError: No module named 'tests.test_tutorial'
_ ERROR collecting repo-testing/repos/medium_fastapi/tests/test_tutorial/test_cors/test_tutorial001.py _
ImportError while importing test module 'D:\NewE\College\Project\project-brain\repo-testing\repos\medium_fastapi\tests\test_tutorial\test_cors\test_tutorial001.py'.
Hint: make sure your test modules/packages have valid Python names.
Traceback:
C:\Python314\Lib\importlib\__init__.py:88: in import_module
    return _bootstrap._gcd_import(name[level:], package, level)
           ^^^^^^^^^^^^^^^^^^^^^^^^^^^^^^^^^^^^^^^^^^^^^^^^^^^^
E   ModuleNotFoundError: No module named 'tests.test_tutorial'
_ ERROR collecting repo-testing/repos/medium_fastapi/tests/test_tutorial/test_custom_docs_ui/test_tutorial001.py _
ImportError while importing test module 'D:\NewE\College\Project\project-brain\repo-testing\repos\medium_fastapi\tests\test_tutorial\test_custom_docs_ui\test_tutorial001.py'.
Hint: make sure your test modules/packages have valid Python names.
Traceback:
C:\Python314\Lib\importlib\__init__.py:88: in import_module
    return _bootstrap._gcd_import(name[level:], package, level)
           ^^^^^^^^^^^^^^^^^^^^^^^^^^^^^^^^^^^^^^^^^^^^^^^^^^^^
E   ModuleNotFoundError: No module named 'tests.test_tutorial'
_ ERROR collecting repo-testing/repos/medium_fastapi/tests/test_tutorial/test_custom_docs_ui/test_tutorial002.py _
ImportError while importing test module 'D:\NewE\College\Project\project-brain\repo-testing\repos\medium_fastapi\tests\test_tutorial\test_custom_docs_ui\test_tutorial002.py'.
Hint: make sure your test modules/packages have valid Python names.
Traceback:
C:\Python314\Lib\importlib\__init__.py:88: in import_module
    return _bootstrap._gcd_import(name[level:], package, level)
           ^^^^^^^^^^^^^^^^^^^^^^^^^^^^^^^^^^^^^^^^^^^^^^^^^^^^
E   ModuleNotFoundError: No module named 'tests.test_tutorial'
_ ERROR collecting repo-testing/repos/medium_fastapi/tests/test_tutorial/test_custom_request_and_route/test_tutorial001.py _
ImportError while importing test module 'D:\NewE\College\Project\project-brain\repo-testing\repos\medium_fastapi\tests\test_tutorial\test_custom_request_and_route\test_tutorial001.py'.
Hint: make sure your test modules/packages have valid Python names.
Traceback:
C:\Python314\Lib\importlib\__init__.py:88: in import_module
    return _bootstrap._gcd_import(name[level:], package, level)
           ^^^^^^^^^^^^^^^^^^^^^^^^^^^^^^^^^^^^^^^^^^^^^^^^^^^^
E   ModuleNotFoundError: No module named 'tests.test_tutorial'
_ ERROR collecting repo-testing/repos/medium_fastapi/tests/test_tutorial/test_custom_request_and_route/test_tutorial002.py _
ImportError while importing test module 'D:\NewE\College\Project\project-brain\repo-testing\repos\medium_fastapi\tests\test_tutorial\test_custom_request_and_route\test_tutorial002.py'.
Hint: make sure your test modules/packages have valid Python names.
Traceback:
C:\Python314\Lib\importlib\__init__.py:88: in import_module
    return _bootstrap._gcd_import(name[level:], package, level)
           ^^^^^^^^^^^^^^^^^^^^^^^^^^^^^^^^^^^^^^^^^^^^^^^^^^^^
E   ModuleNotFoundError: No module named 'tests.test_tutorial'
_ ERROR collecting repo-testing/repos/medium_fastapi/tests/test_tutorial/test_custom_request_and_route/test_tutorial003.py _
ImportError while importing test module 'D:\NewE\College\Project\project-brain\repo-testing\repos\medium_fastapi\tests\test_tutorial\test_custom_request_and_route\test_tutorial003.py'.
Hint: make sure your test modules/packages have valid Python names.
Traceback:
C:\Python314\Lib\importlib\__init__.py:88: in import_module
    return _bootstrap._gcd_import(name[level:], package, level)
           ^^^^^^^^^^^^^^^^^^^^^^^^^^^^^^^^^^^^^^^^^^^^^^^^^^^^
E   ModuleNotFoundError: No module named 'tests.test_tutorial'
_ ERROR collecting repo-testing/repos/medium_fastapi/tests/test_tutorial/test_custom_response/test_tutorial001.py _
ImportError while importing test module 'D:\NewE\College\Project\project-brain\repo-testing\repos\medium_fastapi\tests\test_tutorial\test_custom_response\test_tutorial001.py'.
Hint: make sure your test modules/packages have valid Python names.
Traceback:
C:\Python314\Lib\importlib\__init__.py:88: in import_module
    return _bootstrap._gcd_import(name[level:], package, level)
           ^^^^^^^^^^^^^^^^^^^^^^^^^^^^^^^^^^^^^^^^^^^^^^^^^^^^
E   ModuleNotFoundError: No module named 'tests.test_tutorial'
_ ERROR collecting repo-testing/repos/medium_fastapi/tests/test_tutorial/test_custom_response/test_tutorial001b.py _
ImportError while importing test module 'D:\NewE\College\Project\project-brain\repo-testing\repos\medium_fastapi\tests\test_tutorial\test_custom_response\test_tutorial001b.py'.
Hint: make sure your test modules/packages have valid Python names.
Traceback:
C:\Python314\Lib\importlib\__init__.py:88: in import_module
    return _bootstrap._gcd_import(name[level:], package, level)
           ^^^^^^^^^^^^^^^^^^^^^^^^^^^^^^^^^^^^^^^^^^^^^^^^^^^^
E   ModuleNotFoundError: No module named 'tests.test_tutorial'
_ ERROR collecting repo-testing/repos/medium_fastapi/tests/test_tutorial/test_custom_response/test_tutorial002_tutorial003_tutorial004.py _
ImportError while importing test module 'D:\NewE\College\Project\project-brain\repo-testing\repos\medium_fastapi\tests\test_tutorial\test_custom_response\test_tutorial002_tutorial003_tutorial004.py'.
Hint: make sure your test modules/packages have valid Python names.
Traceback:
C:\Python314\Lib\importlib\__init__.py:88: in import_module
    return _bootstrap._gcd_import(name[level:], package, level)
           ^^^^^^^^^^^^^^^^^^^^^^^^^^^^^^^^^^^^^^^^^^^^^^^^^^^^
E   ModuleNotFoundError: No module named 'tests.test_tutorial'
_ ERROR collecting repo-testing/repos/medium_fastapi/tests/test_tutorial/test_custom_response/test_tutorial005.py _
ImportError while importing test module 'D:\NewE\College\Project\project-brain\repo-testing\repos\medium_fastapi\tests\test_tutorial\test_custom_response\test_tutorial005.py'.
Hint: make sure your test modules/packages have valid Python names.
Traceback:
C:\Python314\Lib\importlib\__init__.py:88: in import_module
    return _bootstrap._gcd_import(name[level:], package, level)
           ^^^^^^^^^^^^^^^^^^^^^^^^^^^^^^^^^^^^^^^^^^^^^^^^^^^^
E   ModuleNotFoundError: No module named 'tests.test_tutorial'
_ ERROR collecting repo-testing/repos/medium_fastapi/tests/test_tutorial/test_custom_response/test_tutorial006.py _
ImportError while importing test module 'D:\NewE\College\Project\project-brain\repo-testing\repos\medium_fastapi\tests\test_tutorial\test_custom_response\test_tutorial006.py'.
Hint: make sure your test modules/packages have valid Python names.
Traceback:
C:\Python314\Lib\importlib\__init__.py:88: in import_module
    return _bootstrap._gcd_import(name[level:], package, level)
           ^^^^^^^^^^^^^^^^^^^^^^^^^^^^^^^^^^^^^^^^^^^^^^^^^^^^
E   ModuleNotFoundError: No module named 'tests.test_tutorial'
_ ERROR collecting repo-testing/repos/medium_fastapi/tests/test_tutorial/test_custom_response/test_tutorial006b.py _
ImportError while importing test module 'D:\NewE\College\Project\project-brain\repo-testing\repos\medium_fastapi\tests\test_tutorial\test_custom_response\test_tutorial006b.py'.
Hint: make sure your test modules/packages have valid Python names.
Traceback:
C:\Python314\Lib\importlib\__init__.py:88: in import_module
    return _bootstrap._gcd_import(name[level:], package, level)
           ^^^^^^^^^^^^^^^^^^^^^^^^^^^^^^^^^^^^^^^^^^^^^^^^^^^^
E   ModuleNotFoundError: No module named 'tests.test_tutorial'
_ ERROR collecting repo-testing/repos/medium_fastapi/tests/test_tutorial/test_custom_response/test_tutorial006c.py _
ImportError while importing test module 'D:\NewE\College\Project\project-brain\repo-testing\repos\medium_fastapi\tests\test_tutorial\test_custom_response\test_tutorial006c.py'.
Hint: make sure your test modules/packages have valid Python names.
Traceback:
C:\Python314\Lib\importlib\__init__.py:88: in import_module
    return _bootstrap._gcd_import(name[level:], package, level)
           ^^^^^^^^^^^^^^^^^^^^^^^^^^^^^^^^^^^^^^^^^^^^^^^^^^^^
E   ModuleNotFoundError: No module named 'tests.test_tutorial'
_ ERROR collecting repo-testing/repos/medium_fastapi/tests/test_tutorial/test_custom_response/test_tutorial007.py _
ImportError while importing test module 'D:\NewE\College\Project\project-brain\repo-testing\repos\medium_fastapi\tests\test_tutorial\test_custom_response\test_tutorial007.py'.
Hint: make sure your test modules/packages have valid Python names.
Traceback:
C:\Python314\Lib\importlib\__init__.py:88: in import_module
    return _bootstrap._gcd_import(name[level:], package, level)
           ^^^^^^^^^^^^^^^^^^^^^^^^^^^^^^^^^^^^^^^^^^^^^^^^^^^^
E   ModuleNotFoundError: No module named 'tests.test_tutorial'
_ ERROR collecting repo-testing/repos/medium_fastapi/tests/test_tutorial/test_custom_response/test_tutorial008.py _
ImportError while importing test module 'D:\NewE\College\Project\project-brain\repo-testing\repos\medium_fastapi\tests\test_tutorial\test_custom_response\test_tutorial008.py'.
Hint: make sure your test modules/packages have valid Python names.
Traceback:
C:\Python314\Lib\importlib\__init__.py:88: in import_module
    return _bootstrap._gcd_import(name[level:], package, level)
           ^^^^^^^^^^^^^^^^^^^^^^^^^^^^^^^^^^^^^^^^^^^^^^^^^^^^
E   ModuleNotFoundError: No module named 'tests.test_tutorial'
_ ERROR collecting repo-testing/repos/medium_fastapi/tests/test_tutorial/test_custom_response/test_tutorial009.py _
ImportError while importing test module 'D:\NewE\College\Project\project-brain\repo-testing\repos\medium_fastapi\tests\test_tutorial\test_custom_response\test_tutorial009.py'.
Hint: make sure your test modules/packages have valid Python names.
Traceback:
C:\Python314\Lib\importlib\__init__.py:88: in import_module
    return _bootstrap._gcd_import(name[level:], package, level)
           ^^^^^^^^^^^^^^^^^^^^^^^^^^^^^^^^^^^^^^^^^^^^^^^^^^^^
E   ModuleNotFoundError: No module named 'tests.test_tutorial'
_ ERROR collecting repo-testing/repos/medium_fastapi/tests/test_tutorial/test_custom_response/test_tutorial009b.py _
ImportError while importing test module 'D:\NewE\College\Project\project-brain\repo-testing\repos\medium_fastapi\tests\test_tutorial\test_custom_response\test_tutorial009b.py'.
Hint: make sure your test modules/packages have valid Python names.
Traceback:
C:\Python314\Lib\importlib\__init__.py:88: in import_module
    return _bootstrap._gcd_import(name[level:], package, level)
           ^^^^^^^^^^^^^^^^^^^^^^^^^^^^^^^^^^^^^^^^^^^^^^^^^^^^
E   ModuleNotFoundError: No module named 'tests.test_tutorial'
_ ERROR collecting repo-testing/repos/medium_fastapi/tests/test_tutorial/test_custom_response/test_tutorial009c.py _
ImportError while importing test module 'D:\NewE\College\Project\project-brain\repo-testing\repos\medium_fastapi\tests\test_tutorial\test_custom_response\test_tutorial009c.py'.
Hint: make sure your test modules/packages have valid Python names.
Traceback:
C:\Python314\Lib\importlib\__init__.py:88: in import_module
    return _bootstrap._gcd_import(name[level:], package, level)
           ^^^^^^^^^^^^^^^^^^^^^^^^^^^^^^^^^^^^^^^^^^^^^^^^^^^^
E   ModuleNotFoundError: No module named 'tests.test_tutorial'
_ ERROR collecting repo-testing/repos/medium_fastapi/tests/test_tutorial/test_custom_response/test_tutorial010.py _
ImportError while importing test module 'D:\NewE\College\Project\project-brain\repo-testing\repos\medium_fastapi\tests\test_tutorial\test_custom_response\test_tutorial010.py'.
Hint: make sure your test modules/packages have valid Python names.
Traceback:
C:\Python314\Lib\importlib\__init__.py:88: in import_module
    return _bootstrap._gcd_import(name[level:], package, level)
           ^^^^^^^^^^^^^^^^^^^^^^^^^^^^^^^^^^^^^^^^^^^^^^^^^^^^
E   ModuleNotFoundError: No module named 'tests.test_tutorial'
_ ERROR collecting repo-testing/repos/medium_fastapi/tests/test_tutorial/test_dataclasses/test_tutorial001.py _
ImportError while importing test module 'D:\NewE\College\Project\project-brain\repo-testing\repos\medium_fastapi\tests\test_tutorial\test_dataclasses\test_tutorial001.py'.
Hint: make sure your test modules/packages have valid Python names.
Traceback:
C:\Python314\Lib\importlib\__init__.py:88: in import_module
    return _bootstrap._gcd_import(name[level:], package, level)
           ^^^^^^^^^^^^^^^^^^^^^^^^^^^^^^^^^^^^^^^^^^^^^^^^^^^^
E   ModuleNotFoundError: No module named 'tests.test_tutorial'
_ ERROR collecting repo-testing/repos/medium_fastapi/tests/test_tutorial/test_dataclasses/test_tutorial002.py _
ImportError while importing test module 'D:\NewE\College\Project\project-brain\repo-testing\repos\medium_fastapi\tests\test_tutorial\test_dataclasses\test_tutorial002.py'.
Hint: make sure your test modules/packages have valid Python names.
Traceback:
C:\Python314\Lib\importlib\__init__.py:88: in import_module
    return _bootstrap._gcd_import(name[level:], package, level)
           ^^^^^^^^^^^^^^^^^^^^^^^^^^^^^^^^^^^^^^^^^^^^^^^^^^^^
E   ModuleNotFoundError: No module named 'tests.test_tutorial'
_ ERROR collecting repo-testing/repos/medium_fastapi/tests/test_tutorial/test_dataclasses/test_tutorial003.py _
ImportError while importing test module 'D:\NewE\College\Project\project-brain\repo-testing\repos\medium_fastapi\tests\test_tutorial\test_dataclasses\test_tutorial003.py'.
Hint: make sure your test modules/packages have valid Python names.
Traceback:
C:\Python314\Lib\importlib\__init__.py:88: in import_module
    return _bootstrap._gcd_import(name[level:], package, level)
           ^^^^^^^^^^^^^^^^^^^^^^^^^^^^^^^^^^^^^^^^^^^^^^^^^^^^
E   ModuleNotFoundError: No module named 'tests.test_tutorial'
_ ERROR collecting repo-testing/repos/medium_fastapi/tests/test_tutorial/test_debugging/test_tutorial001.py _
ImportError while importing test module 'D:\NewE\College\Project\project-brain\repo-testing\repos\medium_fastapi\tests\test_tutorial\test_debugging\test_tutorial001.py'.
Hint: make sure your test modules/packages have valid Python names.
Traceback:
C:\Python314\Lib\importlib\__init__.py:88: in import_module
    return _bootstrap._gcd_import(name[level:], package, level)
           ^^^^^^^^^^^^^^^^^^^^^^^^^^^^^^^^^^^^^^^^^^^^^^^^^^^^
E   ModuleNotFoundError: No module named 'tests.test_tutorial'
_ ERROR collecting repo-testing/repos/medium_fastapi/tests/test_tutorial/test_dependencies/test_tutorial001_tutorial001_02.py _
ImportError while importing test module 'D:\NewE\College\Project\project-brain\repo-testing\repos\medium_fastapi\tests\test_tutorial\test_dependencies\test_tutorial001_tutorial001_02.py'.
Hint: make sure your test modules/packages have valid Python names.
Traceback:
C:\Python314\Lib\importlib\__init__.py:88: in import_module
    return _bootstrap._gcd_import(name[level:], package, level)
           ^^^^^^^^^^^^^^^^^^^^^^^^^^^^^^^^^^^^^^^^^^^^^^^^^^^^
E   ModuleNotFoundError: No module named 'tests.test_tutorial'
_ ERROR collecting repo-testing/repos/medium_fastapi/tests/test_tutorial/test_dependencies/test_tutorial002_tutorial003_tutorial004.py _
ImportError while importing test module 'D:\NewE\College\Project\project-brain\repo-testing\repos\medium_fastapi\tests\test_tutorial\test_dependencies\test_tutorial002_tutorial003_tutorial004.py'.
Hint: make sure your test modules/packages have valid Python names.
Traceback:
C:\Python314\Lib\importlib\__init__.py:88: in import_module
    return _bootstrap._gcd_import(name[level:], package, level)
           ^^^^^^^^^^^^^^^^^^^^^^^^^^^^^^^^^^^^^^^^^^^^^^^^^^^^
E   ModuleNotFoundError: No module named 'tests.test_tutorial'
_ ERROR collecting repo-testing/repos/medium_fastapi/tests/test_tutorial/test_dependencies/test_tutorial005.py _
ImportError while importing test module 'D:\NewE\College\Project\project-brain\repo-testing\repos\medium_fastapi\tests\test_tutorial\test_dependencies\test_tutorial005.py'.
Hint: make sure your test modules/packages have valid Python names.
Traceback:
C:\Python314\Lib\importlib\__init__.py:88: in import_module
    return _bootstrap._gcd_import(name[level:], package, level)
           ^^^^^^^^^^^^^^^^^^^^^^^^^^^^^^^^^^^^^^^^^^^^^^^^^^^^
E   ModuleNotFoundError: No module named 'tests.test_tutorial'
_ ERROR collecting repo-testing/repos/medium_fastapi/tests/test_tutorial/test_dependencies/test_tutorial006.py _
ImportError while importing test module 'D:\NewE\College\Project\project-brain\repo-testing\repos\medium_fastapi\tests\test_tutorial\test_dependencies\test_tutorial006.py'.
Hint: make sure your test modules/packages have valid Python names.
Traceback:
C:\Python314\Lib\importlib\__init__.py:88: in import_module
    return _bootstrap._gcd_import(name[level:], package, level)
           ^^^^^^^^^^^^^^^^^^^^^^^^^^^^^^^^^^^^^^^^^^^^^^^^^^^^
E   ModuleNotFoundError: No module named 'tests.test_tutorial'
_ ERROR collecting repo-testing/repos/medium_fastapi/tests/test_tutorial/test_dependencies/test_tutorial007.py _
ImportError while importing test module 'D:\NewE\College\Project\project-brain\repo-testing\repos\medium_fastapi\tests\test_tutorial\test_dependencies\test_tutorial007.py'.
Hint: make sure your test modules/packages have valid Python names.
Traceback:
C:\Python314\Lib\importlib\__init__.py:88: in import_module
    return _bootstrap._gcd_import(name[level:], package, level)
           ^^^^^^^^^^^^^^^^^^^^^^^^^^^^^^^^^^^^^^^^^^^^^^^^^^^^
E   ModuleNotFoundError: No module named 'tests.test_tutorial'
_ ERROR collecting repo-testing/repos/medium_fastapi/tests/test_tutorial/test_dependencies/test_tutorial008.py _
ImportError while importing test module 'D:\NewE\College\Project\project-brain\repo-testing\repos\medium_fastapi\tests\test_tutorial\test_dependencies\test_tutorial008.py'.
Hint: make sure your test modules/packages have valid Python names.
Traceback:
C:\Python314\Lib\importlib\__init__.py:88: in import_module
    return _bootstrap._gcd_import(name[level:], package, level)
           ^^^^^^^^^^^^^^^^^^^^^^^^^^^^^^^^^^^^^^^^^^^^^^^^^^^^
E   ModuleNotFoundError: No module named 'tests.test_tutorial'
_ ERROR collecting repo-testing/repos/medium_fastapi/tests/test_tutorial/test_dependencies/test_tutorial008b.py _
ImportError while importing test module 'D:\NewE\College\Project\project-brain\repo-testing\repos\medium_fastapi\tests\test_tutorial\test_dependencies\test_tutorial008b.py'.
Hint: make sure your test modules/packages have valid Python names.
Traceback:
C:\Python314\Lib\importlib\__init__.py:88: in import_module
    return _bootstrap._gcd_import(name[level:], package, level)
           ^^^^^^^^^^^^^^^^^^^^^^^^^^^^^^^^^^^^^^^^^^^^^^^^^^^^
E   ModuleNotFoundError: No module named 'tests.test_tutorial'
_ ERROR collecting repo-testing/repos/medium_fastapi/tests/test_tutorial/test_dependencies/test_tutorial008c.py _
ImportError while importing test module 'D:\NewE\College\Project\project-brain\repo-testing\repos\medium_fastapi\tests\test_tutorial\test_dependencies\test_tutorial008c.py'.
Hint: make sure your test modules/packages have valid Python names.
Traceback:
C:\Python314\Lib\importlib\__init__.py:88: in import_module
    return _bootstrap._gcd_import(name[level:], package, level)
           ^^^^^^^^^^^^^^^^^^^^^^^^^^^^^^^^^^^^^^^^^^^^^^^^^^^^
E   ModuleNotFoundError: No module named 'tests.test_tutorial'
_ ERROR collecting repo-testing/repos/medium_fastapi/tests/test_tutorial/test_dependencies/test_tutorial008d.py _
ImportError while importing test module 'D:\NewE\College\Project\project-brain\repo-testing\repos\medium_fastapi\tests\test_tutorial\test_dependencies\test_tutorial008d.py'.
Hint: make sure your test modules/packages have valid Python names.
Traceback:
C:\Python314\Lib\importlib\__init__.py:88: in import_module
    return _bootstrap._gcd_import(name[level:], package, level)
           ^^^^^^^^^^^^^^^^^^^^^^^^^^^^^^^^^^^^^^^^^^^^^^^^^^^^
E   ModuleNotFoundError: No module named 'tests.test_tutorial'
_ ERROR collecting repo-testing/repos/medium_fastapi/tests/test_tutorial/test_dependencies/test_tutorial008e.py _
ImportError while importing test module 'D:\NewE\College\Project\project-brain\repo-testing\repos\medium_fastapi\tests\test_tutorial\test_dependencies\test_tutorial008e.py'.
Hint: make sure your test modules/packages have valid Python names.
Traceback:
C:\Python314\Lib\importlib\__init__.py:88: in import_module
    return _bootstrap._gcd_import(name[level:], package, level)
           ^^^^^^^^^^^^^^^^^^^^^^^^^^^^^^^^^^^^^^^^^^^^^^^^^^^^
E   ModuleNotFoundError: No module named 'tests.test_tutorial'
_ ERROR collecting repo-testing/repos/medium_fastapi/tests/test_tutorial/test_dependencies/test_tutorial010.py _
ImportError while importing test module 'D:\NewE\College\Project\project-brain\repo-testing\repos\medium_fastapi\tests\test_tutorial\test_dependencies\test_tutorial010.py'.
Hint: make sure your test modules/packages have valid Python names.
Traceback:
C:\Python314\Lib\importlib\__init__.py:88: in import_module
    return _bootstrap._gcd_import(name[level:], package, level)
           ^^^^^^^^^^^^^^^^^^^^^^^^^^^^^^^^^^^^^^^^^^^^^^^^^^^^
E   ModuleNotFoundError: No module named 'tests.test_tutorial'
_ ERROR collecting repo-testing/repos/medium_fastapi/tests/test_tutorial/test_dependencies/test_tutorial011.py _
ImportError while importing test module 'D:\NewE\College\Project\project-brain\repo-testing\repos\medium_fastapi\tests\test_tutorial\test_dependencies\test_tutorial011.py'.
Hint: make sure your test modules/packages have valid Python names.
Traceback:
C:\Python314\Lib\importlib\__init__.py:88: in import_module
    return _bootstrap._gcd_import(name[level:], package, level)
           ^^^^^^^^^^^^^^^^^^^^^^^^^^^^^^^^^^^^^^^^^^^^^^^^^^^^
E   ModuleNotFoundError: No module named 'tests.test_tutorial'
_ ERROR collecting repo-testing/repos/medium_fastapi/tests/test_tutorial/test_dependencies/test_tutorial012.py _
ImportError while importing test module 'D:\NewE\College\Project\project-brain\repo-testing\repos\medium_fastapi\tests\test_tutorial\test_dependencies\test_tutorial012.py'.
Hint: make sure your test modules/packages have valid Python names.
Traceback:
C:\Python314\Lib\importlib\__init__.py:88: in import_module
    return _bootstrap._gcd_import(name[level:], package, level)
           ^^^^^^^^^^^^^^^^^^^^^^^^^^^^^^^^^^^^^^^^^^^^^^^^^^^^
E   ModuleNotFoundError: No module named 'tests.test_tutorial'
_ ERROR collecting repo-testing/repos/medium_fastapi/tests/test_tutorial/test_encoder/test_tutorial001.py _
ImportError while importing test module 'D:\NewE\College\Project\project-brain\repo-testing\repos\medium_fastapi\tests\test_tutorial\test_encoder\test_tutorial001.py'.
Hint: make sure your test modules/packages have valid Python names.
Traceback:
C:\Python314\Lib\importlib\__init__.py:88: in import_module
    return _bootstrap._gcd_import(name[level:], package, level)
           ^^^^^^^^^^^^^^^^^^^^^^^^^^^^^^^^^^^^^^^^^^^^^^^^^^^^
E   ModuleNotFoundError: No module named 'tests.test_tutorial'
_ ERROR collecting repo-testing/repos/medium_fastapi/tests/test_tutorial/test_events/test_tutorial001.py _
ImportError while importing test module 'D:\NewE\College\Project\project-brain\repo-testing\repos\medium_fastapi\tests\test_tutorial\test_events\test_tutorial001.py'.
Hint: make sure your test modules/packages have valid Python names.
Traceback:
C:\Python314\Lib\importlib\__init__.py:88: in import_module
    return _bootstrap._gcd_import(name[level:], package, level)
           ^^^^^^^^^^^^^^^^^^^^^^^^^^^^^^^^^^^^^^^^^^^^^^^^^^^^
E   ModuleNotFoundError: No module named 'tests.test_tutorial'
_ ERROR collecting repo-testing/repos/medium_fastapi/tests/test_tutorial/test_events/test_tutorial002.py _
ImportError while importing test module 'D:\NewE\College\Project\project-brain\repo-testing\repos\medium_fastapi\tests\test_tutorial\test_events\test_tutorial002.py'.
Hint: make sure your test modules/packages have valid Python names.
Traceback:
C:\Python314\Lib\importlib\__init__.py:88: in import_module
    return _bootstrap._gcd_import(name[level:], package, level)
           ^^^^^^^^^^^^^^^^^^^^^^^^^^^^^^^^^^^^^^^^^^^^^^^^^^^^
E   ModuleNotFoundError: No module named 'tests.test_tutorial'
_ ERROR collecting repo-testing/repos/medium_fastapi/tests/test_tutorial/test_events/test_tutorial003.py _
ImportError while importing test module 'D:\NewE\College\Project\project-brain\repo-testing\repos\medium_fastapi\tests\test_tutorial\test_events\test_tutorial003.py'.
Hint: make sure your test modules/packages have valid Python names.
Traceback:
C:\Python314\Lib\importlib\__init__.py:88: in import_module
    return _bootstrap._gcd_import(name[level:], package, level)
           ^^^^^^^^^^^^^^^^^^^^^^^^^^^^^^^^^^^^^^^^^^^^^^^^^^^^
E   ModuleNotFoundError: No module named 'tests.test_tutorial'
_ ERROR collecting repo-testing/repos/medium_fastapi/tests/test_tutorial/test_extending_openapi/test_tutorial001.py _
ImportError while importing test module 'D:\NewE\College\Project\project-brain\repo-testing\repos\medium_fastapi\tests\test_tutorial\test_extending_openapi\test_tutorial001.py'.
Hint: make sure your test modules/packages have valid Python names.
Traceback:
C:\Python314\Lib\importlib\__init__.py:88: in import_module
    return _bootstrap._gcd_import(name[level:], package, level)
           ^^^^^^^^^^^^^^^^^^^^^^^^^^^^^^^^^^^^^^^^^^^^^^^^^^^^
E   ModuleNotFoundError: No module named 'tests.test_tutorial'
_ ERROR collecting repo-testing/repos/medium_fastapi/tests/test_tutorial/test_extra_data_types/test_tutorial001.py _
ImportError while importing test module 'D:\NewE\College\Project\project-brain\repo-testing\repos\medium_fastapi\tests\test_tutorial\test_extra_data_types\test_tutorial001.py'.
Hint: make sure your test modules/packages have valid Python names.
Traceback:
C:\Python314\Lib\importlib\__init__.py:88: in import_module
    return _bootstrap._gcd_import(name[level:], package, level)
           ^^^^^^^^^^^^^^^^^^^^^^^^^^^^^^^^^^^^^^^^^^^^^^^^^^^^
E   ModuleNotFoundError: No module named 'tests.test_tutorial'
_ ERROR collecting repo-testing/repos/medium_fastapi/tests/test_tutorial/test_extra_models/test_tutorial001_tutorial002.py _
ImportError while importing test module 'D:\NewE\College\Project\project-brain\repo-testing\repos\medium_fastapi\tests\test_tutorial\test_extra_models\test_tutorial001_tutorial002.py'.
Hint: make sure your test modules/packages have valid Python names.
Traceback:
C:\Python314\Lib\importlib\__init__.py:88: in import_module
    return _bootstrap._gcd_import(name[level:], package, level)
           ^^^^^^^^^^^^^^^^^^^^^^^^^^^^^^^^^^^^^^^^^^^^^^^^^^^^
E   ModuleNotFoundError: No module named 'tests.test_tutorial'
_ ERROR collecting repo-testing/repos/medium_fastapi/tests/test_tutorial/test_extra_models/test_tutorial003.py _
ImportError while importing test module 'D:\NewE\College\Project\project-brain\repo-testing\repos\medium_fastapi\tests\test_tutorial\test_extra_models\test_tutorial003.py'.
Hint: make sure your test modules/packages have valid Python names.
Traceback:
C:\Python314\Lib\importlib\__init__.py:88: in import_module
    return _bootstrap._gcd_import(name[level:], package, level)
           ^^^^^^^^^^^^^^^^^^^^^^^^^^^^^^^^^^^^^^^^^^^^^^^^^^^^
E   ModuleNotFoundError: No module named 'tests.test_tutorial'
_ ERROR collecting repo-testing/repos/medium_fastapi/tests/test_tutorial/test_extra_models/test_tutorial004.py _
ImportError while importing test module 'D:\NewE\College\Project\project-brain\repo-testing\repos\medium_fastapi\tests\test_tutorial\test_extra_models\test_tutorial004.py'.
Hint: make sure your test modules/packages have valid Python names.
Traceback:
C:\Python314\Lib\importlib\__init__.py:88: in import_module
    return _bootstrap._gcd_import(name[level:], package, level)
           ^^^^^^^^^^^^^^^^^^^^^^^^^^^^^^^^^^^^^^^^^^^^^^^^^^^^
E   ModuleNotFoundError: No module named 'tests.test_tutorial'
_ ERROR collecting repo-testing/repos/medium_fastapi/tests/test_tutorial/test_extra_models/test_tutorial005.py _
ImportError while importing test module 'D:\NewE\College\Project\project-brain\repo-testing\repos\medium_fastapi\tests\test_tutorial\test_extra_models\test_tutorial005.py'.
Hint: make sure your test modules/packages have valid Python names.
Traceback:
C:\Python314\Lib\importlib\__init__.py:88: in import_module
    return _bootstrap._gcd_import(name[level:], package, level)
           ^^^^^^^^^^^^^^^^^^^^^^^^^^^^^^^^^^^^^^^^^^^^^^^^^^^^
E   ModuleNotFoundError: No module named 'tests.test_tutorial'
_ ERROR collecting repo-testing/repos/medium_fastapi/tests/test_tutorial/test_first_steps/test_tutorial001_tutorial002_tutorial003.py _
ImportError while importing test module 'D:\NewE\College\Project\project-brain\repo-testing\repos\medium_fastapi\tests\test_tutorial\test_first_steps\test_tutorial001_tutorial002_tutorial003.py'.
Hint: make sure your test modules/packages have valid Python names.
Traceback:
C:\Python314\Lib\importlib\__init__.py:88: in import_module
    return _bootstrap._gcd_import(name[level:], package, level)
           ^^^^^^^^^^^^^^^^^^^^^^^^^^^^^^^^^^^^^^^^^^^^^^^^^^^^
E   ModuleNotFoundError: No module named 'tests.test_tutorial'
_ ERROR collecting repo-testing/repos/medium_fastapi/tests/test_tutorial/test_generate_clients/test_tutorial001.py _
ImportError while importing test module 'D:\NewE\College\Project\project-brain\repo-testing\repos\medium_fastapi\tests\test_tutorial\test_generate_clients\test_tutorial001.py'.
Hint: make sure your test modules/packages have valid Python names.
Traceback:
C:\Python314\Lib\importlib\__init__.py:88: in import_module
    return _bootstrap._gcd_import(name[level:], package, level)
           ^^^^^^^^^^^^^^^^^^^^^^^^^^^^^^^^^^^^^^^^^^^^^^^^^^^^
E   ModuleNotFoundError: No module named 'tests.test_tutorial'
_ ERROR collecting repo-testing/repos/medium_fastapi/tests/test_tutorial/test_generate_clients/test_tutorial002.py _
ImportError while importing test module 'D:\NewE\College\Project\project-brain\repo-testing\repos\medium_fastapi\tests\test_tutorial\test_generate_clients\test_tutorial002.py'.
Hint: make sure your test modules/packages have valid Python names.
Traceback:
C:\Python314\Lib\importlib\__init__.py:88: in import_module
    return _bootstrap._gcd_import(name[level:], package, level)
           ^^^^^^^^^^^^^^^^^^^^^^^^^^^^^^^^^^^^^^^^^^^^^^^^^^^^
E   ModuleNotFoundError: No module named 'tests.test_tutorial'
_ ERROR collecting repo-testing/repos/medium_fastapi/tests/test_tutorial/test_generate_clients/test_tutorial003.py _
ImportError while importing test module 'D:\NewE\College\Project\project-brain\repo-testing\repos\medium_fastapi\tests\test_tutorial\test_generate_clients\test_tutorial003.py'.
Hint: make sure your test modules/packages have valid Python names.
Traceback:
C:\Python314\Lib\importlib\__init__.py:88: in import_module
    return _bootstrap._gcd_import(name[level:], package, level)
           ^^^^^^^^^^^^^^^^^^^^^^^^^^^^^^^^^^^^^^^^^^^^^^^^^^^^
E   ModuleNotFoundError: No module named 'tests.test_tutorial'
_ ERROR collecting repo-testing/repos/medium_fastapi/tests/test_tutorial/test_generate_clients/test_tutorial004.py _
ImportError while importing test module 'D:\NewE\College\Project\project-brain\repo-testing\repos\medium_fastapi\tests\test_tutorial\test_generate_clients\test_tutorial004.py'.
Hint: make sure your test modules/packages have valid Python names.
Traceback:
C:\Python314\Lib\importlib\__init__.py:88: in import_module
    return _bootstrap._gcd_import(name[level:], package, level)
           ^^^^^^^^^^^^^^^^^^^^^^^^^^^^^^^^^^^^^^^^^^^^^^^^^^^^
E   ModuleNotFoundError: No module named 'tests.test_tutorial'
_ ERROR collecting repo-testing/repos/medium_fastapi/tests/test_tutorial/test_graphql/test_tutorial001.py _
ImportError while importing test module 'D:\NewE\College\Project\project-brain\repo-testing\repos\medium_fastapi\tests\test_tutorial\test_graphql\test_tutorial001.py'.
Hint: make sure your test modules/packages have valid Python names.
Traceback:
C:\Python314\Lib\importlib\__init__.py:88: in import_module
    return _bootstrap._gcd_import(name[level:], package, level)
           ^^^^^^^^^^^^^^^^^^^^^^^^^^^^^^^^^^^^^^^^^^^^^^^^^^^^
E   ModuleNotFoundError: No module named 'tests.test_tutorial'
_ ERROR collecting repo-testing/repos/medium_fastapi/tests/test_tutorial/test_handling_errors/test_tutorial001.py _
ImportError while importing test module 'D:\NewE\College\Project\project-brain\repo-testing\repos\medium_fastapi\tests\test_tutorial\test_handling_errors\test_tutorial001.py'.
Hint: make sure your test modules/packages have valid Python names.
Traceback:
C:\Python314\Lib\importlib\__init__.py:88: in import_module
    return _bootstrap._gcd_import(name[level:], package, level)
           ^^^^^^^^^^^^^^^^^^^^^^^^^^^^^^^^^^^^^^^^^^^^^^^^^^^^
E   ModuleNotFoundError: No module named 'tests.test_tutorial'
_ ERROR collecting repo-testing/repos/medium_fastapi/tests/test_tutorial/test_handling_errors/test_tutorial002.py _
ImportError while importing test module 'D:\NewE\College\Project\project-brain\repo-testing\repos\medium_fastapi\tests\test_tutorial\test_handling_errors\test_tutorial002.py'.
Hint: make sure your test modules/packages have valid Python names.
Traceback:
C:\Python314\Lib\importlib\__init__.py:88: in import_module
    return _bootstrap._gcd_import(name[level:], package, level)
           ^^^^^^^^^^^^^^^^^^^^^^^^^^^^^^^^^^^^^^^^^^^^^^^^^^^^
E   ModuleNotFoundError: No module named 'tests.test_tutorial'
_ ERROR collecting repo-testing/repos/medium_fastapi/tests/test_tutorial/test_handling_errors/test_tutorial003.py _
ImportError while importing test module 'D:\NewE\College\Project\project-brain\repo-testing\repos\medium_fastapi\tests\test_tutorial\test_handling_errors\test_tutorial003.py'.
Hint: make sure your test modules/packages have valid Python names.
Traceback:
C:\Python314\Lib\importlib\__init__.py:88: in import_module
    return _bootstrap._gcd_import(name[level:], package, level)
           ^^^^^^^^^^^^^^^^^^^^^^^^^^^^^^^^^^^^^^^^^^^^^^^^^^^^
E   ModuleNotFoundError: No module named 'tests.test_tutorial'
_ ERROR collecting repo-testing/repos/medium_fastapi/tests/test_tutorial/test_handling_errors/test_tutorial004.py _
ImportError while importing test module 'D:\NewE\College\Project\project-brain\repo-testing\repos\medium_fastapi\tests\test_tutorial\test_handling_errors\test_tutorial004.py'.
Hint: make sure your test modules/packages have valid Python names.
Traceback:
C:\Python314\Lib\importlib\__init__.py:88: in import_module
    return _bootstrap._gcd_import(name[level:], package, level)
           ^^^^^^^^^^^^^^^^^^^^^^^^^^^^^^^^^^^^^^^^^^^^^^^^^^^^
E   ModuleNotFoundError: No module named 'tests.test_tutorial'
_ ERROR collecting repo-testing/repos/medium_fastapi/tests/test_tutorial/test_handling_errors/test_tutorial005.py _
ImportError while importing test module 'D:\NewE\College\Project\project-brain\repo-testing\repos\medium_fastapi\tests\test_tutorial\test_handling_errors\test_tutorial005.py'.
Hint: make sure your test modules/packages have valid Python names.
Traceback:
C:\Python314\Lib\importlib\__init__.py:88: in import_module
    return _bootstrap._gcd_import(name[level:], package, level)
           ^^^^^^^^^^^^^^^^^^^^^^^^^^^^^^^^^^^^^^^^^^^^^^^^^^^^
E   ModuleNotFoundError: No module named 'tests.test_tutorial'
_ ERROR collecting repo-testing/repos/medium_fastapi/tests/test_tutorial/test_handling_errors/test_tutorial006.py _
ImportError while importing test module 'D:\NewE\College\Project\project-brain\repo-testing\repos\medium_fastapi\tests\test_tutorial\test_handling_errors\test_tutorial006.py'.
Hint: make sure your test modules/packages have valid Python names.
Traceback:
C:\Python314\Lib\importlib\__init__.py:88: in import_module
    return _bootstrap._gcd_import(name[level:], package, level)
           ^^^^^^^^^^^^^^^^^^^^^^^^^^^^^^^^^^^^^^^^^^^^^^^^^^^^
E   ModuleNotFoundError: No module named 'tests.test_tutorial'
_ ERROR collecting repo-testing/repos/medium_fastapi/tests/test_tutorial/test_header_param_models/test_tutorial001.py _
ImportError while importing test module 'D:\NewE\College\Project\project-brain\repo-testing\repos\medium_fastapi\tests\test_tutorial\test_header_param_models\test_tutorial001.py'.
Hint: make sure your test modules/packages have valid Python names.
Traceback:
C:\Python314\Lib\importlib\__init__.py:88: in import_module
    return _bootstrap._gcd_import(name[level:], package, level)
           ^^^^^^^^^^^^^^^^^^^^^^^^^^^^^^^^^^^^^^^^^^^^^^^^^^^^
E   ModuleNotFoundError: No module named 'tests.test_tutorial'
_ ERROR collecting repo-testing/repos/medium_fastapi/tests/test_tutorial/test_header_param_models/test_tutorial002.py _
ImportError while importing test module 'D:\NewE\College\Project\project-brain\repo-testing\repos\medium_fastapi\tests\test_tutorial\test_header_param_models\test_tutorial002.py'.
Hint: make sure your test modules/packages have valid Python names.
Traceback:
C:\Python314\Lib\importlib\__init__.py:88: in import_module
    return _bootstrap._gcd_import(name[level:], package, level)
           ^^^^^^^^^^^^^^^^^^^^^^^^^^^^^^^^^^^^^^^^^^^^^^^^^^^^
E   ModuleNotFoundError: No module named 'tests.test_tutorial'
_ ERROR collecting repo-testing/repos/medium_fastapi/tests/test_tutorial/test_header_param_models/test_tutorial003.py _
ImportError while importing test module 'D:\NewE\College\Project\project-brain\repo-testing\repos\medium_fastapi\tests\test_tutorial\test_header_param_models\test_tutorial003.py'.
Hint: make sure your test modules/packages have valid Python names.
Traceback:
C:\Python314\Lib\importlib\__init__.py:88: in import_module
    return _bootstrap._gcd_import(name[level:], package, level)
           ^^^^^^^^^^^^^^^^^^^^^^^^^^^^^^^^^^^^^^^^^^^^^^^^^^^^
E   ModuleNotFoundError: No module named 'tests.test_tutorial'
_ ERROR collecting repo-testing/repos/medium_fastapi/tests/test_tutorial/test_header_params/test_tutorial001.py _
ImportError while importing test module 'D:\NewE\College\Project\project-brain\repo-testing\repos\medium_fastapi\tests\test_tutorial\test_header_params\test_tutorial001.py'.
Hint: make sure your test modules/packages have valid Python names.
Traceback:
C:\Python314\Lib\importlib\__init__.py:88: in import_module
    return _bootstrap._gcd_import(name[level:], package, level)
           ^^^^^^^^^^^^^^^^^^^^^^^^^^^^^^^^^^^^^^^^^^^^^^^^^^^^
E   ModuleNotFoundError: No module named 'tests.test_tutorial'
_ ERROR collecting repo-testing/repos/medium_fastapi/tests/test_tutorial/test_header_params/test_tutorial002.py _
ImportError while importing test module 'D:\NewE\College\Project\project-brain\repo-testing\repos\medium_fastapi\tests\test_tutorial\test_header_params\test_tutorial002.py'.
Hint: make sure your test modules/packages have valid Python names.
Traceback:
C:\Python314\Lib\importlib\__init__.py:88: in import_module
    return _bootstrap._gcd_import(name[level:], package, level)
           ^^^^^^^^^^^^^^^^^^^^^^^^^^^^^^^^^^^^^^^^^^^^^^^^^^^^
E   ModuleNotFoundError: No module named 'tests.test_tutorial'
_ ERROR collecting repo-testing/repos/medium_fastapi/tests/test_tutorial/test_header_params/test_tutorial003.py _
ImportError while importing test module 'D:\NewE\College\Project\project-brain\repo-testing\repos\medium_fastapi\tests\test_tutorial\test_header_params\test_tutorial003.py'.
Hint: make sure your test modules/packages have valid Python names.
Traceback:
C:\Python314\Lib\importlib\__init__.py:88: in import_module
    return _bootstrap._gcd_import(name[level:], package, level)
           ^^^^^^^^^^^^^^^^^^^^^^^^^^^^^^^^^^^^^^^^^^^^^^^^^^^^
E   ModuleNotFoundError: No module named 'tests.test_tutorial'
_ ERROR collecting repo-testing/repos/medium_fastapi/tests/test_tutorial/test_json_base64_bytes/test_tutorial001.py _
ImportError while importing test module 'D:\NewE\College\Project\project-brain\repo-testing\repos\medium_fastapi\tests\test_tutorial\test_json_base64_bytes\test_tutorial001.py'.
Hint: make sure your test modules/packages have valid Python names.
Traceback:
C:\Python314\Lib\importlib\__init__.py:88: in import_module
    return _bootstrap._gcd_import(name[level:], package, level)
           ^^^^^^^^^^^^^^^^^^^^^^^^^^^^^^^^^^^^^^^^^^^^^^^^^^^^
E   ModuleNotFoundError: No module named 'tests.test_tutorial'
_ ERROR collecting repo-testing/repos/medium_fastapi/tests/test_tutorial/test_metadata/test_tutorial001.py _
ImportError while importing test module 'D:\NewE\College\Project\project-brain\repo-testing\repos\medium_fastapi\tests\test_tutorial\test_metadata\test_tutorial001.py'.
Hint: make sure your test modules/packages have valid Python names.
Traceback:
C:\Python314\Lib\importlib\__init__.py:88: in import_module
    return _bootstrap._gcd_import(name[level:], package, level)
           ^^^^^^^^^^^^^^^^^^^^^^^^^^^^^^^^^^^^^^^^^^^^^^^^^^^^
E   ModuleNotFoundError: No module named 'tests.test_tutorial'
_ ERROR collecting repo-testing/repos/medium_fastapi/tests/test_tutorial/test_metadata/test_tutorial001_1.py _
ImportError while importing test module 'D:\NewE\College\Project\project-brain\repo-testing\repos\medium_fastapi\tests\test_tutorial\test_metadata\test_tutorial001_1.py'.
Hint: make sure your test modules/packages have valid Python names.
Traceback:
C:\Python314\Lib\importlib\__init__.py:88: in import_module
    return _bootstrap._gcd_import(name[level:], package, level)
           ^^^^^^^^^^^^^^^^^^^^^^^^^^^^^^^^^^^^^^^^^^^^^^^^^^^^
E   ModuleNotFoundError: No module named 'tests.test_tutorial'
_ ERROR collecting repo-testing/repos/medium_fastapi/tests/test_tutorial/test_metadata/test_tutorial002.py _
ImportError while importing test module 'D:\NewE\College\Project\project-brain\repo-testing\repos\medium_fastapi\tests\test_tutorial\test_metadata\test_tutorial002.py'.
Hint: make sure your test modules/packages have valid Python names.
Traceback:
C:\Python314\Lib\importlib\__init__.py:88: in import_module
    return _bootstrap._gcd_import(name[level:], package, level)
           ^^^^^^^^^^^^^^^^^^^^^^^^^^^^^^^^^^^^^^^^^^^^^^^^^^^^
E   ModuleNotFoundError: No module named 'tests.test_tutorial'
_ ERROR collecting repo-testing/repos/medium_fastapi/tests/test_tutorial/test_metadata/test_tutorial003.py _
ImportError while importing test module 'D:\NewE\College\Project\project-brain\repo-testing\repos\medium_fastapi\tests\test_tutorial\test_metadata\test_tutorial003.py'.
Hint: make sure your test modules/packages have valid Python names.
Traceback:
C:\Python314\Lib\importlib\__init__.py:88: in import_module
    return _bootstrap._gcd_import(name[level:], package, level)
           ^^^^^^^^^^^^^^^^^^^^^^^^^^^^^^^^^^^^^^^^^^^^^^^^^^^^
E   ModuleNotFoundError: No module named 'tests.test_tutorial'
_ ERROR collecting repo-testing/repos/medium_fastapi/tests/test_tutorial/test_metadata/test_tutorial004.py _
ImportError while importing test module 'D:\NewE\College\Project\project-brain\repo-testing\repos\medium_fastapi\tests\test_tutorial\test_metadata\test_tutorial004.py'.
Hint: make sure your test modules/packages have valid Python names.
Traceback:
C:\Python314\Lib\importlib\__init__.py:88: in import_module
    return _bootstrap._gcd_import(name[level:], package, level)
           ^^^^^^^^^^^^^^^^^^^^^^^^^^^^^^^^^^^^^^^^^^^^^^^^^^^^
E   ModuleNotFoundError: No module named 'tests.test_tutorial'
_ ERROR collecting repo-testing/repos/medium_fastapi/tests/test_tutorial/test_middleware/test_tutorial001.py _
ImportError while importing test module 'D:\NewE\College\Project\project-brain\repo-testing\repos\medium_fastapi\tests\test_tutorial\test_middleware\test_tutorial001.py'.
Hint: make sure your test modules/packages have valid Python names.
Traceback:
C:\Python314\Lib\importlib\__init__.py:88: in import_module
    return _bootstrap._gcd_import(name[level:], package, level)
           ^^^^^^^^^^^^^^^^^^^^^^^^^^^^^^^^^^^^^^^^^^^^^^^^^^^^
E   ModuleNotFoundError: No module named 'tests.test_tutorial'
_ ERROR collecting repo-testing/repos/medium_fastapi/tests/test_tutorial/test_openapi_callbacks/test_tutorial001.py _
ImportError while importing test module 'D:\NewE\College\Project\project-brain\repo-testing\repos\medium_fastapi\tests\test_tutorial\test_openapi_callbacks\test_tutorial001.py'.
Hint: make sure your test modules/packages have valid Python names.
Traceback:
C:\Python314\Lib\importlib\__init__.py:88: in import_module
    return _bootstrap._gcd_import(name[level:], package, level)
           ^^^^^^^^^^^^^^^^^^^^^^^^^^^^^^^^^^^^^^^^^^^^^^^^^^^^
E   ModuleNotFoundError: No module named 'tests.test_tutorial'
_ ERROR collecting repo-testing/repos/medium_fastapi/tests/test_tutorial/test_openapi_webhooks/test_tutorial001.py _
ImportError while importing test module 'D:\NewE\College\Project\project-brain\repo-testing\repos\medium_fastapi\tests\test_tutorial\test_openapi_webhooks\test_tutorial001.py'.
Hint: make sure your test modules/packages have valid Python names.
Traceback:
C:\Python314\Lib\importlib\__init__.py:88: in import_module
    return _bootstrap._gcd_import(name[level:], package, level)
           ^^^^^^^^^^^^^^^^^^^^^^^^^^^^^^^^^^^^^^^^^^^^^^^^^^^^
E   ModuleNotFoundError: No module named 'tests.test_tutorial'
_ ERROR collecting repo-testing/repos/medium_fastapi/tests/test_tutorial/test_path_operation_advanced_configurations/test_tutorial001.py _
ImportError while importing test module 'D:\NewE\College\Project\project-brain\repo-testing\repos\medium_fastapi\tests\test_tutorial\test_path_operation_advanced_configurations\test_tutorial001.py'.
Hint: make sure your test modules/packages have valid Python names.
Traceback:
C:\Python314\Lib\importlib\__init__.py:88: in import_module
    return _bootstrap._gcd_import(name[level:], package, level)
           ^^^^^^^^^^^^^^^^^^^^^^^^^^^^^^^^^^^^^^^^^^^^^^^^^^^^
E   ModuleNotFoundError: No module named 'tests.test_tutorial'
_ ERROR collecting repo-testing/repos/medium_fastapi/tests/test_tutorial/test_path_operation_advanced_configurations/test_tutorial002.py _
ImportError while importing test module 'D:\NewE\College\Project\project-brain\repo-testing\repos\medium_fastapi\tests\test_tutorial\test_path_operation_advanced_configurations\test_tutorial002.py'.
Hint: make sure your test modules/packages have valid Python names.
Traceback:
C:\Python314\Lib\importlib\__init__.py:88: in import_module
    return _bootstrap._gcd_import(name[level:], package, level)
           ^^^^^^^^^^^^^^^^^^^^^^^^^^^^^^^^^^^^^^^^^^^^^^^^^^^^
E   ModuleNotFoundError: No module named 'tests.test_tutorial'
_ ERROR collecting repo-testing/repos/medium_fastapi/tests/test_tutorial/test_path_operation_advanced_configurations/test_tutorial003.py _
ImportError while importing test module 'D:\NewE\College\Project\project-brain\repo-testing\repos\medium_fastapi\tests\test_tutorial\test_path_operation_advanced_configurations\test_tutorial003.py'.
Hint: make sure your test modules/packages have valid Python names.
Traceback:
C:\Python314\Lib\importlib\__init__.py:88: in import_module
    return _bootstrap._gcd_import(name[level:], package, level)
           ^^^^^^^^^^^^^^^^^^^^^^^^^^^^^^^^^^^^^^^^^^^^^^^^^^^^
E   ModuleNotFoundError: No module named 'tests.test_tutorial'
_ ERROR collecting repo-testing/repos/medium_fastapi/tests/test_tutorial/test_path_operation_advanced_configurations/test_tutorial004.py _
ImportError while importing test module 'D:\NewE\College\Project\project-brain\repo-testing\repos\medium_fastapi\tests\test_tutorial\test_path_operation_advanced_configurations\test_tutorial004.py'.
Hint: make sure your test modules/packages have valid Python names.
Traceback:
C:\Python314\Lib\importlib\__init__.py:88: in import_module
    return _bootstrap._gcd_import(name[level:], package, level)
           ^^^^^^^^^^^^^^^^^^^^^^^^^^^^^^^^^^^^^^^^^^^^^^^^^^^^
E   ModuleNotFoundError: No module named 'tests.test_tutorial'
_ ERROR collecting repo-testing/repos/medium_fastapi/tests/test_tutorial/test_path_operation_advanced_configurations/test_tutorial005.py _
ImportError while importing test module 'D:\NewE\College\Project\project-brain\repo-testing\repos\medium_fastapi\tests\test_tutorial\test_path_operation_advanced_configurations\test_tutorial005.py'.
Hint: make sure your test modules/packages have valid Python names.
Traceback:
C:\Python314\Lib\importlib\__init__.py:88: in import_module
    return _bootstrap._gcd_import(name[level:], package, level)
           ^^^^^^^^^^^^^^^^^^^^^^^^^^^^^^^^^^^^^^^^^^^^^^^^^^^^
E   ModuleNotFoundError: No module named 'tests.test_tutorial'
_ ERROR collecting repo-testing/repos/medium_fastapi/tests/test_tutorial/test_path_operation_advanced_configurations/test_tutorial006.py _
ImportError while importing test module 'D:\NewE\College\Project\project-brain\repo-testing\repos\medium_fastapi\tests\test_tutorial\test_path_operation_advanced_configurations\test_tutorial006.py'.
Hint: make sure your test modules/packages have valid Python names.
Traceback:
C:\Python314\Lib\importlib\__init__.py:88: in import_module
    return _bootstrap._gcd_import(name[level:], package, level)
           ^^^^^^^^^^^^^^^^^^^^^^^^^^^^^^^^^^^^^^^^^^^^^^^^^^^^
E   ModuleNotFoundError: No module named 'tests.test_tutorial'
_ ERROR collecting repo-testing/repos/medium_fastapi/tests/test_tutorial/test_path_operation_advanced_configurations/test_tutorial007.py _
ImportError while importing test module 'D:\NewE\College\Project\project-brain\repo-testing\repos\medium_fastapi\tests\test_tutorial\test_path_operation_advanced_configurations\test_tutorial007.py'.
Hint: make sure your test modules/packages have valid Python names.
Traceback:
C:\Python314\Lib\importlib\__init__.py:88: in import_module
    return _bootstrap._gcd_import(name[level:], package, level)
           ^^^^^^^^^^^^^^^^^^^^^^^^^^^^^^^^^^^^^^^^^^^^^^^^^^^^
E   ModuleNotFoundError: No module named 'tests.test_tutorial'
_ ERROR collecting repo-testing/repos/medium_fastapi/tests/test_tutorial/test_path_operation_configurations/test_tutorial001.py _
ImportError while importing test module 'D:\NewE\College\Project\project-brain\repo-testing\repos\medium_fastapi\tests\test_tutorial\test_path_operation_configurations\test_tutorial001.py'.
Hint: make sure your test modules/packages have valid Python names.
Traceback:
C:\Python314\Lib\importlib\__init__.py:88: in import_module
    return _bootstrap._gcd_import(name[level:], package, level)
           ^^^^^^^^^^^^^^^^^^^^^^^^^^^^^^^^^^^^^^^^^^^^^^^^^^^^
E   ModuleNotFoundError: No module named 'tests.test_tutorial'
_ ERROR collecting repo-testing/repos/medium_fastapi/tests/test_tutorial/test_path_operation_configurations/test_tutorial002.py _
ImportError while importing test module 'D:\NewE\College\Project\project-brain\repo-testing\repos\medium_fastapi\tests\test_tutorial\test_path_operation_configurations\test_tutorial002.py'.
Hint: make sure your test modules/packages have valid Python names.
Traceback:
C:\Python314\Lib\importlib\__init__.py:88: in import_module
    return _bootstrap._gcd_import(name[level:], package, level)
           ^^^^^^^^^^^^^^^^^^^^^^^^^^^^^^^^^^^^^^^^^^^^^^^^^^^^
E   ModuleNotFoundError: No module named 'tests.test_tutorial'
_ ERROR collecting repo-testing/repos/medium_fastapi/tests/test_tutorial/test_path_operation_configurations/test_tutorial002b.py _
ImportError while importing test module 'D:\NewE\College\Project\project-brain\repo-testing\repos\medium_fastapi\tests\test_tutorial\test_path_operation_configurations\test_tutorial002b.py'.
Hint: make sure your test modules/packages have valid Python names.
Traceback:
C:\Python314\Lib\importlib\__init__.py:88: in import_module
    return _bootstrap._gcd_import(name[level:], package, level)
           ^^^^^^^^^^^^^^^^^^^^^^^^^^^^^^^^^^^^^^^^^^^^^^^^^^^^
E   ModuleNotFoundError: No module named 'tests.test_tutorial'
_ ERROR collecting repo-testing/repos/medium_fastapi/tests/test_tutorial/test_path_operation_configurations/test_tutorial003_tutorial004.py _
ImportError while importing test module 'D:\NewE\College\Project\project-brain\repo-testing\repos\medium_fastapi\tests\test_tutorial\test_path_operation_configurations\test_tutorial003_tutorial004.py'.
Hint: make sure your test modules/packages have valid Python names.
Traceback:
C:\Python314\Lib\importlib\__init__.py:88: in import_module
    return _bootstrap._gcd_import(name[level:], package, level)
           ^^^^^^^^^^^^^^^^^^^^^^^^^^^^^^^^^^^^^^^^^^^^^^^^^^^^
E   ModuleNotFoundError: No module named 'tests.test_tutorial'
_ ERROR collecting repo-testing/repos/medium_fastapi/tests/test_tutorial/test_path_operation_configurations/test_tutorial005.py _
ImportError while importing test module 'D:\NewE\College\Project\project-brain\repo-testing\repos\medium_fastapi\tests\test_tutorial\test_path_operation_configurations\test_tutorial005.py'.
Hint: make sure your test modules/packages have valid Python names.
Traceback:
C:\Python314\Lib\importlib\__init__.py:88: in import_module
    return _bootstrap._gcd_import(name[level:], package, level)
           ^^^^^^^^^^^^^^^^^^^^^^^^^^^^^^^^^^^^^^^^^^^^^^^^^^^^
E   ModuleNotFoundError: No module named 'tests.test_tutorial'
_ ERROR collecting repo-testing/repos/medium_fastapi/tests/test_tutorial/test_path_operation_configurations/test_tutorial006.py _
ImportError while importing test module 'D:\NewE\College\Project\project-brain\repo-testing\repos\medium_fastapi\tests\test_tutorial\test_path_operation_configurations\test_tutorial006.py'.
Hint: make sure your test modules/packages have valid Python names.
Traceback:
C:\Python314\Lib\importlib\__init__.py:88: in import_module
    return _bootstrap._gcd_import(name[level:], package, level)
           ^^^^^^^^^^^^^^^^^^^^^^^^^^^^^^^^^^^^^^^^^^^^^^^^^^^^
E   ModuleNotFoundError: No module named 'tests.test_tutorial'
_ ERROR collecting repo-testing/repos/medium_fastapi/tests/test_tutorial/test_path_params/test_tutorial001.py _
ImportError while importing test module 'D:\NewE\College\Project\project-brain\repo-testing\repos\medium_fastapi\tests\test_tutorial\test_path_params\test_tutorial001.py'.
Hint: make sure your test modules/packages have valid Python names.
Traceback:
C:\Python314\Lib\importlib\__init__.py:88: in import_module
    return _bootstrap._gcd_import(name[level:], package, level)
           ^^^^^^^^^^^^^^^^^^^^^^^^^^^^^^^^^^^^^^^^^^^^^^^^^^^^
E   ModuleNotFoundError: No module named 'tests.test_tutorial'
_ ERROR collecting repo-testing/repos/medium_fastapi/tests/test_tutorial/test_path_params/test_tutorial002.py _
ImportError while importing test module 'D:\NewE\College\Project\project-brain\repo-testing\repos\medium_fastapi\tests\test_tutorial\test_path_params\test_tutorial002.py'.
Hint: make sure your test modules/packages have valid Python names.
Traceback:
C:\Python314\Lib\importlib\__init__.py:88: in import_module
    return _bootstrap._gcd_import(name[level:], package, level)
           ^^^^^^^^^^^^^^^^^^^^^^^^^^^^^^^^^^^^^^^^^^^^^^^^^^^^
E   ModuleNotFoundError: No module named 'tests.test_tutorial'
_ ERROR collecting repo-testing/repos/medium_fastapi/tests/test_tutorial/test_path_params/test_tutorial003.py _
ImportError while importing test module 'D:\NewE\College\Project\project-brain\repo-testing\repos\medium_fastapi\tests\test_tutorial\test_path_params\test_tutorial003.py'.
Hint: make sure your test modules/packages have valid Python names.
Traceback:
C:\Python314\Lib\importlib\__init__.py:88: in import_module
    return _bootstrap._gcd_import(name[level:], package, level)
           ^^^^^^^^^^^^^^^^^^^^^^^^^^^^^^^^^^^^^^^^^^^^^^^^^^^^
E   ModuleNotFoundError: No module named 'tests.test_tutorial'
_ ERROR collecting repo-testing/repos/medium_fastapi/tests/test_tutorial/test_path_params/test_tutorial003b.py _
ImportError while importing test module 'D:\NewE\College\Project\project-brain\repo-testing\repos\medium_fastapi\tests\test_tutorial\test_path_params\test_tutorial003b.py'.
Hint: make sure your test modules/packages have valid Python names.
Traceback:
C:\Python314\Lib\importlib\__init__.py:88: in import_module
    return _bootstrap._gcd_import(name[level:], package, level)
           ^^^^^^^^^^^^^^^^^^^^^^^^^^^^^^^^^^^^^^^^^^^^^^^^^^^^
E   ModuleNotFoundError: No module named 'tests.test_tutorial'
_ ERROR collecting repo-testing/repos/medium_fastapi/tests/test_tutorial/test_path_params/test_tutorial004.py _
ImportError while importing test module 'D:\NewE\College\Project\project-brain\repo-testing\repos\medium_fastapi\tests\test_tutorial\test_path_params\test_tutorial004.py'.
Hint: make sure your test modules/packages have valid Python names.
Traceback:
C:\Python314\Lib\importlib\__init__.py:88: in import_module
    return _bootstrap._gcd_import(name[level:], package, level)
           ^^^^^^^^^^^^^^^^^^^^^^^^^^^^^^^^^^^^^^^^^^^^^^^^^^^^
E   ModuleNotFoundError: No module named 'tests.test_tutorial'
_ ERROR collecting repo-testing/repos/medium_fastapi/tests/test_tutorial/test_path_params/test_tutorial005.py _
ImportError while importing test module 'D:\NewE\College\Project\project-brain\repo-testing\repos\medium_fastapi\tests\test_tutorial\test_path_params\test_tutorial005.py'.
Hint: make sure your test modules/packages have valid Python names.
Traceback:
C:\Python314\Lib\importlib\__init__.py:88: in import_module
    return _bootstrap._gcd_import(name[level:], package, level)
           ^^^^^^^^^^^^^^^^^^^^^^^^^^^^^^^^^^^^^^^^^^^^^^^^^^^^
E   ModuleNotFoundError: No module named 'tests.test_tutorial'
_ ERROR collecting repo-testing/repos/medium_fastapi/tests/test_tutorial/test_path_params_numeric_validations/test_tutorial001.py _
ImportError while importing test module 'D:\NewE\College\Project\project-brain\repo-testing\repos\medium_fastapi\tests\test_tutorial\test_path_params_numeric_validations\test_tutorial001.py'.
Hint: make sure your test modules/packages have valid Python names.
Traceback:
C:\Python314\Lib\importlib\__init__.py:88: in import_module
    return _bootstrap._gcd_import(name[level:], package, level)
           ^^^^^^^^^^^^^^^^^^^^^^^^^^^^^^^^^^^^^^^^^^^^^^^^^^^^
E   ModuleNotFoundError: No module named 'tests.test_tutorial'
_ ERROR collecting repo-testing/repos/medium_fastapi/tests/test_tutorial/test_path_params_numeric_validations/test_tutorial002_tutorial003.py _
ImportError while importing test module 'D:\NewE\College\Project\project-brain\repo-testing\repos\medium_fastapi\tests\test_tutorial\test_path_params_numeric_validations\test_tutorial002_tutorial003.py'.
Hint: make sure your test modules/packages have valid Python names.
Traceback:
C:\Python314\Lib\importlib\__init__.py:88: in import_module
    return _bootstrap._gcd_import(name[level:], package, level)
           ^^^^^^^^^^^^^^^^^^^^^^^^^^^^^^^^^^^^^^^^^^^^^^^^^^^^
E   ModuleNotFoundError: No module named 'tests.test_tutorial'
_ ERROR collecting repo-testing/repos/medium_fastapi/tests/test_tutorial/test_path_params_numeric_validations/test_tutorial004.py _
ImportError while importing test module 'D:\NewE\College\Project\project-brain\repo-testing\repos\medium_fastapi\tests\test_tutorial\test_path_params_numeric_validations\test_tutorial004.py'.
Hint: make sure your test modules/packages have valid Python names.
Traceback:
C:\Python314\Lib\importlib\__init__.py:88: in import_module
    return _bootstrap._gcd_import(name[level:], package, level)
           ^^^^^^^^^^^^^^^^^^^^^^^^^^^^^^^^^^^^^^^^^^^^^^^^^^^^
E   ModuleNotFoundError: No module named 'tests.test_tutorial'
_ ERROR collecting repo-testing/repos/medium_fastapi/tests/test_tutorial/test_path_params_numeric_validations/test_tutorial005.py _
ImportError while importing test module 'D:\NewE\College\Project\project-brain\repo-testing\repos\medium_fastapi\tests\test_tutorial\test_path_params_numeric_validations\test_tutorial005.py'.
Hint: make sure your test modules/packages have valid Python names.
Traceback:
C:\Python314\Lib\importlib\__init__.py:88: in import_module
    return _bootstrap._gcd_import(name[level:], package, level)
           ^^^^^^^^^^^^^^^^^^^^^^^^^^^^^^^^^^^^^^^^^^^^^^^^^^^^
E   ModuleNotFoundError: No module named 'tests.test_tutorial'
_ ERROR collecting repo-testing/repos/medium_fastapi/tests/test_tutorial/test_path_params_numeric_validations/test_tutorial006.py _
ImportError while importing test module 'D:\NewE\College\Project\project-brain\repo-testing\repos\medium_fastapi\tests\test_tutorial\test_path_params_numeric_validations\test_tutorial006.py'.
Hint: make sure your test modules/packages have valid Python names.
Traceback:
C:\Python314\Lib\importlib\__init__.py:88: in import_module
    return _bootstrap._gcd_import(name[level:], package, level)
           ^^^^^^^^^^^^^^^^^^^^^^^^^^^^^^^^^^^^^^^^^^^^^^^^^^^^
E   ModuleNotFoundError: No module named 'tests.test_tutorial'
_ ERROR collecting repo-testing/repos/medium_fastapi/tests/test_tutorial/test_python_types/test_tutorial001_tutorial002.py _
ImportError while importing test module 'D:\NewE\College\Project\project-brain\repo-testing\repos\medium_fastapi\tests\test_tutorial\test_python_types\test_tutorial001_tutorial002.py'.
Hint: make sure your test modules/packages have valid Python names.
Traceback:
C:\Python314\Lib\importlib\__init__.py:88: in import_module
    return _bootstrap._gcd_import(name[level:], package, level)
           ^^^^^^^^^^^^^^^^^^^^^^^^^^^^^^^^^^^^^^^^^^^^^^^^^^^^
E   ModuleNotFoundError: No module named 'tests.test_tutorial'
_ ERROR collecting repo-testing/repos/medium_fastapi/tests/test_tutorial/test_python_types/test_tutorial003.py _
ImportError while importing test module 'D:\NewE\College\Project\project-brain\repo-testing\repos\medium_fastapi\tests\test_tutorial\test_python_types\test_tutorial003.py'.
Hint: make sure your test modules/packages have valid Python names.
Traceback:
C:\Python314\Lib\importlib\__init__.py:88: in import_module
    return _bootstrap._gcd_import(name[level:], package, level)
           ^^^^^^^^^^^^^^^^^^^^^^^^^^^^^^^^^^^^^^^^^^^^^^^^^^^^
E   ModuleNotFoundError: No module named 'tests.test_tutorial'
_ ERROR collecting repo-testing/repos/medium_fastapi/tests/test_tutorial/test_python_types/test_tutorial004.py _
ImportError while importing test module 'D:\NewE\College\Project\project-brain\repo-testing\repos\medium_fastapi\tests\test_tutorial\test_python_types\test_tutorial004.py'.
Hint: make sure your test modules/packages have valid Python names.
Traceback:
C:\Python314\Lib\importlib\__init__.py:88: in import_module
    return _bootstrap._gcd_import(name[level:], package, level)
           ^^^^^^^^^^^^^^^^^^^^^^^^^^^^^^^^^^^^^^^^^^^^^^^^^^^^
E   ModuleNotFoundError: No module named 'tests.test_tutorial'
_ ERROR collecting repo-testing/repos/medium_fastapi/tests/test_tutorial/test_python_types/test_tutorial005.py _
ImportError while importing test module 'D:\NewE\College\Project\project-brain\repo-testing\repos\medium_fastapi\tests\test_tutorial\test_python_types\test_tutorial005.py'.
Hint: make sure your test modules/packages have valid Python names.
Traceback:
C:\Python314\Lib\importlib\__init__.py:88: in import_module
    return _bootstrap._gcd_import(name[level:], package, level)
           ^^^^^^^^^^^^^^^^^^^^^^^^^^^^^^^^^^^^^^^^^^^^^^^^^^^^
E   ModuleNotFoundError: No module named 'tests.test_tutorial'
_ ERROR collecting repo-testing/repos/medium_fastapi/tests/test_tutorial/test_python_types/test_tutorial006.py _
ImportError while importing test module 'D:\NewE\College\Project\project-brain\repo-testing\repos\medium_fastapi\tests\test_tutorial\test_python_types\test_tutorial006.py'.
Hint: make sure your test modules/packages have valid Python names.
Traceback:
C:\Python314\Lib\importlib\__init__.py:88: in import_module
    return _bootstrap._gcd_import(name[level:], package, level)
           ^^^^^^^^^^^^^^^^^^^^^^^^^^^^^^^^^^^^^^^^^^^^^^^^^^^^
E   ModuleNotFoundError: No module named 'tests.test_tutorial'
_ ERROR collecting repo-testing/repos/medium_fastapi/tests/test_tutorial/test_python_types/test_tutorial007.py _
ImportError while importing test module 'D:\NewE\College\Project\project-brain\repo-testing\repos\medium_fastapi\tests\test_tutorial\test_python_types\test_tutorial007.py'.
Hint: make sure your test modules/packages have valid Python names.
Traceback:
C:\Python314\Lib\importlib\__init__.py:88: in import_module
    return _bootstrap._gcd_import(name[level:], package, level)
           ^^^^^^^^^^^^^^^^^^^^^^^^^^^^^^^^^^^^^^^^^^^^^^^^^^^^
E   ModuleNotFoundError: No module named 'tests.test_tutorial'
_ ERROR collecting repo-testing/repos/medium_fastapi/tests/test_tutorial/test_python_types/test_tutorial008.py _
ImportError while importing test module 'D:\NewE\College\Project\project-brain\repo-testing\repos\medium_fastapi\tests\test_tutorial\test_python_types\test_tutorial008.py'.
Hint: make sure your test modules/packages have valid Python names.
Traceback:
C:\Python314\Lib\importlib\__init__.py:88: in import_module
    return _bootstrap._gcd_import(name[level:], package, level)
           ^^^^^^^^^^^^^^^^^^^^^^^^^^^^^^^^^^^^^^^^^^^^^^^^^^^^
E   ModuleNotFoundError: No module named 'tests.test_tutorial'
_ ERROR collecting repo-testing/repos/medium_fastapi/tests/test_tutorial/test_python_types/test_tutorial008b.py _
ImportError while importing test module 'D:\NewE\College\Project\project-brain\repo-testing\repos\medium_fastapi\tests\test_tutorial\test_python_types\test_tutorial008b.py'.
Hint: make sure your test modules/packages have valid Python names.
Traceback:
C:\Python314\Lib\importlib\__init__.py:88: in import_module
    return _bootstrap._gcd_import(name[level:], package, level)
           ^^^^^^^^^^^^^^^^^^^^^^^^^^^^^^^^^^^^^^^^^^^^^^^^^^^^
E   ModuleNotFoundError: No module named 'tests.test_tutorial'
_ ERROR collecting repo-testing/repos/medium_fastapi/tests/test_tutorial/test_python_types/test_tutorial009_tutorial009b.py _
ImportError while importing test module 'D:\NewE\College\Project\project-brain\repo-testing\repos\medium_fastapi\tests\test_tutorial\test_python_types\test_tutorial009_tutorial009b.py'.
Hint: make sure your test modules/packages have valid Python names.
Traceback:
C:\Python314\Lib\importlib\__init__.py:88: in import_module
    return _bootstrap._gcd_import(name[level:], package, level)
           ^^^^^^^^^^^^^^^^^^^^^^^^^^^^^^^^^^^^^^^^^^^^^^^^^^^^
E   ModuleNotFoundError: No module named 'tests.test_tutorial'
_ ERROR collecting repo-testing/repos/medium_fastapi/tests/test_tutorial/test_python_types/test_tutorial010.py _
ImportError while importing test module 'D:\NewE\College\Project\project-brain\repo-testing\repos\medium_fastapi\tests\test_tutorial\test_python_types\test_tutorial010.py'.
Hint: make sure your test modules/packages have valid Python names.
Traceback:
C:\Python314\Lib\importlib\__init__.py:88: in import_module
    return _bootstrap._gcd_import(name[level:], package, level)
           ^^^^^^^^^^^^^^^^^^^^^^^^^^^^^^^^^^^^^^^^^^^^^^^^^^^^
E   ModuleNotFoundError: No module named 'tests.test_tutorial'
_ ERROR collecting repo-testing/repos/medium_fastapi/tests/test_tutorial/test_python_types/test_tutorial011.py _
ImportError while importing test module 'D:\NewE\College\Project\project-brain\repo-testing\repos\medium_fastapi\tests\test_tutorial\test_python_types\test_tutorial011.py'.
Hint: make sure your test modules/packages have valid Python names.
Traceback:
C:\Python314\Lib\importlib\__init__.py:88: in import_module
    return _bootstrap._gcd_import(name[level:], package, level)
           ^^^^^^^^^^^^^^^^^^^^^^^^^^^^^^^^^^^^^^^^^^^^^^^^^^^^
E   ModuleNotFoundError: No module named 'tests.test_tutorial'
_ ERROR collecting repo-testing/repos/medium_fastapi/tests/test_tutorial/test_python_types/test_tutorial013.py _
ImportError while importing test module 'D:\NewE\College\Project\project-brain\repo-testing\repos\medium_fastapi\tests\test_tutorial\test_python_types\test_tutorial013.py'.
Hint: make sure your test modules/packages have valid Python names.
Traceback:
C:\Python314\Lib\importlib\__init__.py:88: in import_module
    return _bootstrap._gcd_import(name[level:], package, level)
           ^^^^^^^^^^^^^^^^^^^^^^^^^^^^^^^^^^^^^^^^^^^^^^^^^^^^
E   ModuleNotFoundError: No module named 'tests.test_tutorial'
_ ERROR collecting repo-testing/repos/medium_fastapi/tests/test_tutorial/test_query_param_models/test_tutorial001.py _
ImportError while importing test module 'D:\NewE\College\Project\project-brain\repo-testing\repos\medium_fastapi\tests\test_tutorial\test_query_param_models\test_tutorial001.py'.
Hint: make sure your test modules/packages have valid Python names.
Traceback:
C:\Python314\Lib\importlib\__init__.py:88: in import_module
    return _bootstrap._gcd_import(name[level:], package, level)
           ^^^^^^^^^^^^^^^^^^^^^^^^^^^^^^^^^^^^^^^^^^^^^^^^^^^^
E   ModuleNotFoundError: No module named 'tests.test_tutorial'
_ ERROR collecting repo-testing/repos/medium_fastapi/tests/test_tutorial/test_query_param_models/test_tutorial002.py _
ImportError while importing test module 'D:\NewE\College\Project\project-brain\repo-testing\repos\medium_fastapi\tests\test_tutorial\test_query_param_models\test_tutorial002.py'.
Hint: make sure your test modules/packages have valid Python names.
Traceback:
C:\Python314\Lib\importlib\__init__.py:88: in import_module
    return _bootstrap._gcd_import(name[level:], package, level)
           ^^^^^^^^^^^^^^^^^^^^^^^^^^^^^^^^^^^^^^^^^^^^^^^^^^^^
E   ModuleNotFoundError: No module named 'tests.test_tutorial'
_ ERROR collecting repo-testing/repos/medium_fastapi/tests/test_tutorial/test_query_params/test_tutorial001.py _
ImportError while importing test module 'D:\NewE\College\Project\project-brain\repo-testing\repos\medium_fastapi\tests\test_tutorial\test_query_params\test_tutorial001.py'.
Hint: make sure your test modules/packages have valid Python names.
Traceback:
C:\Python314\Lib\importlib\__init__.py:88: in import_module
    return _bootstrap._gcd_import(name[level:], package, level)
           ^^^^^^^^^^^^^^^^^^^^^^^^^^^^^^^^^^^^^^^^^^^^^^^^^^^^
E   ModuleNotFoundError: No module named 'tests.test_tutorial'
_ ERROR collecting repo-testing/repos/medium_fastapi/tests/test_tutorial/test_query_params/test_tutorial002.py _
ImportError while importing test module 'D:\NewE\College\Project\project-brain\repo-testing\repos\medium_fastapi\tests\test_tutorial\test_query_params\test_tutorial002.py'.
Hint: make sure your test modules/packages have valid Python names.
Traceback:
C:\Python314\Lib\importlib\__init__.py:88: in import_module
    return _bootstrap._gcd_import(name[level:], package, level)
           ^^^^^^^^^^^^^^^^^^^^^^^^^^^^^^^^^^^^^^^^^^^^^^^^^^^^
E   ModuleNotFoundError: No module named 'tests.test_tutorial'
_ ERROR collecting repo-testing/repos/medium_fastapi/tests/test_tutorial/test_query_params/test_tutorial003.py _
ImportError while importing test module 'D:\NewE\College\Project\project-brain\repo-testing\repos\medium_fastapi\tests\test_tutorial\test_query_params\test_tutorial003.py'.
Hint: make sure your test modules/packages have valid Python names.
Traceback:
C:\Python314\Lib\importlib\__init__.py:88: in import_module
    return _bootstrap._gcd_import(name[level:], package, level)
           ^^^^^^^^^^^^^^^^^^^^^^^^^^^^^^^^^^^^^^^^^^^^^^^^^^^^
E   ModuleNotFoundError: No module named 'tests.test_tutorial'
_ ERROR collecting repo-testing/repos/medium_fastapi/tests/test_tutorial/test_query_params/test_tutorial004.py _
ImportError while importing test module 'D:\NewE\College\Project\project-brain\repo-testing\repos\medium_fastapi\tests\test_tutorial\test_query_params\test_tutorial004.py'.
Hint: make sure your test modules/packages have valid Python names.
Traceback:
C:\Python314\Lib\importlib\__init__.py:88: in import_module
    return _bootstrap._gcd_import(name[level:], package, level)
           ^^^^^^^^^^^^^^^^^^^^^^^^^^^^^^^^^^^^^^^^^^^^^^^^^^^^
E   ModuleNotFoundError: No module named 'tests.test_tutorial'
_ ERROR collecting repo-testing/repos/medium_fastapi/tests/test_tutorial/test_query_params/test_tutorial005.py _
ImportError while importing test module 'D:\NewE\College\Project\project-brain\repo-testing\repos\medium_fastapi\tests\test_tutorial\test_query_params\test_tutorial005.py'.
Hint: make sure your test modules/packages have valid Python names.
Traceback:
C:\Python314\Lib\importlib\__init__.py:88: in import_module
    return _bootstrap._gcd_import(name[level:], package, level)
           ^^^^^^^^^^^^^^^^^^^^^^^^^^^^^^^^^^^^^^^^^^^^^^^^^^^^
E   ModuleNotFoundError: No module named 'tests.test_tutorial'
_ ERROR collecting repo-testing/repos/medium_fastapi/tests/test_tutorial/test_query_params/test_tutorial006.py _
ImportError while importing test module 'D:\NewE\College\Project\project-brain\repo-testing\repos\medium_fastapi\tests\test_tutorial\test_query_params\test_tutorial006.py'.
Hint: make sure your test modules/packages have valid Python names.
Traceback:
C:\Python314\Lib\importlib\__init__.py:88: in import_module
    return _bootstrap._gcd_import(name[level:], package, level)
           ^^^^^^^^^^^^^^^^^^^^^^^^^^^^^^^^^^^^^^^^^^^^^^^^^^^^
E   ModuleNotFoundError: No module named 'tests.test_tutorial'
_ ERROR collecting repo-testing/repos/medium_fastapi/tests/test_tutorial/test_query_params_str_validations/test_tutorial001.py _
ImportError while importing test module 'D:\NewE\College\Project\project-brain\repo-testing\repos\medium_fastapi\tests\test_tutorial\test_query_params_str_validations\test_tutorial001.py'.
Hint: make sure your test modules/packages have valid Python names.
Traceback:
C:\Python314\Lib\importlib\__init__.py:88: in import_module
    return _bootstrap._gcd_import(name[level:], package, level)
           ^^^^^^^^^^^^^^^^^^^^^^^^^^^^^^^^^^^^^^^^^^^^^^^^^^^^
E   ModuleNotFoundError: No module named 'tests.test_tutorial'
_ ERROR collecting repo-testing/repos/medium_fastapi/tests/test_tutorial/test_query_params_str_validations/test_tutorial002.py _
ImportError while importing test module 'D:\NewE\College\Project\project-brain\repo-testing\repos\medium_fastapi\tests\test_tutorial\test_query_params_str_validations\test_tutorial002.py'.
Hint: make sure your test modules/packages have valid Python names.
Traceback:
C:\Python314\Lib\importlib\__init__.py:88: in import_module
    return _bootstrap._gcd_import(name[level:], package, level)
           ^^^^^^^^^^^^^^^^^^^^^^^^^^^^^^^^^^^^^^^^^^^^^^^^^^^^
E   ModuleNotFoundError: No module named 'tests.test_tutorial'
_ ERROR collecting repo-testing/repos/medium_fastapi/tests/test_tutorial/test_query_params_str_validations/test_tutorial003.py _
ImportError while importing test module 'D:\NewE\College\Project\project-brain\repo-testing\repos\medium_fastapi\tests\test_tutorial\test_query_params_str_validations\test_tutorial003.py'.
Hint: make sure your test modules/packages have valid Python names.
Traceback:
C:\Python314\Lib\importlib\__init__.py:88: in import_module
    return _bootstrap._gcd_import(name[level:], package, level)
           ^^^^^^^^^^^^^^^^^^^^^^^^^^^^^^^^^^^^^^^^^^^^^^^^^^^^
E   ModuleNotFoundError: No module named 'tests.test_tutorial'
_ ERROR collecting repo-testing/repos/medium_fastapi/tests/test_tutorial/test_query_params_str_validations/test_tutorial004.py _
ImportError while importing test module 'D:\NewE\College\Project\project-brain\repo-testing\repos\medium_fastapi\tests\test_tutorial\test_query_params_str_validations\test_tutorial004.py'.
Hint: make sure your test modules/packages have valid Python names.
Traceback:
C:\Python314\Lib\importlib\__init__.py:88: in import_module
    return _bootstrap._gcd_import(name[level:], package, level)
           ^^^^^^^^^^^^^^^^^^^^^^^^^^^^^^^^^^^^^^^^^^^^^^^^^^^^
E   ModuleNotFoundError: No module named 'tests.test_tutorial'
_ ERROR collecting repo-testing/repos/medium_fastapi/tests/test_tutorial/test_query_params_str_validations/test_tutorial005.py _
ImportError while importing test module 'D:\NewE\College\Project\project-brain\repo-testing\repos\medium_fastapi\tests\test_tutorial\test_query_params_str_validations\test_tutorial005.py'.
Hint: make sure your test modules/packages have valid Python names.
Traceback:
C:\Python314\Lib\importlib\__init__.py:88: in import_module
    return _bootstrap._gcd_import(name[level:], package, level)
           ^^^^^^^^^^^^^^^^^^^^^^^^^^^^^^^^^^^^^^^^^^^^^^^^^^^^
E   ModuleNotFoundError: No module named 'tests.test_tutorial'
_ ERROR collecting repo-testing/repos/medium_fastapi/tests/test_tutorial/test_query_params_str_validations/test_tutorial006.py _
ImportError while importing test module 'D:\NewE\College\Project\project-brain\repo-testing\repos\medium_fastapi\tests\test_tutorial\test_query_params_str_validations\test_tutorial006.py'.
Hint: make sure your test modules/packages have valid Python names.
Traceback:
C:\Python314\Lib\importlib\__init__.py:88: in import_module
    return _bootstrap._gcd_import(name[level:], package, level)
           ^^^^^^^^^^^^^^^^^^^^^^^^^^^^^^^^^^^^^^^^^^^^^^^^^^^^
E   ModuleNotFoundError: No module named 'tests.test_tutorial'
_ ERROR collecting repo-testing/repos/medium_fastapi/tests/test_tutorial/test_query_params_str_validations/test_tutorial006c.py _
ImportError while importing test module 'D:\NewE\College\Project\project-brain\repo-testing\repos\medium_fastapi\tests\test_tutorial\test_query_params_str_validations\test_tutorial006c.py'.
Hint: make sure your test modules/packages have valid Python names.
Traceback:
C:\Python314\Lib\importlib\__init__.py:88: in import_module
    return _bootstrap._gcd_import(name[level:], package, level)
           ^^^^^^^^^^^^^^^^^^^^^^^^^^^^^^^^^^^^^^^^^^^^^^^^^^^^
E   ModuleNotFoundError: No module named 'tests.test_tutorial'
_ ERROR collecting repo-testing/repos/medium_fastapi/tests/test_tutorial/test_query_params_str_validations/test_tutorial007.py _
ImportError while importing test module 'D:\NewE\College\Project\project-brain\repo-testing\repos\medium_fastapi\tests\test_tutorial\test_query_params_str_validations\test_tutorial007.py'.
Hint: make sure your test modules/packages have valid Python names.
Traceback:
C:\Python314\Lib\importlib\__init__.py:88: in import_module
    return _bootstrap._gcd_import(name[level:], package, level)
           ^^^^^^^^^^^^^^^^^^^^^^^^^^^^^^^^^^^^^^^^^^^^^^^^^^^^
E   ModuleNotFoundError: No module named 'tests.test_tutorial'
_ ERROR collecting repo-testing/repos/medium_fastapi/tests/test_tutorial/test_query_params_str_validations/test_tutorial008.py _
ImportError while importing test module 'D:\NewE\College\Project\project-brain\repo-testing\repos\medium_fastapi\tests\test_tutorial\test_query_params_str_validations\test_tutorial008.py'.
Hint: make sure your test modules/packages have valid Python names.
Traceback:
C:\Python314\Lib\importlib\__init__.py:88: in import_module
    return _bootstrap._gcd_import(name[level:], package, level)
           ^^^^^^^^^^^^^^^^^^^^^^^^^^^^^^^^^^^^^^^^^^^^^^^^^^^^
E   ModuleNotFoundError: No module named 'tests.test_tutorial'
_ ERROR collecting repo-testing/repos/medium_fastapi/tests/test_tutorial/test_query_params_str_validations/test_tutorial009.py _
ImportError while importing test module 'D:\NewE\College\Project\project-brain\repo-testing\repos\medium_fastapi\tests\test_tutorial\test_query_params_str_validations\test_tutorial009.py'.
Hint: make sure your test modules/packages have valid Python names.
Traceback:
C:\Python314\Lib\importlib\__init__.py:88: in import_module
    return _bootstrap._gcd_import(name[level:], package, level)
           ^^^^^^^^^^^^^^^^^^^^^^^^^^^^^^^^^^^^^^^^^^^^^^^^^^^^
E   ModuleNotFoundError: No module named 'tests.test_tutorial'
_ ERROR collecting repo-testing/repos/medium_fastapi/tests/test_tutorial/test_query_params_str_validations/test_tutorial010.py _
ImportError while importing test module 'D:\NewE\College\Project\project-brain\repo-testing\repos\medium_fastapi\tests\test_tutorial\test_query_params_str_validations\test_tutorial010.py'.
Hint: make sure your test modules/packages have valid Python names.
Traceback:
C:\Python314\Lib\importlib\__init__.py:88: in import_module
    return _bootstrap._gcd_import(name[level:], package, level)
           ^^^^^^^^^^^^^^^^^^^^^^^^^^^^^^^^^^^^^^^^^^^^^^^^^^^^
E   ModuleNotFoundError: No module named 'tests.test_tutorial'
_ ERROR collecting repo-testing/repos/medium_fastapi/tests/test_tutorial/test_query_params_str_validations/test_tutorial011.py _
ImportError while importing test module 'D:\NewE\College\Project\project-brain\repo-testing\repos\medium_fastapi\tests\test_tutorial\test_query_params_str_validations\test_tutorial011.py'.
Hint: make sure your test modules/packages have valid Python names.
Traceback:
C:\Python314\Lib\importlib\__init__.py:88: in import_module
    return _bootstrap._gcd_import(name[level:], package, level)
           ^^^^^^^^^^^^^^^^^^^^^^^^^^^^^^^^^^^^^^^^^^^^^^^^^^^^
E   ModuleNotFoundError: No module named 'tests.test_tutorial'
_ ERROR collecting repo-testing/repos/medium_fastapi/tests/test_tutorial/test_query_params_str_validations/test_tutorial012.py _
ImportError while importing test module 'D:\NewE\College\Project\project-brain\repo-testing\repos\medium_fastapi\tests\test_tutorial\test_query_params_str_validations\test_tutorial012.py'.
Hint: make sure your test modules/packages have valid Python names.
Traceback:
C:\Python314\Lib\importlib\__init__.py:88: in import_module
    return _bootstrap._gcd_import(name[level:], package, level)
           ^^^^^^^^^^^^^^^^^^^^^^^^^^^^^^^^^^^^^^^^^^^^^^^^^^^^
E   ModuleNotFoundError: No module named 'tests.test_tutorial'
_ ERROR collecting repo-testing/repos/medium_fastapi/tests/test_tutorial/test_query_params_str_validations/test_tutorial013.py _
ImportError while importing test module 'D:\NewE\College\Project\project-brain\repo-testing\repos\medium_fastapi\tests\test_tutorial\test_query_params_str_validations\test_tutorial013.py'.
Hint: make sure your test modules/packages have valid Python names.
Traceback:
C:\Python314\Lib\importlib\__init__.py:88: in import_module
    return _bootstrap._gcd_import(name[level:], package, level)
           ^^^^^^^^^^^^^^^^^^^^^^^^^^^^^^^^^^^^^^^^^^^^^^^^^^^^
E   ModuleNotFoundError: No module named 'tests.test_tutorial'
_ ERROR collecting repo-testing/repos/medium_fastapi/tests/test_tutorial/test_query_params_str_validations/test_tutorial014.py _
ImportError while importing test module 'D:\NewE\College\Project\project-brain\repo-testing\repos\medium_fastapi\tests\test_tutorial\test_query_params_str_validations\test_tutorial014.py'.
Hint: make sure your test modules/packages have valid Python names.
Traceback:
C:\Python314\Lib\importlib\__init__.py:88: in import_module
    return _bootstrap._gcd_import(name[level:], package, level)
           ^^^^^^^^^^^^^^^^^^^^^^^^^^^^^^^^^^^^^^^^^^^^^^^^^^^^
E   ModuleNotFoundError: No module named 'tests.test_tutorial'
_ ERROR collecting repo-testing/repos/medium_fastapi/tests/test_tutorial/test_query_params_str_validations/test_tutorial015.py _
ImportError while importing test module 'D:\NewE\College\Project\project-brain\repo-testing\repos\medium_fastapi\tests\test_tutorial\test_query_params_str_validations\test_tutorial015.py'.
Hint: make sure your test modules/packages have valid Python names.
Traceback:
C:\Python314\Lib\importlib\__init__.py:88: in import_module
    return _bootstrap._gcd_import(name[level:], package, level)
           ^^^^^^^^^^^^^^^^^^^^^^^^^^^^^^^^^^^^^^^^^^^^^^^^^^^^
E   ModuleNotFoundError: No module named 'tests.test_tutorial'
_ ERROR collecting repo-testing/repos/medium_fastapi/tests/test_tutorial/test_request_files/test_tutorial001.py _
ImportError while importing test module 'D:\NewE\College\Project\project-brain\repo-testing\repos\medium_fastapi\tests\test_tutorial\test_request_files\test_tutorial001.py'.
Hint: make sure your test modules/packages have valid Python names.
Traceback:
C:\Python314\Lib\importlib\__init__.py:88: in import_module
    return _bootstrap._gcd_import(name[level:], package, level)
           ^^^^^^^^^^^^^^^^^^^^^^^^^^^^^^^^^^^^^^^^^^^^^^^^^^^^
E   ModuleNotFoundError: No module named 'tests.test_tutorial'
_ ERROR collecting repo-testing/repos/medium_fastapi/tests/test_tutorial/test_request_files/test_tutorial001_02.py _
ImportError while importing test module 'D:\NewE\College\Project\project-brain\repo-testing\repos\medium_fastapi\tests\test_tutorial\test_request_files\test_tutorial001_02.py'.
Hint: make sure your test modules/packages have valid Python names.
Traceback:
C:\Python314\Lib\importlib\__init__.py:88: in import_module
    return _bootstrap._gcd_import(name[level:], package, level)
           ^^^^^^^^^^^^^^^^^^^^^^^^^^^^^^^^^^^^^^^^^^^^^^^^^^^^
E   ModuleNotFoundError: No module named 'tests.test_tutorial'
_ ERROR collecting repo-testing/repos/medium_fastapi/tests/test_tutorial/test_request_files/test_tutorial001_03.py _
ImportError while importing test module 'D:\NewE\College\Project\project-brain\repo-testing\repos\medium_fastapi\tests\test_tutorial\test_request_files\test_tutorial001_03.py'.
Hint: make sure your test modules/packages have valid Python names.
Traceback:
C:\Python314\Lib\importlib\__init__.py:88: in import_module
    return _bootstrap._gcd_import(name[level:], package, level)
           ^^^^^^^^^^^^^^^^^^^^^^^^^^^^^^^^^^^^^^^^^^^^^^^^^^^^
E   ModuleNotFoundError: No module named 'tests.test_tutorial'
_ ERROR collecting repo-testing/repos/medium_fastapi/tests/test_tutorial/test_request_files/test_tutorial002.py _
ImportError while importing test module 'D:\NewE\College\Project\project-brain\repo-testing\repos\medium_fastapi\tests\test_tutorial\test_request_files\test_tutorial002.py'.
Hint: make sure your test modules/packages have valid Python names.
Traceback:
C:\Python314\Lib\importlib\__init__.py:88: in import_module
    return _bootstrap._gcd_import(name[level:], package, level)
           ^^^^^^^^^^^^^^^^^^^^^^^^^^^^^^^^^^^^^^^^^^^^^^^^^^^^
E   ModuleNotFoundError: No module named 'tests.test_tutorial'
_ ERROR collecting repo-testing/repos/medium_fastapi/tests/test_tutorial/test_request_files/test_tutorial003.py _
ImportError while importing test module 'D:\NewE\College\Project\project-brain\repo-testing\repos\medium_fastapi\tests\test_tutorial\test_request_files\test_tutorial003.py'.
Hint: make sure your test modules/packages have valid Python names.
Traceback:
C:\Python314\Lib\importlib\__init__.py:88: in import_module
    return _bootstrap._gcd_import(name[level:], package, level)
           ^^^^^^^^^^^^^^^^^^^^^^^^^^^^^^^^^^^^^^^^^^^^^^^^^^^^
E   ModuleNotFoundError: No module named 'tests.test_tutorial'
_ ERROR collecting repo-testing/repos/medium_fastapi/tests/test_tutorial/test_request_form_models/test_tutorial001.py _
ImportError while importing test module 'D:\NewE\College\Project\project-brain\repo-testing\repos\medium_fastapi\tests\test_tutorial\test_request_form_models\test_tutorial001.py'.
Hint: make sure your test modules/packages have valid Python names.
Traceback:
C:\Python314\Lib\importlib\__init__.py:88: in import_module
    return _bootstrap._gcd_import(name[level:], package, level)
           ^^^^^^^^^^^^^^^^^^^^^^^^^^^^^^^^^^^^^^^^^^^^^^^^^^^^
E   ModuleNotFoundError: No module named 'tests.test_tutorial'
_ ERROR collecting repo-testing/repos/medium_fastapi/tests/test_tutorial/test_request_form_models/test_tutorial002.py _
ImportError while importing test module 'D:\NewE\College\Project\project-brain\repo-testing\repos\medium_fastapi\tests\test_tutorial\test_request_form_models\test_tutorial002.py'.
Hint: make sure your test modules/packages have valid Python names.
Traceback:
C:\Python314\Lib\importlib\__init__.py:88: in import_module
    return _bootstrap._gcd_import(name[level:], package, level)
           ^^^^^^^^^^^^^^^^^^^^^^^^^^^^^^^^^^^^^^^^^^^^^^^^^^^^
E   ModuleNotFoundError: No module named 'tests.test_tutorial'
_ ERROR collecting repo-testing/repos/medium_fastapi/tests/test_tutorial/test_request_forms/test_tutorial001.py _
ImportError while importing test module 'D:\NewE\College\Project\project-brain\repo-testing\repos\medium_fastapi\tests\test_tutorial\test_request_forms\test_tutorial001.py'.
Hint: make sure your test modules/packages have valid Python names.
Traceback:
C:\Python314\Lib\importlib\__init__.py:88: in import_module
    return _bootstrap._gcd_import(name[level:], package, level)
           ^^^^^^^^^^^^^^^^^^^^^^^^^^^^^^^^^^^^^^^^^^^^^^^^^^^^
E   ModuleNotFoundError: No module named 'tests.test_tutorial'
_ ERROR collecting repo-testing/repos/medium_fastapi/tests/test_tutorial/test_request_forms_and_files/test_tutorial001.py _
ImportError while importing test module 'D:\NewE\College\Project\project-brain\repo-testing\repos\medium_fastapi\tests\test_tutorial\test_request_forms_and_files\test_tutorial001.py'.
Hint: make sure your test modules/packages have valid Python names.
Traceback:
C:\Python314\Lib\importlib\__init__.py:88: in import_module
    return _bootstrap._gcd_import(name[level:], package, level)
           ^^^^^^^^^^^^^^^^^^^^^^^^^^^^^^^^^^^^^^^^^^^^^^^^^^^^
E   ModuleNotFoundError: No module named 'tests.test_tutorial'
_ ERROR collecting repo-testing/repos/medium_fastapi/tests/test_tutorial/test_response_change_status_code/test_tutorial001.py _
ImportError while importing test module 'D:\NewE\College\Project\project-brain\repo-testing\repos\medium_fastapi\tests\test_tutorial\test_response_change_status_code\test_tutorial001.py'.
Hint: make sure your test modules/packages have valid Python names.
Traceback:
C:\Python314\Lib\importlib\__init__.py:88: in import_module
    return _bootstrap._gcd_import(name[level:], package, level)
           ^^^^^^^^^^^^^^^^^^^^^^^^^^^^^^^^^^^^^^^^^^^^^^^^^^^^
E   ModuleNotFoundError: No module named 'tests.test_tutorial'
_ ERROR collecting repo-testing/repos/medium_fastapi/tests/test_tutorial/test_response_cookies/test_tutorial001.py _
ImportError while importing test module 'D:\NewE\College\Project\project-brain\repo-testing\repos\medium_fastapi\tests\test_tutorial\test_response_cookies\test_tutorial001.py'.
Hint: make sure your test modules/packages have valid Python names.
Traceback:
C:\Python314\Lib\importlib\__init__.py:88: in import_module
    return _bootstrap._gcd_import(name[level:], package, level)
           ^^^^^^^^^^^^^^^^^^^^^^^^^^^^^^^^^^^^^^^^^^^^^^^^^^^^
E   ModuleNotFoundError: No module named 'tests.test_tutorial'
_ ERROR collecting repo-testing/repos/medium_fastapi/tests/test_tutorial/test_response_cookies/test_tutorial002.py _
ImportError while importing test module 'D:\NewE\College\Project\project-brain\repo-testing\repos\medium_fastapi\tests\test_tutorial\test_response_cookies\test_tutorial002.py'.
Hint: make sure your test modules/packages have valid Python names.
Traceback:
C:\Python314\Lib\importlib\__init__.py:88: in import_module
    return _bootstrap._gcd_import(name[level:], package, level)
           ^^^^^^^^^^^^^^^^^^^^^^^^^^^^^^^^^^^^^^^^^^^^^^^^^^^^
E   ModuleNotFoundError: No module named 'tests.test_tutorial'
_ ERROR collecting repo-testing/repos/medium_fastapi/tests/test_tutorial/test_response_directly/test_tutorial001.py _
ImportError while importing test module 'D:\NewE\College\Project\project-brain\repo-testing\repos\medium_fastapi\tests\test_tutorial\test_response_directly\test_tutorial001.py'.
Hint: make sure your test modules/packages have valid Python names.
Traceback:
C:\Python314\Lib\importlib\__init__.py:88: in import_module
    return _bootstrap._gcd_import(name[level:], package, level)
           ^^^^^^^^^^^^^^^^^^^^^^^^^^^^^^^^^^^^^^^^^^^^^^^^^^^^
E   ModuleNotFoundError: No module named 'tests.test_tutorial'
_ ERROR collecting repo-testing/repos/medium_fastapi/tests/test_tutorial/test_response_directly/test_tutorial002.py _
ImportError while importing test module 'D:\NewE\College\Project\project-brain\repo-testing\repos\medium_fastapi\tests\test_tutorial\test_response_directly\test_tutorial002.py'.
Hint: make sure your test modules/packages have valid Python names.
Traceback:
C:\Python314\Lib\importlib\__init__.py:88: in import_module
    return _bootstrap._gcd_import(name[level:], package, level)
           ^^^^^^^^^^^^^^^^^^^^^^^^^^^^^^^^^^^^^^^^^^^^^^^^^^^^
E   ModuleNotFoundError: No module named 'tests.test_tutorial'
_ ERROR collecting repo-testing/repos/medium_fastapi/tests/test_tutorial/test_response_headers/test_tutorial001.py _
ImportError while importing test module 'D:\NewE\College\Project\project-brain\repo-testing\repos\medium_fastapi\tests\test_tutorial\test_response_headers\test_tutorial001.py'.
Hint: make sure your test modules/packages have valid Python names.
Traceback:
C:\Python314\Lib\importlib\__init__.py:88: in import_module
    return _bootstrap._gcd_import(name[level:], package, level)
           ^^^^^^^^^^^^^^^^^^^^^^^^^^^^^^^^^^^^^^^^^^^^^^^^^^^^
E   ModuleNotFoundError: No module named 'tests.test_tutorial'
_ ERROR collecting repo-testing/repos/medium_fastapi/tests/test_tutorial/test_response_headers/test_tutorial002.py _
ImportError while importing test module 'D:\NewE\College\Project\project-brain\repo-testing\repos\medium_fastapi\tests\test_tutorial\test_response_headers\test_tutorial002.py'.
Hint: make sure your test modules/packages have valid Python names.
Traceback:
C:\Python314\Lib\importlib\__init__.py:88: in import_module
    return _bootstrap._gcd_import(name[level:], package, level)
           ^^^^^^^^^^^^^^^^^^^^^^^^^^^^^^^^^^^^^^^^^^^^^^^^^^^^
E   ModuleNotFoundError: No module named 'tests.test_tutorial'
_ ERROR collecting repo-testing/repos/medium_fastapi/tests/test_tutorial/test_response_model/test_tutorial001_tutorial001_01.py _
ImportError while importing test module 'D:\NewE\College\Project\project-brain\repo-testing\repos\medium_fastapi\tests\test_tutorial\test_response_model\test_tutorial001_tutorial001_01.py'.
Hint: make sure your test modules/packages have valid Python names.
Traceback:
C:\Python314\Lib\importlib\__init__.py:88: in import_module
    return _bootstrap._gcd_import(name[level:], package, level)
           ^^^^^^^^^^^^^^^^^^^^^^^^^^^^^^^^^^^^^^^^^^^^^^^^^^^^
E   ModuleNotFoundError: No module named 'tests.test_tutorial'
_ ERROR collecting repo-testing/repos/medium_fastapi/tests/test_tutorial/test_response_model/test_tutorial002.py _
ImportError while importing test module 'D:\NewE\College\Project\project-brain\repo-testing\repos\medium_fastapi\tests\test_tutorial\test_response_model\test_tutorial002.py'.
Hint: make sure your test modules/packages have valid Python names.
Traceback:
C:\Python314\Lib\importlib\__init__.py:88: in import_module
    return _bootstrap._gcd_import(name[level:], package, level)
           ^^^^^^^^^^^^^^^^^^^^^^^^^^^^^^^^^^^^^^^^^^^^^^^^^^^^
E   ModuleNotFoundError: No module named 'tests.test_tutorial'
_ ERROR collecting repo-testing/repos/medium_fastapi/tests/test_tutorial/test_response_model/test_tutorial003.py _
ImportError while importing test module 'D:\NewE\College\Project\project-brain\repo-testing\repos\medium_fastapi\tests\test_tutorial\test_response_model\test_tutorial003.py'.
Hint: make sure your test modules/packages have valid Python names.
Traceback:
C:\Python314\Lib\importlib\__init__.py:88: in import_module
    return _bootstrap._gcd_import(name[level:], package, level)
           ^^^^^^^^^^^^^^^^^^^^^^^^^^^^^^^^^^^^^^^^^^^^^^^^^^^^
E   ModuleNotFoundError: No module named 'tests.test_tutorial'
_ ERROR collecting repo-testing/repos/medium_fastapi/tests/test_tutorial/test_response_model/test_tutorial003_01.py _
ImportError while importing test module 'D:\NewE\College\Project\project-brain\repo-testing\repos\medium_fastapi\tests\test_tutorial\test_response_model\test_tutorial003_01.py'.
Hint: make sure your test modules/packages have valid Python names.
Traceback:
C:\Python314\Lib\importlib\__init__.py:88: in import_module
    return _bootstrap._gcd_import(name[level:], package, level)
           ^^^^^^^^^^^^^^^^^^^^^^^^^^^^^^^^^^^^^^^^^^^^^^^^^^^^
E   ModuleNotFoundError: No module named 'tests.test_tutorial'
_ ERROR collecting repo-testing/repos/medium_fastapi/tests/test_tutorial/test_response_model/test_tutorial003_02.py _
ImportError while importing test module 'D:\NewE\College\Project\project-brain\repo-testing\repos\medium_fastapi\tests\test_tutorial\test_response_model\test_tutorial003_02.py'.
Hint: make sure your test modules/packages have valid Python names.
Traceback:
C:\Python314\Lib\importlib\__init__.py:88: in import_module
    return _bootstrap._gcd_import(name[level:], package, level)
           ^^^^^^^^^^^^^^^^^^^^^^^^^^^^^^^^^^^^^^^^^^^^^^^^^^^^
E   ModuleNotFoundError: No module named 'tests.test_tutorial'
_ ERROR collecting repo-testing/repos/medium_fastapi/tests/test_tutorial/test_response_model/test_tutorial003_03.py _
ImportError while importing test module 'D:\NewE\College\Project\project-brain\repo-testing\repos\medium_fastapi\tests\test_tutorial\test_response_model\test_tutorial003_03.py'.
Hint: make sure your test modules/packages have valid Python names.
Traceback:
C:\Python314\Lib\importlib\__init__.py:88: in import_module
    return _bootstrap._gcd_import(name[level:], package, level)
           ^^^^^^^^^^^^^^^^^^^^^^^^^^^^^^^^^^^^^^^^^^^^^^^^^^^^
E   ModuleNotFoundError: No module named 'tests.test_tutorial'
_ ERROR collecting repo-testing/repos/medium_fastapi/tests/test_tutorial/test_response_model/test_tutorial003_04.py _
ImportError while importing test module 'D:\NewE\College\Project\project-brain\repo-testing\repos\medium_fastapi\tests\test_tutorial\test_response_model\test_tutorial003_04.py'.
Hint: make sure your test modules/packages have valid Python names.
Traceback:
C:\Python314\Lib\importlib\__init__.py:88: in import_module
    return _bootstrap._gcd_import(name[level:], package, level)
           ^^^^^^^^^^^^^^^^^^^^^^^^^^^^^^^^^^^^^^^^^^^^^^^^^^^^
E   ModuleNotFoundError: No module named 'tests.test_tutorial'
_ ERROR collecting repo-testing/repos/medium_fastapi/tests/test_tutorial/test_response_model/test_tutorial003_05.py _
ImportError while importing test module 'D:\NewE\College\Project\project-brain\repo-testing\repos\medium_fastapi\tests\test_tutorial\test_response_model\test_tutorial003_05.py'.
Hint: make sure your test modules/packages have valid Python names.
Traceback:
C:\Python314\Lib\importlib\__init__.py:88: in import_module
    return _bootstrap._gcd_import(name[level:], package, level)
           ^^^^^^^^^^^^^^^^^^^^^^^^^^^^^^^^^^^^^^^^^^^^^^^^^^^^
E   ModuleNotFoundError: No module named 'tests.test_tutorial'
_ ERROR collecting repo-testing/repos/medium_fastapi/tests/test_tutorial/test_response_model/test_tutorial004.py _
ImportError while importing test module 'D:\NewE\College\Project\project-brain\repo-testing\repos\medium_fastapi\tests\test_tutorial\test_response_model\test_tutorial004.py'.
Hint: make sure your test modules/packages have valid Python names.
Traceback:
C:\Python314\Lib\importlib\__init__.py:88: in import_module
    return _bootstrap._gcd_import(name[level:], package, level)
           ^^^^^^^^^^^^^^^^^^^^^^^^^^^^^^^^^^^^^^^^^^^^^^^^^^^^
E   ModuleNotFoundError: No module named 'tests.test_tutorial'
_ ERROR collecting repo-testing/repos/medium_fastapi/tests/test_tutorial/test_response_model/test_tutorial005.py _
ImportError while importing test module 'D:\NewE\College\Project\project-brain\repo-testing\repos\medium_fastapi\tests\test_tutorial\test_response_model\test_tutorial005.py'.
Hint: make sure your test modules/packages have valid Python names.
Traceback:
C:\Python314\Lib\importlib\__init__.py:88: in import_module
    return _bootstrap._gcd_import(name[level:], package, level)
           ^^^^^^^^^^^^^^^^^^^^^^^^^^^^^^^^^^^^^^^^^^^^^^^^^^^^
E   ModuleNotFoundError: No module named 'tests.test_tutorial'
_ ERROR collecting repo-testing/repos/medium_fastapi/tests/test_tutorial/test_response_model/test_tutorial006.py _
ImportError while importing test module 'D:\NewE\College\Project\project-brain\repo-testing\repos\medium_fastapi\tests\test_tutorial\test_response_model\test_tutorial006.py'.
Hint: make sure your test modules/packages have valid Python names.
Traceback:
C:\Python314\Lib\importlib\__init__.py:88: in import_module
    return _bootstrap._gcd_import(name[level:], package, level)
           ^^^^^^^^^^^^^^^^^^^^^^^^^^^^^^^^^^^^^^^^^^^^^^^^^^^^
E   ModuleNotFoundError: No module named 'tests.test_tutorial'
_ ERROR collecting repo-testing/repos/medium_fastapi/tests/test_tutorial/test_response_status_code/test_tutorial001_tutorial002.py _
ImportError while importing test module 'D:\NewE\College\Project\project-brain\repo-testing\repos\medium_fastapi\tests\test_tutorial\test_response_status_code\test_tutorial001_tutorial002.py'.
Hint: make sure your test modules/packages have valid Python names.
Traceback:
C:\Python314\Lib\importlib\__init__.py:88: in import_module
    return _bootstrap._gcd_import(name[level:], package, level)
           ^^^^^^^^^^^^^^^^^^^^^^^^^^^^^^^^^^^^^^^^^^^^^^^^^^^^
E   ModuleNotFoundError: No module named 'tests.test_tutorial'
_ ERROR collecting repo-testing/repos/medium_fastapi/tests/test_tutorial/test_schema_extra_example/test_tutorial001.py _
ImportError while importing test module 'D:\NewE\College\Project\project-brain\repo-testing\repos\medium_fastapi\tests\test_tutorial\test_schema_extra_example\test_tutorial001.py'.
Hint: make sure your test modules/packages have valid Python names.
Traceback:
C:\Python314\Lib\importlib\__init__.py:88: in import_module
    return _bootstrap._gcd_import(name[level:], package, level)
           ^^^^^^^^^^^^^^^^^^^^^^^^^^^^^^^^^^^^^^^^^^^^^^^^^^^^
E   ModuleNotFoundError: No module named 'tests.test_tutorial'
_ ERROR collecting repo-testing/repos/medium_fastapi/tests/test_tutorial/test_schema_extra_example/test_tutorial002.py _
ImportError while importing test module 'D:\NewE\College\Project\project-brain\repo-testing\repos\medium_fastapi\tests\test_tutorial\test_schema_extra_example\test_tutorial002.py'.
Hint: make sure your test modules/packages have valid Python names.
Traceback:
C:\Python314\Lib\importlib\__init__.py:88: in import_module
    return _bootstrap._gcd_import(name[level:], package, level)
           ^^^^^^^^^^^^^^^^^^^^^^^^^^^^^^^^^^^^^^^^^^^^^^^^^^^^
E   ModuleNotFoundError: No module named 'tests.test_tutorial'
_ ERROR collecting repo-testing/repos/medium_fastapi/tests/test_tutorial/test_schema_extra_example/test_tutorial003.py _
ImportError while importing test module 'D:\NewE\College\Project\project-brain\repo-testing\repos\medium_fastapi\tests\test_tutorial\test_schema_extra_example\test_tutorial003.py'.
Hint: make sure your test modules/packages have valid Python names.
Traceback:
C:\Python314\Lib\importlib\__init__.py:88: in import_module
    return _bootstrap._gcd_import(name[level:], package, level)
           ^^^^^^^^^^^^^^^^^^^^^^^^^^^^^^^^^^^^^^^^^^^^^^^^^^^^
E   ModuleNotFoundError: No module named 'tests.test_tutorial'
_ ERROR collecting repo-testing/repos/medium_fastapi/tests/test_tutorial/test_schema_extra_example/test_tutorial004.py _
ImportError while importing test module 'D:\NewE\College\Project\project-brain\repo-testing\repos\medium_fastapi\tests\test_tutorial\test_schema_extra_example\test_tutorial004.py'.
Hint: make sure your test modules/packages have valid Python names.
Traceback:
C:\Python314\Lib\importlib\__init__.py:88: in import_module
    return _bootstrap._gcd_import(name[level:], package, level)
           ^^^^^^^^^^^^^^^^^^^^^^^^^^^^^^^^^^^^^^^^^^^^^^^^^^^^
E   ModuleNotFoundError: No module named 'tests.test_tutorial'
_ ERROR collecting repo-testing/repos/medium_fastapi/tests/test_tutorial/test_schema_extra_example/test_tutorial005.py _
ImportError while importing test module 'D:\NewE\College\Project\project-brain\repo-testing\repos\medium_fastapi\tests\test_tutorial\test_schema_extra_example\test_tutorial005.py'.
Hint: make sure your test modules/packages have valid Python names.
Traceback:
C:\Python314\Lib\importlib\__init__.py:88: in import_module
    return _bootstrap._gcd_import(name[level:], package, level)
           ^^^^^^^^^^^^^^^^^^^^^^^^^^^^^^^^^^^^^^^^^^^^^^^^^^^^
E   ModuleNotFoundError: No module named 'tests.test_tutorial'
_ ERROR collecting repo-testing/repos/medium_fastapi/tests/test_tutorial/test_security/test_tutorial001.py _
ImportError while importing test module 'D:\NewE\College\Project\project-brain\repo-testing\repos\medium_fastapi\tests\test_tutorial\test_security\test_tutorial001.py'.
Hint: make sure your test modules/packages have valid Python names.
Traceback:
C:\Python314\Lib\importlib\__init__.py:88: in import_module
    return _bootstrap._gcd_import(name[level:], package, level)
           ^^^^^^^^^^^^^^^^^^^^^^^^^^^^^^^^^^^^^^^^^^^^^^^^^^^^
E   ModuleNotFoundError: No module named 'tests.test_tutorial'
_ ERROR collecting repo-testing/repos/medium_fastapi/tests/test_tutorial/test_security/test_tutorial002.py _
ImportError while importing test module 'D:\NewE\College\Project\project-brain\repo-testing\repos\medium_fastapi\tests\test_tutorial\test_security\test_tutorial002.py'.
Hint: make sure your test modules/packages have valid Python names.
Traceback:
C:\Python314\Lib\importlib\__init__.py:88: in import_module
    return _bootstrap._gcd_import(name[level:], package, level)
           ^^^^^^^^^^^^^^^^^^^^^^^^^^^^^^^^^^^^^^^^^^^^^^^^^^^^
E   ModuleNotFoundError: No module named 'tests.test_tutorial'
_ ERROR collecting repo-testing/repos/medium_fastapi/tests/test_tutorial/test_security/test_tutorial003.py _
ImportError while importing test module 'D:\NewE\College\Project\project-brain\repo-testing\repos\medium_fastapi\tests\test_tutorial\test_security\test_tutorial003.py'.
Hint: make sure your test modules/packages have valid Python names.
Traceback:
C:\Python314\Lib\importlib\__init__.py:88: in import_module
    return _bootstrap._gcd_import(name[level:], package, level)
           ^^^^^^^^^^^^^^^^^^^^^^^^^^^^^^^^^^^^^^^^^^^^^^^^^^^^
E   ModuleNotFoundError: No module named 'tests.test_tutorial'
_ ERROR collecting repo-testing/repos/medium_fastapi/tests/test_tutorial/test_security/test_tutorial004.py _
ImportError while importing test module 'D:\NewE\College\Project\project-brain\repo-testing\repos\medium_fastapi\tests\test_tutorial\test_security\test_tutorial004.py'.
Hint: make sure your test modules/packages have valid Python names.
Traceback:
C:\Python314\Lib\importlib\__init__.py:88: in import_module
    return _bootstrap._gcd_import(name[level:], package, level)
           ^^^^^^^^^^^^^^^^^^^^^^^^^^^^^^^^^^^^^^^^^^^^^^^^^^^^
E   ModuleNotFoundError: No module named 'tests.test_tutorial'
_ ERROR collecting repo-testing/repos/medium_fastapi/tests/test_tutorial/test_security/test_tutorial005.py _
ImportError while importing test module 'D:\NewE\College\Project\project-brain\repo-testing\repos\medium_fastapi\tests\test_tutorial\test_security\test_tutorial005.py'.
Hint: make sure your test modules/packages have valid Python names.
Traceback:
C:\Python314\Lib\importlib\__init__.py:88: in import_module
    return _bootstrap._gcd_import(name[level:], package, level)
           ^^^^^^^^^^^^^^^^^^^^^^^^^^^^^^^^^^^^^^^^^^^^^^^^^^^^
E   ModuleNotFoundError: No module named 'tests.test_tutorial'
_ ERROR collecting repo-testing/repos/medium_fastapi/tests/test_tutorial/test_security/test_tutorial006.py _
ImportError while importing test module 'D:\NewE\College\Project\project-brain\repo-testing\repos\medium_fastapi\tests\test_tutorial\test_security\test_tutorial006.py'.
Hint: make sure your test modules/packages have valid Python names.
Traceback:
C:\Python314\Lib\importlib\__init__.py:88: in import_module
    return _bootstrap._gcd_import(name[level:], package, level)
           ^^^^^^^^^^^^^^^^^^^^^^^^^^^^^^^^^^^^^^^^^^^^^^^^^^^^
E   ModuleNotFoundError: No module named 'tests.test_tutorial'
_ ERROR collecting repo-testing/repos/medium_fastapi/tests/test_tutorial/test_security/test_tutorial007.py _
ImportError while importing test module 'D:\NewE\College\Project\project-brain\repo-testing\repos\medium_fastapi\tests\test_tutorial\test_security\test_tutorial007.py'.
Hint: make sure your test modules/packages have valid Python names.
Traceback:
C:\Python314\Lib\importlib\__init__.py:88: in import_module
    return _bootstrap._gcd_import(name[level:], package, level)
           ^^^^^^^^^^^^^^^^^^^^^^^^^^^^^^^^^^^^^^^^^^^^^^^^^^^^
E   ModuleNotFoundError: No module named 'tests.test_tutorial'
_ ERROR collecting repo-testing/repos/medium_fastapi/tests/test_tutorial/test_separate_openapi_schemas/test_tutorial001.py _
ImportError while importing test module 'D:\NewE\College\Project\project-brain\repo-testing\repos\medium_fastapi\tests\test_tutorial\test_separate_openapi_schemas\test_tutorial001.py'.
Hint: make sure your test modules/packages have valid Python names.
Traceback:
C:\Python314\Lib\importlib\__init__.py:88: in import_module
    return _bootstrap._gcd_import(name[level:], package, level)
           ^^^^^^^^^^^^^^^^^^^^^^^^^^^^^^^^^^^^^^^^^^^^^^^^^^^^
E   ModuleNotFoundError: No module named 'tests.test_tutorial'
_ ERROR collecting repo-testing/repos/medium_fastapi/tests/test_tutorial/test_separate_openapi_schemas/test_tutorial002.py _
ImportError while importing test module 'D:\NewE\College\Project\project-brain\repo-testing\repos\medium_fastapi\tests\test_tutorial\test_separate_openapi_schemas\test_tutorial002.py'.
Hint: make sure your test modules/packages have valid Python names.
Traceback:
C:\Python314\Lib\importlib\__init__.py:88: in import_module
    return _bootstrap._gcd_import(name[level:], package, level)
           ^^^^^^^^^^^^^^^^^^^^^^^^^^^^^^^^^^^^^^^^^^^^^^^^^^^^
E   ModuleNotFoundError: No module named 'tests.test_tutorial'
_ ERROR collecting repo-testing/repos/medium_fastapi/tests/test_tutorial/test_server_sent_events/test_tutorial001.py _
ImportError while importing test module 'D:\NewE\College\Project\project-brain\repo-testing\repos\medium_fastapi\tests\test_tutorial\test_server_sent_events\test_tutorial001.py'.
Hint: make sure your test modules/packages have valid Python names.
Traceback:
C:\Python314\Lib\importlib\__init__.py:88: in import_module
    return _bootstrap._gcd_import(name[level:], package, level)
           ^^^^^^^^^^^^^^^^^^^^^^^^^^^^^^^^^^^^^^^^^^^^^^^^^^^^
E   ModuleNotFoundError: No module named 'tests.test_tutorial'
_ ERROR collecting repo-testing/repos/medium_fastapi/tests/test_tutorial/test_server_sent_events/test_tutorial002.py _
ImportError while importing test module 'D:\NewE\College\Project\project-brain\repo-testing\repos\medium_fastapi\tests\test_tutorial\test_server_sent_events\test_tutorial002.py'.
Hint: make sure your test modules/packages have valid Python names.
Traceback:
C:\Python314\Lib\importlib\__init__.py:88: in import_module
    return _bootstrap._gcd_import(name[level:], package, level)
           ^^^^^^^^^^^^^^^^^^^^^^^^^^^^^^^^^^^^^^^^^^^^^^^^^^^^
E   ModuleNotFoundError: No module named 'tests.test_tutorial'
_ ERROR collecting repo-testing/repos/medium_fastapi/tests/test_tutorial/test_server_sent_events/test_tutorial003.py _
ImportError while importing test module 'D:\NewE\College\Project\project-brain\repo-testing\repos\medium_fastapi\tests\test_tutorial\test_server_sent_events\test_tutorial003.py'.
Hint: make sure your test modules/packages have valid Python names.
Traceback:
C:\Python314\Lib\importlib\__init__.py:88: in import_module
    return _bootstrap._gcd_import(name[level:], package, level)
           ^^^^^^^^^^^^^^^^^^^^^^^^^^^^^^^^^^^^^^^^^^^^^^^^^^^^
E   ModuleNotFoundError: No module named 'tests.test_tutorial'
_ ERROR collecting repo-testing/repos/medium_fastapi/tests/test_tutorial/test_server_sent_events/test_tutorial004.py _
ImportError while importing test module 'D:\NewE\College\Project\project-brain\repo-testing\repos\medium_fastapi\tests\test_tutorial\test_server_sent_events\test_tutorial004.py'.
Hint: make sure your test modules/packages have valid Python names.
Traceback:
C:\Python314\Lib\importlib\__init__.py:88: in import_module
    return _bootstrap._gcd_import(name[level:], package, level)
           ^^^^^^^^^^^^^^^^^^^^^^^^^^^^^^^^^^^^^^^^^^^^^^^^^^^^
E   ModuleNotFoundError: No module named 'tests.test_tutorial'
_ ERROR collecting repo-testing/repos/medium_fastapi/tests/test_tutorial/test_server_sent_events/test_tutorial005.py _
ImportError while importing test module 'D:\NewE\College\Project\project-brain\repo-testing\repos\medium_fastapi\tests\test_tutorial\test_server_sent_events\test_tutorial005.py'.
Hint: make sure your test modules/packages have valid Python names.
Traceback:
C:\Python314\Lib\importlib\__init__.py:88: in import_module
    return _bootstrap._gcd_import(name[level:], package, level)
           ^^^^^^^^^^^^^^^^^^^^^^^^^^^^^^^^^^^^^^^^^^^^^^^^^^^^
E   ModuleNotFoundError: No module named 'tests.test_tutorial'
_ ERROR collecting repo-testing/repos/medium_fastapi/tests/test_tutorial/test_settings/test_app01.py _
ImportError while importing test module 'D:\NewE\College\Project\project-brain\repo-testing\repos\medium_fastapi\tests\test_tutorial\test_settings\test_app01.py'.
Hint: make sure your test modules/packages have valid Python names.
Traceback:
C:\Python314\Lib\importlib\__init__.py:88: in import_module
    return _bootstrap._gcd_import(name[level:], package, level)
           ^^^^^^^^^^^^^^^^^^^^^^^^^^^^^^^^^^^^^^^^^^^^^^^^^^^^
E   ModuleNotFoundError: No module named 'tests.test_tutorial'
_ ERROR collecting repo-testing/repos/medium_fastapi/tests/test_tutorial/test_settings/test_app02.py _
ImportError while importing test module 'D:\NewE\College\Project\project-brain\repo-testing\repos\medium_fastapi\tests\test_tutorial\test_settings\test_app02.py'.
Hint: make sure your test modules/packages have valid Python names.
Traceback:
C:\Python314\Lib\importlib\__init__.py:88: in import_module
    return _bootstrap._gcd_import(name[level:], package, level)
           ^^^^^^^^^^^^^^^^^^^^^^^^^^^^^^^^^^^^^^^^^^^^^^^^^^^^
E   ModuleNotFoundError: No module named 'tests.test_tutorial'
_ ERROR collecting repo-testing/repos/medium_fastapi/tests/test_tutorial/test_settings/test_app03.py _
ImportError while importing test module 'D:\NewE\College\Project\project-brain\repo-testing\repos\medium_fastapi\tests\test_tutorial\test_settings\test_app03.py'.
Hint: make sure your test modules/packages have valid Python names.
Traceback:
C:\Python314\Lib\importlib\__init__.py:88: in import_module
    return _bootstrap._gcd_import(name[level:], package, level)
           ^^^^^^^^^^^^^^^^^^^^^^^^^^^^^^^^^^^^^^^^^^^^^^^^^^^^
E   ModuleNotFoundError: No module named 'tests.test_tutorial'
_ ERROR collecting repo-testing/repos/medium_fastapi/tests/test_tutorial/test_settings/test_tutorial001.py _
ImportError while importing test module 'D:\NewE\College\Project\project-brain\repo-testing\repos\medium_fastapi\tests\test_tutorial\test_settings\test_tutorial001.py'.
Hint: make sure your test modules/packages have valid Python names.
Traceback:
C:\Python314\Lib\importlib\__init__.py:88: in import_module
    return _bootstrap._gcd_import(name[level:], package, level)
           ^^^^^^^^^^^^^^^^^^^^^^^^^^^^^^^^^^^^^^^^^^^^^^^^^^^^
E   ModuleNotFoundError: No module named 'tests.test_tutorial'
_ ERROR collecting repo-testing/repos/medium_fastapi/tests/test_tutorial/test_sql_databases/test_tutorial001.py _
ImportError while importing test module 'D:\NewE\College\Project\project-brain\repo-testing\repos\medium_fastapi\tests\test_tutorial\test_sql_databases\test_tutorial001.py'.
Hint: make sure your test modules/packages have valid Python names.
Traceback:
C:\Python314\Lib\importlib\__init__.py:88: in import_module
    return _bootstrap._gcd_import(name[level:], package, level)
           ^^^^^^^^^^^^^^^^^^^^^^^^^^^^^^^^^^^^^^^^^^^^^^^^^^^^
E   ModuleNotFoundError: No module named 'tests.test_tutorial'
_ ERROR collecting repo-testing/repos/medium_fastapi/tests/test_tutorial/test_sql_databases/test_tutorial002.py _
ImportError while importing test module 'D:\NewE\College\Project\project-brain\repo-testing\repos\medium_fastapi\tests\test_tutorial\test_sql_databases\test_tutorial002.py'.
Hint: make sure your test modules/packages have valid Python names.
Traceback:
C:\Python314\Lib\importlib\__init__.py:88: in import_module
    return _bootstrap._gcd_import(name[level:], package, level)
           ^^^^^^^^^^^^^^^^^^^^^^^^^^^^^^^^^^^^^^^^^^^^^^^^^^^^
E   ModuleNotFoundError: No module named 'tests.test_tutorial'
_ ERROR collecting repo-testing/repos/medium_fastapi/tests/test_tutorial/test_static_files/test_tutorial001.py _
ImportError while importing test module 'D:\NewE\College\Project\project-brain\repo-testing\repos\medium_fastapi\tests\test_tutorial\test_static_files\test_tutorial001.py'.
Hint: make sure your test modules/packages have valid Python names.
Traceback:
C:\Python314\Lib\importlib\__init__.py:88: in import_module
    return _bootstrap._gcd_import(name[level:], package, level)
           ^^^^^^^^^^^^^^^^^^^^^^^^^^^^^^^^^^^^^^^^^^^^^^^^^^^^
E   ModuleNotFoundError: No module named 'tests.test_tutorial'
_ ERROR collecting repo-testing/repos/medium_fastapi/tests/test_tutorial/test_stream_data/test_tutorial001.py _
ImportError while importing test module 'D:\NewE\College\Project\project-brain\repo-testing\repos\medium_fastapi\tests\test_tutorial\test_stream_data\test_tutorial001.py'.
Hint: make sure your test modules/packages have valid Python names.
Traceback:
C:\Python314\Lib\importlib\__init__.py:88: in import_module
    return _bootstrap._gcd_import(name[level:], package, level)
           ^^^^^^^^^^^^^^^^^^^^^^^^^^^^^^^^^^^^^^^^^^^^^^^^^^^^
E   ModuleNotFoundError: No module named 'tests.test_tutorial'
_ ERROR collecting repo-testing/repos/medium_fastapi/tests/test_tutorial/test_stream_data/test_tutorial002.py _
ImportError while importing test module 'D:\NewE\College\Project\project-brain\repo-testing\repos\medium_fastapi\tests\test_tutorial\test_stream_data\test_tutorial002.py'.
Hint: make sure your test modules/packages have valid Python names.
Traceback:
C:\Python314\Lib\importlib\__init__.py:88: in import_module
    return _bootstrap._gcd_import(name[level:], package, level)
           ^^^^^^^^^^^^^^^^^^^^^^^^^^^^^^^^^^^^^^^^^^^^^^^^^^^^
E   ModuleNotFoundError: No module named 'tests.test_tutorial'
_ ERROR collecting repo-testing/repos/medium_fastapi/tests/test_tutorial/test_stream_json_lines/test_tutorial001.py _
ImportError while importing test module 'D:\NewE\College\Project\project-brain\repo-testing\repos\medium_fastapi\tests\test_tutorial\test_stream_json_lines\test_tutorial001.py'.
Hint: make sure your test modules/packages have valid Python names.
Traceback:
C:\Python314\Lib\importlib\__init__.py:88: in import_module
    return _bootstrap._gcd_import(name[level:], package, level)
           ^^^^^^^^^^^^^^^^^^^^^^^^^^^^^^^^^^^^^^^^^^^^^^^^^^^^
E   ModuleNotFoundError: No module named 'tests.test_tutorial'
_ ERROR collecting repo-testing/repos/medium_fastapi/tests/test_tutorial/test_strict_content_type/test_tutorial001.py _
ImportError while importing test module 'D:\NewE\College\Project\project-brain\repo-testing\repos\medium_fastapi\tests\test_tutorial\test_strict_content_type\test_tutorial001.py'.
Hint: make sure your test modules/packages have valid Python names.
Traceback:
C:\Python314\Lib\importlib\__init__.py:88: in import_module
    return _bootstrap._gcd_import(name[level:], package, level)
           ^^^^^^^^^^^^^^^^^^^^^^^^^^^^^^^^^^^^^^^^^^^^^^^^^^^^
E   ModuleNotFoundError: No module named 'tests.test_tutorial'
_ ERROR collecting repo-testing/repos/medium_fastapi/tests/test_tutorial/test_sub_applications/test_tutorial001.py _
ImportError while importing test module 'D:\NewE\College\Project\project-brain\repo-testing\repos\medium_fastapi\tests\test_tutorial\test_sub_applications\test_tutorial001.py'.
Hint: make sure your test modules/packages have valid Python names.
Traceback:
C:\Python314\Lib\importlib\__init__.py:88: in import_module
    return _bootstrap._gcd_import(name[level:], package, level)
           ^^^^^^^^^^^^^^^^^^^^^^^^^^^^^^^^^^^^^^^^^^^^^^^^^^^^
E   ModuleNotFoundError: No module named 'tests.test_tutorial'
_ ERROR collecting repo-testing/repos/medium_fastapi/tests/test_tutorial/test_templates/test_tutorial001.py _
ImportError while importing test module 'D:\NewE\College\Project\project-brain\repo-testing\repos\medium_fastapi\tests\test_tutorial\test_templates\test_tutorial001.py'.
Hint: make sure your test modules/packages have valid Python names.
Traceback:
C:\Python314\Lib\importlib\__init__.py:88: in import_module
    return _bootstrap._gcd_import(name[level:], package, level)
           ^^^^^^^^^^^^^^^^^^^^^^^^^^^^^^^^^^^^^^^^^^^^^^^^^^^^
E   ModuleNotFoundError: No module named 'tests.test_tutorial'
_ ERROR collecting repo-testing/repos/medium_fastapi/tests/test_tutorial/test_testing/test_main_a.py _
ImportError while importing test module 'D:\NewE\College\Project\project-brain\repo-testing\repos\medium_fastapi\tests\test_tutorial\test_testing\test_main_a.py'.
Hint: make sure your test modules/packages have valid Python names.
Traceback:
C:\Python314\Lib\importlib\__init__.py:88: in import_module
    return _bootstrap._gcd_import(name[level:], package, level)
           ^^^^^^^^^^^^^^^^^^^^^^^^^^^^^^^^^^^^^^^^^^^^^^^^^^^^
E   ModuleNotFoundError: No module named 'tests.test_tutorial'
_ ERROR collecting repo-testing/repos/medium_fastapi/tests/test_tutorial/test_testing/test_main_b.py _
ImportError while importing test module 'D:\NewE\College\Project\project-brain\repo-testing\repos\medium_fastapi\tests\test_tutorial\test_testing\test_main_b.py'.
Hint: make sure your test modules/packages have valid Python names.
Traceback:
C:\Python314\Lib\importlib\__init__.py:88: in import_module
    return _bootstrap._gcd_import(name[level:], package, level)
           ^^^^^^^^^^^^^^^^^^^^^^^^^^^^^^^^^^^^^^^^^^^^^^^^^^^^
E   ModuleNotFoundError: No module named 'tests.test_tutorial'
_ ERROR collecting repo-testing/repos/medium_fastapi/tests/test_tutorial/test_testing/test_tutorial001.py _
ImportError while importing test module 'D:\NewE\College\Project\project-brain\repo-testing\repos\medium_fastapi\tests\test_tutorial\test_testing\test_tutorial001.py'.
Hint: make sure your test modules/packages have valid Python names.
Traceback:
C:\Python314\Lib\importlib\__init__.py:88: in import_module
    return _bootstrap._gcd_import(name[level:], package, level)
           ^^^^^^^^^^^^^^^^^^^^^^^^^^^^^^^^^^^^^^^^^^^^^^^^^^^^
E   ModuleNotFoundError: No module named 'tests.test_tutorial'
_ ERROR collecting repo-testing/repos/medium_fastapi/tests/test_tutorial/test_testing/test_tutorial002.py _
ImportError while importing test module 'D:\NewE\College\Project\project-brain\repo-testing\repos\medium_fastapi\tests\test_tutorial\test_testing\test_tutorial002.py'.
Hint: make sure your test modules/packages have valid Python names.
Traceback:
C:\Python314\Lib\importlib\__init__.py:88: in import_module
    return _bootstrap._gcd_import(name[level:], package, level)
           ^^^^^^^^^^^^^^^^^^^^^^^^^^^^^^^^^^^^^^^^^^^^^^^^^^^^
E   ModuleNotFoundError: No module named 'tests.test_tutorial'
_ ERROR collecting repo-testing/repos/medium_fastapi/tests/test_tutorial/test_testing/test_tutorial003.py _
ImportError while importing test module 'D:\NewE\College\Project\project-brain\repo-testing\repos\medium_fastapi\tests\test_tutorial\test_testing\test_tutorial003.py'.
Hint: make sure your test modules/packages have valid Python names.
Traceback:
C:\Python314\Lib\importlib\__init__.py:88: in import_module
    return _bootstrap._gcd_import(name[level:], package, level)
           ^^^^^^^^^^^^^^^^^^^^^^^^^^^^^^^^^^^^^^^^^^^^^^^^^^^^
E   ModuleNotFoundError: No module named 'tests.test_tutorial'
_ ERROR collecting repo-testing/repos/medium_fastapi/tests/test_tutorial/test_testing/test_tutorial004.py _
ImportError while importing test module 'D:\NewE\College\Project\project-brain\repo-testing\repos\medium_fastapi\tests\test_tutorial\test_testing\test_tutorial004.py'.
Hint: make sure your test modules/packages have valid Python names.
Traceback:
C:\Python314\Lib\importlib\__init__.py:88: in import_module
    return _bootstrap._gcd_import(name[level:], package, level)
           ^^^^^^^^^^^^^^^^^^^^^^^^^^^^^^^^^^^^^^^^^^^^^^^^^^^^
E   ModuleNotFoundError: No module named 'tests.test_tutorial'
_ ERROR collecting repo-testing/repos/medium_fastapi/tests/test_tutorial/test_testing_dependencies/test_tutorial001.py _
ImportError while importing test module 'D:\NewE\College\Project\project-brain\repo-testing\repos\medium_fastapi\tests\test_tutorial\test_testing_dependencies\test_tutorial001.py'.
Hint: make sure your test modules/packages have valid Python names.
Traceback:
C:\Python314\Lib\importlib\__init__.py:88: in import_module
    return _bootstrap._gcd_import(name[level:], package, level)
           ^^^^^^^^^^^^^^^^^^^^^^^^^^^^^^^^^^^^^^^^^^^^^^^^^^^^
E   ModuleNotFoundError: No module named 'tests.test_tutorial'
_ ERROR collecting repo-testing/repos/medium_fastapi/tests/test_tutorial/test_using_request_directly/test_tutorial001.py _
ImportError while importing test module 'D:\NewE\College\Project\project-brain\repo-testing\repos\medium_fastapi\tests\test_tutorial\test_using_request_directly\test_tutorial001.py'.
Hint: make sure your test modules/packages have valid Python names.
Traceback:
C:\Python314\Lib\importlib\__init__.py:88: in import_module
    return _bootstrap._gcd_import(name[level:], package, level)
           ^^^^^^^^^^^^^^^^^^^^^^^^^^^^^^^^^^^^^^^^^^^^^^^^^^^^
E   ModuleNotFoundError: No module named 'tests.test_tutorial'
_ ERROR collecting repo-testing/repos/medium_fastapi/tests/test_tutorial/test_websockets/test_tutorial001.py _
ImportError while importing test module 'D:\NewE\College\Project\project-brain\repo-testing\repos\medium_fastapi\tests\test_tutorial\test_websockets\test_tutorial001.py'.
Hint: make sure your test modules/packages have valid Python names.
Traceback:
C:\Python314\Lib\importlib\__init__.py:88: in import_module
    return _bootstrap._gcd_import(name[level:], package, level)
           ^^^^^^^^^^^^^^^^^^^^^^^^^^^^^^^^^^^^^^^^^^^^^^^^^^^^
E   ModuleNotFoundError: No module named 'tests.test_tutorial'
_ ERROR collecting repo-testing/repos/medium_fastapi/tests/test_tutorial/test_websockets/test_tutorial002.py _
ImportError while importing test module 'D:\NewE\College\Project\project-brain\repo-testing\repos\medium_fastapi\tests\test_tutorial\test_websockets\test_tutorial002.py'.
Hint: make sure your test modules/packages have valid Python names.
Traceback:
C:\Python314\Lib\importlib\__init__.py:88: in import_module
    return _bootstrap._gcd_import(name[level:], package, level)
           ^^^^^^^^^^^^^^^^^^^^^^^^^^^^^^^^^^^^^^^^^^^^^^^^^^^^
E   ModuleNotFoundError: No module named 'tests.test_tutorial'
_ ERROR collecting repo-testing/repos/medium_fastapi/tests/test_tutorial/test_websockets/test_tutorial003.py _
ImportError while importing test module 'D:\NewE\College\Project\project-brain\repo-testing\repos\medium_fastapi\tests\test_tutorial\test_websockets\test_tutorial003.py'.
Hint: make sure your test modules/packages have valid Python names.
Traceback:
C:\Python314\Lib\importlib\__init__.py:88: in import_module
    return _bootstrap._gcd_import(name[level:], package, level)
           ^^^^^^^^^^^^^^^^^^^^^^^^^^^^^^^^^^^^^^^^^^^^^^^^^^^^
E   ModuleNotFoundError: No module named 'tests.test_tutorial'
_ ERROR collecting repo-testing/repos/medium_fastapi/tests/test_tutorial/test_wsgi/test_tutorial001.py _
ImportError while importing test module 'D:\NewE\College\Project\project-brain\repo-testing\repos\medium_fastapi\tests\test_tutorial\test_wsgi\test_tutorial001.py'.
Hint: make sure your test modules/packages have valid Python names.
Traceback:
C:\Python314\Lib\importlib\__init__.py:88: in import_module
    return _bootstrap._gcd_import(name[level:], package, level)
           ^^^^^^^^^^^^^^^^^^^^^^^^^^^^^^^^^^^^^^^^^^^^^^^^^^^^
E   ModuleNotFoundError: No module named 'tests.test_tutorial'
_ ERROR collecting repo-testing/repos/medium_fastapi/tests/test_typing_python39.py _
ImportError while importing test module 'D:\NewE\College\Project\project-brain\repo-testing\repos\medium_fastapi\tests\test_typing_python39.py'.
Hint: make sure your test modules/packages have valid Python names.
Traceback:
C:\Python314\Lib\importlib\__init__.py:88: in import_module
    return _bootstrap._gcd_import(name[level:], package, level)
           ^^^^^^^^^^^^^^^^^^^^^^^^^^^^^^^^^^^^^^^^^^^^^^^^^^^^
E   ModuleNotFoundError: No module named 'tests.test_typing_python39'
_ ERROR collecting repo-testing/repos/medium_fastapi/tests/test_union_body.py _
ImportError while importing test module 'D:\NewE\College\Project\project-brain\repo-testing\repos\medium_fastapi\tests\test_union_body.py'.
Hint: make sure your test modules/packages have valid Python names.
Traceback:
C:\Python314\Lib\importlib\__init__.py:88: in import_module
    return _bootstrap._gcd_import(name[level:], package, level)
           ^^^^^^^^^^^^^^^^^^^^^^^^^^^^^^^^^^^^^^^^^^^^^^^^^^^^
E   ModuleNotFoundError: No module named 'tests.test_union_body'
_ ERROR collecting repo-testing/repos/medium_fastapi/tests/test_union_body_discriminator.py _
ImportError while importing test module 'D:\NewE\College\Project\project-brain\repo-testing\repos\medium_fastapi\tests\test_union_body_discriminator.py'.
Hint: make sure your test modules/packages have valid Python names.
Traceback:
C:\Python314\Lib\importlib\__init__.py:88: in import_module
    return _bootstrap._gcd_import(name[level:], package, level)
           ^^^^^^^^^^^^^^^^^^^^^^^^^^^^^^^^^^^^^^^^^^^^^^^^^^^^
E   ModuleNotFoundError: No module named 'tests.test_union_body_discriminator'
_ ERROR collecting repo-testing/repos/medium_fastapi/tests/test_union_body_discriminator_annotated.py _
ImportError while importing test module 'D:\NewE\College\Project\project-brain\repo-testing\repos\medium_fastapi\tests\test_union_body_discriminator_annotated.py'.
Hint: make sure your test modules/packages have valid Python names.
Traceback:
C:\Python314\Lib\importlib\__init__.py:88: in import_module
    return _bootstrap._gcd_import(name[level:], package, level)
           ^^^^^^^^^^^^^^^^^^^^^^^^^^^^^^^^^^^^^^^^^^^^^^^^^^^^
E   ModuleNotFoundError: No module named 'tests.test_union_body_discriminator_annotated'
_ ERROR collecting repo-testing/repos/medium_fastapi/tests/test_union_forms.py _
ImportError while importing test module 'D:\NewE\College\Project\project-brain\repo-testing\repos\medium_fastapi\tests\test_union_forms.py'.
Hint: make sure your test modules/packages have valid Python names.
Traceback:
C:\Python314\Lib\importlib\__init__.py:88: in import_module
    return _bootstrap._gcd_import(name[level:], package, level)
           ^^^^^^^^^^^^^^^^^^^^^^^^^^^^^^^^^^^^^^^^^^^^^^^^^^^^
E   ModuleNotFoundError: No module named 'tests.test_union_forms'
_ ERROR collecting repo-testing/repos/medium_fastapi/tests/test_union_inherited_body.py _
ImportError while importing test module 'D:\NewE\College\Project\project-brain\repo-testing\repos\medium_fastapi\tests\test_union_inherited_body.py'.
Hint: make sure your test modules/packages have valid Python names.
Traceback:
C:\Python314\Lib\importlib\__init__.py:88: in import_module
    return _bootstrap._gcd_import(name[level:], package, level)
           ^^^^^^^^^^^^^^^^^^^^^^^^^^^^^^^^^^^^^^^^^^^^^^^^^^^^
E   ModuleNotFoundError: No module named 'tests.test_union_inherited_body'
_ ERROR collecting repo-testing/repos/medium_fastapi/tests/test_validate_response.py _
ImportError while importing test module 'D:\NewE\College\Project\project-brain\repo-testing\repos\medium_fastapi\tests\test_validate_response.py'.
Hint: make sure your test modules/packages have valid Python names.
Traceback:
C:\Python314\Lib\importlib\__init__.py:88: in import_module
    return _bootstrap._gcd_import(name[level:], package, level)
           ^^^^^^^^^^^^^^^^^^^^^^^^^^^^^^^^^^^^^^^^^^^^^^^^^^^^
E   ModuleNotFoundError: No module named 'tests.test_validate_response'
_ ERROR collecting repo-testing/repos/medium_fastapi/tests/test_validate_response_dataclass.py _
ImportError while importing test module 'D:\NewE\College\Project\project-brain\repo-testing\repos\medium_fastapi\tests\test_validate_response_dataclass.py'.
Hint: make sure your test modules/packages have valid Python names.
Traceback:
C:\Python314\Lib\importlib\__init__.py:88: in import_module
    return _bootstrap._gcd_import(name[level:], package, level)
           ^^^^^^^^^^^^^^^^^^^^^^^^^^^^^^^^^^^^^^^^^^^^^^^^^^^^
E   ModuleNotFoundError: No module named 'tests.test_validate_response_dataclass'
_ ERROR collecting repo-testing/repos/medium_fastapi/tests/test_validate_response_recursive/test_validate_response_recursive.py _
ImportError while importing test module 'D:\NewE\College\Project\project-brain\repo-testing\repos\medium_fastapi\tests\test_validate_response_recursive\test_validate_response_recursive.py'.
Hint: make sure your test modules/packages have valid Python names.
Traceback:
C:\Python314\Lib\importlib\__init__.py:88: in import_module
    return _bootstrap._gcd_import(name[level:], package, level)
           ^^^^^^^^^^^^^^^^^^^^^^^^^^^^^^^^^^^^^^^^^^^^^^^^^^^^
E   ModuleNotFoundError: No module named 'tests.test_validate_response_recursive'
_ ERROR collecting repo-testing/repos/medium_fastapi/tests/test_validation_error_context.py _
ImportError while importing test module 'D:\NewE\College\Project\project-brain\repo-testing\repos\medium_fastapi\tests\test_validation_error_context.py'.
Hint: make sure your test modules/packages have valid Python names.
Traceback:
C:\Python314\Lib\importlib\__init__.py:88: in import_module
    return _bootstrap._gcd_import(name[level:], package, level)
           ^^^^^^^^^^^^^^^^^^^^^^^^^^^^^^^^^^^^^^^^^^^^^^^^^^^^
E   ModuleNotFoundError: No module named 'tests.test_validation_error_context'
_ ERROR collecting repo-testing/repos/medium_fastapi/tests/test_webhooks_security.py _
ImportError while importing test module 'D:\NewE\College\Project\project-brain\repo-testing\repos\medium_fastapi\tests\test_webhooks_security.py'.
Hint: make sure your test modules/packages have valid Python names.
Traceback:
C:\Python314\Lib\importlib\__init__.py:88: in import_module
    return _bootstrap._gcd_import(name[level:], package, level)
           ^^^^^^^^^^^^^^^^^^^^^^^^^^^^^^^^^^^^^^^^^^^^^^^^^^^^
E   ModuleNotFoundError: No module named 'tests.test_webhooks_security'
_ ERROR collecting repo-testing/repos/medium_fastapi/tests/test_wrapped_method_forward_reference.py _
ImportError while importing test module 'D:\NewE\College\Project\project-brain\repo-testing\repos\medium_fastapi\tests\test_wrapped_method_forward_reference.py'.
Hint: make sure your test modules/packages have valid Python names.
Traceback:
C:\Python314\Lib\importlib\__init__.py:88: in import_module
    return _bootstrap._gcd_import(name[level:], package, level)
           ^^^^^^^^^^^^^^^^^^^^^^^^^^^^^^^^^^^^^^^^^^^^^^^^^^^^
E   ModuleNotFoundError: No module named 'tests.test_wrapped_method_forward_reference'
_ ERROR collecting repo-testing/repos/medium_fastapi/tests/test_ws_dependencies.py _
ImportError while importing test module 'D:\NewE\College\Project\project-brain\repo-testing\repos\medium_fastapi\tests\test_ws_dependencies.py'.
Hint: make sure your test modules/packages have valid Python names.
Traceback:
C:\Python314\Lib\importlib\__init__.py:88: in import_module
    return _bootstrap._gcd_import(name[level:], package, level)
           ^^^^^^^^^^^^^^^^^^^^^^^^^^^^^^^^^^^^^^^^^^^^^^^^^^^^
E   ModuleNotFoundError: No module named 'tests.test_ws_dependencies'
_ ERROR collecting repo-testing/repos/medium_fastapi/tests/test_ws_router.py __
ImportError while importing test module 'D:\NewE\College\Project\project-brain\repo-testing\repos\medium_fastapi\tests\test_ws_router.py'.
Hint: make sure your test modules/packages have valid Python names.
Traceback:
C:\Python314\Lib\importlib\__init__.py:88: in import_module
    return _bootstrap._gcd_import(name[level:], package, level)
           ^^^^^^^^^^^^^^^^^^^^^^^^^^^^^^^^^^^^^^^^^^^^^^^^^^^^
E   ModuleNotFoundError: No module named 'tests.test_ws_router'
____________ ERROR collecting repo-testing/repos/medium_rich/tests ____________
env\Lib\site-packages\_pytest\config\__init__.py:731: in _importconftest
    mod = import_path(
env\Lib\site-packages\_pytest\pathlib.py:610: in import_path
    raise ImportPathMismatchError(module_name, module_file, path)
E   _pytest.pathlib.ImportPathMismatchError: ('tests.conftest', 'D:\\NewE\\College\\Project\\project-brain\\repo-testing\\repos\\large_requests\\tests\\conftest.py', WindowsPath('D:/NewE/College/Project/project-brain/repo-testing/repos/medium_rich/tests/conftest.py'))
__ ERROR collecting repo-testing/repos/small_flask/examples/javascript/tests __
C:\Python314\Lib\importlib\__init__.py:88: in import_module
    return _bootstrap._gcd_import(name[level:], package, level)
           ^^^^^^^^^^^^^^^^^^^^^^^^^^^^^^^^^^^^^^^^^^^^^^^^^^^^
<frozen importlib._bootstrap>:1398: in _gcd_import
    ???
<frozen importlib._bootstrap>:1371: in _find_and_load
    ???
<frozen importlib._bootstrap>:1342: in _find_and_load_unlocked
    ???
<frozen importlib._bootstrap>:938: in _load_unlocked
    ???
env\Lib\site-packages\_pytest\assertion\rewrite.py:197: in exec_module
    exec(co, module.__dict__)
repo-testing\repos\small_flask\examples\javascript\tests\conftest.py:3: in <module>
    from js_example import app
E   ModuleNotFoundError: No module named 'js_example'
___ ERROR collecting repo-testing/repos/small_flask/examples/tutorial/tests ___
C:\Python314\Lib\importlib\__init__.py:88: in import_module
    return _bootstrap._gcd_import(name[level:], package, level)
           ^^^^^^^^^^^^^^^^^^^^^^^^^^^^^^^^^^^^^^^^^^^^^^^^^^^^
<frozen importlib._bootstrap>:1398: in _gcd_import
    ???
<frozen importlib._bootstrap>:1371: in _find_and_load
    ???
<frozen importlib._bootstrap>:1342: in _find_and_load_unlocked
    ???
<frozen importlib._bootstrap>:938: in _load_unlocked
    ???
env\Lib\site-packages\_pytest\assertion\rewrite.py:197: in exec_module
    exec(co, module.__dict__)
repo-testing\repos\small_flask\examples\tutorial\tests\conftest.py:6: in <module>
    from flaskr import create_app
E   ModuleNotFoundError: No module named 'flaskr'
____________ ERROR collecting repo-testing/repos/small_flask/tests ____________
C:\Python314\Lib\importlib\__init__.py:88: in import_module
    return _bootstrap._gcd_import(name[level:], package, level)
           ^^^^^^^^^^^^^^^^^^^^^^^^^^^^^^^^^^^^^^^^^^^^^^^^^^^^
<frozen importlib._bootstrap>:1398: in _gcd_import
    ???
<frozen importlib._bootstrap>:1371: in _find_and_load
    ???
<frozen importlib._bootstrap>:1342: in _find_and_load_unlocked
    ???
<frozen importlib._bootstrap>:938: in _load_unlocked
    ???
env\Lib\site-packages\_pytest\assertion\rewrite.py:197: in exec_module
    exec(co, module.__dict__)
repo-testing\repos\small_flask\tests\conftest.py:7: in <module>
    from flask import Flask
E   ModuleNotFoundError: No module named 'flask'
_ ERROR collecting repo-testing/repos/small_typer/tests/test_ambiguous_params.py _
ImportError while importing test module 'D:\NewE\College\Project\project-brain\repo-testing\repos\small_typer\tests\test_ambiguous_params.py'.
Hint: make sure your test modules/packages have valid Python names.
Traceback:
C:\Python314\Lib\importlib\__init__.py:88: in import_module
    return _bootstrap._gcd_import(name[level:], package, level)
           ^^^^^^^^^^^^^^^^^^^^^^^^^^^^^^^^^^^^^^^^^^^^^^^^^^^^
E   ModuleNotFoundError: No module named 'tests.test_ambiguous_params'
___ ERROR collecting repo-testing/repos/small_typer/tests/test_annotated.py ___
ImportError while importing test module 'D:\NewE\College\Project\project-brain\repo-testing\repos\small_typer\tests\test_annotated.py'.
Hint: make sure your test modules/packages have valid Python names.
Traceback:
C:\Python314\Lib\importlib\__init__.py:88: in import_module
    return _bootstrap._gcd_import(name[level:], package, level)
           ^^^^^^^^^^^^^^^^^^^^^^^^^^^^^^^^^^^^^^^^^^^^^^^^^^^^
E   ModuleNotFoundError: No module named 'tests.test_annotated'
_ ERROR collecting repo-testing/repos/small_typer/tests/test_callback_warning.py _
ImportError while importing test module 'D:\NewE\College\Project\project-brain\repo-testing\repos\small_typer\tests\test_callback_warning.py'.
Hint: make sure your test modules/packages have valid Python names.
Traceback:
C:\Python314\Lib\importlib\__init__.py:88: in import_module
    return _bootstrap._gcd_import(name[level:], package, level)
           ^^^^^^^^^^^^^^^^^^^^^^^^^^^^^^^^^^^^^^^^^^^^^^^^^^^^
E   ModuleNotFoundError: No module named 'tests.test_callback_warning'
_ ERROR collecting repo-testing/repos/small_typer/tests/test_cli/test_app_other_name.py _
ImportError while importing test module 'D:\NewE\College\Project\project-brain\repo-testing\repos\small_typer\tests\test_cli\test_app_other_name.py'.
Hint: make sure your test modules/packages have valid Python names.
Traceback:
C:\Python314\Lib\importlib\__init__.py:88: in import_module
    return _bootstrap._gcd_import(name[level:], package, level)
           ^^^^^^^^^^^^^^^^^^^^^^^^^^^^^^^^^^^^^^^^^^^^^^^^^^^^
E   ModuleNotFoundError: No module named 'tests.test_cli'
_ ERROR collecting repo-testing/repos/small_typer/tests/test_cli/test_completion_run.py _
ImportError while importing test module 'D:\NewE\College\Project\project-brain\repo-testing\repos\small_typer\tests\test_cli\test_completion_run.py'.
Hint: make sure your test modules/packages have valid Python names.
Traceback:
C:\Python314\Lib\importlib\__init__.py:88: in import_module
    return _bootstrap._gcd_import(name[level:], package, level)
           ^^^^^^^^^^^^^^^^^^^^^^^^^^^^^^^^^^^^^^^^^^^^^^^^^^^^
E   ModuleNotFoundError: No module named 'tests.test_cli'
_ ERROR collecting repo-testing/repos/small_typer/tests/test_cli/test_doc.py __
ImportError while importing test module 'D:\NewE\College\Project\project-brain\repo-testing\repos\small_typer\tests\test_cli\test_doc.py'.
Hint: make sure your test modules/packages have valid Python names.
Traceback:
C:\Python314\Lib\importlib\__init__.py:88: in import_module
    return _bootstrap._gcd_import(name[level:], package, level)
           ^^^^^^^^^^^^^^^^^^^^^^^^^^^^^^^^^^^^^^^^^^^^^^^^^^^^
E   ModuleNotFoundError: No module named 'tests.test_cli'
_ ERROR collecting repo-testing/repos/small_typer/tests/test_cli/test_empty_script.py _
ImportError while importing test module 'D:\NewE\College\Project\project-brain\repo-testing\repos\small_typer\tests\test_cli\test_empty_script.py'.
Hint: make sure your test modules/packages have valid Python names.
Traceback:
C:\Python314\Lib\importlib\__init__.py:88: in import_module
    return _bootstrap._gcd_import(name[level:], package, level)
           ^^^^^^^^^^^^^^^^^^^^^^^^^^^^^^^^^^^^^^^^^^^^^^^^^^^^
E   ModuleNotFoundError: No module named 'tests.test_cli'
_ ERROR collecting repo-testing/repos/small_typer/tests/test_cli/test_extending_app.py _
ImportError while importing test module 'D:\NewE\College\Project\project-brain\repo-testing\repos\small_typer\tests\test_cli\test_extending_app.py'.
Hint: make sure your test modules/packages have valid Python names.
Traceback:
C:\Python314\Lib\importlib\__init__.py:88: in import_module
    return _bootstrap._gcd_import(name[level:], package, level)
           ^^^^^^^^^^^^^^^^^^^^^^^^^^^^^^^^^^^^^^^^^^^^^^^^^^^^
E   ModuleNotFoundError: No module named 'tests.test_cli'
_ ERROR collecting repo-testing/repos/small_typer/tests/test_cli/test_extending_empty_app.py _
ImportError while importing test module 'D:\NewE\College\Project\project-brain\repo-testing\repos\small_typer\tests\test_cli\test_extending_empty_app.py'.
Hint: make sure your test modules/packages have valid Python names.
Traceback:
C:\Python314\Lib\importlib\__init__.py:88: in import_module
    return _bootstrap._gcd_import(name[level:], package, level)
           ^^^^^^^^^^^^^^^^^^^^^^^^^^^^^^^^^^^^^^^^^^^^^^^^^^^^
E   ModuleNotFoundError: No module named 'tests.test_cli'
_ ERROR collecting repo-testing/repos/small_typer/tests/test_cli/test_func_other_name.py _
ImportError while importing test module 'D:\NewE\College\Project\project-brain\repo-testing\repos\small_typer\tests\test_cli\test_func_other_name.py'.
Hint: make sure your test modules/packages have valid Python names.
Traceback:
C:\Python314\Lib\importlib\__init__.py:88: in import_module
    return _bootstrap._gcd_import(name[level:], package, level)
           ^^^^^^^^^^^^^^^^^^^^^^^^^^^^^^^^^^^^^^^^^^^^^^^^^^^^
E   ModuleNotFoundError: No module named 'tests.test_cli'
_ ERROR collecting repo-testing/repos/small_typer/tests/test_cli/test_help.py _
ImportError while importing test module 'D:\NewE\College\Project\project-brain\repo-testing\repos\small_typer\tests\test_cli\test_help.py'.
Hint: make sure your test modules/packages have valid Python names.
Traceback:
C:\Python314\Lib\importlib\__init__.py:88: in import_module
    return _bootstrap._gcd_import(name[level:], package, level)
           ^^^^^^^^^^^^^^^^^^^^^^^^^^^^^^^^^^^^^^^^^^^^^^^^^^^^
E   ModuleNotFoundError: No module named 'tests.test_cli'
_ ERROR collecting repo-testing/repos/small_typer/tests/test_cli/test_multi_app.py _
ImportError while importing test module 'D:\NewE\College\Project\project-brain\repo-testing\repos\small_typer\tests\test_cli\test_multi_app.py'.
Hint: make sure your test modules/packages have valid Python names.
Traceback:
C:\Python314\Lib\importlib\__init__.py:88: in import_module
    return _bootstrap._gcd_import(name[level:], package, level)
           ^^^^^^^^^^^^^^^^^^^^^^^^^^^^^^^^^^^^^^^^^^^^^^^^^^^^
E   ModuleNotFoundError: No module named 'tests.test_cli'
_ ERROR collecting repo-testing/repos/small_typer/tests/test_cli/test_multi_app_cli.py _
ImportError while importing test module 'D:\NewE\College\Project\project-brain\repo-testing\repos\small_typer\tests\test_cli\test_multi_app_cli.py'.
Hint: make sure your test modules/packages have valid Python names.
Traceback:
C:\Python314\Lib\importlib\__init__.py:88: in import_module
    return _bootstrap._gcd_import(name[level:], package, level)
           ^^^^^^^^^^^^^^^^^^^^^^^^^^^^^^^^^^^^^^^^^^^^^^^^^^^^
E   ModuleNotFoundError: No module named 'tests.test_cli'
_ ERROR collecting repo-testing/repos/small_typer/tests/test_cli/test_multi_app_sub.py _
ImportError while importing test module 'D:\NewE\College\Project\project-brain\repo-testing\repos\small_typer\tests\test_cli\test_multi_app_sub.py'.
Hint: make sure your test modules/packages have valid Python names.
Traceback:
C:\Python314\Lib\importlib\__init__.py:88: in import_module
    return _bootstrap._gcd_import(name[level:], package, level)
           ^^^^^^^^^^^^^^^^^^^^^^^^^^^^^^^^^^^^^^^^^^^^^^^^^^^^
E   ModuleNotFoundError: No module named 'tests.test_cli'
_ ERROR collecting repo-testing/repos/small_typer/tests/test_cli/test_multi_func.py _
ImportError while importing test module 'D:\NewE\College\Project\project-brain\repo-testing\repos\small_typer\tests\test_cli\test_multi_func.py'.
Hint: make sure your test modules/packages have valid Python names.
Traceback:
C:\Python314\Lib\importlib\__init__.py:88: in import_module
    return _bootstrap._gcd_import(name[level:], package, level)
           ^^^^^^^^^^^^^^^^^^^^^^^^^^^^^^^^^^^^^^^^^^^^^^^^^^^^
E   ModuleNotFoundError: No module named 'tests.test_cli'
_ ERROR collecting repo-testing/repos/small_typer/tests/test_cli/test_not_python.py _
ImportError while importing test module 'D:\NewE\College\Project\project-brain\repo-testing\repos\small_typer\tests\test_cli\test_not_python.py'.
Hint: make sure your test modules/packages have valid Python names.
Traceback:
C:\Python314\Lib\importlib\__init__.py:88: in import_module
    return _bootstrap._gcd_import(name[level:], package, level)
           ^^^^^^^^^^^^^^^^^^^^^^^^^^^^^^^^^^^^^^^^^^^^^^^^^^^^
E   ModuleNotFoundError: No module named 'tests.test_cli'
_ ERROR collecting repo-testing/repos/small_typer/tests/test_cli/test_sub.py __
ImportError while importing test module 'D:\NewE\College\Project\project-brain\repo-testing\repos\small_typer\tests\test_cli\test_sub.py'.
Hint: make sure your test modules/packages have valid Python names.
Traceback:
C:\Python314\Lib\importlib\__init__.py:88: in import_module
    return _bootstrap._gcd_import(name[level:], package, level)
           ^^^^^^^^^^^^^^^^^^^^^^^^^^^^^^^^^^^^^^^^^^^^^^^^^^^^
E   ModuleNotFoundError: No module named 'tests.test_cli'
_ ERROR collecting repo-testing/repos/small_typer/tests/test_cli/test_sub_completion.py _
ImportError while importing test module 'D:\NewE\College\Project\project-brain\repo-testing\repos\small_typer\tests\test_cli\test_sub_completion.py'.
Hint: make sure your test modules/packages have valid Python names.
Traceback:
C:\Python314\Lib\importlib\__init__.py:88: in import_module
    return _bootstrap._gcd_import(name[level:], package, level)
           ^^^^^^^^^^^^^^^^^^^^^^^^^^^^^^^^^^^^^^^^^^^^^^^^^^^^
E   ModuleNotFoundError: No module named 'tests.test_cli'
_ ERROR collecting repo-testing/repos/small_typer/tests/test_cli/test_sub_help.py _
ImportError while importing test module 'D:\NewE\College\Project\project-brain\repo-testing\repos\small_typer\tests\test_cli\test_sub_help.py'.
Hint: make sure your test modules/packages have valid Python names.
Traceback:
C:\Python314\Lib\importlib\__init__.py:88: in import_module
    return _bootstrap._gcd_import(name[level:], package, level)
           ^^^^^^^^^^^^^^^^^^^^^^^^^^^^^^^^^^^^^^^^^^^^^^^^^^^^
E   ModuleNotFoundError: No module named 'tests.test_cli'
_ ERROR collecting repo-testing/repos/small_typer/tests/test_cli/test_version.py _
ImportError while importing test module 'D:\NewE\College\Project\project-brain\repo-testing\repos\small_typer\tests\test_cli\test_version.py'.
Hint: make sure your test modules/packages have valid Python names.
Traceback:
C:\Python314\Lib\importlib\__init__.py:88: in import_module
    return _bootstrap._gcd_import(name[level:], package, level)
           ^^^^^^^^^^^^^^^^^^^^^^^^^^^^^^^^^^^^^^^^^^^^^^^^^^^^
E   ModuleNotFoundError: No module named 'tests.test_cli'
_ ERROR collecting repo-testing/repos/small_typer/tests/test_completion/test_completion.py _
ImportError while importing test module 'D:\NewE\College\Project\project-brain\repo-testing\repos\small_typer\tests\test_completion\test_completion.py'.
Hint: make sure your test modules/packages have valid Python names.
Traceback:
C:\Python314\Lib\importlib\__init__.py:88: in import_module
    return _bootstrap._gcd_import(name[level:], package, level)
           ^^^^^^^^^^^^^^^^^^^^^^^^^^^^^^^^^^^^^^^^^^^^^^^^^^^^
E   ModuleNotFoundError: No module named 'tests.test_completion'
_ ERROR collecting repo-testing/repos/small_typer/tests/test_completion/test_completion_complete.py _
ImportError while importing test module 'D:\NewE\College\Project\project-brain\repo-testing\repos\small_typer\tests\test_completion\test_completion_complete.py'.
Hint: make sure your test modules/packages have valid Python names.
Traceback:
C:\Python314\Lib\importlib\__init__.py:88: in import_module
    return _bootstrap._gcd_import(name[level:], package, level)
           ^^^^^^^^^^^^^^^^^^^^^^^^^^^^^^^^^^^^^^^^^^^^^^^^^^^^
E   ModuleNotFoundError: No module named 'tests.test_completion'
_ ERROR collecting repo-testing/repos/small_typer/tests/test_completion/test_completion_complete_no_help.py _
ImportError while importing test module 'D:\NewE\College\Project\project-brain\repo-testing\repos\small_typer\tests\test_completion\test_completion_complete_no_help.py'.
Hint: make sure your test modules/packages have valid Python names.
Traceback:
C:\Python314\Lib\importlib\__init__.py:88: in import_module
    return _bootstrap._gcd_import(name[level:], package, level)
           ^^^^^^^^^^^^^^^^^^^^^^^^^^^^^^^^^^^^^^^^^^^^^^^^^^^^
E   ModuleNotFoundError: No module named 'tests.test_completion'
_ ERROR collecting repo-testing/repos/small_typer/tests/test_completion/test_completion_complete_rich.py _
ImportError while importing test module 'D:\NewE\College\Project\project-brain\repo-testing\repos\small_typer\tests\test_completion\test_completion_complete_rich.py'.
Hint: make sure your test modules/packages have valid Python names.
Traceback:
C:\Python314\Lib\importlib\__init__.py:88: in import_module
    return _bootstrap._gcd_import(name[level:], package, level)
           ^^^^^^^^^^^^^^^^^^^^^^^^^^^^^^^^^^^^^^^^^^^^^^^^^^^^
E   ModuleNotFoundError: No module named 'tests.test_completion'
_ ERROR collecting repo-testing/repos/small_typer/tests/test_completion/test_completion_install.py _
ImportError while importing test module 'D:\NewE\College\Project\project-brain\repo-testing\repos\small_typer\tests\test_completion\test_completion_install.py'.
Hint: make sure your test modules/packages have valid Python names.
Traceback:
C:\Python314\Lib\importlib\__init__.py:88: in import_module
    return _bootstrap._gcd_import(name[level:], package, level)
           ^^^^^^^^^^^^^^^^^^^^^^^^^^^^^^^^^^^^^^^^^^^^^^^^^^^^
E   ModuleNotFoundError: No module named 'tests.test_completion'
_ ERROR collecting repo-testing/repos/small_typer/tests/test_completion/test_completion_option_colon.py _
ImportError while importing test module 'D:\NewE\College\Project\project-brain\repo-testing\repos\small_typer\tests\test_completion\test_completion_option_colon.py'.
Hint: make sure your test modules/packages have valid Python names.
Traceback:
C:\Python314\Lib\importlib\__init__.py:88: in import_module
    return _bootstrap._gcd_import(name[level:], package, level)
           ^^^^^^^^^^^^^^^^^^^^^^^^^^^^^^^^^^^^^^^^^^^^^^^^^^^^
E   ModuleNotFoundError: No module named 'tests.test_completion'
_ ERROR collecting repo-testing/repos/small_typer/tests/test_completion/test_completion_path.py _
ImportError while importing test module 'D:\NewE\College\Project\project-brain\repo-testing\repos\small_typer\tests\test_completion\test_completion_path.py'.
Hint: make sure your test modules/packages have valid Python names.
Traceback:
C:\Python314\Lib\importlib\__init__.py:88: in import_module
    return _bootstrap._gcd_import(name[level:], package, level)
           ^^^^^^^^^^^^^^^^^^^^^^^^^^^^^^^^^^^^^^^^^^^^^^^^^^^^
E   ModuleNotFoundError: No module named 'tests.test_completion'
_ ERROR collecting repo-testing/repos/small_typer/tests/test_completion/test_completion_show.py _
ImportError while importing test module 'D:\NewE\College\Project\project-brain\repo-testing\repos\small_typer\tests\test_completion\test_completion_show.py'.
Hint: make sure your test modules/packages have valid Python names.
Traceback:
C:\Python314\Lib\importlib\__init__.py:88: in import_module
    return _bootstrap._gcd_import(name[level:], package, level)
           ^^^^^^^^^^^^^^^^^^^^^^^^^^^^^^^^^^^^^^^^^^^^^^^^^^^^
E   ModuleNotFoundError: No module named 'tests.test_completion'
_ ERROR collecting repo-testing/repos/small_typer/tests/test_completion/test_sanitization.py _
ImportError while importing test module 'D:\NewE\College\Project\project-brain\repo-testing\repos\small_typer\tests\test_completion\test_sanitization.py'.
Hint: make sure your test modules/packages have valid Python names.
Traceback:
C:\Python314\Lib\importlib\__init__.py:88: in import_module
    return _bootstrap._gcd_import(name[level:], package, level)
           ^^^^^^^^^^^^^^^^^^^^^^^^^^^^^^^^^^^^^^^^^^^^^^^^^^^^
E   ModuleNotFoundError: No module named 'tests.test_completion'
_ ERROR collecting repo-testing/repos/small_typer/tests/test_corner_cases.py __
ImportError while importing test module 'D:\NewE\College\Project\project-brain\repo-testing\repos\small_typer\tests\test_corner_cases.py'.
Hint: make sure your test modules/packages have valid Python names.
Traceback:
C:\Python314\Lib\importlib\__init__.py:88: in import_module
    return _bootstrap._gcd_import(name[level:], package, level)
           ^^^^^^^^^^^^^^^^^^^^^^^^^^^^^^^^^^^^^^^^^^^^^^^^^^^^
E   ModuleNotFoundError: No module named 'tests.test_corner_cases'
__ ERROR collecting repo-testing/repos/small_typer/tests/test_deprecation.py __
ImportError while importing test module 'D:\NewE\College\Project\project-brain\repo-testing\repos\small_typer\tests\test_deprecation.py'.
Hint: make sure your test modules/packages have valid Python names.
Traceback:
C:\Python314\Lib\importlib\__init__.py:88: in import_module
    return _bootstrap._gcd_import(name[level:], package, level)
           ^^^^^^^^^^^^^^^^^^^^^^^^^^^^^^^^^^^^^^^^^^^^^^^^^^^^
E   ModuleNotFoundError: No module named 'tests.test_deprecation'
__ ERROR collecting repo-testing/repos/small_typer/tests/test_exit_errors.py __
ImportError while importing test module 'D:\NewE\College\Project\project-brain\repo-testing\repos\small_typer\tests\test_exit_errors.py'.
Hint: make sure your test modules/packages have valid Python names.
Traceback:
C:\Python314\Lib\importlib\__init__.py:88: in import_module
    return _bootstrap._gcd_import(name[level:], package, level)
           ^^^^^^^^^^^^^^^^^^^^^^^^^^^^^^^^^^^^^^^^^^^^^^^^^^^^
E   ModuleNotFoundError: No module named 'tests.test_exit_errors'
_ ERROR collecting repo-testing/repos/small_typer/tests/test_future_annotations.py _
ImportError while importing test module 'D:\NewE\College\Project\project-brain\repo-testing\repos\small_typer\tests\test_future_annotations.py'.
Hint: make sure your test modules/packages have valid Python names.
Traceback:
C:\Python314\Lib\importlib\__init__.py:88: in import_module
    return _bootstrap._gcd_import(name[level:], package, level)
           ^^^^^^^^^^^^^^^^^^^^^^^^^^^^^^^^^^^^^^^^^^^^^^^^^^^^
E   ModuleNotFoundError: No module named 'tests.test_future_annotations'
____ ERROR collecting repo-testing/repos/small_typer/tests/test_launch.py _____
ImportError while importing test module 'D:\NewE\College\Project\project-brain\repo-testing\repos\small_typer\tests\test_launch.py'.
Hint: make sure your test modules/packages have valid Python names.
Traceback:
C:\Python314\Lib\importlib\__init__.py:88: in import_module
    return _bootstrap._gcd_import(name[level:], package, level)
           ^^^^^^^^^^^^^^^^^^^^^^^^^^^^^^^^^^^^^^^^^^^^^^^^^^^^
E   ModuleNotFoundError: No module named 'tests.test_launch'
____ ERROR collecting repo-testing/repos/small_typer/tests/test_others.py _____
ImportError while importing test module 'D:\NewE\College\Project\project-brain\repo-testing\repos\small_typer\tests\test_others.py'.
Hint: make sure your test modules/packages have valid Python names.
Traceback:
C:\Python314\Lib\importlib\__init__.py:88: in import_module
    return _bootstrap._gcd_import(name[level:], package, level)
           ^^^^^^^^^^^^^^^^^^^^^^^^^^^^^^^^^^^^^^^^^^^^^^^^^^^^
E   ModuleNotFoundError: No module named 'tests.test_others'
_ ERROR collecting repo-testing/repos/small_typer/tests/test_param_meta_empty.py _
ImportError while importing test module 'D:\NewE\College\Project\project-brain\repo-testing\repos\small_typer\tests\test_param_meta_empty.py'.
Hint: make sure your test modules/packages have valid Python names.
Traceback:
C:\Python314\Lib\importlib\__init__.py:88: in import_module
    return _bootstrap._gcd_import(name[level:], package, level)
           ^^^^^^^^^^^^^^^^^^^^^^^^^^^^^^^^^^^^^^^^^^^^^^^^^^^^
E   ModuleNotFoundError: No module named 'tests.test_param_meta_empty'
___ ERROR collecting repo-testing/repos/small_typer/tests/test_prog_name.py ___
ImportError while importing test module 'D:\NewE\College\Project\project-brain\repo-testing\repos\small_typer\tests\test_prog_name.py'.
Hint: make sure your test modules/packages have valid Python names.
Traceback:
C:\Python314\Lib\importlib\__init__.py:88: in import_module
    return _bootstrap._gcd_import(name[level:], package, level)
           ^^^^^^^^^^^^^^^^^^^^^^^^^^^^^^^^^^^^^^^^^^^^^^^^^^^^
E   ModuleNotFoundError: No module named 'tests.test_prog_name'
__ ERROR collecting repo-testing/repos/small_typer/tests/test_rich_import.py __
ImportError while importing test module 'D:\NewE\College\Project\project-brain\repo-testing\repos\small_typer\tests\test_rich_import.py'.
Hint: make sure your test modules/packages have valid Python names.
Traceback:
C:\Python314\Lib\importlib\__init__.py:88: in import_module
    return _bootstrap._gcd_import(name[level:], package, level)
           ^^^^^^^^^^^^^^^^^^^^^^^^^^^^^^^^^^^^^^^^^^^^^^^^^^^^
E   ModuleNotFoundError: No module named 'tests.test_rich_import'
_ ERROR collecting repo-testing/repos/small_typer/tests/test_rich_markup_mode.py _
ImportError while importing test module 'D:\NewE\College\Project\project-brain\repo-testing\repos\small_typer\tests\test_rich_markup_mode.py'.
Hint: make sure your test modules/packages have valid Python names.
Traceback:
C:\Python314\Lib\importlib\__init__.py:88: in import_module
    return _bootstrap._gcd_import(name[level:], package, level)
           ^^^^^^^^^^^^^^^^^^^^^^^^^^^^^^^^^^^^^^^^^^^^^^^^^^^^
E   ModuleNotFoundError: No module named 'tests.test_rich_markup_mode'
__ ERROR collecting repo-testing/repos/small_typer/tests/test_rich_utils.py ___
ImportError while importing test module 'D:\NewE\College\Project\project-brain\repo-testing\repos\small_typer\tests\test_rich_utils.py'.
Hint: make sure your test modules/packages have valid Python names.
Traceback:
C:\Python314\Lib\importlib\__init__.py:88: in import_module
    return _bootstrap._gcd_import(name[level:], package, level)
           ^^^^^^^^^^^^^^^^^^^^^^^^^^^^^^^^^^^^^^^^^^^^^^^^^^^^
E   ModuleNotFoundError: No module named 'tests.test_rich_utils'
_ ERROR collecting repo-testing/repos/small_typer/tests/test_suggest_commands.py _
ImportError while importing test module 'D:\NewE\College\Project\project-brain\repo-testing\repos\small_typer\tests\test_suggest_commands.py'.
Hint: make sure your test modules/packages have valid Python names.
Traceback:
C:\Python314\Lib\importlib\__init__.py:88: in import_module
    return _bootstrap._gcd_import(name[level:], package, level)
           ^^^^^^^^^^^^^^^^^^^^^^^^^^^^^^^^^^^^^^^^^^^^^^^^^^^^
E   ModuleNotFoundError: No module named 'tests.test_suggest_commands'
__ ERROR collecting repo-testing/repos/small_typer/tests/test_tracebacks.py ___
ImportError while importing test module 'D:\NewE\College\Project\project-brain\repo-testing\repos\small_typer\tests\test_tracebacks.py'.
Hint: make sure your test modules/packages have valid Python names.
Traceback:
C:\Python314\Lib\importlib\__init__.py:88: in import_module
    return _bootstrap._gcd_import(name[level:], package, level)
           ^^^^^^^^^^^^^^^^^^^^^^^^^^^^^^^^^^^^^^^^^^^^^^^^^^^^
E   ModuleNotFoundError: No module named 'tests.test_tracebacks'
_ ERROR collecting repo-testing/repos/small_typer/tests/test_tutorial/test_app_dir/test_tutorial001.py _
ImportError while importing test module 'D:\NewE\College\Project\project-brain\repo-testing\repos\small_typer\tests\test_tutorial\test_app_dir\test_tutorial001.py'.
Hint: make sure your test modules/packages have valid Python names.
Traceback:
C:\Python314\Lib\importlib\__init__.py:88: in import_module
    return _bootstrap._gcd_import(name[level:], package, level)
           ^^^^^^^^^^^^^^^^^^^^^^^^^^^^^^^^^^^^^^^^^^^^^^^^^^^^
E   ModuleNotFoundError: No module named 'tests.test_tutorial'
_ ERROR collecting repo-testing/repos/small_typer/tests/test_tutorial/test_arguments/test_default/test_tutorial001.py _
ImportError while importing test module 'D:\NewE\College\Project\project-brain\repo-testing\repos\small_typer\tests\test_tutorial\test_arguments\test_default\test_tutorial001.py'.
Hint: make sure your test modules/packages have valid Python names.
Traceback:
C:\Python314\Lib\importlib\__init__.py:88: in import_module
    return _bootstrap._gcd_import(name[level:], package, level)
           ^^^^^^^^^^^^^^^^^^^^^^^^^^^^^^^^^^^^^^^^^^^^^^^^^^^^
E   ModuleNotFoundError: No module named 'tests.test_tutorial'
_ ERROR collecting repo-testing/repos/small_typer/tests/test_tutorial/test_arguments/test_default/test_tutorial002.py _
ImportError while importing test module 'D:\NewE\College\Project\project-brain\repo-testing\repos\small_typer\tests\test_tutorial\test_arguments\test_default\test_tutorial002.py'.
Hint: make sure your test modules/packages have valid Python names.
Traceback:
C:\Python314\Lib\importlib\__init__.py:88: in import_module
    return _bootstrap._gcd_import(name[level:], package, level)
           ^^^^^^^^^^^^^^^^^^^^^^^^^^^^^^^^^^^^^^^^^^^^^^^^^^^^
E   ModuleNotFoundError: No module named 'tests.test_tutorial'
_ ERROR collecting repo-testing/repos/small_typer/tests/test_tutorial/test_arguments/test_envvar/test_tutorial001.py _
ImportError while importing test module 'D:\NewE\College\Project\project-brain\repo-testing\repos\small_typer\tests\test_tutorial\test_arguments\test_envvar\test_tutorial001.py'.
Hint: make sure your test modules/packages have valid Python names.
Traceback:
C:\Python314\Lib\importlib\__init__.py:88: in import_module
    return _bootstrap._gcd_import(name[level:], package, level)
           ^^^^^^^^^^^^^^^^^^^^^^^^^^^^^^^^^^^^^^^^^^^^^^^^^^^^
E   ModuleNotFoundError: No module named 'tests.test_tutorial'
_ ERROR collecting repo-testing/repos/small_typer/tests/test_tutorial/test_arguments/test_envvar/test_tutorial002.py _
ImportError while importing test module 'D:\NewE\College\Project\project-brain\repo-testing\repos\small_typer\tests\test_tutorial\test_arguments\test_envvar\test_tutorial002.py'.
Hint: make sure your test modules/packages have valid Python names.
Traceback:
C:\Python314\Lib\importlib\__init__.py:88: in import_module
    return _bootstrap._gcd_import(name[level:], package, level)
           ^^^^^^^^^^^^^^^^^^^^^^^^^^^^^^^^^^^^^^^^^^^^^^^^^^^^
E   ModuleNotFoundError: No module named 'tests.test_tutorial'
_ ERROR collecting repo-testing/repos/small_typer/tests/test_tutorial/test_arguments/test_envvar/test_tutorial003.py _
ImportError while importing test module 'D:\NewE\College\Project\project-brain\repo-testing\repos\small_typer\tests\test_tutorial\test_arguments\test_envvar\test_tutorial003.py'.
Hint: make sure your test modules/packages have valid Python names.
Traceback:
C:\Python314\Lib\importlib\__init__.py:88: in import_module
    return _bootstrap._gcd_import(name[level:], package, level)
           ^^^^^^^^^^^^^^^^^^^^^^^^^^^^^^^^^^^^^^^^^^^^^^^^^^^^
E   ModuleNotFoundError: No module named 'tests.test_tutorial'
_ ERROR collecting repo-testing/repos/small_typer/tests/test_tutorial/test_arguments/test_help/test_tutorial001.py _
ImportError while importing test module 'D:\NewE\College\Project\project-brain\repo-testing\repos\small_typer\tests\test_tutorial\test_arguments\test_help\test_tutorial001.py'.
Hint: make sure your test modules/packages have valid Python names.
Traceback:
C:\Python314\Lib\importlib\__init__.py:88: in import_module
    return _bootstrap._gcd_import(name[level:], package, level)
           ^^^^^^^^^^^^^^^^^^^^^^^^^^^^^^^^^^^^^^^^^^^^^^^^^^^^
E   ModuleNotFoundError: No module named 'tests.test_tutorial'
_ ERROR collecting repo-testing/repos/small_typer/tests/test_tutorial/test_arguments/test_help/test_tutorial002.py _
ImportError while importing test module 'D:\NewE\College\Project\project-brain\repo-testing\repos\small_typer\tests\test_tutorial\test_arguments\test_help\test_tutorial002.py'.
Hint: make sure your test modules/packages have valid Python names.
Traceback:
C:\Python314\Lib\importlib\__init__.py:88: in import_module
    return _bootstrap._gcd_import(name[level:], package, level)
           ^^^^^^^^^^^^^^^^^^^^^^^^^^^^^^^^^^^^^^^^^^^^^^^^^^^^
E   ModuleNotFoundError: No module named 'tests.test_tutorial'
_ ERROR collecting repo-testing/repos/small_typer/tests/test_tutorial/test_arguments/test_help/test_tutorial003.py _
ImportError while importing test module 'D:\NewE\College\Project\project-brain\repo-testing\repos\small_typer\tests\test_tutorial\test_arguments\test_help\test_tutorial003.py'.
Hint: make sure your test modules/packages have valid Python names.
Traceback:
C:\Python314\Lib\importlib\__init__.py:88: in import_module
    return _bootstrap._gcd_import(name[level:], package, level)
           ^^^^^^^^^^^^^^^^^^^^^^^^^^^^^^^^^^^^^^^^^^^^^^^^^^^^
E   ModuleNotFoundError: No module named 'tests.test_tutorial'
_ ERROR collecting repo-testing/repos/small_typer/tests/test_tutorial/test_arguments/test_help/test_tutorial004.py _
ImportError while importing test module 'D:\NewE\College\Project\project-brain\repo-testing\repos\small_typer\tests\test_tutorial\test_arguments\test_help\test_tutorial004.py'.
Hint: make sure your test modules/packages have valid Python names.
Traceback:
C:\Python314\Lib\importlib\__init__.py:88: in import_module
    return _bootstrap._gcd_import(name[level:], package, level)
           ^^^^^^^^^^^^^^^^^^^^^^^^^^^^^^^^^^^^^^^^^^^^^^^^^^^^
E   ModuleNotFoundError: No module named 'tests.test_tutorial'
_ ERROR collecting repo-testing/repos/small_typer/tests/test_tutorial/test_arguments/test_help/test_tutorial005.py _
ImportError while importing test module 'D:\NewE\College\Project\project-brain\repo-testing\repos\small_typer\tests\test_tutorial\test_arguments\test_help\test_tutorial005.py'.
Hint: make sure your test modules/packages have valid Python names.
Traceback:
C:\Python314\Lib\importlib\__init__.py:88: in import_module
    return _bootstrap._gcd_import(name[level:], package, level)
           ^^^^^^^^^^^^^^^^^^^^^^^^^^^^^^^^^^^^^^^^^^^^^^^^^^^^
E   ModuleNotFoundError: No module named 'tests.test_tutorial'
_ ERROR collecting repo-testing/repos/small_typer/tests/test_tutorial/test_arguments/test_help/test_tutorial006.py _
ImportError while importing test module 'D:\NewE\College\Project\project-brain\repo-testing\repos\small_typer\tests\test_tutorial\test_arguments\test_help\test_tutorial006.py'.
Hint: make sure your test modules/packages have valid Python names.
Traceback:
C:\Python314\Lib\importlib\__init__.py:88: in import_module
    return _bootstrap._gcd_import(name[level:], package, level)
           ^^^^^^^^^^^^^^^^^^^^^^^^^^^^^^^^^^^^^^^^^^^^^^^^^^^^
E   ModuleNotFoundError: No module named 'tests.test_tutorial'
_ ERROR collecting repo-testing/repos/small_typer/tests/test_tutorial/test_arguments/test_help/test_tutorial007.py _
ImportError while importing test module 'D:\NewE\College\Project\project-brain\repo-testing\repos\small_typer\tests\test_tutorial\test_arguments\test_help\test_tutorial007.py'.
Hint: make sure your test modules/packages have valid Python names.
Traceback:
C:\Python314\Lib\importlib\__init__.py:88: in import_module
    return _bootstrap._gcd_import(name[level:], package, level)
           ^^^^^^^^^^^^^^^^^^^^^^^^^^^^^^^^^^^^^^^^^^^^^^^^^^^^
E   ModuleNotFoundError: No module named 'tests.test_tutorial'
_ ERROR collecting repo-testing/repos/small_typer/tests/test_tutorial/test_arguments/test_help/test_tutorial008.py _
ImportError while importing test module 'D:\NewE\College\Project\project-brain\repo-testing\repos\small_typer\tests\test_tutorial\test_arguments\test_help\test_tutorial008.py'.
Hint: make sure your test modules/packages have valid Python names.
Traceback:
C:\Python314\Lib\importlib\__init__.py:88: in import_module
    return _bootstrap._gcd_import(name[level:], package, level)
           ^^^^^^^^^^^^^^^^^^^^^^^^^^^^^^^^^^^^^^^^^^^^^^^^^^^^
E   ModuleNotFoundError: No module named 'tests.test_tutorial'
_ ERROR collecting repo-testing/repos/small_typer/tests/test_tutorial/test_arguments/test_optional/test_tutorial000.py _
ImportError while importing test module 'D:\NewE\College\Project\project-brain\repo-testing\repos\small_typer\tests\test_tutorial\test_arguments\test_optional\test_tutorial000.py'.
Hint: make sure your test modules/packages have valid Python names.
Traceback:
C:\Python314\Lib\importlib\__init__.py:88: in import_module
    return _bootstrap._gcd_import(name[level:], package, level)
           ^^^^^^^^^^^^^^^^^^^^^^^^^^^^^^^^^^^^^^^^^^^^^^^^^^^^
E   ModuleNotFoundError: No module named 'tests.test_tutorial'
_ ERROR collecting repo-testing/repos/small_typer/tests/test_tutorial/test_arguments/test_optional/test_tutorial001.py _
ImportError while importing test module 'D:\NewE\College\Project\project-brain\repo-testing\repos\small_typer\tests\test_tutorial\test_arguments\test_optional\test_tutorial001.py'.
Hint: make sure your test modules/packages have valid Python names.
Traceback:
C:\Python314\Lib\importlib\__init__.py:88: in import_module
    return _bootstrap._gcd_import(name[level:], package, level)
           ^^^^^^^^^^^^^^^^^^^^^^^^^^^^^^^^^^^^^^^^^^^^^^^^^^^^
E   ModuleNotFoundError: No module named 'tests.test_tutorial'
_ ERROR collecting repo-testing/repos/small_typer/tests/test_tutorial/test_arguments/test_optional/test_tutorial002.py _
ImportError while importing test module 'D:\NewE\College\Project\project-brain\repo-testing\repos\small_typer\tests\test_tutorial\test_arguments\test_optional\test_tutorial002.py'.
Hint: make sure your test modules/packages have valid Python names.
Traceback:
C:\Python314\Lib\importlib\__init__.py:88: in import_module
    return _bootstrap._gcd_import(name[level:], package, level)
           ^^^^^^^^^^^^^^^^^^^^^^^^^^^^^^^^^^^^^^^^^^^^^^^^^^^^
E   ModuleNotFoundError: No module named 'tests.test_tutorial'
_ ERROR collecting repo-testing/repos/small_typer/tests/test_tutorial/test_arguments/test_optional/test_tutorial003.py _
ImportError while importing test module 'D:\NewE\College\Project\project-brain\repo-testing\repos\small_typer\tests\test_tutorial\test_arguments\test_optional\test_tutorial003.py'.
Hint: make sure your test modules/packages have valid Python names.
Traceback:
C:\Python314\Lib\importlib\__init__.py:88: in import_module
    return _bootstrap._gcd_import(name[level:], package, level)
           ^^^^^^^^^^^^^^^^^^^^^^^^^^^^^^^^^^^^^^^^^^^^^^^^^^^^
E   ModuleNotFoundError: No module named 'tests.test_tutorial'
_ ERROR collecting repo-testing/repos/small_typer/tests/test_tutorial/test_commands/test_arguments/test_tutorial001.py _
ImportError while importing test module 'D:\NewE\College\Project\project-brain\repo-testing\repos\small_typer\tests\test_tutorial\test_commands\test_arguments\test_tutorial001.py'.
Hint: make sure your test modules/packages have valid Python names.
Traceback:
C:\Python314\Lib\importlib\__init__.py:88: in import_module
    return _bootstrap._gcd_import(name[level:], package, level)
           ^^^^^^^^^^^^^^^^^^^^^^^^^^^^^^^^^^^^^^^^^^^^^^^^^^^^
E   ModuleNotFoundError: No module named 'tests.test_tutorial'
_ ERROR collecting repo-testing/repos/small_typer/tests/test_tutorial/test_commands/test_callback/test_tutorial001.py _
ImportError while importing test module 'D:\NewE\College\Project\project-brain\repo-testing\repos\small_typer\tests\test_tutorial\test_commands\test_callback\test_tutorial001.py'.
Hint: make sure your test modules/packages have valid Python names.
Traceback:
C:\Python314\Lib\importlib\__init__.py:88: in import_module
    return _bootstrap._gcd_import(name[level:], package, level)
           ^^^^^^^^^^^^^^^^^^^^^^^^^^^^^^^^^^^^^^^^^^^^^^^^^^^^
E   ModuleNotFoundError: No module named 'tests.test_tutorial'
_ ERROR collecting repo-testing/repos/small_typer/tests/test_tutorial/test_commands/test_callback/test_tutorial002.py _
ImportError while importing test module 'D:\NewE\College\Project\project-brain\repo-testing\repos\small_typer\tests\test_tutorial\test_commands\test_callback\test_tutorial002.py'.
Hint: make sure your test modules/packages have valid Python names.
Traceback:
C:\Python314\Lib\importlib\__init__.py:88: in import_module
    return _bootstrap._gcd_import(name[level:], package, level)
           ^^^^^^^^^^^^^^^^^^^^^^^^^^^^^^^^^^^^^^^^^^^^^^^^^^^^
E   ModuleNotFoundError: No module named 'tests.test_tutorial'
_ ERROR collecting repo-testing/repos/small_typer/tests/test_tutorial/test_commands/test_callback/test_tutorial003.py _
ImportError while importing test module 'D:\NewE\College\Project\project-brain\repo-testing\repos\small_typer\tests\test_tutorial\test_commands\test_callback\test_tutorial003.py'.
Hint: make sure your test modules/packages have valid Python names.
Traceback:
C:\Python314\Lib\importlib\__init__.py:88: in import_module
    return _bootstrap._gcd_import(name[level:], package, level)
           ^^^^^^^^^^^^^^^^^^^^^^^^^^^^^^^^^^^^^^^^^^^^^^^^^^^^
E   ModuleNotFoundError: No module named 'tests.test_tutorial'
_ ERROR collecting repo-testing/repos/small_typer/tests/test_tutorial/test_commands/test_callback/test_tutorial004.py _
ImportError while importing test module 'D:\NewE\College\Project\project-brain\repo-testing\repos\small_typer\tests\test_tutorial\test_commands\test_callback\test_tutorial004.py'.
Hint: make sure your test modules/packages have valid Python names.
Traceback:
C:\Python314\Lib\importlib\__init__.py:88: in import_module
    return _bootstrap._gcd_import(name[level:], package, level)
           ^^^^^^^^^^^^^^^^^^^^^^^^^^^^^^^^^^^^^^^^^^^^^^^^^^^^
E   ModuleNotFoundError: No module named 'tests.test_tutorial'
_ ERROR collecting repo-testing/repos/small_typer/tests/test_tutorial/test_commands/test_context/test_tutorial001.py _
ImportError while importing test module 'D:\NewE\College\Project\project-brain\repo-testing\repos\small_typer\tests\test_tutorial\test_commands\test_context\test_tutorial001.py'.
Hint: make sure your test modules/packages have valid Python names.
Traceback:
C:\Python314\Lib\importlib\__init__.py:88: in import_module
    return _bootstrap._gcd_import(name[level:], package, level)
           ^^^^^^^^^^^^^^^^^^^^^^^^^^^^^^^^^^^^^^^^^^^^^^^^^^^^
E   ModuleNotFoundError: No module named 'tests.test_tutorial'
_ ERROR collecting repo-testing/repos/small_typer/tests/test_tutorial/test_commands/test_context/test_tutorial002.py _
ImportError while importing test module 'D:\NewE\College\Project\project-brain\repo-testing\repos\small_typer\tests\test_tutorial\test_commands\test_context\test_tutorial002.py'.
Hint: make sure your test modules/packages have valid Python names.
Traceback:
C:\Python314\Lib\importlib\__init__.py:88: in import_module
    return _bootstrap._gcd_import(name[level:], package, level)
           ^^^^^^^^^^^^^^^^^^^^^^^^^^^^^^^^^^^^^^^^^^^^^^^^^^^^
E   ModuleNotFoundError: No module named 'tests.test_tutorial'
_ ERROR collecting repo-testing/repos/small_typer/tests/test_tutorial/test_commands/test_context/test_tutorial003.py _
ImportError while importing test module 'D:\NewE\College\Project\project-brain\repo-testing\repos\small_typer\tests\test_tutorial\test_commands\test_context\test_tutorial003.py'.
Hint: make sure your test modules/packages have valid Python names.
Traceback:
C:\Python314\Lib\importlib\__init__.py:88: in import_module
    return _bootstrap._gcd_import(name[level:], package, level)
           ^^^^^^^^^^^^^^^^^^^^^^^^^^^^^^^^^^^^^^^^^^^^^^^^^^^^
E   ModuleNotFoundError: No module named 'tests.test_tutorial'
_ ERROR collecting repo-testing/repos/small_typer/tests/test_tutorial/test_commands/test_context/test_tutorial004.py _
ImportError while importing test module 'D:\NewE\College\Project\project-brain\repo-testing\repos\small_typer\tests\test_tutorial\test_commands\test_context\test_tutorial004.py'.
Hint: make sure your test modules/packages have valid Python names.
Traceback:
C:\Python314\Lib\importlib\__init__.py:88: in import_module
    return _bootstrap._gcd_import(name[level:], package, level)
           ^^^^^^^^^^^^^^^^^^^^^^^^^^^^^^^^^^^^^^^^^^^^^^^^^^^^
E   ModuleNotFoundError: No module named 'tests.test_tutorial'
_ ERROR collecting repo-testing/repos/small_typer/tests/test_tutorial/test_commands/test_help/test_tutorial001.py _
ImportError while importing test module 'D:\NewE\College\Project\project-brain\repo-testing\repos\small_typer\tests\test_tutorial\test_commands\test_help\test_tutorial001.py'.
Hint: make sure your test modules/packages have valid Python names.
Traceback:
C:\Python314\Lib\importlib\__init__.py:88: in import_module
    return _bootstrap._gcd_import(name[level:], package, level)
           ^^^^^^^^^^^^^^^^^^^^^^^^^^^^^^^^^^^^^^^^^^^^^^^^^^^^
E   ModuleNotFoundError: No module named 'tests.test_tutorial'
_ ERROR collecting repo-testing/repos/small_typer/tests/test_tutorial/test_commands/test_help/test_tutorial002.py _
ImportError while importing test module 'D:\NewE\College\Project\project-brain\repo-testing\repos\small_typer\tests\test_tutorial\test_commands\test_help\test_tutorial002.py'.
Hint: make sure your test modules/packages have valid Python names.
Traceback:
C:\Python314\Lib\importlib\__init__.py:88: in import_module
    return _bootstrap._gcd_import(name[level:], package, level)
           ^^^^^^^^^^^^^^^^^^^^^^^^^^^^^^^^^^^^^^^^^^^^^^^^^^^^
E   ModuleNotFoundError: No module named 'tests.test_tutorial'
_ ERROR collecting repo-testing/repos/small_typer/tests/test_tutorial/test_commands/test_help/test_tutorial003.py _
ImportError while importing test module 'D:\NewE\College\Project\project-brain\repo-testing\repos\small_typer\tests\test_tutorial\test_commands\test_help\test_tutorial003.py'.
Hint: make sure your test modules/packages have valid Python names.
Traceback:
C:\Python314\Lib\importlib\__init__.py:88: in import_module
    return _bootstrap._gcd_import(name[level:], package, level)
           ^^^^^^^^^^^^^^^^^^^^^^^^^^^^^^^^^^^^^^^^^^^^^^^^^^^^
E   ModuleNotFoundError: No module named 'tests.test_tutorial'
_ ERROR collecting repo-testing/repos/small_typer/tests/test_tutorial/test_commands/test_help/test_tutorial004.py _
ImportError while importing test module 'D:\NewE\College\Project\project-brain\repo-testing\repos\small_typer\tests\test_tutorial\test_commands\test_help\test_tutorial004.py'.
Hint: make sure your test modules/packages have valid Python names.
Traceback:
C:\Python314\Lib\importlib\__init__.py:88: in import_module
    return _bootstrap._gcd_import(name[level:], package, level)
           ^^^^^^^^^^^^^^^^^^^^^^^^^^^^^^^^^^^^^^^^^^^^^^^^^^^^
E   ModuleNotFoundError: No module named 'tests.test_tutorial'
_ ERROR collecting repo-testing/repos/small_typer/tests/test_tutorial/test_commands/test_help/test_tutorial005.py _
ImportError while importing test module 'D:\NewE\College\Project\project-brain\repo-testing\repos\small_typer\tests\test_tutorial\test_commands\test_help\test_tutorial005.py'.
Hint: make sure your test modules/packages have valid Python names.
Traceback:
C:\Python314\Lib\importlib\__init__.py:88: in import_module
    return _bootstrap._gcd_import(name[level:], package, level)
           ^^^^^^^^^^^^^^^^^^^^^^^^^^^^^^^^^^^^^^^^^^^^^^^^^^^^
E   ModuleNotFoundError: No module named 'tests.test_tutorial'
_ ERROR collecting repo-testing/repos/small_typer/tests/test_tutorial/test_commands/test_help/test_tutorial006.py _
ImportError while importing test module 'D:\NewE\College\Project\project-brain\repo-testing\repos\small_typer\tests\test_tutorial\test_commands\test_help\test_tutorial006.py'.
Hint: make sure your test modules/packages have valid Python names.
Traceback:
C:\Python314\Lib\importlib\__init__.py:88: in import_module
    return _bootstrap._gcd_import(name[level:], package, level)
           ^^^^^^^^^^^^^^^^^^^^^^^^^^^^^^^^^^^^^^^^^^^^^^^^^^^^
E   ModuleNotFoundError: No module named 'tests.test_tutorial'
_ ERROR collecting repo-testing/repos/small_typer/tests/test_tutorial/test_commands/test_help/test_tutorial007.py _
ImportError while importing test module 'D:\NewE\College\Project\project-brain\repo-testing\repos\small_typer\tests\test_tutorial\test_commands\test_help\test_tutorial007.py'.
Hint: make sure your test modules/packages have valid Python names.
Traceback:
C:\Python314\Lib\importlib\__init__.py:88: in import_module
    return _bootstrap._gcd_import(name[level:], package, level)
           ^^^^^^^^^^^^^^^^^^^^^^^^^^^^^^^^^^^^^^^^^^^^^^^^^^^^
E   ModuleNotFoundError: No module named 'tests.test_tutorial'
_ ERROR collecting repo-testing/repos/small_typer/tests/test_tutorial/test_commands/test_help/test_tutorial008.py _
ImportError while importing test module 'D:\NewE\College\Project\project-brain\repo-testing\repos\small_typer\tests\test_tutorial\test_commands\test_help\test_tutorial008.py'.
Hint: make sure your test modules/packages have valid Python names.
Traceback:
C:\Python314\Lib\importlib\__init__.py:88: in import_module
    return _bootstrap._gcd_import(name[level:], package, level)
           ^^^^^^^^^^^^^^^^^^^^^^^^^^^^^^^^^^^^^^^^^^^^^^^^^^^^
E   ModuleNotFoundError: No module named 'tests.test_tutorial'
_ ERROR collecting repo-testing/repos/small_typer/tests/test_tutorial/test_commands/test_index/test_tutorial002.py _
ImportError while importing test module 'D:\NewE\College\Project\project-brain\repo-testing\repos\small_typer\tests\test_tutorial\test_commands\test_index\test_tutorial002.py'.
Hint: make sure your test modules/packages have valid Python names.
Traceback:
C:\Python314\Lib\importlib\__init__.py:88: in import_module
    return _bootstrap._gcd_import(name[level:], package, level)
           ^^^^^^^^^^^^^^^^^^^^^^^^^^^^^^^^^^^^^^^^^^^^^^^^^^^^
E   ModuleNotFoundError: No module named 'tests.test_tutorial'
_ ERROR collecting repo-testing/repos/small_typer/tests/test_tutorial/test_commands/test_index/test_tutorial003.py _
ImportError while importing test module 'D:\NewE\College\Project\project-brain\repo-testing\repos\small_typer\tests\test_tutorial\test_commands\test_index\test_tutorial003.py'.
Hint: make sure your test modules/packages have valid Python names.
Traceback:
C:\Python314\Lib\importlib\__init__.py:88: in import_module
    return _bootstrap._gcd_import(name[level:], package, level)
           ^^^^^^^^^^^^^^^^^^^^^^^^^^^^^^^^^^^^^^^^^^^^^^^^^^^^
E   ModuleNotFoundError: No module named 'tests.test_tutorial'
_ ERROR collecting repo-testing/repos/small_typer/tests/test_tutorial/test_commands/test_index/test_tutorial004.py _
ImportError while importing test module 'D:\NewE\College\Project\project-brain\repo-testing\repos\small_typer\tests\test_tutorial\test_commands\test_index\test_tutorial004.py'.
Hint: make sure your test modules/packages have valid Python names.
Traceback:
C:\Python314\Lib\importlib\__init__.py:88: in import_module
    return _bootstrap._gcd_import(name[level:], package, level)
           ^^^^^^^^^^^^^^^^^^^^^^^^^^^^^^^^^^^^^^^^^^^^^^^^^^^^
E   ModuleNotFoundError: No module named 'tests.test_tutorial'
_ ERROR collecting repo-testing/repos/small_typer/tests/test_tutorial/test_commands/test_index/test_tutorial005.py _
ImportError while importing test module 'D:\NewE\College\Project\project-brain\repo-testing\repos\small_typer\tests\test_tutorial\test_commands\test_index\test_tutorial005.py'.
Hint: make sure your test modules/packages have valid Python names.
Traceback:
C:\Python314\Lib\importlib\__init__.py:88: in import_module
    return _bootstrap._gcd_import(name[level:], package, level)
           ^^^^^^^^^^^^^^^^^^^^^^^^^^^^^^^^^^^^^^^^^^^^^^^^^^^^
E   ModuleNotFoundError: No module named 'tests.test_tutorial'
_ ERROR collecting repo-testing/repos/small_typer/tests/test_tutorial/test_commands/test_name/test_tutorial001.py _
ImportError while importing test module 'D:\NewE\College\Project\project-brain\repo-testing\repos\small_typer\tests\test_tutorial\test_commands\test_name\test_tutorial001.py'.
Hint: make sure your test modules/packages have valid Python names.
Traceback:
C:\Python314\Lib\importlib\__init__.py:88: in import_module
    return _bootstrap._gcd_import(name[level:], package, level)
           ^^^^^^^^^^^^^^^^^^^^^^^^^^^^^^^^^^^^^^^^^^^^^^^^^^^^
E   ModuleNotFoundError: No module named 'tests.test_tutorial'
_ ERROR collecting repo-testing/repos/small_typer/tests/test_tutorial/test_commands/test_one_or_multiple/test_tutorial001.py _
ImportError while importing test module 'D:\NewE\College\Project\project-brain\repo-testing\repos\small_typer\tests\test_tutorial\test_commands\test_one_or_multiple\test_tutorial001.py'.
Hint: make sure your test modules/packages have valid Python names.
Traceback:
C:\Python314\Lib\importlib\__init__.py:88: in import_module
    return _bootstrap._gcd_import(name[level:], package, level)
           ^^^^^^^^^^^^^^^^^^^^^^^^^^^^^^^^^^^^^^^^^^^^^^^^^^^^
E   ModuleNotFoundError: No module named 'tests.test_tutorial'
_ ERROR collecting repo-testing/repos/small_typer/tests/test_tutorial/test_commands/test_one_or_multiple/test_tutorial002.py _
ImportError while importing test module 'D:\NewE\College\Project\project-brain\repo-testing\repos\small_typer\tests\test_tutorial\test_commands\test_one_or_multiple\test_tutorial002.py'.
Hint: make sure your test modules/packages have valid Python names.
Traceback:
C:\Python314\Lib\importlib\__init__.py:88: in import_module
    return _bootstrap._gcd_import(name[level:], package, level)
           ^^^^^^^^^^^^^^^^^^^^^^^^^^^^^^^^^^^^^^^^^^^^^^^^^^^^
E   ModuleNotFoundError: No module named 'tests.test_tutorial'
_ ERROR collecting repo-testing/repos/small_typer/tests/test_tutorial/test_commands/test_options/test_tutorial001.py _
ImportError while importing test module 'D:\NewE\College\Project\project-brain\repo-testing\repos\small_typer\tests\test_tutorial\test_commands\test_options\test_tutorial001.py'.
Hint: make sure your test modules/packages have valid Python names.
Traceback:
C:\Python314\Lib\importlib\__init__.py:88: in import_module
    return _bootstrap._gcd_import(name[level:], package, level)
           ^^^^^^^^^^^^^^^^^^^^^^^^^^^^^^^^^^^^^^^^^^^^^^^^^^^^
E   ModuleNotFoundError: No module named 'tests.test_tutorial'
_ ERROR collecting repo-testing/repos/small_typer/tests/test_tutorial/test_exceptions/test_tutorial001.py _
ImportError while importing test module 'D:\NewE\College\Project\project-brain\repo-testing\repos\small_typer\tests\test_tutorial\test_exceptions\test_tutorial001.py'.
Hint: make sure your test modules/packages have valid Python names.
Traceback:
C:\Python314\Lib\importlib\__init__.py:88: in import_module
    return _bootstrap._gcd_import(name[level:], package, level)
           ^^^^^^^^^^^^^^^^^^^^^^^^^^^^^^^^^^^^^^^^^^^^^^^^^^^^
E   ModuleNotFoundError: No module named 'tests.test_tutorial'
_ ERROR collecting repo-testing/repos/small_typer/tests/test_tutorial/test_exceptions/test_tutorial002.py _
ImportError while importing test module 'D:\NewE\College\Project\project-brain\repo-testing\repos\small_typer\tests\test_tutorial\test_exceptions\test_tutorial002.py'.
Hint: make sure your test modules/packages have valid Python names.
Traceback:
C:\Python314\Lib\importlib\__init__.py:88: in import_module
    return _bootstrap._gcd_import(name[level:], package, level)
           ^^^^^^^^^^^^^^^^^^^^^^^^^^^^^^^^^^^^^^^^^^^^^^^^^^^^
E   ModuleNotFoundError: No module named 'tests.test_tutorial'
_ ERROR collecting repo-testing/repos/small_typer/tests/test_tutorial/test_exceptions/test_tutorial003.py _
ImportError while importing test module 'D:\NewE\College\Project\project-brain\repo-testing\repos\small_typer\tests\test_tutorial\test_exceptions\test_tutorial003.py'.
Hint: make sure your test modules/packages have valid Python names.
Traceback:
C:\Python314\Lib\importlib\__init__.py:88: in import_module
    return _bootstrap._gcd_import(name[level:], package, level)
           ^^^^^^^^^^^^^^^^^^^^^^^^^^^^^^^^^^^^^^^^^^^^^^^^^^^^
E   ModuleNotFoundError: No module named 'tests.test_tutorial'
_ ERROR collecting repo-testing/repos/small_typer/tests/test_tutorial/test_exceptions/test_tutorial004.py _
ImportError while importing test module 'D:\NewE\College\Project\project-brain\repo-testing\repos\small_typer\tests\test_tutorial\test_exceptions\test_tutorial004.py'.
Hint: make sure your test modules/packages have valid Python names.
Traceback:
C:\Python314\Lib\importlib\__init__.py:88: in import_module
    return _bootstrap._gcd_import(name[level:], package, level)
           ^^^^^^^^^^^^^^^^^^^^^^^^^^^^^^^^^^^^^^^^^^^^^^^^^^^^
E   ModuleNotFoundError: No module named 'tests.test_tutorial'
_ ERROR collecting repo-testing/repos/small_typer/tests/test_tutorial/test_first_steps/test_tutorial001.py _
ImportError while importing test module 'D:\NewE\College\Project\project-brain\repo-testing\repos\small_typer\tests\test_tutorial\test_first_steps\test_tutorial001.py'.
Hint: make sure your test modules/packages have valid Python names.
Traceback:
C:\Python314\Lib\importlib\__init__.py:88: in import_module
    return _bootstrap._gcd_import(name[level:], package, level)
           ^^^^^^^^^^^^^^^^^^^^^^^^^^^^^^^^^^^^^^^^^^^^^^^^^^^^
E   ModuleNotFoundError: No module named 'tests.test_tutorial'
_ ERROR collecting repo-testing/repos/small_typer/tests/test_tutorial/test_first_steps/test_tutorial002.py _
ImportError while importing test module 'D:\NewE\College\Project\project-brain\repo-testing\repos\small_typer\tests\test_tutorial\test_first_steps\test_tutorial002.py'.
Hint: make sure your test modules/packages have valid Python names.
Traceback:
C:\Python314\Lib\importlib\__init__.py:88: in import_module
    return _bootstrap._gcd_import(name[level:], package, level)
           ^^^^^^^^^^^^^^^^^^^^^^^^^^^^^^^^^^^^^^^^^^^^^^^^^^^^
E   ModuleNotFoundError: No module named 'tests.test_tutorial'
_ ERROR collecting repo-testing/repos/small_typer/tests/test_tutorial/test_first_steps/test_tutorial003.py _
ImportError while importing test module 'D:\NewE\College\Project\project-brain\repo-testing\repos\small_typer\tests\test_tutorial\test_first_steps\test_tutorial003.py'.
Hint: make sure your test modules/packages have valid Python names.
Traceback:
C:\Python314\Lib\importlib\__init__.py:88: in import_module
    return _bootstrap._gcd_import(name[level:], package, level)
           ^^^^^^^^^^^^^^^^^^^^^^^^^^^^^^^^^^^^^^^^^^^^^^^^^^^^
E   ModuleNotFoundError: No module named 'tests.test_tutorial'
_ ERROR collecting repo-testing/repos/small_typer/tests/test_tutorial/test_first_steps/test_tutorial004.py _
ImportError while importing test module 'D:\NewE\College\Project\project-brain\repo-testing\repos\small_typer\tests\test_tutorial\test_first_steps\test_tutorial004.py'.
Hint: make sure your test modules/packages have valid Python names.
Traceback:
C:\Python314\Lib\importlib\__init__.py:88: in import_module
    return _bootstrap._gcd_import(name[level:], package, level)
           ^^^^^^^^^^^^^^^^^^^^^^^^^^^^^^^^^^^^^^^^^^^^^^^^^^^^
E   ModuleNotFoundError: No module named 'tests.test_tutorial'
_ ERROR collecting repo-testing/repos/small_typer/tests/test_tutorial/test_first_steps/test_tutorial005.py _
ImportError while importing test module 'D:\NewE\College\Project\project-brain\repo-testing\repos\small_typer\tests\test_tutorial\test_first_steps\test_tutorial005.py'.
Hint: make sure your test modules/packages have valid Python names.
Traceback:
C:\Python314\Lib\importlib\__init__.py:88: in import_module
    return _bootstrap._gcd_import(name[level:], package, level)
           ^^^^^^^^^^^^^^^^^^^^^^^^^^^^^^^^^^^^^^^^^^^^^^^^^^^^
E   ModuleNotFoundError: No module named 'tests.test_tutorial'
_ ERROR collecting repo-testing/repos/small_typer/tests/test_tutorial/test_first_steps/test_tutorial006.py _
ImportError while importing test module 'D:\NewE\College\Project\project-brain\repo-testing\repos\small_typer\tests\test_tutorial\test_first_steps\test_tutorial006.py'.
Hint: make sure your test modules/packages have valid Python names.
Traceback:
C:\Python314\Lib\importlib\__init__.py:88: in import_module
    return _bootstrap._gcd_import(name[level:], package, level)
           ^^^^^^^^^^^^^^^^^^^^^^^^^^^^^^^^^^^^^^^^^^^^^^^^^^^^
E   ModuleNotFoundError: No module named 'tests.test_tutorial'
_ ERROR collecting repo-testing/repos/small_typer/tests/test_tutorial/test_multiple_values/test_arguments_with_multiple_values/test_tutorial001.py _
ImportError while importing test module 'D:\NewE\College\Project\project-brain\repo-testing\repos\small_typer\tests\test_tutorial\test_multiple_values\test_arguments_with_multiple_values\test_tutorial001.py'.
Hint: make sure your test modules/packages have valid Python names.
Traceback:
C:\Python314\Lib\importlib\__init__.py:88: in import_module
    return _bootstrap._gcd_import(name[level:], package, level)
           ^^^^^^^^^^^^^^^^^^^^^^^^^^^^^^^^^^^^^^^^^^^^^^^^^^^^
E   ModuleNotFoundError: No module named 'tests.test_tutorial'
_ ERROR collecting repo-testing/repos/small_typer/tests/test_tutorial/test_multiple_values/test_arguments_with_multiple_values/test_tutorial002.py _
ImportError while importing test module 'D:\NewE\College\Project\project-brain\repo-testing\repos\small_typer\tests\test_tutorial\test_multiple_values\test_arguments_with_multiple_values\test_tutorial002.py'.
Hint: make sure your test modules/packages have valid Python names.
Traceback:
C:\Python314\Lib\importlib\__init__.py:88: in import_module
    return _bootstrap._gcd_import(name[level:], package, level)
           ^^^^^^^^^^^^^^^^^^^^^^^^^^^^^^^^^^^^^^^^^^^^^^^^^^^^
E   ModuleNotFoundError: No module named 'tests.test_tutorial'
_ ERROR collecting repo-testing/repos/small_typer/tests/test_tutorial/test_multiple_values/test_multiple_options/test_tutorial001.py _
ImportError while importing test module 'D:\NewE\College\Project\project-brain\repo-testing\repos\small_typer\tests\test_tutorial\test_multiple_values\test_multiple_options\test_tutorial001.py'.
Hint: make sure your test modules/packages have valid Python names.
Traceback:
C:\Python314\Lib\importlib\__init__.py:88: in import_module
    return _bootstrap._gcd_import(name[level:], package, level)
           ^^^^^^^^^^^^^^^^^^^^^^^^^^^^^^^^^^^^^^^^^^^^^^^^^^^^
E   ModuleNotFoundError: No module named 'tests.test_tutorial'
_ ERROR collecting repo-testing/repos/small_typer/tests/test_tutorial/test_multiple_values/test_multiple_options/test_tutorial002.py _
ImportError while importing test module 'D:\NewE\College\Project\project-brain\repo-testing\repos\small_typer\tests\test_tutorial\test_multiple_values\test_multiple_options\test_tutorial002.py'.
Hint: make sure your test modules/packages have valid Python names.
Traceback:
C:\Python314\Lib\importlib\__init__.py:88: in import_module
    return _bootstrap._gcd_import(name[level:], package, level)
           ^^^^^^^^^^^^^^^^^^^^^^^^^^^^^^^^^^^^^^^^^^^^^^^^^^^^
E   ModuleNotFoundError: No module named 'tests.test_tutorial'
_ ERROR collecting repo-testing/repos/small_typer/tests/test_tutorial/test_multiple_values/test_options_with_multiple_values/test_tutorial001.py _
ImportError while importing test module 'D:\NewE\College\Project\project-brain\repo-testing\repos\small_typer\tests\test_tutorial\test_multiple_values\test_options_with_multiple_values\test_tutorial001.py'.
Hint: make sure your test modules/packages have valid Python names.
Traceback:
C:\Python314\Lib\importlib\__init__.py:88: in import_module
    return _bootstrap._gcd_import(name[level:], package, level)
           ^^^^^^^^^^^^^^^^^^^^^^^^^^^^^^^^^^^^^^^^^^^^^^^^^^^^
E   ModuleNotFoundError: No module named 'tests.test_tutorial'
_ ERROR collecting repo-testing/repos/small_typer/tests/test_tutorial/test_one_file_per_command/test_tutorial.py _
ImportError while importing test module 'D:\NewE\College\Project\project-brain\repo-testing\repos\small_typer\tests\test_tutorial\test_one_file_per_command\test_tutorial.py'.
Hint: make sure your test modules/packages have valid Python names.
Traceback:
C:\Python314\Lib\importlib\__init__.py:88: in import_module
    return _bootstrap._gcd_import(name[level:], package, level)
           ^^^^^^^^^^^^^^^^^^^^^^^^^^^^^^^^^^^^^^^^^^^^^^^^^^^^
E   ModuleNotFoundError: No module named 'tests.test_tutorial'
_ ERROR collecting repo-testing/repos/small_typer/tests/test_tutorial/test_options/test_callback/test_tutorial001.py _
ImportError while importing test module 'D:\NewE\College\Project\project-brain\repo-testing\repos\small_typer\tests\test_tutorial\test_options\test_callback\test_tutorial001.py'.
Hint: make sure your test modules/packages have valid Python names.
Traceback:
C:\Python314\Lib\importlib\__init__.py:88: in import_module
    return _bootstrap._gcd_import(name[level:], package, level)
           ^^^^^^^^^^^^^^^^^^^^^^^^^^^^^^^^^^^^^^^^^^^^^^^^^^^^
E   ModuleNotFoundError: No module named 'tests.test_tutorial'
_ ERROR collecting repo-testing/repos/small_typer/tests/test_tutorial/test_options/test_callback/test_tutorial002.py _
ImportError while importing test module 'D:\NewE\College\Project\project-brain\repo-testing\repos\small_typer\tests\test_tutorial\test_options\test_callback\test_tutorial002.py'.
Hint: make sure your test modules/packages have valid Python names.
Traceback:
C:\Python314\Lib\importlib\__init__.py:88: in import_module
    return _bootstrap._gcd_import(name[level:], package, level)
           ^^^^^^^^^^^^^^^^^^^^^^^^^^^^^^^^^^^^^^^^^^^^^^^^^^^^
E   ModuleNotFoundError: No module named 'tests.test_tutorial'
_ ERROR collecting repo-testing/repos/small_typer/tests/test_tutorial/test_options/test_callback/test_tutorial003.py _
ImportError while importing test module 'D:\NewE\College\Project\project-brain\repo-testing\repos\small_typer\tests\test_tutorial\test_options\test_callback\test_tutorial003.py'.
Hint: make sure your test modules/packages have valid Python names.
Traceback:
C:\Python314\Lib\importlib\__init__.py:88: in import_module
    return _bootstrap._gcd_import(name[level:], package, level)
           ^^^^^^^^^^^^^^^^^^^^^^^^^^^^^^^^^^^^^^^^^^^^^^^^^^^^
E   ModuleNotFoundError: No module named 'tests.test_tutorial'
_ ERROR collecting repo-testing/repos/small_typer/tests/test_tutorial/test_options/test_callback/test_tutorial004.py _
ImportError while importing test module 'D:\NewE\College\Project\project-brain\repo-testing\repos\small_typer\tests\test_tutorial\test_options\test_callback\test_tutorial004.py'.
Hint: make sure your test modules/packages have valid Python names.
Traceback:
C:\Python314\Lib\importlib\__init__.py:88: in import_module
    return _bootstrap._gcd_import(name[level:], package, level)
           ^^^^^^^^^^^^^^^^^^^^^^^^^^^^^^^^^^^^^^^^^^^^^^^^^^^^
E   ModuleNotFoundError: No module named 'tests.test_tutorial'
_ ERROR collecting repo-testing/repos/small_typer/tests/test_tutorial/test_options/test_help/test_tutorial001.py _
ImportError while importing test module 'D:\NewE\College\Project\project-brain\repo-testing\repos\small_typer\tests\test_tutorial\test_options\test_help\test_tutorial001.py'.
Hint: make sure your test modules/packages have valid Python names.
Traceback:
C:\Python314\Lib\importlib\__init__.py:88: in import_module
    return _bootstrap._gcd_import(name[level:], package, level)
           ^^^^^^^^^^^^^^^^^^^^^^^^^^^^^^^^^^^^^^^^^^^^^^^^^^^^
E   ModuleNotFoundError: No module named 'tests.test_tutorial'
_ ERROR collecting repo-testing/repos/small_typer/tests/test_tutorial/test_options/test_help/test_tutorial002.py _
ImportError while importing test module 'D:\NewE\College\Project\project-brain\repo-testing\repos\small_typer\tests\test_tutorial\test_options\test_help\test_tutorial002.py'.
Hint: make sure your test modules/packages have valid Python names.
Traceback:
C:\Python314\Lib\importlib\__init__.py:88: in import_module
    return _bootstrap._gcd_import(name[level:], package, level)
           ^^^^^^^^^^^^^^^^^^^^^^^^^^^^^^^^^^^^^^^^^^^^^^^^^^^^
E   ModuleNotFoundError: No module named 'tests.test_tutorial'
_ ERROR collecting repo-testing/repos/small_typer/tests/test_tutorial/test_options/test_help/test_tutorial003.py _
ImportError while importing test module 'D:\NewE\College\Project\project-brain\repo-testing\repos\small_typer\tests\test_tutorial\test_options\test_help\test_tutorial003.py'.
Hint: make sure your test modules/packages have valid Python names.
Traceback:
C:\Python314\Lib\importlib\__init__.py:88: in import_module
    return _bootstrap._gcd_import(name[level:], package, level)
           ^^^^^^^^^^^^^^^^^^^^^^^^^^^^^^^^^^^^^^^^^^^^^^^^^^^^
E   ModuleNotFoundError: No module named 'tests.test_tutorial'
_ ERROR collecting repo-testing/repos/small_typer/tests/test_tutorial/test_options/test_help/test_tutorial004.py _
ImportError while importing test module 'D:\NewE\College\Project\project-brain\repo-testing\repos\small_typer\tests\test_tutorial\test_options\test_help\test_tutorial004.py'.
Hint: make sure your test modules/packages have valid Python names.
Traceback:
C:\Python314\Lib\importlib\__init__.py:88: in import_module
    return _bootstrap._gcd_import(name[level:], package, level)
           ^^^^^^^^^^^^^^^^^^^^^^^^^^^^^^^^^^^^^^^^^^^^^^^^^^^^
E   ModuleNotFoundError: No module named 'tests.test_tutorial'
_ ERROR collecting repo-testing/repos/small_typer/tests/test_tutorial/test_options/test_name/test_tutorial001.py _
ImportError while importing test module 'D:\NewE\College\Project\project-brain\repo-testing\repos\small_typer\tests\test_tutorial\test_options\test_name\test_tutorial001.py'.
Hint: make sure your test modules/packages have valid Python names.
Traceback:
C:\Python314\Lib\importlib\__init__.py:88: in import_module
    return _bootstrap._gcd_import(name[level:], package, level)
           ^^^^^^^^^^^^^^^^^^^^^^^^^^^^^^^^^^^^^^^^^^^^^^^^^^^^
E   ModuleNotFoundError: No module named 'tests.test_tutorial'
_ ERROR collecting repo-testing/repos/small_typer/tests/test_tutorial/test_options/test_name/test_tutorial002.py _
ImportError while importing test module 'D:\NewE\College\Project\project-brain\repo-testing\repos\small_typer\tests\test_tutorial\test_options\test_name\test_tutorial002.py'.
Hint: make sure your test modules/packages have valid Python names.
Traceback:
C:\Python314\Lib\importlib\__init__.py:88: in import_module
    return _bootstrap._gcd_import(name[level:], package, level)
           ^^^^^^^^^^^^^^^^^^^^^^^^^^^^^^^^^^^^^^^^^^^^^^^^^^^^
E   ModuleNotFoundError: No module named 'tests.test_tutorial'
_ ERROR collecting repo-testing/repos/small_typer/tests/test_tutorial/test_options/test_name/test_tutorial003.py _
ImportError while importing test module 'D:\NewE\College\Project\project-brain\repo-testing\repos\small_typer\tests\test_tutorial\test_options\test_name\test_tutorial003.py'.
Hint: make sure your test modules/packages have valid Python names.
Traceback:
C:\Python314\Lib\importlib\__init__.py:88: in import_module
    return _bootstrap._gcd_import(name[level:], package, level)
           ^^^^^^^^^^^^^^^^^^^^^^^^^^^^^^^^^^^^^^^^^^^^^^^^^^^^
E   ModuleNotFoundError: No module named 'tests.test_tutorial'
_ ERROR collecting repo-testing/repos/small_typer/tests/test_tutorial/test_options/test_name/test_tutorial004.py _
ImportError while importing test module 'D:\NewE\College\Project\project-brain\repo-testing\repos\small_typer\tests\test_tutorial\test_options\test_name\test_tutorial004.py'.
Hint: make sure your test modules/packages have valid Python names.
Traceback:
C:\Python314\Lib\importlib\__init__.py:88: in import_module
    return _bootstrap._gcd_import(name[level:], package, level)
           ^^^^^^^^^^^^^^^^^^^^^^^^^^^^^^^^^^^^^^^^^^^^^^^^^^^^
E   ModuleNotFoundError: No module named 'tests.test_tutorial'
_ ERROR collecting repo-testing/repos/small_typer/tests/test_tutorial/test_options/test_name/test_tutorial005.py _
ImportError while importing test module 'D:\NewE\College\Project\project-brain\repo-testing\repos\small_typer\tests\test_tutorial\test_options\test_name\test_tutorial005.py'.
Hint: make sure your test modules/packages have valid Python names.
Traceback:
C:\Python314\Lib\importlib\__init__.py:88: in import_module
    return _bootstrap._gcd_import(name[level:], package, level)
           ^^^^^^^^^^^^^^^^^^^^^^^^^^^^^^^^^^^^^^^^^^^^^^^^^^^^
E   ModuleNotFoundError: No module named 'tests.test_tutorial'
_ ERROR collecting repo-testing/repos/small_typer/tests/test_tutorial/test_options/test_password/test_tutorial001.py _
ImportError while importing test module 'D:\NewE\College\Project\project-brain\repo-testing\repos\small_typer\tests\test_tutorial\test_options\test_password\test_tutorial001.py'.
Hint: make sure your test modules/packages have valid Python names.
Traceback:
C:\Python314\Lib\importlib\__init__.py:88: in import_module
    return _bootstrap._gcd_import(name[level:], package, level)
           ^^^^^^^^^^^^^^^^^^^^^^^^^^^^^^^^^^^^^^^^^^^^^^^^^^^^
E   ModuleNotFoundError: No module named 'tests.test_tutorial'
_ ERROR collecting repo-testing/repos/small_typer/tests/test_tutorial/test_options/test_password/test_tutorial002.py _
ImportError while importing test module 'D:\NewE\College\Project\project-brain\repo-testing\repos\small_typer\tests\test_tutorial\test_options\test_password\test_tutorial002.py'.
Hint: make sure your test modules/packages have valid Python names.
Traceback:
C:\Python314\Lib\importlib\__init__.py:88: in import_module
    return _bootstrap._gcd_import(name[level:], package, level)
           ^^^^^^^^^^^^^^^^^^^^^^^^^^^^^^^^^^^^^^^^^^^^^^^^^^^^
E   ModuleNotFoundError: No module named 'tests.test_tutorial'
_ ERROR collecting repo-testing/repos/small_typer/tests/test_tutorial/test_options/test_prompt/test_tutorial001.py _
ImportError while importing test module 'D:\NewE\College\Project\project-brain\repo-testing\repos\small_typer\tests\test_tutorial\test_options\test_prompt\test_tutorial001.py'.
Hint: make sure your test modules/packages have valid Python names.
Traceback:
C:\Python314\Lib\importlib\__init__.py:88: in import_module
    return _bootstrap._gcd_import(name[level:], package, level)
           ^^^^^^^^^^^^^^^^^^^^^^^^^^^^^^^^^^^^^^^^^^^^^^^^^^^^
E   ModuleNotFoundError: No module named 'tests.test_tutorial'
_ ERROR collecting repo-testing/repos/small_typer/tests/test_tutorial/test_options/test_prompt/test_tutorial002.py _
ImportError while importing test module 'D:\NewE\College\Project\project-brain\repo-testing\repos\small_typer\tests\test_tutorial\test_options\test_prompt\test_tutorial002.py'.
Hint: make sure your test modules/packages have valid Python names.
Traceback:
C:\Python314\Lib\importlib\__init__.py:88: in import_module
    return _bootstrap._gcd_import(name[level:], package, level)
           ^^^^^^^^^^^^^^^^^^^^^^^^^^^^^^^^^^^^^^^^^^^^^^^^^^^^
E   ModuleNotFoundError: No module named 'tests.test_tutorial'
_ ERROR collecting repo-testing/repos/small_typer/tests/test_tutorial/test_options/test_prompt/test_tutorial003.py _
ImportError while importing test module 'D:\NewE\College\Project\project-brain\repo-testing\repos\small_typer\tests\test_tutorial\test_options\test_prompt\test_tutorial003.py'.
Hint: make sure your test modules/packages have valid Python names.
Traceback:
C:\Python314\Lib\importlib\__init__.py:88: in import_module
    return _bootstrap._gcd_import(name[level:], package, level)
           ^^^^^^^^^^^^^^^^^^^^^^^^^^^^^^^^^^^^^^^^^^^^^^^^^^^^
E   ModuleNotFoundError: No module named 'tests.test_tutorial'
_ ERROR collecting repo-testing/repos/small_typer/tests/test_tutorial/test_options/test_required/test_tutorial001_tutorial002.py _
ImportError while importing test module 'D:\NewE\College\Project\project-brain\repo-testing\repos\small_typer\tests\test_tutorial\test_options\test_required\test_tutorial001_tutorial002.py'.
Hint: make sure your test modules/packages have valid Python names.
Traceback:
C:\Python314\Lib\importlib\__init__.py:88: in import_module
    return _bootstrap._gcd_import(name[level:], package, level)
           ^^^^^^^^^^^^^^^^^^^^^^^^^^^^^^^^^^^^^^^^^^^^^^^^^^^^
E   ModuleNotFoundError: No module named 'tests.test_tutorial'
_ ERROR collecting repo-testing/repos/small_typer/tests/test_tutorial/test_options/test_version/test_tutorial001.py _
ImportError while importing test module 'D:\NewE\College\Project\project-brain\repo-testing\repos\small_typer\tests\test_tutorial\test_options\test_version\test_tutorial001.py'.
Hint: make sure your test modules/packages have valid Python names.
Traceback:
C:\Python314\Lib\importlib\__init__.py:88: in import_module
    return _bootstrap._gcd_import(name[level:], package, level)
           ^^^^^^^^^^^^^^^^^^^^^^^^^^^^^^^^^^^^^^^^^^^^^^^^^^^^
E   ModuleNotFoundError: No module named 'tests.test_tutorial'
_ ERROR collecting repo-testing/repos/small_typer/tests/test_tutorial/test_options/test_version/test_tutorial002.py _
ImportError while importing test module 'D:\NewE\College\Project\project-brain\repo-testing\repos\small_typer\tests\test_tutorial\test_options\test_version\test_tutorial002.py'.
Hint: make sure your test modules/packages have valid Python names.
Traceback:
C:\Python314\Lib\importlib\__init__.py:88: in import_module
    return _bootstrap._gcd_import(name[level:], package, level)
           ^^^^^^^^^^^^^^^^^^^^^^^^^^^^^^^^^^^^^^^^^^^^^^^^^^^^
E   ModuleNotFoundError: No module named 'tests.test_tutorial'
_ ERROR collecting repo-testing/repos/small_typer/tests/test_tutorial/test_options/test_version/test_tutorial003.py _
ImportError while importing test module 'D:\NewE\College\Project\project-brain\repo-testing\repos\small_typer\tests\test_tutorial\test_options\test_version\test_tutorial003.py'.
Hint: make sure your test modules/packages have valid Python names.
Traceback:
C:\Python314\Lib\importlib\__init__.py:88: in import_module
    return _bootstrap._gcd_import(name[level:], package, level)
           ^^^^^^^^^^^^^^^^^^^^^^^^^^^^^^^^^^^^^^^^^^^^^^^^^^^^
E   ModuleNotFoundError: No module named 'tests.test_tutorial'
_ ERROR collecting repo-testing/repos/small_typer/tests/test_tutorial/test_options_autocompletion/test_tutorial001.py _
ImportError while importing test module 'D:\NewE\College\Project\project-brain\repo-testing\repos\small_typer\tests\test_tutorial\test_options_autocompletion\test_tutorial001.py'.
Hint: make sure your test modules/packages have valid Python names.
Traceback:
C:\Python314\Lib\importlib\__init__.py:88: in import_module
    return _bootstrap._gcd_import(name[level:], package, level)
           ^^^^^^^^^^^^^^^^^^^^^^^^^^^^^^^^^^^^^^^^^^^^^^^^^^^^
E   ModuleNotFoundError: No module named 'tests.test_tutorial'
_ ERROR collecting repo-testing/repos/small_typer/tests/test_tutorial/test_options_autocompletion/test_tutorial002.py _
ImportError while importing test module 'D:\NewE\College\Project\project-brain\repo-testing\repos\small_typer\tests\test_tutorial\test_options_autocompletion\test_tutorial002.py'.
Hint: make sure your test modules/packages have valid Python names.
Traceback:
C:\Python314\Lib\importlib\__init__.py:88: in import_module
    return _bootstrap._gcd_import(name[level:], package, level)
           ^^^^^^^^^^^^^^^^^^^^^^^^^^^^^^^^^^^^^^^^^^^^^^^^^^^^
E   ModuleNotFoundError: No module named 'tests.test_tutorial'
_ ERROR collecting repo-testing/repos/small_typer/tests/test_tutorial/test_options_autocompletion/test_tutorial003.py _
ImportError while importing test module 'D:\NewE\College\Project\project-brain\repo-testing\repos\small_typer\tests\test_tutorial\test_options_autocompletion\test_tutorial003.py'.
Hint: make sure your test modules/packages have valid Python names.
Traceback:
C:\Python314\Lib\importlib\__init__.py:88: in import_module
    return _bootstrap._gcd_import(name[level:], package, level)
           ^^^^^^^^^^^^^^^^^^^^^^^^^^^^^^^^^^^^^^^^^^^^^^^^^^^^
E   ModuleNotFoundError: No module named 'tests.test_tutorial'
_ ERROR collecting repo-testing/repos/small_typer/tests/test_tutorial/test_options_autocompletion/test_tutorial004_tutorial005.py _
ImportError while importing test module 'D:\NewE\College\Project\project-brain\repo-testing\repos\small_typer\tests\test_tutorial\test_options_autocompletion\test_tutorial004_tutorial005.py'.
Hint: make sure your test modules/packages have valid Python names.
Traceback:
C:\Python314\Lib\importlib\__init__.py:88: in import_module
    return _bootstrap._gcd_import(name[level:], package, level)
           ^^^^^^^^^^^^^^^^^^^^^^^^^^^^^^^^^^^^^^^^^^^^^^^^^^^^
E   ModuleNotFoundError: No module named 'tests.test_tutorial'
_ ERROR collecting repo-testing/repos/small_typer/tests/test_tutorial/test_options_autocompletion/test_tutorial006.py _
ImportError while importing test module 'D:\NewE\College\Project\project-brain\repo-testing\repos\small_typer\tests\test_tutorial\test_options_autocompletion\test_tutorial006.py'.
Hint: make sure your test modules/packages have valid Python names.
Traceback:
C:\Python314\Lib\importlib\__init__.py:88: in import_module
    return _bootstrap._gcd_import(name[level:], package, level)
           ^^^^^^^^^^^^^^^^^^^^^^^^^^^^^^^^^^^^^^^^^^^^^^^^^^^^
E   ModuleNotFoundError: No module named 'tests.test_tutorial'
_ ERROR collecting repo-testing/repos/small_typer/tests/test_tutorial/test_options_autocompletion/test_tutorial007.py _
ImportError while importing test module 'D:\NewE\College\Project\project-brain\repo-testing\repos\small_typer\tests\test_tutorial\test_options_autocompletion\test_tutorial007.py'.
Hint: make sure your test modules/packages have valid Python names.
Traceback:
C:\Python314\Lib\importlib\__init__.py:88: in import_module
    return _bootstrap._gcd_import(name[level:], package, level)
           ^^^^^^^^^^^^^^^^^^^^^^^^^^^^^^^^^^^^^^^^^^^^^^^^^^^^
E   ModuleNotFoundError: No module named 'tests.test_tutorial'
_ ERROR collecting repo-testing/repos/small_typer/tests/test_tutorial/test_options_autocompletion/test_tutorial008.py _
ImportError while importing test module 'D:\NewE\College\Project\project-brain\repo-testing\repos\small_typer\tests\test_tutorial\test_options_autocompletion\test_tutorial008.py'.
Hint: make sure your test modules/packages have valid Python names.
Traceback:
C:\Python314\Lib\importlib\__init__.py:88: in import_module
    return _bootstrap._gcd_import(name[level:], package, level)
           ^^^^^^^^^^^^^^^^^^^^^^^^^^^^^^^^^^^^^^^^^^^^^^^^^^^^
E   ModuleNotFoundError: No module named 'tests.test_tutorial'
_ ERROR collecting repo-testing/repos/small_typer/tests/test_tutorial/test_options_autocompletion/test_tutorial009.py _
ImportError while importing test module 'D:\NewE\College\Project\project-brain\repo-testing\repos\small_typer\tests\test_tutorial\test_options_autocompletion\test_tutorial009.py'.
Hint: make sure your test modules/packages have valid Python names.
Traceback:
C:\Python314\Lib\importlib\__init__.py:88: in import_module
    return _bootstrap._gcd_import(name[level:], package, level)
           ^^^^^^^^^^^^^^^^^^^^^^^^^^^^^^^^^^^^^^^^^^^^^^^^^^^^
E   ModuleNotFoundError: No module named 'tests.test_tutorial'
_ ERROR collecting repo-testing/repos/small_typer/tests/test_tutorial/test_parameter_types/test_bool/test_tutorial001.py _
ImportError while importing test module 'D:\NewE\College\Project\project-brain\repo-testing\repos\small_typer\tests\test_tutorial\test_parameter_types\test_bool\test_tutorial001.py'.
Hint: make sure your test modules/packages have valid Python names.
Traceback:
C:\Python314\Lib\importlib\__init__.py:88: in import_module
    return _bootstrap._gcd_import(name[level:], package, level)
           ^^^^^^^^^^^^^^^^^^^^^^^^^^^^^^^^^^^^^^^^^^^^^^^^^^^^
E   ModuleNotFoundError: No module named 'tests.test_tutorial'
_ ERROR collecting repo-testing/repos/small_typer/tests/test_tutorial/test_parameter_types/test_bool/test_tutorial002.py _
ImportError while importing test module 'D:\NewE\College\Project\project-brain\repo-testing\repos\small_typer\tests\test_tutorial\test_parameter_types\test_bool\test_tutorial002.py'.
Hint: make sure your test modules/packages have valid Python names.
Traceback:
C:\Python314\Lib\importlib\__init__.py:88: in import_module
    return _bootstrap._gcd_import(name[level:], package, level)
           ^^^^^^^^^^^^^^^^^^^^^^^^^^^^^^^^^^^^^^^^^^^^^^^^^^^^
E   ModuleNotFoundError: No module named 'tests.test_tutorial'
_ ERROR collecting repo-testing/repos/small_typer/tests/test_tutorial/test_parameter_types/test_bool/test_tutorial003.py _
ImportError while importing test module 'D:\NewE\College\Project\project-brain\repo-testing\repos\small_typer\tests\test_tutorial\test_parameter_types\test_bool\test_tutorial003.py'.
Hint: make sure your test modules/packages have valid Python names.
Traceback:
C:\Python314\Lib\importlib\__init__.py:88: in import_module
    return _bootstrap._gcd_import(name[level:], package, level)
           ^^^^^^^^^^^^^^^^^^^^^^^^^^^^^^^^^^^^^^^^^^^^^^^^^^^^
E   ModuleNotFoundError: No module named 'tests.test_tutorial'
_ ERROR collecting repo-testing/repos/small_typer/tests/test_tutorial/test_parameter_types/test_bool/test_tutorial004.py _
ImportError while importing test module 'D:\NewE\College\Project\project-brain\repo-testing\repos\small_typer\tests\test_tutorial\test_parameter_types\test_bool\test_tutorial004.py'.
Hint: make sure your test modules/packages have valid Python names.
Traceback:
C:\Python314\Lib\importlib\__init__.py:88: in import_module
    return _bootstrap._gcd_import(name[level:], package, level)
           ^^^^^^^^^^^^^^^^^^^^^^^^^^^^^^^^^^^^^^^^^^^^^^^^^^^^
E   ModuleNotFoundError: No module named 'tests.test_tutorial'
_ ERROR collecting repo-testing/repos/small_typer/tests/test_tutorial/test_parameter_types/test_custom_types/test_tutorial001.py _
ImportError while importing test module 'D:\NewE\College\Project\project-brain\repo-testing\repos\small_typer\tests\test_tutorial\test_parameter_types\test_custom_types\test_tutorial001.py'.
Hint: make sure your test modules/packages have valid Python names.
Traceback:
C:\Python314\Lib\importlib\__init__.py:88: in import_module
    return _bootstrap._gcd_import(name[level:], package, level)
           ^^^^^^^^^^^^^^^^^^^^^^^^^^^^^^^^^^^^^^^^^^^^^^^^^^^^
E   ModuleNotFoundError: No module named 'tests.test_tutorial'
_ ERROR collecting repo-testing/repos/small_typer/tests/test_tutorial/test_parameter_types/test_datetime/test_tutorial001.py _
ImportError while importing test module 'D:\NewE\College\Project\project-brain\repo-testing\repos\small_typer\tests\test_tutorial\test_parameter_types\test_datetime\test_tutorial001.py'.
Hint: make sure your test modules/packages have valid Python names.
Traceback:
C:\Python314\Lib\importlib\__init__.py:88: in import_module
    return _bootstrap._gcd_import(name[level:], package, level)
           ^^^^^^^^^^^^^^^^^^^^^^^^^^^^^^^^^^^^^^^^^^^^^^^^^^^^
E   ModuleNotFoundError: No module named 'tests.test_tutorial'
_ ERROR collecting repo-testing/repos/small_typer/tests/test_tutorial/test_parameter_types/test_datetime/test_tutorial002.py _
ImportError while importing test module 'D:\NewE\College\Project\project-brain\repo-testing\repos\small_typer\tests\test_tutorial\test_parameter_types\test_datetime\test_tutorial002.py'.
Hint: make sure your test modules/packages have valid Python names.
Traceback:
C:\Python314\Lib\importlib\__init__.py:88: in import_module
    return _bootstrap._gcd_import(name[level:], package, level)
           ^^^^^^^^^^^^^^^^^^^^^^^^^^^^^^^^^^^^^^^^^^^^^^^^^^^^
E   ModuleNotFoundError: No module named 'tests.test_tutorial'
_ ERROR collecting repo-testing/repos/small_typer/tests/test_tutorial/test_parameter_types/test_enum/test_tutorial001.py _
ImportError while importing test module 'D:\NewE\College\Project\project-brain\repo-testing\repos\small_typer\tests\test_tutorial\test_parameter_types\test_enum\test_tutorial001.py'.
Hint: make sure your test modules/packages have valid Python names.
Traceback:
C:\Python314\Lib\importlib\__init__.py:88: in import_module
    return _bootstrap._gcd_import(name[level:], package, level)
           ^^^^^^^^^^^^^^^^^^^^^^^^^^^^^^^^^^^^^^^^^^^^^^^^^^^^
E   ModuleNotFoundError: No module named 'tests.test_tutorial'
_ ERROR collecting repo-testing/repos/small_typer/tests/test_tutorial/test_parameter_types/test_enum/test_tutorial002.py _
ImportError while importing test module 'D:\NewE\College\Project\project-brain\repo-testing\repos\small_typer\tests\test_tutorial\test_parameter_types\test_enum\test_tutorial002.py'.
Hint: make sure your test modules/packages have valid Python names.
Traceback:
C:\Python314\Lib\importlib\__init__.py:88: in import_module
    return _bootstrap._gcd_import(name[level:], package, level)
           ^^^^^^^^^^^^^^^^^^^^^^^^^^^^^^^^^^^^^^^^^^^^^^^^^^^^
E   ModuleNotFoundError: No module named 'tests.test_tutorial'
_ ERROR collecting repo-testing/repos/small_typer/tests/test_tutorial/test_parameter_types/test_enum/test_tutorial003.py _
ImportError while importing test module 'D:\NewE\College\Project\project-brain\repo-testing\repos\small_typer\tests\test_tutorial\test_parameter_types\test_enum\test_tutorial003.py'.
Hint: make sure your test modules/packages have valid Python names.
Traceback:
C:\Python314\Lib\importlib\__init__.py:88: in import_module
    return _bootstrap._gcd_import(name[level:], package, level)
           ^^^^^^^^^^^^^^^^^^^^^^^^^^^^^^^^^^^^^^^^^^^^^^^^^^^^
E   ModuleNotFoundError: No module named 'tests.test_tutorial'
_ ERROR collecting repo-testing/repos/small_typer/tests/test_tutorial/test_parameter_types/test_enum/test_tutorial004.py _
ImportError while importing test module 'D:\NewE\College\Project\project-brain\repo-testing\repos\small_typer\tests\test_tutorial\test_parameter_types\test_enum\test_tutorial004.py'.
Hint: make sure your test modules/packages have valid Python names.
Traceback:
C:\Python314\Lib\importlib\__init__.py:88: in import_module
    return _bootstrap._gcd_import(name[level:], package, level)
           ^^^^^^^^^^^^^^^^^^^^^^^^^^^^^^^^^^^^^^^^^^^^^^^^^^^^
E   ModuleNotFoundError: No module named 'tests.test_tutorial'
_ ERROR collecting repo-testing/repos/small_typer/tests/test_tutorial/test_parameter_types/test_file/test_tutorial001.py _
ImportError while importing test module 'D:\NewE\College\Project\project-brain\repo-testing\repos\small_typer\tests\test_tutorial\test_parameter_types\test_file\test_tutorial001.py'.
Hint: make sure your test modules/packages have valid Python names.
Traceback:
C:\Python314\Lib\importlib\__init__.py:88: in import_module
    return _bootstrap._gcd_import(name[level:], package, level)
           ^^^^^^^^^^^^^^^^^^^^^^^^^^^^^^^^^^^^^^^^^^^^^^^^^^^^
E   ModuleNotFoundError: No module named 'tests.test_tutorial'
_ ERROR collecting repo-testing/repos/small_typer/tests/test_tutorial/test_parameter_types/test_file/test_tutorial002.py _
ImportError while importing test module 'D:\NewE\College\Project\project-brain\repo-testing\repos\small_typer\tests\test_tutorial\test_parameter_types\test_file\test_tutorial002.py'.
Hint: make sure your test modules/packages have valid Python names.
Traceback:
C:\Python314\Lib\importlib\__init__.py:88: in import_module
    return _bootstrap._gcd_import(name[level:], package, level)
           ^^^^^^^^^^^^^^^^^^^^^^^^^^^^^^^^^^^^^^^^^^^^^^^^^^^^
E   ModuleNotFoundError: No module named 'tests.test_tutorial'
_ ERROR collecting repo-testing/repos/small_typer/tests/test_tutorial/test_parameter_types/test_file/test_tutorial003.py _
ImportError while importing test module 'D:\NewE\College\Project\project-brain\repo-testing\repos\small_typer\tests\test_tutorial\test_parameter_types\test_file\test_tutorial003.py'.
Hint: make sure your test modules/packages have valid Python names.
Traceback:
C:\Python314\Lib\importlib\__init__.py:88: in import_module
    return _bootstrap._gcd_import(name[level:], package, level)
           ^^^^^^^^^^^^^^^^^^^^^^^^^^^^^^^^^^^^^^^^^^^^^^^^^^^^
E   ModuleNotFoundError: No module named 'tests.test_tutorial'
_ ERROR collecting repo-testing/repos/small_typer/tests/test_tutorial/test_parameter_types/test_file/test_tutorial004.py _
ImportError while importing test module 'D:\NewE\College\Project\project-brain\repo-testing\repos\small_typer\tests\test_tutorial\test_parameter_types\test_file\test_tutorial004.py'.
Hint: make sure your test modules/packages have valid Python names.
Traceback:
C:\Python314\Lib\importlib\__init__.py:88: in import_module
    return _bootstrap._gcd_import(name[level:], package, level)
           ^^^^^^^^^^^^^^^^^^^^^^^^^^^^^^^^^^^^^^^^^^^^^^^^^^^^
E   ModuleNotFoundError: No module named 'tests.test_tutorial'
_ ERROR collecting repo-testing/repos/small_typer/tests/test_tutorial/test_parameter_types/test_file/test_tutorial005.py _
ImportError while importing test module 'D:\NewE\College\Project\project-brain\repo-testing\repos\small_typer\tests\test_tutorial\test_parameter_types\test_file\test_tutorial005.py'.
Hint: make sure your test modules/packages have valid Python names.
Traceback:
C:\Python314\Lib\importlib\__init__.py:88: in import_module
    return _bootstrap._gcd_import(name[level:], package, level)
           ^^^^^^^^^^^^^^^^^^^^^^^^^^^^^^^^^^^^^^^^^^^^^^^^^^^^
E   ModuleNotFoundError: No module named 'tests.test_tutorial'
_ ERROR collecting repo-testing/repos/small_typer/tests/test_tutorial/test_parameter_types/test_index/test_tutorial001.py _
ImportError while importing test module 'D:\NewE\College\Project\project-brain\repo-testing\repos\small_typer\tests\test_tutorial\test_parameter_types\test_index\test_tutorial001.py'.
Hint: make sure your test modules/packages have valid Python names.
Traceback:
C:\Python314\Lib\importlib\__init__.py:88: in import_module
    return _bootstrap._gcd_import(name[level:], package, level)
           ^^^^^^^^^^^^^^^^^^^^^^^^^^^^^^^^^^^^^^^^^^^^^^^^^^^^
E   ModuleNotFoundError: No module named 'tests.test_tutorial'
_ ERROR collecting repo-testing/repos/small_typer/tests/test_tutorial/test_parameter_types/test_number/test_tutorial001.py _
ImportError while importing test module 'D:\NewE\College\Project\project-brain\repo-testing\repos\small_typer\tests\test_tutorial\test_parameter_types\test_number\test_tutorial001.py'.
Hint: make sure your test modules/packages have valid Python names.
Traceback:
C:\Python314\Lib\importlib\__init__.py:88: in import_module
    return _bootstrap._gcd_import(name[level:], package, level)
           ^^^^^^^^^^^^^^^^^^^^^^^^^^^^^^^^^^^^^^^^^^^^^^^^^^^^
E   ModuleNotFoundError: No module named 'tests.test_tutorial'
_ ERROR collecting repo-testing/repos/small_typer/tests/test_tutorial/test_parameter_types/test_number/test_tutorial002.py _
ImportError while importing test module 'D:\NewE\College\Project\project-brain\repo-testing\repos\small_typer\tests\test_tutorial\test_parameter_types\test_number\test_tutorial002.py'.
Hint: make sure your test modules/packages have valid Python names.
Traceback:
C:\Python314\Lib\importlib\__init__.py:88: in import_module
    return _bootstrap._gcd_import(name[level:], package, level)
           ^^^^^^^^^^^^^^^^^^^^^^^^^^^^^^^^^^^^^^^^^^^^^^^^^^^^
E   ModuleNotFoundError: No module named 'tests.test_tutorial'
_ ERROR collecting repo-testing/repos/small_typer/tests/test_tutorial/test_parameter_types/test_number/test_tutorial003.py _
ImportError while importing test module 'D:\NewE\College\Project\project-brain\repo-testing\repos\small_typer\tests\test_tutorial\test_parameter_types\test_number\test_tutorial003.py'.
Hint: make sure your test modules/packages have valid Python names.
Traceback:
C:\Python314\Lib\importlib\__init__.py:88: in import_module
    return _bootstrap._gcd_import(name[level:], package, level)
           ^^^^^^^^^^^^^^^^^^^^^^^^^^^^^^^^^^^^^^^^^^^^^^^^^^^^
E   ModuleNotFoundError: No module named 'tests.test_tutorial'
_ ERROR collecting repo-testing/repos/small_typer/tests/test_tutorial/test_parameter_types/test_path/test_tutorial001.py _
ImportError while importing test module 'D:\NewE\College\Project\project-brain\repo-testing\repos\small_typer\tests\test_tutorial\test_parameter_types\test_path\test_tutorial001.py'.
Hint: make sure your test modules/packages have valid Python names.
Traceback:
C:\Python314\Lib\importlib\__init__.py:88: in import_module
    return _bootstrap._gcd_import(name[level:], package, level)
           ^^^^^^^^^^^^^^^^^^^^^^^^^^^^^^^^^^^^^^^^^^^^^^^^^^^^
E   ModuleNotFoundError: No module named 'tests.test_tutorial'
_ ERROR collecting repo-testing/repos/small_typer/tests/test_tutorial/test_parameter_types/test_path/test_tutorial002.py _
ImportError while importing test module 'D:\NewE\College\Project\project-brain\repo-testing\repos\small_typer\tests\test_tutorial\test_parameter_types\test_path\test_tutorial002.py'.
Hint: make sure your test modules/packages have valid Python names.
Traceback:
C:\Python314\Lib\importlib\__init__.py:88: in import_module
    return _bootstrap._gcd_import(name[level:], package, level)
           ^^^^^^^^^^^^^^^^^^^^^^^^^^^^^^^^^^^^^^^^^^^^^^^^^^^^
E   ModuleNotFoundError: No module named 'tests.test_tutorial'
_ ERROR collecting repo-testing/repos/small_typer/tests/test_tutorial/test_parameter_types/test_uuid/test_tutorial001.py _
ImportError while importing test module 'D:\NewE\College\Project\project-brain\repo-testing\repos\small_typer\tests\test_tutorial\test_parameter_types\test_uuid\test_tutorial001.py'.
Hint: make sure your test modules/packages have valid Python names.
Traceback:
C:\Python314\Lib\importlib\__init__.py:88: in import_module
    return _bootstrap._gcd_import(name[level:], package, level)
           ^^^^^^^^^^^^^^^^^^^^^^^^^^^^^^^^^^^^^^^^^^^^^^^^^^^^
E   ModuleNotFoundError: No module named 'tests.test_tutorial'
_ ERROR collecting repo-testing/repos/small_typer/tests/test_tutorial/test_printing/test_tutorial001.py _
ImportError while importing test module 'D:\NewE\College\Project\project-brain\repo-testing\repos\small_typer\tests\test_tutorial\test_printing\test_tutorial001.py'.
Hint: make sure your test modules/packages have valid Python names.
Traceback:
C:\Python314\Lib\importlib\__init__.py:88: in import_module
    return _bootstrap._gcd_import(name[level:], package, level)
           ^^^^^^^^^^^^^^^^^^^^^^^^^^^^^^^^^^^^^^^^^^^^^^^^^^^^
E   ModuleNotFoundError: No module named 'tests.test_tutorial'
_ ERROR collecting repo-testing/repos/small_typer/tests/test_tutorial/test_printing/test_tutorial002.py _
ImportError while importing test module 'D:\NewE\College\Project\project-brain\repo-testing\repos\small_typer\tests\test_tutorial\test_printing\test_tutorial002.py'.
Hint: make sure your test modules/packages have valid Python names.
Traceback:
C:\Python314\Lib\importlib\__init__.py:88: in import_module
    return _bootstrap._gcd_import(name[level:], package, level)
           ^^^^^^^^^^^^^^^^^^^^^^^^^^^^^^^^^^^^^^^^^^^^^^^^^^^^
E   ModuleNotFoundError: No module named 'tests.test_tutorial'
_ ERROR collecting repo-testing/repos/small_typer/tests/test_tutorial/test_printing/test_tutorial003.py _
ImportError while importing test module 'D:\NewE\College\Project\project-brain\repo-testing\repos\small_typer\tests\test_tutorial\test_printing\test_tutorial003.py'.
Hint: make sure your test modules/packages have valid Python names.
Traceback:
C:\Python314\Lib\importlib\__init__.py:88: in import_module
    return _bootstrap._gcd_import(name[level:], package, level)
           ^^^^^^^^^^^^^^^^^^^^^^^^^^^^^^^^^^^^^^^^^^^^^^^^^^^^
E   ModuleNotFoundError: No module named 'tests.test_tutorial'
_ ERROR collecting repo-testing/repos/small_typer/tests/test_tutorial/test_printing/test_tutorial004.py _
ImportError while importing test module 'D:\NewE\College\Project\project-brain\repo-testing\repos\small_typer\tests\test_tutorial\test_printing\test_tutorial004.py'.
Hint: make sure your test modules/packages have valid Python names.
Traceback:
C:\Python314\Lib\importlib\__init__.py:88: in import_module
    return _bootstrap._gcd_import(name[level:], package, level)
           ^^^^^^^^^^^^^^^^^^^^^^^^^^^^^^^^^^^^^^^^^^^^^^^^^^^^
E   ModuleNotFoundError: No module named 'tests.test_tutorial'
_ ERROR collecting repo-testing/repos/small_typer/tests/test_tutorial/test_printing/test_tutorial005.py _
ImportError while importing test module 'D:\NewE\College\Project\project-brain\repo-testing\repos\small_typer\tests\test_tutorial\test_printing\test_tutorial005.py'.
Hint: make sure your test modules/packages have valid Python names.
Traceback:
C:\Python314\Lib\importlib\__init__.py:88: in import_module
    return _bootstrap._gcd_import(name[level:], package, level)
           ^^^^^^^^^^^^^^^^^^^^^^^^^^^^^^^^^^^^^^^^^^^^^^^^^^^^
E   ModuleNotFoundError: No module named 'tests.test_tutorial'
_ ERROR collecting repo-testing/repos/small_typer/tests/test_tutorial/test_printing/test_tutorial006.py _
ImportError while importing test module 'D:\NewE\College\Project\project-brain\repo-testing\repos\small_typer\tests\test_tutorial\test_printing\test_tutorial006.py'.
Hint: make sure your test modules/packages have valid Python names.
Traceback:
C:\Python314\Lib\importlib\__init__.py:88: in import_module
    return _bootstrap._gcd_import(name[level:], package, level)
           ^^^^^^^^^^^^^^^^^^^^^^^^^^^^^^^^^^^^^^^^^^^^^^^^^^^^
E   ModuleNotFoundError: No module named 'tests.test_tutorial'
_ ERROR collecting repo-testing/repos/small_typer/tests/test_tutorial/test_progressbar/test_tutorial001.py _
ImportError while importing test module 'D:\NewE\College\Project\project-brain\repo-testing\repos\small_typer\tests\test_tutorial\test_progressbar\test_tutorial001.py'.
Hint: make sure your test modules/packages have valid Python names.
Traceback:
C:\Python314\Lib\importlib\__init__.py:88: in import_module
    return _bootstrap._gcd_import(name[level:], package, level)
           ^^^^^^^^^^^^^^^^^^^^^^^^^^^^^^^^^^^^^^^^^^^^^^^^^^^^
E   ModuleNotFoundError: No module named 'tests.test_tutorial'
_ ERROR collecting repo-testing/repos/small_typer/tests/test_tutorial/test_progressbar/test_tutorial002.py _
ImportError while importing test module 'D:\NewE\College\Project\project-brain\repo-testing\repos\small_typer\tests\test_tutorial\test_progressbar\test_tutorial002.py'.
Hint: make sure your test modules/packages have valid Python names.
Traceback:
C:\Python314\Lib\importlib\__init__.py:88: in import_module
    return _bootstrap._gcd_import(name[level:], package, level)
           ^^^^^^^^^^^^^^^^^^^^^^^^^^^^^^^^^^^^^^^^^^^^^^^^^^^^
E   ModuleNotFoundError: No module named 'tests.test_tutorial'
_ ERROR collecting repo-testing/repos/small_typer/tests/test_tutorial/test_progressbar/test_tutorial003.py _
ImportError while importing test module 'D:\NewE\College\Project\project-brain\repo-testing\repos\small_typer\tests\test_tutorial\test_progressbar\test_tutorial003.py'.
Hint: make sure your test modules/packages have valid Python names.
Traceback:
C:\Python314\Lib\importlib\__init__.py:88: in import_module
    return _bootstrap._gcd_import(name[level:], package, level)
           ^^^^^^^^^^^^^^^^^^^^^^^^^^^^^^^^^^^^^^^^^^^^^^^^^^^^
E   ModuleNotFoundError: No module named 'tests.test_tutorial'
_ ERROR collecting repo-testing/repos/small_typer/tests/test_tutorial/test_progressbar/test_tutorial004.py _
ImportError while importing test module 'D:\NewE\College\Project\project-brain\repo-testing\repos\small_typer\tests\test_tutorial\test_progressbar\test_tutorial004.py'.
Hint: make sure your test modules/packages have valid Python names.
Traceback:
C:\Python314\Lib\importlib\__init__.py:88: in import_module
    return _bootstrap._gcd_import(name[level:], package, level)
           ^^^^^^^^^^^^^^^^^^^^^^^^^^^^^^^^^^^^^^^^^^^^^^^^^^^^
E   ModuleNotFoundError: No module named 'tests.test_tutorial'
_ ERROR collecting repo-testing/repos/small_typer/tests/test_tutorial/test_progressbar/test_tutorial005.py _
ImportError while importing test module 'D:\NewE\College\Project\project-brain\repo-testing\repos\small_typer\tests\test_tutorial\test_progressbar\test_tutorial005.py'.
Hint: make sure your test modules/packages have valid Python names.
Traceback:
C:\Python314\Lib\importlib\__init__.py:88: in import_module
    return _bootstrap._gcd_import(name[level:], package, level)
           ^^^^^^^^^^^^^^^^^^^^^^^^^^^^^^^^^^^^^^^^^^^^^^^^^^^^
E   ModuleNotFoundError: No module named 'tests.test_tutorial'
_ ERROR collecting repo-testing/repos/small_typer/tests/test_tutorial/test_progressbar/test_tutorial006.py _
ImportError while importing test module 'D:\NewE\College\Project\project-brain\repo-testing\repos\small_typer\tests\test_tutorial\test_progressbar\test_tutorial006.py'.
Hint: make sure your test modules/packages have valid Python names.
Traceback:
C:\Python314\Lib\importlib\__init__.py:88: in import_module
    return _bootstrap._gcd_import(name[level:], package, level)
           ^^^^^^^^^^^^^^^^^^^^^^^^^^^^^^^^^^^^^^^^^^^^^^^^^^^^
E   ModuleNotFoundError: No module named 'tests.test_tutorial'
_ ERROR collecting repo-testing/repos/small_typer/tests/test_tutorial/test_prompt/test_tutorial001.py _
ImportError while importing test module 'D:\NewE\College\Project\project-brain\repo-testing\repos\small_typer\tests\test_tutorial\test_prompt\test_tutorial001.py'.
Hint: make sure your test modules/packages have valid Python names.
Traceback:
C:\Python314\Lib\importlib\__init__.py:88: in import_module
    return _bootstrap._gcd_import(name[level:], package, level)
           ^^^^^^^^^^^^^^^^^^^^^^^^^^^^^^^^^^^^^^^^^^^^^^^^^^^^
E   ModuleNotFoundError: No module named 'tests.test_tutorial'
_ ERROR collecting repo-testing/repos/small_typer/tests/test_tutorial/test_prompt/test_tutorial002.py _
ImportError while importing test module 'D:\NewE\College\Project\project-brain\repo-testing\repos\small_typer\tests\test_tutorial\test_prompt\test_tutorial002.py'.
Hint: make sure your test modules/packages have valid Python names.
Traceback:
C:\Python314\Lib\importlib\__init__.py:88: in import_module
    return _bootstrap._gcd_import(name[level:], package, level)
           ^^^^^^^^^^^^^^^^^^^^^^^^^^^^^^^^^^^^^^^^^^^^^^^^^^^^
E   ModuleNotFoundError: No module named 'tests.test_tutorial'
_ ERROR collecting repo-testing/repos/small_typer/tests/test_tutorial/test_prompt/test_tutorial003.py _
ImportError while importing test module 'D:\NewE\College\Project\project-brain\repo-testing\repos\small_typer\tests\test_tutorial\test_prompt\test_tutorial003.py'.
Hint: make sure your test modules/packages have valid Python names.
Traceback:
C:\Python314\Lib\importlib\__init__.py:88: in import_module
    return _bootstrap._gcd_import(name[level:], package, level)
           ^^^^^^^^^^^^^^^^^^^^^^^^^^^^^^^^^^^^^^^^^^^^^^^^^^^^
E   ModuleNotFoundError: No module named 'tests.test_tutorial'
_ ERROR collecting repo-testing/repos/small_typer/tests/test_tutorial/test_prompt/test_tutorial004.py _
ImportError while importing test module 'D:\NewE\College\Project\project-brain\repo-testing\repos\small_typer\tests\test_tutorial\test_prompt\test_tutorial004.py'.
Hint: make sure your test modules/packages have valid Python names.
Traceback:
C:\Python314\Lib\importlib\__init__.py:88: in import_module
    return _bootstrap._gcd_import(name[level:], package, level)
           ^^^^^^^^^^^^^^^^^^^^^^^^^^^^^^^^^^^^^^^^^^^^^^^^^^^^
E   ModuleNotFoundError: No module named 'tests.test_tutorial'
_ ERROR collecting repo-testing/repos/small_typer/tests/test_tutorial/test_subcommands/test_callback_override/test_tutorial001.py _
ImportError while importing test module 'D:\NewE\College\Project\project-brain\repo-testing\repos\small_typer\tests\test_tutorial\test_subcommands\test_callback_override\test_tutorial001.py'.
Hint: make sure your test modules/packages have valid Python names.
Traceback:
C:\Python314\Lib\importlib\__init__.py:88: in import_module
    return _bootstrap._gcd_import(name[level:], package, level)
           ^^^^^^^^^^^^^^^^^^^^^^^^^^^^^^^^^^^^^^^^^^^^^^^^^^^^
E   ModuleNotFoundError: No module named 'tests.test_tutorial'
_ ERROR collecting repo-testing/repos/small_typer/tests/test_tutorial/test_subcommands/test_callback_override/test_tutorial002.py _
ImportError while importing test module 'D:\NewE\College\Project\project-brain\repo-testing\repos\small_typer\tests\test_tutorial\test_subcommands\test_callback_override\test_tutorial002.py'.
Hint: make sure your test modules/packages have valid Python names.
Traceback:
C:\Python314\Lib\importlib\__init__.py:88: in import_module
    return _bootstrap._gcd_import(name[level:], package, level)
           ^^^^^^^^^^^^^^^^^^^^^^^^^^^^^^^^^^^^^^^^^^^^^^^^^^^^
E   ModuleNotFoundError: No module named 'tests.test_tutorial'
_ ERROR collecting repo-testing/repos/small_typer/tests/test_tutorial/test_subcommands/test_callback_override/test_tutorial003.py _
ImportError while importing test module 'D:\NewE\College\Project\project-brain\repo-testing\repos\small_typer\tests\test_tutorial\test_subcommands\test_callback_override\test_tutorial003.py'.
Hint: make sure your test modules/packages have valid Python names.
Traceback:
C:\Python314\Lib\importlib\__init__.py:88: in import_module
    return _bootstrap._gcd_import(name[level:], package, level)
           ^^^^^^^^^^^^^^^^^^^^^^^^^^^^^^^^^^^^^^^^^^^^^^^^^^^^
E   ModuleNotFoundError: No module named 'tests.test_tutorial'
_ ERROR collecting repo-testing/repos/small_typer/tests/test_tutorial/test_subcommands/test_callback_override/test_tutorial004.py _
ImportError while importing test module 'D:\NewE\College\Project\project-brain\repo-testing\repos\small_typer\tests\test_tutorial\test_subcommands\test_callback_override\test_tutorial004.py'.
Hint: make sure your test modules/packages have valid Python names.
Traceback:
C:\Python314\Lib\importlib\__init__.py:88: in import_module
    return _bootstrap._gcd_import(name[level:], package, level)
           ^^^^^^^^^^^^^^^^^^^^^^^^^^^^^^^^^^^^^^^^^^^^^^^^^^^^
E   ModuleNotFoundError: No module named 'tests.test_tutorial'
_ ERROR collecting repo-testing/repos/small_typer/tests/test_tutorial/test_subcommands/test_name_help/test_tutorial001.py _
ImportError while importing test module 'D:\NewE\College\Project\project-brain\repo-testing\repos\small_typer\tests\test_tutorial\test_subcommands\test_name_help\test_tutorial001.py'.
Hint: make sure your test modules/packages have valid Python names.
Traceback:
C:\Python314\Lib\importlib\__init__.py:88: in import_module
    return _bootstrap._gcd_import(name[level:], package, level)
           ^^^^^^^^^^^^^^^^^^^^^^^^^^^^^^^^^^^^^^^^^^^^^^^^^^^^
E   ModuleNotFoundError: No module named 'tests.test_tutorial'
_ ERROR collecting repo-testing/repos/small_typer/tests/test_tutorial/test_subcommands/test_name_help/test_tutorial002.py _
ImportError while importing test module 'D:\NewE\College\Project\project-brain\repo-testing\repos\small_typer\tests\test_tutorial\test_subcommands\test_name_help\test_tutorial002.py'.
Hint: make sure your test modules/packages have valid Python names.
Traceback:
C:\Python314\Lib\importlib\__init__.py:88: in import_module
    return _bootstrap._gcd_import(name[level:], package, level)
           ^^^^^^^^^^^^^^^^^^^^^^^^^^^^^^^^^^^^^^^^^^^^^^^^^^^^
E   ModuleNotFoundError: No module named 'tests.test_tutorial'
_ ERROR collecting repo-testing/repos/small_typer/tests/test_tutorial/test_subcommands/test_name_help/test_tutorial003.py _
ImportError while importing test module 'D:\NewE\College\Project\project-brain\repo-testing\repos\small_typer\tests\test_tutorial\test_subcommands\test_name_help\test_tutorial003.py'.
Hint: make sure your test modules/packages have valid Python names.
Traceback:
C:\Python314\Lib\importlib\__init__.py:88: in import_module
    return _bootstrap._gcd_import(name[level:], package, level)
           ^^^^^^^^^^^^^^^^^^^^^^^^^^^^^^^^^^^^^^^^^^^^^^^^^^^^
E   ModuleNotFoundError: No module named 'tests.test_tutorial'
_ ERROR collecting repo-testing/repos/small_typer/tests/test_tutorial/test_subcommands/test_name_help/test_tutorial004.py _
ImportError while importing test module 'D:\NewE\College\Project\project-brain\repo-testing\repos\small_typer\tests\test_tutorial\test_subcommands\test_name_help\test_tutorial004.py'.
Hint: make sure your test modules/packages have valid Python names.
Traceback:
C:\Python314\Lib\importlib\__init__.py:88: in import_module
    return _bootstrap._gcd_import(name[level:], package, level)
           ^^^^^^^^^^^^^^^^^^^^^^^^^^^^^^^^^^^^^^^^^^^^^^^^^^^^
E   ModuleNotFoundError: No module named 'tests.test_tutorial'
_ ERROR collecting repo-testing/repos/small_typer/tests/test_tutorial/test_subcommands/test_name_help/test_tutorial005.py _
ImportError while importing test module 'D:\NewE\College\Project\project-brain\repo-testing\repos\small_typer\tests\test_tutorial\test_subcommands\test_name_help\test_tutorial005.py'.
Hint: make sure your test modules/packages have valid Python names.
Traceback:
C:\Python314\Lib\importlib\__init__.py:88: in import_module
    return _bootstrap._gcd_import(name[level:], package, level)
           ^^^^^^^^^^^^^^^^^^^^^^^^^^^^^^^^^^^^^^^^^^^^^^^^^^^^
E   ModuleNotFoundError: No module named 'tests.test_tutorial'
_ ERROR collecting repo-testing/repos/small_typer/tests/test_tutorial/test_subcommands/test_name_help/test_tutorial006.py _
ImportError while importing test module 'D:\NewE\College\Project\project-brain\repo-testing\repos\small_typer\tests\test_tutorial\test_subcommands\test_name_help\test_tutorial006.py'.
Hint: make sure your test modules/packages have valid Python names.
Traceback:
C:\Python314\Lib\importlib\__init__.py:88: in import_module
    return _bootstrap._gcd_import(name[level:], package, level)
           ^^^^^^^^^^^^^^^^^^^^^^^^^^^^^^^^^^^^^^^^^^^^^^^^^^^^
E   ModuleNotFoundError: No module named 'tests.test_tutorial'
_ ERROR collecting repo-testing/repos/small_typer/tests/test_tutorial/test_subcommands/test_name_help/test_tutorial007.py _
ImportError while importing test module 'D:\NewE\College\Project\project-brain\repo-testing\repos\small_typer\tests\test_tutorial\test_subcommands\test_name_help\test_tutorial007.py'.
Hint: make sure your test modules/packages have valid Python names.
Traceback:
C:\Python314\Lib\importlib\__init__.py:88: in import_module
    return _bootstrap._gcd_import(name[level:], package, level)
           ^^^^^^^^^^^^^^^^^^^^^^^^^^^^^^^^^^^^^^^^^^^^^^^^^^^^
E   ModuleNotFoundError: No module named 'tests.test_tutorial'
_ ERROR collecting repo-testing/repos/small_typer/tests/test_tutorial/test_subcommands/test_name_help/test_tutorial008.py _
ImportError while importing test module 'D:\NewE\College\Project\project-brain\repo-testing\repos\small_typer\tests\test_tutorial\test_subcommands\test_name_help\test_tutorial008.py'.
Hint: make sure your test modules/packages have valid Python names.
Traceback:
C:\Python314\Lib\importlib\__init__.py:88: in import_module
    return _bootstrap._gcd_import(name[level:], package, level)
           ^^^^^^^^^^^^^^^^^^^^^^^^^^^^^^^^^^^^^^^^^^^^^^^^^^^^
E   ModuleNotFoundError: No module named 'tests.test_tutorial'
_ ERROR collecting repo-testing/repos/small_typer/tests/test_tutorial/test_subcommands/test_tutorial001.py _
ImportError while importing test module 'D:\NewE\College\Project\project-brain\repo-testing\repos\small_typer\tests\test_tutorial\test_subcommands\test_tutorial001.py'.
Hint: make sure your test modules/packages have valid Python names.
Traceback:
C:\Python314\Lib\importlib\__init__.py:88: in import_module
    return _bootstrap._gcd_import(name[level:], package, level)
           ^^^^^^^^^^^^^^^^^^^^^^^^^^^^^^^^^^^^^^^^^^^^^^^^^^^^
E   ModuleNotFoundError: No module named 'tests.test_tutorial'
_ ERROR collecting repo-testing/repos/small_typer/tests/test_tutorial/test_subcommands/test_tutorial002.py _
ImportError while importing test module 'D:\NewE\College\Project\project-brain\repo-testing\repos\small_typer\tests\test_tutorial\test_subcommands\test_tutorial002.py'.
Hint: make sure your test modules/packages have valid Python names.
Traceback:
C:\Python314\Lib\importlib\__init__.py:88: in import_module
    return _bootstrap._gcd_import(name[level:], package, level)
           ^^^^^^^^^^^^^^^^^^^^^^^^^^^^^^^^^^^^^^^^^^^^^^^^^^^^
E   ModuleNotFoundError: No module named 'tests.test_tutorial'
_ ERROR collecting repo-testing/repos/small_typer/tests/test_tutorial/test_subcommands/test_tutorial003.py _
ImportError while importing test module 'D:\NewE\College\Project\project-brain\repo-testing\repos\small_typer\tests\test_tutorial\test_subcommands\test_tutorial003.py'.
Hint: make sure your test modules/packages have valid Python names.
Traceback:
C:\Python314\Lib\importlib\__init__.py:88: in import_module
    return _bootstrap._gcd_import(name[level:], package, level)
           ^^^^^^^^^^^^^^^^^^^^^^^^^^^^^^^^^^^^^^^^^^^^^^^^^^^^
E   ModuleNotFoundError: No module named 'tests.test_tutorial'
_ ERROR collecting repo-testing/repos/small_typer/tests/test_tutorial/test_terminating/test_tutorial001.py _
ImportError while importing test module 'D:\NewE\College\Project\project-brain\repo-testing\repos\small_typer\tests\test_tutorial\test_terminating\test_tutorial001.py'.
Hint: make sure your test modules/packages have valid Python names.
Traceback:
C:\Python314\Lib\importlib\__init__.py:88: in import_module
    return _bootstrap._gcd_import(name[level:], package, level)
           ^^^^^^^^^^^^^^^^^^^^^^^^^^^^^^^^^^^^^^^^^^^^^^^^^^^^
E   ModuleNotFoundError: No module named 'tests.test_tutorial'
_ ERROR collecting repo-testing/repos/small_typer/tests/test_tutorial/test_terminating/test_tutorial002.py _
ImportError while importing test module 'D:\NewE\College\Project\project-brain\repo-testing\repos\small_typer\tests\test_tutorial\test_terminating\test_tutorial002.py'.
Hint: make sure your test modules/packages have valid Python names.
Traceback:
C:\Python314\Lib\importlib\__init__.py:88: in import_module
    return _bootstrap._gcd_import(name[level:], package, level)
           ^^^^^^^^^^^^^^^^^^^^^^^^^^^^^^^^^^^^^^^^^^^^^^^^^^^^
E   ModuleNotFoundError: No module named 'tests.test_tutorial'
_ ERROR collecting repo-testing/repos/small_typer/tests/test_tutorial/test_terminating/test_tutorial003.py _
ImportError while importing test module 'D:\NewE\College\Project\project-brain\repo-testing\repos\small_typer\tests\test_tutorial\test_terminating\test_tutorial003.py'.
Hint: make sure your test modules/packages have valid Python names.
Traceback:
C:\Python314\Lib\importlib\__init__.py:88: in import_module
    return _bootstrap._gcd_import(name[level:], package, level)
           ^^^^^^^^^^^^^^^^^^^^^^^^^^^^^^^^^^^^^^^^^^^^^^^^^^^^
E   ModuleNotFoundError: No module named 'tests.test_tutorial'
_ ERROR collecting repo-testing/repos/small_typer/tests/test_tutorial/test_testing/test_app01.py _
ImportError while importing test module 'D:\NewE\College\Project\project-brain\repo-testing\repos\small_typer\tests\test_tutorial\test_testing\test_app01.py'.
Hint: make sure your test modules/packages have valid Python names.
Traceback:
C:\Python314\Lib\importlib\__init__.py:88: in import_module
    return _bootstrap._gcd_import(name[level:], package, level)
           ^^^^^^^^^^^^^^^^^^^^^^^^^^^^^^^^^^^^^^^^^^^^^^^^^^^^
E   ModuleNotFoundError: No module named 'tests.test_tutorial'
_ ERROR collecting repo-testing/repos/small_typer/tests/test_tutorial/test_testing/test_app02.py _
ImportError while importing test module 'D:\NewE\College\Project\project-brain\repo-testing\repos\small_typer\tests\test_tutorial\test_testing\test_app02.py'.
Hint: make sure your test modules/packages have valid Python names.
Traceback:
C:\Python314\Lib\importlib\__init__.py:88: in import_module
    return _bootstrap._gcd_import(name[level:], package, level)
           ^^^^^^^^^^^^^^^^^^^^^^^^^^^^^^^^^^^^^^^^^^^^^^^^^^^^
E   ModuleNotFoundError: No module named 'tests.test_tutorial'
_ ERROR collecting repo-testing/repos/small_typer/tests/test_tutorial/test_testing/test_app03.py _
ImportError while importing test module 'D:\NewE\College\Project\project-brain\repo-testing\repos\small_typer\tests\test_tutorial\test_testing\test_app03.py'.
Hint: make sure your test modules/packages have valid Python names.
Traceback:
C:\Python314\Lib\importlib\__init__.py:88: in import_module
    return _bootstrap._gcd_import(name[level:], package, level)
           ^^^^^^^^^^^^^^^^^^^^^^^^^^^^^^^^^^^^^^^^^^^^^^^^^^^^
E   ModuleNotFoundError: No module named 'tests.test_tutorial'
_ ERROR collecting repo-testing/repos/small_typer/tests/test_tutorial/test_typer_app/test_tutorial001.py _
ImportError while importing test module 'D:\NewE\College\Project\project-brain\repo-testing\repos\small_typer\tests\test_tutorial\test_typer_app\test_tutorial001.py'.
Hint: make sure your test modules/packages have valid Python names.
Traceback:
C:\Python314\Lib\importlib\__init__.py:88: in import_module
    return _bootstrap._gcd_import(name[level:], package, level)
           ^^^^^^^^^^^^^^^^^^^^^^^^^^^^^^^^^^^^^^^^^^^^^^^^^^^^
E   ModuleNotFoundError: No module named 'tests.test_tutorial'
_ ERROR collecting repo-testing/repos/small_typer/tests/test_type_conversion.py _
ImportError while importing test module 'D:\NewE\College\Project\project-brain\repo-testing\repos\small_typer\tests\test_type_conversion.py'.
Hint: make sure your test modules/packages have valid Python names.
Traceback:
C:\Python314\Lib\importlib\__init__.py:88: in import_module
    return _bootstrap._gcd_import(name[level:], package, level)
           ^^^^^^^^^^^^^^^^^^^^^^^^^^^^^^^^^^^^^^^^^^^^^^^^^^^^
E   ModuleNotFoundError: No module named 'tests.test_type_conversion'
_____ ERROR collecting repo-testing/repos/small_typer/tests/test_types.py _____
ImportError while importing test module 'D:\NewE\College\Project\project-brain\repo-testing\repos\small_typer\tests\test_types.py'.
Hint: make sure your test modules/packages have valid Python names.
Traceback:
C:\Python314\Lib\importlib\__init__.py:88: in import_module
    return _bootstrap._gcd_import(name[level:], package, level)
           ^^^^^^^^^^^^^^^^^^^^^^^^^^^^^^^^^^^^^^^^^^^^^^^^^^^^
E   ModuleNotFoundError: No module named 'tests.test_types'
_________________ ERROR collecting tests/test_advanced_cli.py _________________
ImportError while importing test module 'D:\NewE\College\Project\project-brain\tests\test_advanced_cli.py'.
Hint: make sure your test modules/packages have valid Python names.
Traceback:
C:\Python314\Lib\importlib\__init__.py:88: in import_module
    return _bootstrap._gcd_import(name[level:], package, level)
           ^^^^^^^^^^^^^^^^^^^^^^^^^^^^^^^^^^^^^^^^^^^^^^^^^^^^
E   ModuleNotFoundError: No module named 'tests.test_advanced_cli'
_______________ ERROR collecting tests/test_advanced_config.py ________________
ImportError while importing test module 'D:\NewE\College\Project\project-brain\tests\test_advanced_config.py'.
Hint: make sure your test modules/packages have valid Python names.
Traceback:
C:\Python314\Lib\importlib\__init__.py:88: in import_module
    return _bootstrap._gcd_import(name[level:], package, level)
           ^^^^^^^^^^^^^^^^^^^^^^^^^^^^^^^^^^^^^^^^^^^^^^^^^^^^
E   ModuleNotFoundError: No module named 'tests.test_advanced_config'
________________ ERROR collecting tests/test_advanced_diff.py _________________
ImportError while importing test module 'D:\NewE\College\Project\project-brain\tests\test_advanced_diff.py'.
Hint: make sure your test modules/packages have valid Python names.
Traceback:
C:\Python314\Lib\importlib\__init__.py:88: in import_module
    return _bootstrap._gcd_import(name[level:], package, level)
           ^^^^^^^^^^^^^^^^^^^^^^^^^^^^^^^^^^^^^^^^^^^^^^^^^^^^
E   ModuleNotFoundError: No module named 'tests.test_advanced_diff'
_____________ ERROR collecting tests/test_advanced_edge_cases.py ______________
ImportError while importing test module 'D:\NewE\College\Project\project-brain\tests\test_advanced_edge_cases.py'.
Hint: make sure your test modules/packages have valid Python names.
Traceback:
C:\Python314\Lib\importlib\__init__.py:88: in import_module
    return _bootstrap._gcd_import(name[level:], package, level)
           ^^^^^^^^^^^^^^^^^^^^^^^^^^^^^^^^^^^^^^^^^^^^^^^^^^^^
E   ModuleNotFoundError: No module named 'tests.test_advanced_edge_cases'
_______________ ERROR collecting tests/test_advanced_explain.py _______________
ImportError while importing test module 'D:\NewE\College\Project\project-brain\tests\test_advanced_explain.py'.
Hint: make sure your test modules/packages have valid Python names.
Traceback:
C:\Python314\Lib\importlib\__init__.py:88: in import_module
    return _bootstrap._gcd_import(name[level:], package, level)
           ^^^^^^^^^^^^^^^^^^^^^^^^^^^^^^^^^^^^^^^^^^^^^^^^^^^^
E   ModuleNotFoundError: No module named 'tests.test_advanced_explain'
_______________ ERROR collecting tests/test_advanced_export.py ________________
ImportError while importing test module 'D:\NewE\College\Project\project-brain\tests\test_advanced_export.py'.
Hint: make sure your test modules/packages have valid Python names.
Traceback:
C:\Python314\Lib\importlib\__init__.py:88: in import_module
    return _bootstrap._gcd_import(name[level:], package, level)
           ^^^^^^^^^^^^^^^^^^^^^^^^^^^^^^^^^^^^^^^^^^^^^^^^^^^^
E   ModuleNotFoundError: No module named 'tests.test_advanced_export'
_______________ ERROR collecting tests/test_advanced_logging.py _______________
ImportError while importing test module 'D:\NewE\College\Project\project-brain\tests\test_advanced_logging.py'.
Hint: make sure your test modules/packages have valid Python names.
Traceback:
C:\Python314\Lib\importlib\__init__.py:88: in import_module
    return _bootstrap._gcd_import(name[level:], package, level)
           ^^^^^^^^^^^^^^^^^^^^^^^^^^^^^^^^^^^^^^^^^^^^^^^^^^^^
E   ModuleNotFoundError: No module named 'tests.test_advanced_logging'
___________________ ERROR collecting tests/test_analyzer.py ___________________
ImportError while importing test module 'D:\NewE\College\Project\project-brain\tests\test_analyzer.py'.
Hint: make sure your test modules/packages have valid Python names.
Traceback:
C:\Python314\Lib\importlib\__init__.py:88: in import_module
    return _bootstrap._gcd_import(name[level:], package, level)
           ^^^^^^^^^^^^^^^^^^^^^^^^^^^^^^^^^^^^^^^^^^^^^^^^^^^^
E   ModuleNotFoundError: No module named 'tests.test_analyzer'
_____________________ ERROR collecting tests/test_cli.py ______________________
ImportError while importing test module 'D:\NewE\College\Project\project-brain\tests\test_cli.py'.
Hint: make sure your test modules/packages have valid Python names.
Traceback:
C:\Python314\Lib\importlib\__init__.py:88: in import_module
    return _bootstrap._gcd_import(name[level:], package, level)
           ^^^^^^^^^^^^^^^^^^^^^^^^^^^^^^^^^^^^^^^^^^^^^^^^^^^^
E   ModuleNotFoundError: No module named 'tests.test_cli'
____________________ ERROR collecting tests/test_config.py ____________________
ImportError while importing test module 'D:\NewE\College\Project\project-brain\tests\test_config.py'.
Hint: make sure your test modules/packages have valid Python names.
Traceback:
C:\Python314\Lib\importlib\__init__.py:88: in import_module
    return _bootstrap._gcd_import(name[level:], package, level)
           ^^^^^^^^^^^^^^^^^^^^^^^^^^^^^^^^^^^^^^^^^^^^^^^^^^^^
E   ModuleNotFoundError: No module named 'tests.test_config'
_____________________ ERROR collecting tests/test_diff.py _____________________
ImportError while importing test module 'D:\NewE\College\Project\project-brain\tests\test_diff.py'.
Hint: make sure your test modules/packages have valid Python names.
Traceback:
C:\Python314\Lib\importlib\__init__.py:88: in import_module
    return _bootstrap._gcd_import(name[level:], package, level)
           ^^^^^^^^^^^^^^^^^^^^^^^^^^^^^^^^^^^^^^^^^^^^^^^^^^^^
E   ModuleNotFoundError: No module named 'tests.test_diff'
=========================== short test summary info ===========================
ERROR repo-testing/repos/medium_fastapi/docs_src/app_testing/app_a_py310/test_main.py
ERROR repo-testing/repos/medium_fastapi/docs_src/app_testing/app_b_an_py310/test_main.py
ERROR repo-testing/repos/medium_fastapi/docs_src/app_testing/app_b_py310/test_main.py
ERROR repo-testing/repos/medium_fastapi/docs_src/async_tests/app_a_py310/test_main.py
ERROR repo-testing/repos/medium_fastapi/docs_src/settings/app02_an_py310/test_main.py
ERROR repo-testing/repos/medium_fastapi/docs_src/settings/app02_py310/test_main.py
ERROR repo-testing/repos/medium_fastapi/scripts/tests/test_translation_fixer/test_code_blocks/test_code_blocks_lines_number_mismatch.py
ERROR repo-testing/repos/medium_fastapi/scripts/tests/test_translation_fixer/test_code_blocks/test_code_blocks_mermaid.py
ERROR repo-testing/repos/medium_fastapi/scripts/tests/test_translation_fixer/test_code_blocks/test_code_blocks_number_mismatch.py
ERROR repo-testing/repos/medium_fastapi/scripts/tests/test_translation_fixer/test_code_blocks/test_code_blocks_wrong_lang_code.py
ERROR repo-testing/repos/medium_fastapi/scripts/tests/test_translation_fixer/test_code_includes/test_number_mismatch.py
ERROR repo-testing/repos/medium_fastapi/scripts/tests/test_translation_fixer/test_complex_doc/test_compex_doc.py
ERROR repo-testing/repos/medium_fastapi/scripts/tests/test_translation_fixer/test_header_permalinks/test_header_level_mismatch.py
ERROR repo-testing/repos/medium_fastapi/scripts/tests/test_translation_fixer/test_header_permalinks/test_header_number_mismatch.py
ERROR repo-testing/repos/medium_fastapi/scripts/tests/test_translation_fixer/test_html_links/test_html_links_number_mismatch.py
ERROR repo-testing/repos/medium_fastapi/scripts/tests/test_translation_fixer/test_markdown_links/test_mkd_links_number_mismatch.py
ERROR repo-testing/repos/medium_fastapi/tests/benchmarks/test_general_performance.py
ERROR repo-testing/repos/medium_fastapi/tests/test_additional_properties.py
ERROR repo-testing/repos/medium_fastapi/tests/test_additional_properties_bool.py
ERROR repo-testing/repos/medium_fastapi/tests/test_additional_response_extra.py
ERROR repo-testing/repos/medium_fastapi/tests/test_additional_responses_bad.py
ERROR repo-testing/repos/medium_fastapi/tests/test_additional_responses_custom_model_in_callback.py
ERROR repo-testing/repos/medium_fastapi/tests/test_additional_responses_custom_validationerror.py
ERROR repo-testing/repos/medium_fastapi/tests/test_additional_responses_default_validationerror.py
ERROR repo-testing/repos/medium_fastapi/tests/test_additional_responses_response_class.py
ERROR repo-testing/repos/medium_fastapi/tests/test_additional_responses_router.py
ERROR repo-testing/repos/medium_fastapi/tests/test_additional_responses_union_duplicate_anyof.py
ERROR repo-testing/repos/medium_fastapi/tests/test_allow_inf_nan_in_enforcing.py
ERROR repo-testing/repos/medium_fastapi/tests/test_ambiguous_params.py
ERROR repo-testing/repos/medium_fastapi/tests/test_annotated.py
ERROR repo-testing/repos/medium_fastapi/tests/test_application.py
ERROR repo-testing/repos/medium_fastapi/tests/test_arbitrary_types.py
ERROR repo-testing/repos/medium_fastapi/tests/test_callable_endpoint.py
ERROR repo-testing/repos/medium_fastapi/tests/test_compat.py
ERROR repo-testing/repos/medium_fastapi/tests/test_computed_fields.py
ERROR repo-testing/repos/medium_fastapi/tests/test_custom_middleware_exception.py
ERROR repo-testing/repos/medium_fastapi/tests/test_custom_route_class.py
ERROR repo-testing/repos/medium_fastapi/tests/test_custom_schema_fields.py
ERROR repo-testing/repos/medium_fastapi/tests/test_custom_swagger_ui_redirect.py
ERROR repo-testing/repos/medium_fastapi/tests/test_datastructures.py
ERROR repo-testing/repos/medium_fastapi/tests/test_datetime_custom_encoder.py
ERROR repo-testing/repos/medium_fastapi/tests/test_default_response_class.py
ERROR repo-testing/repos/medium_fastapi/tests/test_default_response_class_router.py
ERROR repo-testing/repos/medium_fastapi/tests/test_dependencies_utils.py
ERROR repo-testing/repos/medium_fastapi/tests/test_dependency_after_yield_raise.py
ERROR repo-testing/repos/medium_fastapi/tests/test_dependency_after_yield_streaming.py
ERROR repo-testing/repos/medium_fastapi/tests/test_dependency_after_yield_websockets.py
ERROR repo-testing/repos/medium_fastapi/tests/test_dependency_cache.py
ERROR repo-testing/repos/medium_fastapi/tests/test_dependency_class.py
ERROR repo-testing/repos/medium_fastapi/tests/test_dependency_contextmanager.py
ERROR repo-testing/repos/medium_fastapi/tests/test_dependency_contextvars.py
ERROR repo-testing/repos/medium_fastapi/tests/test_dependency_duplicates.py
ERROR repo-testing/repos/medium_fastapi/tests/test_dependency_overrides.py
ERROR repo-testing/repos/medium_fastapi/tests/test_dependency_paramless.py
ERROR repo-testing/repos/medium_fastapi/tests/test_dependency_partial.py
ERROR repo-testing/repos/medium_fastapi/tests/test_dependency_pep695.py
ERROR repo-testing/repos/medium_fastapi/tests/test_dependency_security_overrides.py
ERROR repo-testing/repos/medium_fastapi/tests/test_dependency_wrapped.py
ERROR repo-testing/repos/medium_fastapi/tests/test_dependency_yield_except_httpexception.py
ERROR repo-testing/repos/medium_fastapi/tests/test_dependency_yield_scope.py
ERROR repo-testing/repos/medium_fastapi/tests/test_dependency_yield_scope_websockets.py
ERROR repo-testing/repos/medium_fastapi/tests/test_depends_hashable.py
ERROR repo-testing/repos/medium_fastapi/tests/test_deprecated_openapi_prefix.py
ERROR repo-testing/repos/medium_fastapi/tests/test_deprecated_responses.py
ERROR repo-testing/repos/medium_fastapi/tests/test_dump_json_fast_path.py
ERROR repo-testing/repos/medium_fastapi/tests/test_duplicate_models_openapi.py
ERROR repo-testing/repos/medium_fastapi/tests/test_empty_router.py
ERROR repo-testing/repos/medium_fastapi/tests/test_enforce_once_required_parameter.py
ERROR repo-testing/repos/medium_fastapi/tests/test_exception_handlers.py
ERROR repo-testing/repos/medium_fastapi/tests/test_extra_routes.py
ERROR repo-testing/repos/medium_fastapi/tests/test_fastapi_cli.py
ERROR repo-testing/repos/medium_fastapi/tests/test_file_and_form_order_issue_9116.py
ERROR repo-testing/repos/medium_fastapi/tests/test_filter_pydantic_sub_model_pv2.py
ERROR repo-testing/repos/medium_fastapi/tests/test_form_default.py
ERROR repo-testing/repos/medium_fastapi/tests/test_forms_from_non_typing_sequences.py
ERROR repo-testing/repos/medium_fastapi/tests/test_forms_single_model.py
ERROR repo-testing/repos/medium_fastapi/tests/test_forms_single_param.py
ERROR repo-testing/repos/medium_fastapi/tests/test_generate_unique_id_function.py
ERROR repo-testing/repos/medium_fastapi/tests/test_generic_parameterless_depends.py
ERROR repo-testing/repos/medium_fastapi/tests/test_get_model_definitions_formfeed_escape.py
ERROR repo-testing/repos/medium_fastapi/tests/test_get_request_body.py
ERROR repo-testing/repos/medium_fastapi/tests/test_http_connection_injection.py
ERROR repo-testing/repos/medium_fastapi/tests/test_include_route.py
ERROR repo-testing/repos/medium_fastapi/tests/test_include_router_defaults_overrides.py
ERROR repo-testing/repos/medium_fastapi/tests/test_infer_param_optionality.py
ERROR repo-testing/repos/medium_fastapi/tests/test_inherited_custom_class.py
ERROR repo-testing/repos/medium_fastapi/tests/test_invalid_path_param.py
ERROR repo-testing/repos/medium_fastapi/tests/test_invalid_sequence_param.py
ERROR repo-testing/repos/medium_fastapi/tests/test_json_type.py
ERROR repo-testing/repos/medium_fastapi/tests/test_jsonable_encoder.py
ERROR repo-testing/repos/medium_fastapi/tests/test_list_bytes_file_order_preserved_issue_14811.py
ERROR repo-testing/repos/medium_fastapi/tests/test_local_docs.py
ERROR repo-testing/repos/medium_fastapi/tests/test_modules_same_name_body/test_main.py
ERROR repo-testing/repos/medium_fastapi/tests/test_multi_body_errors.py
ERROR repo-testing/repos/medium_fastapi/tests/test_multi_query_errors.py
ERROR repo-testing/repos/medium_fastapi/tests/test_multipart_installation.py
ERROR repo-testing/repos/medium_fastapi/tests/test_no_schema_split.py
ERROR repo-testing/repos/medium_fastapi/tests/test_no_swagger_ui_redirect.py
ERROR repo-testing/repos/medium_fastapi/tests/test_openapi_cache_root_path.py
ERROR repo-testing/repos/medium_fastapi/tests/test_openapi_examples.py
ERROR repo-testing/repos/medium_fastapi/tests/test_openapi_model_description_trim_on_formfeed.py
ERROR repo-testing/repos/medium_fastapi/tests/test_openapi_query_parameter_extension.py
ERROR repo-testing/repos/medium_fastapi/tests/test_openapi_route_extensions.py
ERROR repo-testing/repos/medium_fastapi/tests/test_openapi_schema_type.py
ERROR repo-testing/repos/medium_fastapi/tests/test_openapi_separate_input_output_schemas.py
ERROR repo-testing/repos/medium_fastapi/tests/test_openapi_servers.py
ERROR repo-testing/repos/medium_fastapi/tests/test_operations_signatures.py
ERROR repo-testing/repos/medium_fastapi/tests/test_optional_file_list.py
ERROR repo-testing/repos/medium_fastapi/tests/test_orjson_response_class.py
ERROR repo-testing/repos/medium_fastapi/tests/test_param_class.py
ERROR repo-testing/repos/medium_fastapi/tests/test_param_in_path_and_dependency.py
ERROR repo-testing/repos/medium_fastapi/tests/test_param_include_in_schema.py
ERROR repo-testing/repos/medium_fastapi/tests/test_params_repr.py
ERROR repo-testing/repos/medium_fastapi/tests/test_path.py
ERROR repo-testing/repos/medium_fastapi/tests/test_put_no_body.py
ERROR repo-testing/repos/medium_fastapi/tests/test_pydantic_v1_error.py
ERROR repo-testing/repos/medium_fastapi/tests/test_pydanticv2_dataclasses_uuid_stringified_annotations.py
ERROR repo-testing/repos/medium_fastapi/tests/test_query.py
ERROR repo-testing/repos/medium_fastapi/tests/test_query_cookie_header_model_extra_params.py
ERROR repo-testing/repos/medium_fastapi/tests/test_read_with_orm_mode.py
ERROR repo-testing/repos/medium_fastapi/tests/test_regex_deprecated_body.py
ERROR repo-testing/repos/medium_fastapi/tests/test_regex_deprecated_params.py
ERROR repo-testing/repos/medium_fastapi/tests/test_repeated_cookie_headers.py
ERROR repo-testing/repos/medium_fastapi/tests/test_repeated_dependency_schema.py
ERROR repo-testing/repos/medium_fastapi/tests/test_repeated_parameter_alias.py
ERROR repo-testing/repos/medium_fastapi/tests/test_request_body_parameters_media_type.py
ERROR repo-testing/repos/medium_fastapi/tests/test_request_param_model_by_alias.py
ERROR repo-testing/repos/medium_fastapi/tests/test_request_params/test_body/test_list.py
ERROR repo-testing/repos/medium_fastapi/tests/test_request_params/test_body/test_optional_list.py
ERROR repo-testing/repos/medium_fastapi/tests/test_request_params/test_body/test_optional_str.py
ERROR repo-testing/repos/medium_fastapi/tests/test_request_params/test_body/test_required_str.py
ERROR repo-testing/repos/medium_fastapi/tests/test_request_params/test_cookie/test_list.py
ERROR repo-testing/repos/medium_fastapi/tests/test_request_params/test_cookie/test_optional_list.py
ERROR repo-testing/repos/medium_fastapi/tests/test_request_params/test_cookie/test_optional_str.py
ERROR repo-testing/repos/medium_fastapi/tests/test_request_params/test_cookie/test_required_str.py
ERROR repo-testing/repos/medium_fastapi/tests/test_request_params/test_file/test_list.py
ERROR repo-testing/repos/medium_fastapi/tests/test_request_params/test_file/test_optional.py
ERROR repo-testing/repos/medium_fastapi/tests/test_request_params/test_file/test_optional_list.py
ERROR repo-testing/repos/medium_fastapi/tests/test_request_params/test_file/test_required.py
ERROR repo-testing/repos/medium_fastapi/tests/test_request_params/test_form/test_list.py
ERROR repo-testing/repos/medium_fastapi/tests/test_request_params/test_form/test_optional_list.py
ERROR repo-testing/repos/medium_fastapi/tests/test_request_params/test_form/test_optional_str.py
ERROR repo-testing/repos/medium_fastapi/tests/test_request_params/test_form/test_required_str.py
ERROR repo-testing/repos/medium_fastapi/tests/test_request_params/test_header/test_list.py
ERROR repo-testing/repos/medium_fastapi/tests/test_request_params/test_header/test_optional_list.py
ERROR repo-testing/repos/medium_fastapi/tests/test_request_params/test_header/test_optional_str.py
ERROR repo-testing/repos/medium_fastapi/tests/test_request_params/test_header/test_required_str.py
ERROR repo-testing/repos/medium_fastapi/tests/test_request_params/test_path/test_list.py
ERROR repo-testing/repos/medium_fastapi/tests/test_request_params/test_path/test_optional_list.py
ERROR repo-testing/repos/medium_fastapi/tests/test_request_params/test_path/test_optional_str.py
ERROR repo-testing/repos/medium_fastapi/tests/test_request_params/test_path/test_required_str.py
ERROR repo-testing/repos/medium_fastapi/tests/test_request_params/test_query/test_list.py
ERROR repo-testing/repos/medium_fastapi/tests/test_request_params/test_query/test_optional_list.py
ERROR repo-testing/repos/medium_fastapi/tests/test_request_params/test_query/test_optional_str.py
ERROR repo-testing/repos/medium_fastapi/tests/test_request_params/test_query/test_required_str.py
ERROR repo-testing/repos/medium_fastapi/tests/test_required_noneable.py
ERROR repo-testing/repos/medium_fastapi/tests/test_response_by_alias.py
ERROR repo-testing/repos/medium_fastapi/tests/test_response_change_status_code.py
ERROR repo-testing/repos/medium_fastapi/tests/test_response_class_no_mediatype.py
ERROR repo-testing/repos/medium_fastapi/tests/test_response_code_no_body.py
ERROR repo-testing/repos/medium_fastapi/tests/test_response_dependency.py
ERROR repo-testing/repos/medium_fastapi/tests/test_response_model_as_return_annotation.py
ERROR repo-testing/repos/medium_fastapi/tests/test_response_model_data_filter.py
ERROR repo-testing/repos/medium_fastapi/tests/test_response_model_data_filter_no_inheritance.py
ERROR repo-testing/repos/medium_fastapi/tests/test_response_model_default_factory.py
ERROR repo-testing/repos/medium_fastapi/tests/test_response_model_include_exclude.py
ERROR repo-testing/repos/medium_fastapi/tests/test_response_model_invalid.py
ERROR repo-testing/repos/medium_fastapi/tests/test_response_model_sub_types.py
ERROR repo-testing/repos/medium_fastapi/tests/test_response_set_response_code_empty.py
ERROR repo-testing/repos/medium_fastapi/tests/test_return_none_stringified_annotations.py
ERROR repo-testing/repos/medium_fastapi/tests/test_route_scope.py
ERROR repo-testing/repos/medium_fastapi/tests/test_router_circular_import.py
ERROR repo-testing/repos/medium_fastapi/tests/test_router_events.py
ERROR repo-testing/repos/medium_fastapi/tests/test_router_prefix_with_template.py
ERROR repo-testing/repos/medium_fastapi/tests/test_router_redirect_slashes.py
ERROR repo-testing/repos/medium_fastapi/tests/test_schema_compat_pydantic_v2.py
ERROR repo-testing/repos/medium_fastapi/tests/test_schema_extra_examples.py
ERROR repo-testing/repos/medium_fastapi/tests/test_schema_ref_pydantic_v2.py
ERROR repo-testing/repos/medium_fastapi/tests/test_security_api_key_cookie.py
ERROR repo-testing/repos/medium_fastapi/tests/test_security_api_key_cookie_description.py
ERROR repo-testing/repos/medium_fastapi/tests/test_security_api_key_cookie_optional.py
ERROR repo-testing/repos/medium_fastapi/tests/test_security_api_key_header.py
ERROR repo-testing/repos/medium_fastapi/tests/test_security_api_key_header_description.py
ERROR repo-testing/repos/medium_fastapi/tests/test_security_api_key_header_optional.py
ERROR repo-testing/repos/medium_fastapi/tests/test_security_api_key_query.py
ERROR repo-testing/repos/medium_fastapi/tests/test_security_api_key_query_description.py
ERROR repo-testing/repos/medium_fastapi/tests/test_security_api_key_query_optional.py
ERROR repo-testing/repos/medium_fastapi/tests/test_security_http_base.py
ERROR repo-testing/repos/medium_fastapi/tests/test_security_http_base_description.py
ERROR repo-testing/repos/medium_fastapi/tests/test_security_http_base_optional.py
ERROR repo-testing/repos/medium_fastapi/tests/test_security_http_basic_optional.py
ERROR repo-testing/repos/medium_fastapi/tests/test_security_http_basic_realm.py
ERROR repo-testing/repos/medium_fastapi/tests/test_security_http_basic_realm_description.py
ERROR repo-testing/repos/medium_fastapi/tests/test_security_http_bearer.py
ERROR repo-testing/repos/medium_fastapi/tests/test_security_http_bearer_description.py
ERROR repo-testing/repos/medium_fastapi/tests/test_security_http_bearer_optional.py
ERROR repo-testing/repos/medium_fastapi/tests/test_security_http_digest.py
ERROR repo-testing/repos/medium_fastapi/tests/test_security_http_digest_description.py
ERROR repo-testing/repos/medium_fastapi/tests/test_security_http_digest_optional.py
ERROR repo-testing/repos/medium_fastapi/tests/test_security_oauth2.py
ERROR repo-testing/repos/medium_fastapi/tests/test_security_oauth2_authorization_code_bearer.py
ERROR repo-testing/repos/medium_fastapi/tests/test_security_oauth2_authorization_code_bearer_description.py
ERROR repo-testing/repos/medium_fastapi/tests/test_security_oauth2_authorization_code_bearer_scopes_openapi.py
ERROR repo-testing/repos/medium_fastapi/tests/test_security_oauth2_authorization_code_bearer_scopes_openapi_simple.py
ERROR repo-testing/repos/medium_fastapi/tests/test_security_oauth2_optional.py
ERROR repo-testing/repos/medium_fastapi/tests/test_security_oauth2_optional_description.py
ERROR repo-testing/repos/medium_fastapi/tests/test_security_oauth2_password_bearer_optional.py
ERROR repo-testing/repos/medium_fastapi/tests/test_security_oauth2_password_bearer_optional_description.py
ERROR repo-testing/repos/medium_fastapi/tests/test_security_openid_connect.py
ERROR repo-testing/repos/medium_fastapi/tests/test_security_openid_connect_description.py
ERROR repo-testing/repos/medium_fastapi/tests/test_security_openid_connect_optional.py
ERROR repo-testing/repos/medium_fastapi/tests/test_security_scopes.py
ERROR repo-testing/repos/medium_fastapi/tests/test_security_scopes_dont_propagate.py
ERROR repo-testing/repos/medium_fastapi/tests/test_security_scopes_sub_dependency.py
ERROR repo-testing/repos/medium_fastapi/tests/test_serialize_response.py
ERROR repo-testing/repos/medium_fastapi/tests/test_serialize_response_dataclass.py
ERROR repo-testing/repos/medium_fastapi/tests/test_serialize_response_model.py
ERROR repo-testing/repos/medium_fastapi/tests/test_skip_defaults.py
ERROR repo-testing/repos/medium_fastapi/tests/test_sse.py
ERROR repo-testing/repos/medium_fastapi/tests/test_starlette_exception.py
ERROR repo-testing/repos/medium_fastapi/tests/test_starlette_urlconvertors.py
ERROR repo-testing/repos/medium_fastapi/tests/test_stream_bare_type.py
ERROR repo-testing/repos/medium_fastapi/tests/test_stream_cancellation.py
ERROR repo-testing/repos/medium_fastapi/tests/test_stream_json_validation_error.py
ERROR repo-testing/repos/medium_fastapi/tests/test_strict_content_type_app_level.py
ERROR repo-testing/repos/medium_fastapi/tests/test_strict_content_type_nested.py
ERROR repo-testing/repos/medium_fastapi/tests/test_strict_content_type_router_level.py
ERROR repo-testing/repos/medium_fastapi/tests/test_stringified_annotation_dependency.py
ERROR repo-testing/repos/medium_fastapi/tests/test_stringified_annotation_dependency_py314.py
ERROR repo-testing/repos/medium_fastapi/tests/test_stringified_annotations_simple.py
ERROR repo-testing/repos/medium_fastapi/tests/test_sub_callbacks.py
ERROR repo-testing/repos/medium_fastapi/tests/test_swagger_ui_escape.py
ERROR repo-testing/repos/medium_fastapi/tests/test_swagger_ui_init_oauth.py
ERROR repo-testing/repos/medium_fastapi/tests/test_top_level_security_scheme_in_openapi.py
ERROR repo-testing/repos/medium_fastapi/tests/test_tuples.py
ERROR repo-testing/repos/medium_fastapi/tests/test_tutorial/test_additional_responses/test_tutorial001.py
ERROR repo-testing/repos/medium_fastapi/tests/test_tutorial/test_additional_responses/test_tutorial002.py
ERROR repo-testing/repos/medium_fastapi/tests/test_tutorial/test_additional_responses/test_tutorial003.py
ERROR repo-testing/repos/medium_fastapi/tests/test_tutorial/test_additional_responses/test_tutorial004.py
ERROR repo-testing/repos/medium_fastapi/tests/test_tutorial/test_additional_status_codes/test_tutorial001.py
ERROR repo-testing/repos/medium_fastapi/tests/test_tutorial/test_advanced_middleware/test_tutorial001.py
ERROR repo-testing/repos/medium_fastapi/tests/test_tutorial/test_advanced_middleware/test_tutorial002.py
ERROR repo-testing/repos/medium_fastapi/tests/test_tutorial/test_advanced_middleware/test_tutorial003.py
ERROR repo-testing/repos/medium_fastapi/tests/test_tutorial/test_async_tests/test_main_a.py
ERROR repo-testing/repos/medium_fastapi/tests/test_tutorial/test_authentication_error_status_code/test_tutorial001.py
ERROR repo-testing/repos/medium_fastapi/tests/test_tutorial/test_background_tasks/test_tutorial001.py
ERROR repo-testing/repos/medium_fastapi/tests/test_tutorial/test_background_tasks/test_tutorial002.py
ERROR repo-testing/repos/medium_fastapi/tests/test_tutorial/test_behind_a_proxy/test_tutorial001.py
ERROR repo-testing/repos/medium_fastapi/tests/test_tutorial/test_behind_a_proxy/test_tutorial001_01.py
ERROR repo-testing/repos/medium_fastapi/tests/test_tutorial/test_behind_a_proxy/test_tutorial002.py
ERROR repo-testing/repos/medium_fastapi/tests/test_tutorial/test_behind_a_proxy/test_tutorial003.py
ERROR repo-testing/repos/medium_fastapi/tests/test_tutorial/test_behind_a_proxy/test_tutorial004.py
ERROR repo-testing/repos/medium_fastapi/tests/test_tutorial/test_bigger_applications/test_main.py
ERROR repo-testing/repos/medium_fastapi/tests/test_tutorial/test_body/test_tutorial001.py
ERROR repo-testing/repos/medium_fastapi/tests/test_tutorial/test_body/test_tutorial002.py
ERROR repo-testing/repos/medium_fastapi/tests/test_tutorial/test_body/test_tutorial003.py
ERROR repo-testing/repos/medium_fastapi/tests/test_tutorial/test_body/test_tutorial004.py
ERROR repo-testing/repos/medium_fastapi/tests/test_tutorial/test_body_fields/test_tutorial001.py
ERROR repo-testing/repos/medium_fastapi/tests/test_tutorial/test_body_multiple_params/test_tutorial001.py
ERROR repo-testing/repos/medium_fastapi/tests/test_tutorial/test_body_multiple_params/test_tutorial002.py
ERROR repo-testing/repos/medium_fastapi/tests/test_tutorial/test_body_multiple_params/test_tutorial003.py
ERROR repo-testing/repos/medium_fastapi/tests/test_tutorial/test_body_multiple_params/test_tutorial004.py
ERROR repo-testing/repos/medium_fastapi/tests/test_tutorial/test_body_multiple_params/test_tutorial005.py
ERROR repo-testing/repos/medium_fastapi/tests/test_tutorial/test_body_nested_models/test_tutorial001_tutorial002_tutorial003.py
ERROR repo-testing/repos/medium_fastapi/tests/test_tutorial/test_body_nested_models/test_tutorial004.py
ERROR repo-testing/repos/medium_fastapi/tests/test_tutorial/test_body_nested_models/test_tutorial005.py
ERROR repo-testing/repos/medium_fastapi/tests/test_tutorial/test_body_nested_models/test_tutorial006.py
ERROR repo-testing/repos/medium_fastapi/tests/test_tutorial/test_body_nested_models/test_tutorial007.py
ERROR repo-testing/repos/medium_fastapi/tests/test_tutorial/test_body_nested_models/test_tutorial008.py
ERROR repo-testing/repos/medium_fastapi/tests/test_tutorial/test_body_nested_models/test_tutorial009.py
ERROR repo-testing/repos/medium_fastapi/tests/test_tutorial/test_body_updates/test_tutorial001.py
ERROR repo-testing/repos/medium_fastapi/tests/test_tutorial/test_body_updates/test_tutorial002.py
ERROR repo-testing/repos/medium_fastapi/tests/test_tutorial/test_conditional_openapi/test_tutorial001.py
ERROR repo-testing/repos/medium_fastapi/tests/test_tutorial/test_configure_swagger_ui/test_tutorial001.py
ERROR repo-testing/repos/medium_fastapi/tests/test_tutorial/test_configure_swagger_ui/test_tutorial002.py
ERROR repo-testing/repos/medium_fastapi/tests/test_tutorial/test_configure_swagger_ui/test_tutorial003.py
ERROR repo-testing/repos/medium_fastapi/tests/test_tutorial/test_cookie_param_models/test_tutorial001.py
ERROR repo-testing/repos/medium_fastapi/tests/test_tutorial/test_cookie_param_models/test_tutorial002.py
ERROR repo-testing/repos/medium_fastapi/tests/test_tutorial/test_cookie_params/test_tutorial001.py
ERROR repo-testing/repos/medium_fastapi/tests/test_tutorial/test_cors/test_tutorial001.py
ERROR repo-testing/repos/medium_fastapi/tests/test_tutorial/test_custom_docs_ui/test_tutorial001.py
ERROR repo-testing/repos/medium_fastapi/tests/test_tutorial/test_custom_docs_ui/test_tutorial002.py
ERROR repo-testing/repos/medium_fastapi/tests/test_tutorial/test_custom_request_and_route/test_tutorial001.py
ERROR repo-testing/repos/medium_fastapi/tests/test_tutorial/test_custom_request_and_route/test_tutorial002.py
ERROR repo-testing/repos/medium_fastapi/tests/test_tutorial/test_custom_request_and_route/test_tutorial003.py
ERROR repo-testing/repos/medium_fastapi/tests/test_tutorial/test_custom_response/test_tutorial001.py
ERROR repo-testing/repos/medium_fastapi/tests/test_tutorial/test_custom_response/test_tutorial001b.py
ERROR repo-testing/repos/medium_fastapi/tests/test_tutorial/test_custom_response/test_tutorial002_tutorial003_tutorial004.py
ERROR repo-testing/repos/medium_fastapi/tests/test_tutorial/test_custom_response/test_tutorial005.py
ERROR repo-testing/repos/medium_fastapi/tests/test_tutorial/test_custom_response/test_tutorial006.py
ERROR repo-testing/repos/medium_fastapi/tests/test_tutorial/test_custom_response/test_tutorial006b.py
ERROR repo-testing/repos/medium_fastapi/tests/test_tutorial/test_custom_response/test_tutorial006c.py
ERROR repo-testing/repos/medium_fastapi/tests/test_tutorial/test_custom_response/test_tutorial007.py
ERROR repo-testing/repos/medium_fastapi/tests/test_tutorial/test_custom_response/test_tutorial008.py
ERROR repo-testing/repos/medium_fastapi/tests/test_tutorial/test_custom_response/test_tutorial009.py
ERROR repo-testing/repos/medium_fastapi/tests/test_tutorial/test_custom_response/test_tutorial009b.py
ERROR repo-testing/repos/medium_fastapi/tests/test_tutorial/test_custom_response/test_tutorial009c.py
ERROR repo-testing/repos/medium_fastapi/tests/test_tutorial/test_custom_response/test_tutorial010.py
ERROR repo-testing/repos/medium_fastapi/tests/test_tutorial/test_dataclasses/test_tutorial001.py
ERROR repo-testing/repos/medium_fastapi/tests/test_tutorial/test_dataclasses/test_tutorial002.py
ERROR repo-testing/repos/medium_fastapi/tests/test_tutorial/test_dataclasses/test_tutorial003.py
ERROR repo-testing/repos/medium_fastapi/tests/test_tutorial/test_debugging/test_tutorial001.py
ERROR repo-testing/repos/medium_fastapi/tests/test_tutorial/test_dependencies/test_tutorial001_tutorial001_02.py
ERROR repo-testing/repos/medium_fastapi/tests/test_tutorial/test_dependencies/test_tutorial002_tutorial003_tutorial004.py
ERROR repo-testing/repos/medium_fastapi/tests/test_tutorial/test_dependencies/test_tutorial005.py
ERROR repo-testing/repos/medium_fastapi/tests/test_tutorial/test_dependencies/test_tutorial006.py
ERROR repo-testing/repos/medium_fastapi/tests/test_tutorial/test_dependencies/test_tutorial007.py
ERROR repo-testing/repos/medium_fastapi/tests/test_tutorial/test_dependencies/test_tutorial008.py
ERROR repo-testing/repos/medium_fastapi/tests/test_tutorial/test_dependencies/test_tutorial008b.py
ERROR repo-testing/repos/medium_fastapi/tests/test_tutorial/test_dependencies/test_tutorial008c.py
ERROR repo-testing/repos/medium_fastapi/tests/test_tutorial/test_dependencies/test_tutorial008d.py
ERROR repo-testing/repos/medium_fastapi/tests/test_tutorial/test_dependencies/test_tutorial008e.py
ERROR repo-testing/repos/medium_fastapi/tests/test_tutorial/test_dependencies/test_tutorial010.py
ERROR repo-testing/repos/medium_fastapi/tests/test_tutorial/test_dependencies/test_tutorial011.py
ERROR repo-testing/repos/medium_fastapi/tests/test_tutorial/test_dependencies/test_tutorial012.py
ERROR repo-testing/repos/medium_fastapi/tests/test_tutorial/test_encoder/test_tutorial001.py
ERROR repo-testing/repos/medium_fastapi/tests/test_tutorial/test_events/test_tutorial001.py
ERROR repo-testing/repos/medium_fastapi/tests/test_tutorial/test_events/test_tutorial002.py
ERROR repo-testing/repos/medium_fastapi/tests/test_tutorial/test_events/test_tutorial003.py
ERROR repo-testing/repos/medium_fastapi/tests/test_tutorial/test_extending_openapi/test_tutorial001.py
ERROR repo-testing/repos/medium_fastapi/tests/test_tutorial/test_extra_data_types/test_tutorial001.py
ERROR repo-testing/repos/medium_fastapi/tests/test_tutorial/test_extra_models/test_tutorial001_tutorial002.py
ERROR repo-testing/repos/medium_fastapi/tests/test_tutorial/test_extra_models/test_tutorial003.py
ERROR repo-testing/repos/medium_fastapi/tests/test_tutorial/test_extra_models/test_tutorial004.py
ERROR repo-testing/repos/medium_fastapi/tests/test_tutorial/test_extra_models/test_tutorial005.py
ERROR repo-testing/repos/medium_fastapi/tests/test_tutorial/test_first_steps/test_tutorial001_tutorial002_tutorial003.py
ERROR repo-testing/repos/medium_fastapi/tests/test_tutorial/test_generate_clients/test_tutorial001.py
ERROR repo-testing/repos/medium_fastapi/tests/test_tutorial/test_generate_clients/test_tutorial002.py
ERROR repo-testing/repos/medium_fastapi/tests/test_tutorial/test_generate_clients/test_tutorial003.py
ERROR repo-testing/repos/medium_fastapi/tests/test_tutorial/test_generate_clients/test_tutorial004.py
ERROR repo-testing/repos/medium_fastapi/tests/test_tutorial/test_graphql/test_tutorial001.py
ERROR repo-testing/repos/medium_fastapi/tests/test_tutorial/test_handling_errors/test_tutorial001.py
ERROR repo-testing/repos/medium_fastapi/tests/test_tutorial/test_handling_errors/test_tutorial002.py
ERROR repo-testing/repos/medium_fastapi/tests/test_tutorial/test_handling_errors/test_tutorial003.py
ERROR repo-testing/repos/medium_fastapi/tests/test_tutorial/test_handling_errors/test_tutorial004.py
ERROR repo-testing/repos/medium_fastapi/tests/test_tutorial/test_handling_errors/test_tutorial005.py
ERROR repo-testing/repos/medium_fastapi/tests/test_tutorial/test_handling_errors/test_tutorial006.py
ERROR repo-testing/repos/medium_fastapi/tests/test_tutorial/test_header_param_models/test_tutorial001.py
ERROR repo-testing/repos/medium_fastapi/tests/test_tutorial/test_header_param_models/test_tutorial002.py
ERROR repo-testing/repos/medium_fastapi/tests/test_tutorial/test_header_param_models/test_tutorial003.py
ERROR repo-testing/repos/medium_fastapi/tests/test_tutorial/test_header_params/test_tutorial001.py
ERROR repo-testing/repos/medium_fastapi/tests/test_tutorial/test_header_params/test_tutorial002.py
ERROR repo-testing/repos/medium_fastapi/tests/test_tutorial/test_header_params/test_tutorial003.py
ERROR repo-testing/repos/medium_fastapi/tests/test_tutorial/test_json_base64_bytes/test_tutorial001.py
ERROR repo-testing/repos/medium_fastapi/tests/test_tutorial/test_metadata/test_tutorial001.py
ERROR repo-testing/repos/medium_fastapi/tests/test_tutorial/test_metadata/test_tutorial001_1.py
ERROR repo-testing/repos/medium_fastapi/tests/test_tutorial/test_metadata/test_tutorial002.py
ERROR repo-testing/repos/medium_fastapi/tests/test_tutorial/test_metadata/test_tutorial003.py
ERROR repo-testing/repos/medium_fastapi/tests/test_tutorial/test_metadata/test_tutorial004.py
ERROR repo-testing/repos/medium_fastapi/tests/test_tutorial/test_middleware/test_tutorial001.py
ERROR repo-testing/repos/medium_fastapi/tests/test_tutorial/test_openapi_callbacks/test_tutorial001.py
ERROR repo-testing/repos/medium_fastapi/tests/test_tutorial/test_openapi_webhooks/test_tutorial001.py
ERROR repo-testing/repos/medium_fastapi/tests/test_tutorial/test_path_operation_advanced_configurations/test_tutorial001.py
ERROR repo-testing/repos/medium_fastapi/tests/test_tutorial/test_path_operation_advanced_configurations/test_tutorial002.py
ERROR repo-testing/repos/medium_fastapi/tests/test_tutorial/test_path_operation_advanced_configurations/test_tutorial003.py
ERROR repo-testing/repos/medium_fastapi/tests/test_tutorial/test_path_operation_advanced_configurations/test_tutorial004.py
ERROR repo-testing/repos/medium_fastapi/tests/test_tutorial/test_path_operation_advanced_configurations/test_tutorial005.py
ERROR repo-testing/repos/medium_fastapi/tests/test_tutorial/test_path_operation_advanced_configurations/test_tutorial006.py
ERROR repo-testing/repos/medium_fastapi/tests/test_tutorial/test_path_operation_advanced_configurations/test_tutorial007.py
ERROR repo-testing/repos/medium_fastapi/tests/test_tutorial/test_path_operation_configurations/test_tutorial001.py
ERROR repo-testing/repos/medium_fastapi/tests/test_tutorial/test_path_operation_configurations/test_tutorial002.py
ERROR repo-testing/repos/medium_fastapi/tests/test_tutorial/test_path_operation_configurations/test_tutorial002b.py
ERROR repo-testing/repos/medium_fastapi/tests/test_tutorial/test_path_operation_configurations/test_tutorial003_tutorial004.py
ERROR repo-testing/repos/medium_fastapi/tests/test_tutorial/test_path_operation_configurations/test_tutorial005.py
ERROR repo-testing/repos/medium_fastapi/tests/test_tutorial/test_path_operation_configurations/test_tutorial006.py
ERROR repo-testing/repos/medium_fastapi/tests/test_tutorial/test_path_params/test_tutorial001.py
ERROR repo-testing/repos/medium_fastapi/tests/test_tutorial/test_path_params/test_tutorial002.py
ERROR repo-testing/repos/medium_fastapi/tests/test_tutorial/test_path_params/test_tutorial003.py
ERROR repo-testing/repos/medium_fastapi/tests/test_tutorial/test_path_params/test_tutorial003b.py
ERROR repo-testing/repos/medium_fastapi/tests/test_tutorial/test_path_params/test_tutorial004.py
ERROR repo-testing/repos/medium_fastapi/tests/test_tutorial/test_path_params/test_tutorial005.py
ERROR repo-testing/repos/medium_fastapi/tests/test_tutorial/test_path_params_numeric_validations/test_tutorial001.py
ERROR repo-testing/repos/medium_fastapi/tests/test_tutorial/test_path_params_numeric_validations/test_tutorial002_tutorial003.py
ERROR repo-testing/repos/medium_fastapi/tests/test_tutorial/test_path_params_numeric_validations/test_tutorial004.py
ERROR repo-testing/repos/medium_fastapi/tests/test_tutorial/test_path_params_numeric_validations/test_tutorial005.py
ERROR repo-testing/repos/medium_fastapi/tests/test_tutorial/test_path_params_numeric_validations/test_tutorial006.py
ERROR repo-testing/repos/medium_fastapi/tests/test_tutorial/test_python_types/test_tutorial001_tutorial002.py
ERROR repo-testing/repos/medium_fastapi/tests/test_tutorial/test_python_types/test_tutorial003.py
ERROR repo-testing/repos/medium_fastapi/tests/test_tutorial/test_python_types/test_tutorial004.py
ERROR repo-testing/repos/medium_fastapi/tests/test_tutorial/test_python_types/test_tutorial005.py
ERROR repo-testing/repos/medium_fastapi/tests/test_tutorial/test_python_types/test_tutorial006.py
ERROR repo-testing/repos/medium_fastapi/tests/test_tutorial/test_python_types/test_tutorial007.py
ERROR repo-testing/repos/medium_fastapi/tests/test_tutorial/test_python_types/test_tutorial008.py
ERROR repo-testing/repos/medium_fastapi/tests/test_tutorial/test_python_types/test_tutorial008b.py
ERROR repo-testing/repos/medium_fastapi/tests/test_tutorial/test_python_types/test_tutorial009_tutorial009b.py
ERROR repo-testing/repos/medium_fastapi/tests/test_tutorial/test_python_types/test_tutorial010.py
ERROR repo-testing/repos/medium_fastapi/tests/test_tutorial/test_python_types/test_tutorial011.py
ERROR repo-testing/repos/medium_fastapi/tests/test_tutorial/test_python_types/test_tutorial013.py
ERROR repo-testing/repos/medium_fastapi/tests/test_tutorial/test_query_param_models/test_tutorial001.py
ERROR repo-testing/repos/medium_fastapi/tests/test_tutorial/test_query_param_models/test_tutorial002.py
ERROR repo-testing/repos/medium_fastapi/tests/test_tutorial/test_query_params/test_tutorial001.py
ERROR repo-testing/repos/medium_fastapi/tests/test_tutorial/test_query_params/test_tutorial002.py
ERROR repo-testing/repos/medium_fastapi/tests/test_tutorial/test_query_params/test_tutorial003.py
ERROR repo-testing/repos/medium_fastapi/tests/test_tutorial/test_query_params/test_tutorial004.py
ERROR repo-testing/repos/medium_fastapi/tests/test_tutorial/test_query_params/test_tutorial005.py
ERROR repo-testing/repos/medium_fastapi/tests/test_tutorial/test_query_params/test_tutorial006.py
ERROR repo-testing/repos/medium_fastapi/tests/test_tutorial/test_query_params_str_validations/test_tutorial001.py
ERROR repo-testing/repos/medium_fastapi/tests/test_tutorial/test_query_params_str_validations/test_tutorial002.py
ERROR repo-testing/repos/medium_fastapi/tests/test_tutorial/test_query_params_str_validations/test_tutorial003.py
ERROR repo-testing/repos/medium_fastapi/tests/test_tutorial/test_query_params_str_validations/test_tutorial004.py
ERROR repo-testing/repos/medium_fastapi/tests/test_tutorial/test_query_params_str_validations/test_tutorial005.py
ERROR repo-testing/repos/medium_fastapi/tests/test_tutorial/test_query_params_str_validations/test_tutorial006.py
ERROR repo-testing/repos/medium_fastapi/tests/test_tutorial/test_query_params_str_validations/test_tutorial006c.py
ERROR repo-testing/repos/medium_fastapi/tests/test_tutorial/test_query_params_str_validations/test_tutorial007.py
ERROR repo-testing/repos/medium_fastapi/tests/test_tutorial/test_query_params_str_validations/test_tutorial008.py
ERROR repo-testing/repos/medium_fastapi/tests/test_tutorial/test_query_params_str_validations/test_tutorial009.py
ERROR repo-testing/repos/medium_fastapi/tests/test_tutorial/test_query_params_str_validations/test_tutorial010.py
ERROR repo-testing/repos/medium_fastapi/tests/test_tutorial/test_query_params_str_validations/test_tutorial011.py
ERROR repo-testing/repos/medium_fastapi/tests/test_tutorial/test_query_params_str_validations/test_tutorial012.py
ERROR repo-testing/repos/medium_fastapi/tests/test_tutorial/test_query_params_str_validations/test_tutorial013.py
ERROR repo-testing/repos/medium_fastapi/tests/test_tutorial/test_query_params_str_validations/test_tutorial014.py
ERROR repo-testing/repos/medium_fastapi/tests/test_tutorial/test_query_params_str_validations/test_tutorial015.py
ERROR repo-testing/repos/medium_fastapi/tests/test_tutorial/test_request_files/test_tutorial001.py
ERROR repo-testing/repos/medium_fastapi/tests/test_tutorial/test_request_files/test_tutorial001_02.py
ERROR repo-testing/repos/medium_fastapi/tests/test_tutorial/test_request_files/test_tutorial001_03.py
ERROR repo-testing/repos/medium_fastapi/tests/test_tutorial/test_request_files/test_tutorial002.py
ERROR repo-testing/repos/medium_fastapi/tests/test_tutorial/test_request_files/test_tutorial003.py
ERROR repo-testing/repos/medium_fastapi/tests/test_tutorial/test_request_form_models/test_tutorial001.py
ERROR repo-testing/repos/medium_fastapi/tests/test_tutorial/test_request_form_models/test_tutorial002.py
ERROR repo-testing/repos/medium_fastapi/tests/test_tutorial/test_request_forms/test_tutorial001.py
ERROR repo-testing/repos/medium_fastapi/tests/test_tutorial/test_request_forms_and_files/test_tutorial001.py
ERROR repo-testing/repos/medium_fastapi/tests/test_tutorial/test_response_change_status_code/test_tutorial001.py
ERROR repo-testing/repos/medium_fastapi/tests/test_tutorial/test_response_cookies/test_tutorial001.py
ERROR repo-testing/repos/medium_fastapi/tests/test_tutorial/test_response_cookies/test_tutorial002.py
ERROR repo-testing/repos/medium_fastapi/tests/test_tutorial/test_response_directly/test_tutorial001.py
ERROR repo-testing/repos/medium_fastapi/tests/test_tutorial/test_response_directly/test_tutorial002.py
ERROR repo-testing/repos/medium_fastapi/tests/test_tutorial/test_response_headers/test_tutorial001.py
ERROR repo-testing/repos/medium_fastapi/tests/test_tutorial/test_response_headers/test_tutorial002.py
ERROR repo-testing/repos/medium_fastapi/tests/test_tutorial/test_response_model/test_tutorial001_tutorial001_01.py
ERROR repo-testing/repos/medium_fastapi/tests/test_tutorial/test_response_model/test_tutorial002.py
ERROR repo-testing/repos/medium_fastapi/tests/test_tutorial/test_response_model/test_tutorial003.py
ERROR repo-testing/repos/medium_fastapi/tests/test_tutorial/test_response_model/test_tutorial003_01.py
ERROR repo-testing/repos/medium_fastapi/tests/test_tutorial/test_response_model/test_tutorial003_02.py
ERROR repo-testing/repos/medium_fastapi/tests/test_tutorial/test_response_model/test_tutorial003_03.py
ERROR repo-testing/repos/medium_fastapi/tests/test_tutorial/test_response_model/test_tutorial003_04.py
ERROR repo-testing/repos/medium_fastapi/tests/test_tutorial/test_response_model/test_tutorial003_05.py
ERROR repo-testing/repos/medium_fastapi/tests/test_tutorial/test_response_model/test_tutorial004.py
ERROR repo-testing/repos/medium_fastapi/tests/test_tutorial/test_response_model/test_tutorial005.py
ERROR repo-testing/repos/medium_fastapi/tests/test_tutorial/test_response_model/test_tutorial006.py
ERROR repo-testing/repos/medium_fastapi/tests/test_tutorial/test_response_status_code/test_tutorial001_tutorial002.py
ERROR repo-testing/repos/medium_fastapi/tests/test_tutorial/test_schema_extra_example/test_tutorial001.py
ERROR repo-testing/repos/medium_fastapi/tests/test_tutorial/test_schema_extra_example/test_tutorial002.py
ERROR repo-testing/repos/medium_fastapi/tests/test_tutorial/test_schema_extra_example/test_tutorial003.py
ERROR repo-testing/repos/medium_fastapi/tests/test_tutorial/test_schema_extra_example/test_tutorial004.py
ERROR repo-testing/repos/medium_fastapi/tests/test_tutorial/test_schema_extra_example/test_tutorial005.py
ERROR repo-testing/repos/medium_fastapi/tests/test_tutorial/test_security/test_tutorial001.py
ERROR repo-testing/repos/medium_fastapi/tests/test_tutorial/test_security/test_tutorial002.py
ERROR repo-testing/repos/medium_fastapi/tests/test_tutorial/test_security/test_tutorial003.py
ERROR repo-testing/repos/medium_fastapi/tests/test_tutorial/test_security/test_tutorial004.py
ERROR repo-testing/repos/medium_fastapi/tests/test_tutorial/test_security/test_tutorial005.py
ERROR repo-testing/repos/medium_fastapi/tests/test_tutorial/test_security/test_tutorial006.py
ERROR repo-testing/repos/medium_fastapi/tests/test_tutorial/test_security/test_tutorial007.py
ERROR repo-testing/repos/medium_fastapi/tests/test_tutorial/test_separate_openapi_schemas/test_tutorial001.py
ERROR repo-testing/repos/medium_fastapi/tests/test_tutorial/test_separate_openapi_schemas/test_tutorial002.py
ERROR repo-testing/repos/medium_fastapi/tests/test_tutorial/test_server_sent_events/test_tutorial001.py
ERROR repo-testing/repos/medium_fastapi/tests/test_tutorial/test_server_sent_events/test_tutorial002.py
ERROR repo-testing/repos/medium_fastapi/tests/test_tutorial/test_server_sent_events/test_tutorial003.py
ERROR repo-testing/repos/medium_fastapi/tests/test_tutorial/test_server_sent_events/test_tutorial004.py
ERROR repo-testing/repos/medium_fastapi/tests/test_tutorial/test_server_sent_events/test_tutorial005.py
ERROR repo-testing/repos/medium_fastapi/tests/test_tutorial/test_settings/test_app01.py
ERROR repo-testing/repos/medium_fastapi/tests/test_tutorial/test_settings/test_app02.py
ERROR repo-testing/repos/medium_fastapi/tests/test_tutorial/test_settings/test_app03.py
ERROR repo-testing/repos/medium_fastapi/tests/test_tutorial/test_settings/test_tutorial001.py
ERROR repo-testing/repos/medium_fastapi/tests/test_tutorial/test_sql_databases/test_tutorial001.py
ERROR repo-testing/repos/medium_fastapi/tests/test_tutorial/test_sql_databases/test_tutorial002.py
ERROR repo-testing/repos/medium_fastapi/tests/test_tutorial/test_static_files/test_tutorial001.py
ERROR repo-testing/repos/medium_fastapi/tests/test_tutorial/test_stream_data/test_tutorial001.py
ERROR repo-testing/repos/medium_fastapi/tests/test_tutorial/test_stream_data/test_tutorial002.py
ERROR repo-testing/repos/medium_fastapi/tests/test_tutorial/test_stream_json_lines/test_tutorial001.py
ERROR repo-testing/repos/medium_fastapi/tests/test_tutorial/test_strict_content_type/test_tutorial001.py
ERROR repo-testing/repos/medium_fastapi/tests/test_tutorial/test_sub_applications/test_tutorial001.py
ERROR repo-testing/repos/medium_fastapi/tests/test_tutorial/test_templates/test_tutorial001.py
ERROR repo-testing/repos/medium_fastapi/tests/test_tutorial/test_testing/test_main_a.py
ERROR repo-testing/repos/medium_fastapi/tests/test_tutorial/test_testing/test_main_b.py
ERROR repo-testing/repos/medium_fastapi/tests/test_tutorial/test_testing/test_tutorial001.py
ERROR repo-testing/repos/medium_fastapi/tests/test_tutorial/test_testing/test_tutorial002.py
ERROR repo-testing/repos/medium_fastapi/tests/test_tutorial/test_testing/test_tutorial003.py
ERROR repo-testing/repos/medium_fastapi/tests/test_tutorial/test_testing/test_tutorial004.py
ERROR repo-testing/repos/medium_fastapi/tests/test_tutorial/test_testing_dependencies/test_tutorial001.py
ERROR repo-testing/repos/medium_fastapi/tests/test_tutorial/test_using_request_directly/test_tutorial001.py
ERROR repo-testing/repos/medium_fastapi/tests/test_tutorial/test_websockets/test_tutorial001.py
ERROR repo-testing/repos/medium_fastapi/tests/test_tutorial/test_websockets/test_tutorial002.py
ERROR repo-testing/repos/medium_fastapi/tests/test_tutorial/test_websockets/test_tutorial003.py
ERROR repo-testing/repos/medium_fastapi/tests/test_tutorial/test_wsgi/test_tutorial001.py
ERROR repo-testing/repos/medium_fastapi/tests/test_typing_python39.py
ERROR repo-testing/repos/medium_fastapi/tests/test_union_body.py
ERROR repo-testing/repos/medium_fastapi/tests/test_union_body_discriminator.py
ERROR repo-testing/repos/medium_fastapi/tests/test_union_body_discriminator_annotated.py
ERROR repo-testing/repos/medium_fastapi/tests/test_union_forms.py
ERROR repo-testing/repos/medium_fastapi/tests/test_union_inherited_body.py
ERROR repo-testing/repos/medium_fastapi/tests/test_validate_response.py
ERROR repo-testing/repos/medium_fastapi/tests/test_validate_response_dataclass.py
ERROR repo-testing/repos/medium_fastapi/tests/test_validate_response_recursive/test_validate_response_recursive.py
ERROR repo-testing/repos/medium_fastapi/tests/test_validation_error_context.py
ERROR repo-testing/repos/medium_fastapi/tests/test_webhooks_security.py
ERROR repo-testing/repos/medium_fastapi/tests/test_wrapped_method_forward_reference.py
ERROR repo-testing/repos/medium_fastapi/tests/test_ws_dependencies.py
ERROR repo-testing/repos/medium_fastapi/tests/test_ws_router.py
ERROR repo-testing/repos/medium_rich/tests - _pytest.pathlib.ImportPathMismat...
ERROR repo-testing/repos/small_flask/examples/javascript/tests - ModuleNotFou...
ERROR repo-testing/repos/small_flask/examples/tutorial/tests - ModuleNotFound...
ERROR repo-testing/repos/small_flask/tests - ModuleNotFoundError: No module n...
ERROR repo-testing/repos/small_typer/tests/test_ambiguous_params.py
ERROR repo-testing/repos/small_typer/tests/test_annotated.py
ERROR repo-testing/repos/small_typer/tests/test_callback_warning.py
ERROR repo-testing/repos/small_typer/tests/test_cli/test_app_other_name.py
ERROR repo-testing/repos/small_typer/tests/test_cli/test_completion_run.py
ERROR repo-testing/repos/small_typer/tests/test_cli/test_doc.py
ERROR repo-testing/repos/small_typer/tests/test_cli/test_empty_script.py
ERROR repo-testing/repos/small_typer/tests/test_cli/test_extending_app.py
ERROR repo-testing/repos/small_typer/tests/test_cli/test_extending_empty_app.py
ERROR repo-testing/repos/small_typer/tests/test_cli/test_func_other_name.py
ERROR repo-testing/repos/small_typer/tests/test_cli/test_help.py
ERROR repo-testing/repos/small_typer/tests/test_cli/test_multi_app.py
ERROR repo-testing/repos/small_typer/tests/test_cli/test_multi_app_cli.py
ERROR repo-testing/repos/small_typer/tests/test_cli/test_multi_app_sub.py
ERROR repo-testing/repos/small_typer/tests/test_cli/test_multi_func.py
ERROR repo-testing/repos/small_typer/tests/test_cli/test_not_python.py
ERROR repo-testing/repos/small_typer/tests/test_cli/test_sub.py
ERROR repo-testing/repos/small_typer/tests/test_cli/test_sub_completion.py
ERROR repo-testing/repos/small_typer/tests/test_cli/test_sub_help.py
ERROR repo-testing/repos/small_typer/tests/test_cli/test_version.py
ERROR repo-testing/repos/small_typer/tests/test_completion/test_completion.py
ERROR repo-testing/repos/small_typer/tests/test_completion/test_completion_complete.py
ERROR repo-testing/repos/small_typer/tests/test_completion/test_completion_complete_no_help.py
ERROR repo-testing/repos/small_typer/tests/test_completion/test_completion_complete_rich.py
ERROR repo-testing/repos/small_typer/tests/test_completion/test_completion_install.py
ERROR repo-testing/repos/small_typer/tests/test_completion/test_completion_option_colon.py
ERROR repo-testing/repos/small_typer/tests/test_completion/test_completion_path.py
ERROR repo-testing/repos/small_typer/tests/test_completion/test_completion_show.py
ERROR repo-testing/repos/small_typer/tests/test_completion/test_sanitization.py
ERROR repo-testing/repos/small_typer/tests/test_corner_cases.py
ERROR repo-testing/repos/small_typer/tests/test_deprecation.py
ERROR repo-testing/repos/small_typer/tests/test_exit_errors.py
ERROR repo-testing/repos/small_typer/tests/test_future_annotations.py
ERROR repo-testing/repos/small_typer/tests/test_launch.py
ERROR repo-testing/repos/small_typer/tests/test_others.py
ERROR repo-testing/repos/small_typer/tests/test_param_meta_empty.py
ERROR repo-testing/repos/small_typer/tests/test_prog_name.py
ERROR repo-testing/repos/small_typer/tests/test_rich_import.py
ERROR repo-testing/repos/small_typer/tests/test_rich_markup_mode.py
ERROR repo-testing/repos/small_typer/tests/test_rich_utils.py
ERROR repo-testing/repos/small_typer/tests/test_suggest_commands.py
ERROR repo-testing/repos/small_typer/tests/test_tracebacks.py
ERROR repo-testing/repos/small_typer/tests/test_tutorial/test_app_dir/test_tutorial001.py
ERROR repo-testing/repos/small_typer/tests/test_tutorial/test_arguments/test_default/test_tutorial001.py
ERROR repo-testing/repos/small_typer/tests/test_tutorial/test_arguments/test_default/test_tutorial002.py
ERROR repo-testing/repos/small_typer/tests/test_tutorial/test_arguments/test_envvar/test_tutorial001.py
ERROR repo-testing/repos/small_typer/tests/test_tutorial/test_arguments/test_envvar/test_tutorial002.py
ERROR repo-testing/repos/small_typer/tests/test_tutorial/test_arguments/test_envvar/test_tutorial003.py
ERROR repo-testing/repos/small_typer/tests/test_tutorial/test_arguments/test_help/test_tutorial001.py
ERROR repo-testing/repos/small_typer/tests/test_tutorial/test_arguments/test_help/test_tutorial002.py
ERROR repo-testing/repos/small_typer/tests/test_tutorial/test_arguments/test_help/test_tutorial003.py
ERROR repo-testing/repos/small_typer/tests/test_tutorial/test_arguments/test_help/test_tutorial004.py
ERROR repo-testing/repos/small_typer/tests/test_tutorial/test_arguments/test_help/test_tutorial005.py
ERROR repo-testing/repos/small_typer/tests/test_tutorial/test_arguments/test_help/test_tutorial006.py
ERROR repo-testing/repos/small_typer/tests/test_tutorial/test_arguments/test_help/test_tutorial007.py
ERROR repo-testing/repos/small_typer/tests/test_tutorial/test_arguments/test_help/test_tutorial008.py
ERROR repo-testing/repos/small_typer/tests/test_tutorial/test_arguments/test_optional/test_tutorial000.py
ERROR repo-testing/repos/small_typer/tests/test_tutorial/test_arguments/test_optional/test_tutorial001.py
ERROR repo-testing/repos/small_typer/tests/test_tutorial/test_arguments/test_optional/test_tutorial002.py
ERROR repo-testing/repos/small_typer/tests/test_tutorial/test_arguments/test_optional/test_tutorial003.py
ERROR repo-testing/repos/small_typer/tests/test_tutorial/test_commands/test_arguments/test_tutorial001.py
ERROR repo-testing/repos/small_typer/tests/test_tutorial/test_commands/test_callback/test_tutorial001.py
ERROR repo-testing/repos/small_typer/tests/test_tutorial/test_commands/test_callback/test_tutorial002.py
ERROR repo-testing/repos/small_typer/tests/test_tutorial/test_commands/test_callback/test_tutorial003.py
ERROR repo-testing/repos/small_typer/tests/test_tutorial/test_commands/test_callback/test_tutorial004.py
ERROR repo-testing/repos/small_typer/tests/test_tutorial/test_commands/test_context/test_tutorial001.py
ERROR repo-testing/repos/small_typer/tests/test_tutorial/test_commands/test_context/test_tutorial002.py
ERROR repo-testing/repos/small_typer/tests/test_tutorial/test_commands/test_context/test_tutorial003.py
ERROR repo-testing/repos/small_typer/tests/test_tutorial/test_commands/test_context/test_tutorial004.py
ERROR repo-testing/repos/small_typer/tests/test_tutorial/test_commands/test_help/test_tutorial001.py
ERROR repo-testing/repos/small_typer/tests/test_tutorial/test_commands/test_help/test_tutorial002.py
ERROR repo-testing/repos/small_typer/tests/test_tutorial/test_commands/test_help/test_tutorial003.py
ERROR repo-testing/repos/small_typer/tests/test_tutorial/test_commands/test_help/test_tutorial004.py
ERROR repo-testing/repos/small_typer/tests/test_tutorial/test_commands/test_help/test_tutorial005.py
ERROR repo-testing/repos/small_typer/tests/test_tutorial/test_commands/test_help/test_tutorial006.py
ERROR repo-testing/repos/small_typer/tests/test_tutorial/test_commands/test_help/test_tutorial007.py
ERROR repo-testing/repos/small_typer/tests/test_tutorial/test_commands/test_help/test_tutorial008.py
ERROR repo-testing/repos/small_typer/tests/test_tutorial/test_commands/test_index/test_tutorial002.py
ERROR repo-testing/repos/small_typer/tests/test_tutorial/test_commands/test_index/test_tutorial003.py
ERROR repo-testing/repos/small_typer/tests/test_tutorial/test_commands/test_index/test_tutorial004.py
ERROR repo-testing/repos/small_typer/tests/test_tutorial/test_commands/test_index/test_tutorial005.py
ERROR repo-testing/repos/small_typer/tests/test_tutorial/test_commands/test_name/test_tutorial001.py
ERROR repo-testing/repos/small_typer/tests/test_tutorial/test_commands/test_one_or_multiple/test_tutorial001.py
ERROR repo-testing/repos/small_typer/tests/test_tutorial/test_commands/test_one_or_multiple/test_tutorial002.py
ERROR repo-testing/repos/small_typer/tests/test_tutorial/test_commands/test_options/test_tutorial001.py
ERROR repo-testing/repos/small_typer/tests/test_tutorial/test_exceptions/test_tutorial001.py
ERROR repo-testing/repos/small_typer/tests/test_tutorial/test_exceptions/test_tutorial002.py
ERROR repo-testing/repos/small_typer/tests/test_tutorial/test_exceptions/test_tutorial003.py
ERROR repo-testing/repos/small_typer/tests/test_tutorial/test_exceptions/test_tutorial004.py
ERROR repo-testing/repos/small_typer/tests/test_tutorial/test_first_steps/test_tutorial001.py
ERROR repo-testing/repos/small_typer/tests/test_tutorial/test_first_steps/test_tutorial002.py
ERROR repo-testing/repos/small_typer/tests/test_tutorial/test_first_steps/test_tutorial003.py
ERROR repo-testing/repos/small_typer/tests/test_tutorial/test_first_steps/test_tutorial004.py
ERROR repo-testing/repos/small_typer/tests/test_tutorial/test_first_steps/test_tutorial005.py
ERROR repo-testing/repos/small_typer/tests/test_tutorial/test_first_steps/test_tutorial006.py
ERROR repo-testing/repos/small_typer/tests/test_tutorial/test_multiple_values/test_arguments_with_multiple_values/test_tutorial001.py
ERROR repo-testing/repos/small_typer/tests/test_tutorial/test_multiple_values/test_arguments_with_multiple_values/test_tutorial002.py
ERROR repo-testing/repos/small_typer/tests/test_tutorial/test_multiple_values/test_multiple_options/test_tutorial001.py
ERROR repo-testing/repos/small_typer/tests/test_tutorial/test_multiple_values/test_multiple_options/test_tutorial002.py
ERROR repo-testing/repos/small_typer/tests/test_tutorial/test_multiple_values/test_options_with_multiple_values/test_tutorial001.py
ERROR repo-testing/repos/small_typer/tests/test_tutorial/test_one_file_per_command/test_tutorial.py
ERROR repo-testing/repos/small_typer/tests/test_tutorial/test_options/test_callback/test_tutorial001.py
ERROR repo-testing/repos/small_typer/tests/test_tutorial/test_options/test_callback/test_tutorial002.py
ERROR repo-testing/repos/small_typer/tests/test_tutorial/test_options/test_callback/test_tutorial003.py
ERROR repo-testing/repos/small_typer/tests/test_tutorial/test_options/test_callback/test_tutorial004.py
ERROR repo-testing/repos/small_typer/tests/test_tutorial/test_options/test_help/test_tutorial001.py
ERROR repo-testing/repos/small_typer/tests/test_tutorial/test_options/test_help/test_tutorial002.py
ERROR repo-testing/repos/small_typer/tests/test_tutorial/test_options/test_help/test_tutorial003.py
ERROR repo-testing/repos/small_typer/tests/test_tutorial/test_options/test_help/test_tutorial004.py
ERROR repo-testing/repos/small_typer/tests/test_tutorial/test_options/test_name/test_tutorial001.py
ERROR repo-testing/repos/small_typer/tests/test_tutorial/test_options/test_name/test_tutorial002.py
ERROR repo-testing/repos/small_typer/tests/test_tutorial/test_options/test_name/test_tutorial003.py
ERROR repo-testing/repos/small_typer/tests/test_tutorial/test_options/test_name/test_tutorial004.py
ERROR repo-testing/repos/small_typer/tests/test_tutorial/test_options/test_name/test_tutorial005.py
ERROR repo-testing/repos/small_typer/tests/test_tutorial/test_options/test_password/test_tutorial001.py
ERROR repo-testing/repos/small_typer/tests/test_tutorial/test_options/test_password/test_tutorial002.py
ERROR repo-testing/repos/small_typer/tests/test_tutorial/test_options/test_prompt/test_tutorial001.py
ERROR repo-testing/repos/small_typer/tests/test_tutorial/test_options/test_prompt/test_tutorial002.py
ERROR repo-testing/repos/small_typer/tests/test_tutorial/test_options/test_prompt/test_tutorial003.py
ERROR repo-testing/repos/small_typer/tests/test_tutorial/test_options/test_required/test_tutorial001_tutorial002.py
ERROR repo-testing/repos/small_typer/tests/test_tutorial/test_options/test_version/test_tutorial001.py
ERROR repo-testing/repos/small_typer/tests/test_tutorial/test_options/test_version/test_tutorial002.py
ERROR repo-testing/repos/small_typer/tests/test_tutorial/test_options/test_version/test_tutorial003.py
ERROR repo-testing/repos/small_typer/tests/test_tutorial/test_options_autocompletion/test_tutorial001.py
ERROR repo-testing/repos/small_typer/tests/test_tutorial/test_options_autocompletion/test_tutorial002.py
ERROR repo-testing/repos/small_typer/tests/test_tutorial/test_options_autocompletion/test_tutorial003.py
ERROR repo-testing/repos/small_typer/tests/test_tutorial/test_options_autocompletion/test_tutorial004_tutorial005.py
ERROR repo-testing/repos/small_typer/tests/test_tutorial/test_options_autocompletion/test_tutorial006.py
ERROR repo-testing/repos/small_typer/tests/test_tutorial/test_options_autocompletion/test_tutorial007.py
ERROR repo-testing/repos/small_typer/tests/test_tutorial/test_options_autocompletion/test_tutorial008.py
ERROR repo-testing/repos/small_typer/tests/test_tutorial/test_options_autocompletion/test_tutorial009.py
ERROR repo-testing/repos/small_typer/tests/test_tutorial/test_parameter_types/test_bool/test_tutorial001.py
ERROR repo-testing/repos/small_typer/tests/test_tutorial/test_parameter_types/test_bool/test_tutorial002.py
ERROR repo-testing/repos/small_typer/tests/test_tutorial/test_parameter_types/test_bool/test_tutorial003.py
ERROR repo-testing/repos/small_typer/tests/test_tutorial/test_parameter_types/test_bool/test_tutorial004.py
ERROR repo-testing/repos/small_typer/tests/test_tutorial/test_parameter_types/test_custom_types/test_tutorial001.py
ERROR repo-testing/repos/small_typer/tests/test_tutorial/test_parameter_types/test_datetime/test_tutorial001.py
ERROR repo-testing/repos/small_typer/tests/test_tutorial/test_parameter_types/test_datetime/test_tutorial002.py
ERROR repo-testing/repos/small_typer/tests/test_tutorial/test_parameter_types/test_enum/test_tutorial001.py
ERROR repo-testing/repos/small_typer/tests/test_tutorial/test_parameter_types/test_enum/test_tutorial002.py
ERROR repo-testing/repos/small_typer/tests/test_tutorial/test_parameter_types/test_enum/test_tutorial003.py
ERROR repo-testing/repos/small_typer/tests/test_tutorial/test_parameter_types/test_enum/test_tutorial004.py
ERROR repo-testing/repos/small_typer/tests/test_tutorial/test_parameter_types/test_file/test_tutorial001.py
ERROR repo-testing/repos/small_typer/tests/test_tutorial/test_parameter_types/test_file/test_tutorial002.py
ERROR repo-testing/repos/small_typer/tests/test_tutorial/test_parameter_types/test_file/test_tutorial003.py
ERROR repo-testing/repos/small_typer/tests/test_tutorial/test_parameter_types/test_file/test_tutorial004.py
ERROR repo-testing/repos/small_typer/tests/test_tutorial/test_parameter_types/test_file/test_tutorial005.py
ERROR repo-testing/repos/small_typer/tests/test_tutorial/test_parameter_types/test_index/test_tutorial001.py
ERROR repo-testing/repos/small_typer/tests/test_tutorial/test_parameter_types/test_number/test_tutorial001.py
ERROR repo-testing/repos/small_typer/tests/test_tutorial/test_parameter_types/test_number/test_tutorial002.py
ERROR repo-testing/repos/small_typer/tests/test_tutorial/test_parameter_types/test_number/test_tutorial003.py
ERROR repo-testing/repos/small_typer/tests/test_tutorial/test_parameter_types/test_path/test_tutorial001.py
ERROR repo-testing/repos/small_typer/tests/test_tutorial/test_parameter_types/test_path/test_tutorial002.py
ERROR repo-testing/repos/small_typer/tests/test_tutorial/test_parameter_types/test_uuid/test_tutorial001.py
ERROR repo-testing/repos/small_typer/tests/test_tutorial/test_printing/test_tutorial001.py
ERROR repo-testing/repos/small_typer/tests/test_tutorial/test_printing/test_tutorial002.py
ERROR repo-testing/repos/small_typer/tests/test_tutorial/test_printing/test_tutorial003.py
ERROR repo-testing/repos/small_typer/tests/test_tutorial/test_printing/test_tutorial004.py
ERROR repo-testing/repos/small_typer/tests/test_tutorial/test_printing/test_tutorial005.py
ERROR repo-testing/repos/small_typer/tests/test_tutorial/test_printing/test_tutorial006.py
ERROR repo-testing/repos/small_typer/tests/test_tutorial/test_progressbar/test_tutorial001.py
ERROR repo-testing/repos/small_typer/tests/test_tutorial/test_progressbar/test_tutorial002.py
ERROR repo-testing/repos/small_typer/tests/test_tutorial/test_progressbar/test_tutorial003.py
ERROR repo-testing/repos/small_typer/tests/test_tutorial/test_progressbar/test_tutorial004.py
ERROR repo-testing/repos/small_typer/tests/test_tutorial/test_progressbar/test_tutorial005.py
ERROR repo-testing/repos/small_typer/tests/test_tutorial/test_progressbar/test_tutorial006.py
ERROR repo-testing/repos/small_typer/tests/test_tutorial/test_prompt/test_tutorial001.py
ERROR repo-testing/repos/small_typer/tests/test_tutorial/test_prompt/test_tutorial002.py
ERROR repo-testing/repos/small_typer/tests/test_tutorial/test_prompt/test_tutorial003.py
ERROR repo-testing/repos/small_typer/tests/test_tutorial/test_prompt/test_tutorial004.py
ERROR repo-testing/repos/small_typer/tests/test_tutorial/test_subcommands/test_callback_override/test_tutorial001.py
ERROR repo-testing/repos/small_typer/tests/test_tutorial/test_subcommands/test_callback_override/test_tutorial002.py
ERROR repo-testing/repos/small_typer/tests/test_tutorial/test_subcommands/test_callback_override/test_tutorial003.py
ERROR repo-testing/repos/small_typer/tests/test_tutorial/test_subcommands/test_callback_override/test_tutorial004.py
ERROR repo-testing/repos/small_typer/tests/test_tutorial/test_subcommands/test_name_help/test_tutorial001.py
ERROR repo-testing/repos/small_typer/tests/test_tutorial/test_subcommands/test_name_help/test_tutorial002.py
ERROR repo-testing/repos/small_typer/tests/test_tutorial/test_subcommands/test_name_help/test_tutorial003.py
ERROR repo-testing/repos/small_typer/tests/test_tutorial/test_subcommands/test_name_help/test_tutorial004.py
ERROR repo-testing/repos/small_typer/tests/test_tutorial/test_subcommands/test_name_help/test_tutorial005.py
ERROR repo-testing/repos/small_typer/tests/test_tutorial/test_subcommands/test_name_help/test_tutorial006.py
ERROR repo-testing/repos/small_typer/tests/test_tutorial/test_subcommands/test_name_help/test_tutorial007.py
ERROR repo-testing/repos/small_typer/tests/test_tutorial/test_subcommands/test_name_help/test_tutorial008.py
ERROR repo-testing/repos/small_typer/tests/test_tutorial/test_subcommands/test_tutorial001.py
ERROR repo-testing/repos/small_typer/tests/test_tutorial/test_subcommands/test_tutorial002.py
ERROR repo-testing/repos/small_typer/tests/test_tutorial/test_subcommands/test_tutorial003.py
ERROR repo-testing/repos/small_typer/tests/test_tutorial/test_terminating/test_tutorial001.py
ERROR repo-testing/repos/small_typer/tests/test_tutorial/test_terminating/test_tutorial002.py
ERROR repo-testing/repos/small_typer/tests/test_tutorial/test_terminating/test_tutorial003.py
ERROR repo-testing/repos/small_typer/tests/test_tutorial/test_testing/test_app01.py
ERROR repo-testing/repos/small_typer/tests/test_tutorial/test_testing/test_app02.py
ERROR repo-testing/repos/small_typer/tests/test_tutorial/test_testing/test_app03.py
ERROR repo-testing/repos/small_typer/tests/test_tutorial/test_typer_app/test_tutorial001.py
ERROR repo-testing/repos/small_typer/tests/test_type_conversion.py
ERROR repo-testing/repos/small_typer/tests/test_types.py
ERROR tests/test_advanced_cli.py
ERROR tests/test_advanced_config.py
ERROR tests/test_advanced_diff.py
ERROR tests/test_advanced_edge_cases.py
ERROR tests/test_advanced_explain.py
ERROR tests/test_advanced_export.py
ERROR tests/test_advanced_logging.py
ERROR tests/test_analyzer.py
ERROR tests/test_cli.py
ERROR tests/test_config.py
ERROR tests/test_diff.py
!!!!!!!!!!!!!!!!!! Interrupted: 707 errors during collection !!!!!!!!!!!!!!!!!!
============================= 707 errors in 3.47s =============================
